To run a command as administrator (user "root"), use "sudo <command>".
See "man sudo_root" for details.

Welcome to Ubuntu 22.04.3 LTS (GNU/Linux 5.15.153.1-microsoft-standard-WSL2 x86_64)

 * Documentation:  https://help.ubuntu.com
 * Management:     https://landscape.canonical.com
 * Support:        https://ubuntu.com/advantage


This message is shown once a day. To disable it please create the
/home/luxapps/.hushlogin file.
luxapps@luxapps6:~$
luxapps@luxapps6:~$
luxapps@luxapps6:~$
luxapps@luxapps6:~$ ping 109.105.92.102
PING 109.105.92.102 (109.105.92.102) 56(84) bytes of data.
64 bytes from 109.105.92.102: icmp_seq=1 ttl=63 time=0.362 ms
^C
--- 109.105.92.102 ping statistics ---
1 packets transmitted, 1 received, 0% packet loss, time 0ms
rtt min/avg/max/mdev = 0.362/0.362/0.362/0.000 ms
luxapps@luxapps6:~$
luxapps@luxapps6:~$
luxapps@luxapps6:~$ ssh 109.105.92.102
The authenticity of host '109.105.92.102 (109.105.92.102)' can't be established.
RSA key fingerprint is SHA256:LnPMiCBHZhwM2LVn9FC3txDVixIkmUjXrdbIKYH/uTU.
This key is not known by any other names
Are you sure you want to continue connecting (yes/no/[fingerprint])? yes
Warning: Permanently added '109.105.92.102' (RSA) to the list of known hosts.
luxapps@109.105.92.102's password:

luxapps@luxapps6:~$ ssh admin@109.105.92.102
admin@109.105.92.102's password:
Linux sonic 5.10.0-23-2-amd64 #1 SMP Debian 5.10.179-3 (2023-07-27) x86_64
You are on
  ____   ___  _   _ _  ____
 / ___| / _ \| \ | (_)/ ___|
 \___ \| | | |  \| | | |
  ___) | |_| | |\  | | |___
 |____/ \___/|_| \_|_|\____|

-- Software for Open Networking in the Cloud --

Unauthorized access and/or use are prohibited.
All access and/or use are subject to monitoring.

Help:      https://sonic-net.github.io/SONiC/
Wiki:      https://microsoft.sharepoint.com/teams/WAG/AzureNetworking/Wiki/SONiC.aspx
On-Call:   https://portal.microsofticm.com/imp/v3/oncall/current?serviceId=10045&teamIds=26162
Dashboard: https://aka.ms/sonic-dri
Contact:   sonicdev@microsoft.com

Last login: Wed Oct  9 10:30:17 2024 from 109.105.92.60
admin@sonic:~$
admin@sonic:~$
admin@sonic:~$
admin@sonic:~$
admin@sonic:~$ Connection to 109.105.92.102 closed by remote host.
Connection to 109.105.92.102 closed.
luxapps@luxapps6:~$ ssh admin@109.105.92.102
admin@109.105.92.102's password:
Linux sonic 5.10.0-23-2-amd64 #1 SMP Debian 5.10.179-3 (2023-07-27) x86_64
You are on
  ____   ___  _   _ _  ____
 / ___| / _ \| \ | (_)/ ___|
 \___ \| | | |  \| | | |
  ___) | |_| | |\  | | |___
 |____/ \___/|_| \_|_|\____|

-- Software for Open Networking in the Cloud --

Unauthorized access and/or use are prohibited.
All access and/or use are subject to monitoring.

Help:      https://sonic-net.github.io/SONiC/
Wiki:      https://microsoft.sharepoint.com/teams/WAG/AzureNetworking/Wiki/SONiC.aspx
On-Call:   https://portal.microsofticm.com/imp/v3/oncall/current?serviceId=10045&teamIds=26162
Dashboard: https://aka.ms/sonic-dri
Contact:   sonicdev@microsoft.com

Last login: Wed Oct  9 10:35:54 2024 from 109.105.92.60
admin@sonic:~$ show configuration
Usage: show [OPTIONS] COMMAND [ARGS]...
Try "show -h" for help.

Error: No such command "configuration".
admin@sonic:~$ show ip port
Usage: show ip [OPTIONS] COMMAND [ARGS]...
Try "show ip -h" for help.

Error: No such command "port".
admin@sonic:~$ show ip interfaces
Interface    Master    IPv4 address/mask    Admin/Oper    BGP Neighbor    Neighbor IP
-----------  --------  -------------------  ------------  --------------  -------------
Ethernet0    Vrf0      100.0.14.2/24        up/down       N/A             N/A
Ethernet8    Vrf8      100.0.14.1/24        up/down       N/A             N/A
Ethernet16   Vrf16     100.0.15.2/24        up/down       N/A             N/A
Ethernet24   Vrf24     100.0.15.1/24        up/down       N/A             N/A
Ethernet32   Vrf32     100.0.16.2/24        up/down       N/A             N/A
Ethernet40   Vrf40     100.0.16.1/24        up/down       N/A             N/A
Ethernet48   Vrf48     100.0.17.2/24        up/down       N/A             N/A
Ethernet56   Vrf56     100.0.17.1/24        up/down       N/A             N/A
Ethernet64   Vrf64     100.0.18.2/24        up/down       N/A             N/A
Ethernet72   Vrf72     100.0.18.1/24        up/down       N/A             N/A
Ethernet80   Vrf80     100.0.19.2/24        up/down       N/A             N/A
Ethernet88   Vrf88     100.0.19.1/24        up/down       N/A             N/A
Ethernet96   Vrf96     100.0.20.2/24        up/down       N/A             N/A
Ethernet104  Vrf104    100.0.20.1/24        up/down       N/A             N/A
Ethernet112  Vrf112    100.0.21.2/24        up/down       N/A             N/A
Ethernet120  Vrf120    100.0.21.1/24        up/down       N/A             N/A
Ethernet128  Vrf128    100.0.22.2/24        up/down       N/A             N/A
Ethernet136  Vrf136    100.0.22.1/24        up/down       N/A             N/A
Ethernet144  Vrf144    100.0.23.2/24        up/down       N/A             N/A
Ethernet152  Vrf152    100.0.23.1/24        up/down       N/A             N/A
Ethernet160  Vrf160    100.0.24.2/24        up/down       N/A             N/A
Ethernet168  Vrf168    100.0.24.1/24        up/down       N/A             N/A
Ethernet176  Vrf176    100.0.25.2/24        up/down       N/A             N/A
Ethernet184  Vrf184    100.0.25.1/24        up/down       N/A             N/A
Ethernet192  Vrf192    100.0.26.2/24        up/down       N/A             N/A
Ethernet200  Vrf200    100.0.26.1/24        up/down       N/A             N/A
Ethernet208  Vrf208    100.0.27.2/24        up/down       N/A             N/A
Ethernet216  Vrf216    100.0.27.1/24        up/down       N/A             N/A
Ethernet224  Vrf224    100.0.28.2/24        up/down       N/A             N/A
Ethernet232  Vrf232    100.0.28.1/24        up/down       N/A             N/A
Ethernet240  Vrf240    100.0.80.1/24        up/down       N/A             N/A
Ethernet248  Vrf248    100.0.70.1/24        up/down       N/A             N/A
docker0                240.127.1.1/24       up/down       N/A             N/A
eth0                   109.105.92.102/19    up/up         N/A             N/A
lo                     127.0.0.1/16         up/up         N/A             N/A
admin@sonic:~$ show ip route
Codes: K - kernel route, C - connected, S - static, R - RIP,
       O - OSPF, I - IS-IS, B - BGP, E - EIGRP, N - NHRP,
       T - Table, v - VNC, V - VNC-Direct, A - Babel, D - SHARP,
       F - PBR, f - OpenFabric,
       > - selected route, * - FIB route, q - queued route, r - rejected route

C>*109.105.64.0/19 is directly connected, eth0, 01:13:57
admin@sonic:~$ show vrf
VRF     Interfaces
------  ------------
Vrf0    Ethernet0
Vrf104  Ethernet104
Vrf112  Ethernet112
Vrf120  Ethernet120
Vrf128  Ethernet128
Vrf136  Ethernet136
Vrf144  Ethernet144
Vrf152  Ethernet152
Vrf16   Ethernet16
Vrf160  Ethernet160
Vrf168  Ethernet168
Vrf176  Ethernet176
Vrf184  Ethernet184
Vrf192  Ethernet192
Vrf200  Ethernet200
Vrf208  Ethernet208
Vrf216  Ethernet216
Vrf224  Ethernet224
Vrf232  Ethernet232
Vrf24   Ethernet24
Vrf240  Ethernet240
Vrf248  Ethernet248
Vrf32   Ethernet32
Vrf40   Ethernet40
Vrf48   Ethernet48
Vrf56   Ethernet56
Vrf64   Ethernet64
Vrf72   Ethernet72
Vrf8    Ethernet8
Vrf80   Ethernet80
Vrf88   Ethernet88
Vrf96   Ethernet96
admin@sonic:~$ show boot
Current: SONiC-OS-20230531.25
Next: SONiC-OS-20230531.25
Available:
SONiC-OS-20230531.25

admin@sonic:~$
admin@sonic:~$ Connection to 109.105.92.102 closed by remote host.
Connection to 109.105.92.102 closed.
luxapps@luxapps6:~$
luxapps@luxapps6:~$
luxapps@luxapps6:~$ ssh admin@109.105.92.102
admin@109.105.92.102's password:
Linux sonic 5.10.0-23-2-amd64 #1 SMP Debian 5.10.179-3 (2023-07-27) x86_64
You are on
  ____   ___  _   _ _  ____
 / ___| / _ \| \ | (_)/ ___|
 \___ \| | | |  \| | | |
  ___) | |_| | |\  | | |___
 |____/ \___/|_| \_|_|\____|

-- Software for Open Networking in the Cloud --

Unauthorized access and/or use are prohibited.
All access and/or use are subject to monitoring.

Help:      https://sonic-net.github.io/SONiC/
Wiki:      https://microsoft.sharepoint.com/teams/WAG/AzureNetworking/Wiki/SONiC.aspx
On-Call:   https://portal.microsofticm.com/imp/v3/oncall/current?serviceId=10045&teamIds=26162
Dashboard: https://aka.ms/sonic-dri
Contact:   sonicdev@microsoft.com

Last login: Wed Oct  9 11:39:00 2024 from 109.105.92.60
admin@sonic:~$ show vrf
VRF     Interfaces
------  ------------
Vrf0    Ethernet0
Vrf104  Ethernet104
Vrf112  Ethernet112
Vrf120  Ethernet120
Vrf128  Ethernet128
Vrf136  Ethernet136
Vrf144  Ethernet144
Vrf152  Ethernet152
Vrf16   Ethernet16
Vrf160  Ethernet160
Vrf168  Ethernet168
Vrf176  Ethernet176
Vrf184  Ethernet184
Vrf192  Ethernet192
Vrf200  Ethernet200
Vrf208  Ethernet208
Vrf216  Ethernet216
Vrf224  Ethernet224
Vrf232  Ethernet232
Vrf24   Ethernet24
Vrf240  Ethernet240
Vrf248  Ethernet248
Vrf32   Ethernet32
Vrf40   Ethernet40
Vrf48   Ethernet48
Vrf56   Ethernet56
Vrf64   Ethernet64
Vrf72   Ethernet72
Vrf8    Ethernet8
Vrf80   Ethernet80
Vrf88   Ethernet88
Vrf96   Ethernet96
admin@sonic:~$ show ip ports
Usage: show ip [OPTIONS] COMMAND [ARGS]...
Try "show ip -h" for help.

Error: No such command "ports".
admin@sonic:~$ show ip interfaces
Interface    Master    IPv4 address/mask    Admin/Oper    BGP Neighbor    Neighbor IP
-----------  --------  -------------------  ------------  --------------  -------------
Ethernet0    Vrf0      100.0.14.2/24        up/down       N/A             N/A
Ethernet8    Vrf8      100.0.14.1/24        up/down       N/A             N/A
Ethernet16   Vrf16     100.0.15.2/24        up/down       N/A             N/A
Ethernet24   Vrf24     100.0.15.1/24        up/down       N/A             N/A
Ethernet32   Vrf32     100.0.16.2/24        up/down       N/A             N/A
Ethernet40   Vrf40     100.0.16.1/24        up/down       N/A             N/A
Ethernet48   Vrf48     100.0.17.2/24        up/down       N/A             N/A
Ethernet56   Vrf56     100.0.17.1/24        up/down       N/A             N/A
Ethernet64   Vrf64     100.0.18.2/24        up/down       N/A             N/A
Ethernet72   Vrf72     100.0.18.1/24        up/down       N/A             N/A
Ethernet80   Vrf80     100.0.19.2/24        up/down       N/A             N/A
Ethernet88   Vrf88     100.0.19.1/24        up/down       N/A             N/A
Ethernet96   Vrf96     100.0.20.2/24        up/down       N/A             N/A
Ethernet104  Vrf104    100.0.20.1/24        up/down       N/A             N/A
Ethernet112  Vrf112    100.0.21.2/24        up/down       N/A             N/A
Ethernet120  Vrf120    100.0.21.1/24        up/down       N/A             N/A
Ethernet128  Vrf128    100.0.22.2/24        up/down       N/A             N/A
Ethernet136  Vrf136    100.0.22.1/24        up/down       N/A             N/A
Ethernet144  Vrf144    100.0.23.2/24        up/down       N/A             N/A
Ethernet152  Vrf152    100.0.23.1/24        up/down       N/A             N/A
Ethernet160  Vrf160    100.0.24.2/24        up/down       N/A             N/A
Ethernet168  Vrf168    100.0.24.1/24        up/down       N/A             N/A
Ethernet176  Vrf176    100.0.25.2/24        up/down       N/A             N/A
Ethernet184  Vrf184    100.0.25.1/24        up/down       N/A             N/A
Ethernet192  Vrf192    100.0.26.2/24        up/down       N/A             N/A
Ethernet200  Vrf200    100.0.26.1/24        up/down       N/A             N/A
Ethernet208  Vrf208    100.0.27.2/24        up/down       N/A             N/A
Ethernet216  Vrf216    100.0.27.1/24        up/down       N/A             N/A
Ethernet224  Vrf224    100.0.28.2/24        up/down       N/A             N/A
Ethernet232  Vrf232    100.0.28.1/24        up/down       N/A             N/A
Ethernet240  Vrf240    100.0.80.1/24        up/down       N/A             N/A
Ethernet248  Vrf248    100.0.70.1/24        up/down       N/A             N/A
docker0                240.127.1.1/24       up/down       N/A             N/A
eth0                   109.105.92.102/19    up/up         N/A             N/A
lo                     127.0.0.1/16         up/up         N/A             N/A
admin@sonic:~$ sudo config interface vrf bind Ethernet8 Vrf0
Interface Ethernet8 IP disabled and address(es) removed due to binding VRF Vrf0.
admin@sonic:~$ show ip interfaces
Interface    Master    IPv4 address/mask    Admin/Oper    BGP Neighbor    Neighbor IP
-----------  --------  -------------------  ------------  --------------  -------------
Ethernet0    Vrf0      100.0.14.2/24        up/down       N/A             N/A
Ethernet16   Vrf16     100.0.15.2/24        up/down       N/A             N/A
Ethernet24   Vrf24     100.0.15.1/24        up/down       N/A             N/A
Ethernet32   Vrf32     100.0.16.2/24        up/down       N/A             N/A
Ethernet40   Vrf40     100.0.16.1/24        up/down       N/A             N/A
Ethernet48   Vrf48     100.0.17.2/24        up/down       N/A             N/A
Ethernet56   Vrf56     100.0.17.1/24        up/down       N/A             N/A
Ethernet64   Vrf64     100.0.18.2/24        up/down       N/A             N/A
Ethernet72   Vrf72     100.0.18.1/24        up/down       N/A             N/A
Ethernet80   Vrf80     100.0.19.2/24        up/down       N/A             N/A
Ethernet88   Vrf88     100.0.19.1/24        up/down       N/A             N/A
Ethernet96   Vrf96     100.0.20.2/24        up/down       N/A             N/A
Ethernet104  Vrf104    100.0.20.1/24        up/down       N/A             N/A
Ethernet112  Vrf112    100.0.21.2/24        up/down       N/A             N/A
Ethernet120  Vrf120    100.0.21.1/24        up/down       N/A             N/A
Ethernet128  Vrf128    100.0.22.2/24        up/down       N/A             N/A
Ethernet136  Vrf136    100.0.22.1/24        up/down       N/A             N/A
Ethernet144  Vrf144    100.0.23.2/24        up/down       N/A             N/A
Ethernet152  Vrf152    100.0.23.1/24        up/down       N/A             N/A
Ethernet160  Vrf160    100.0.24.2/24        up/down       N/A             N/A
Ethernet168  Vrf168    100.0.24.1/24        up/down       N/A             N/A
Ethernet176  Vrf176    100.0.25.2/24        up/down       N/A             N/A
Ethernet184  Vrf184    100.0.25.1/24        up/down       N/A             N/A
Ethernet192  Vrf192    100.0.26.2/24        up/down       N/A             N/A
Ethernet200  Vrf200    100.0.26.1/24        up/down       N/A             N/A
Ethernet208  Vrf208    100.0.27.2/24        up/down       N/A             N/A
Ethernet216  Vrf216    100.0.27.1/24        up/down       N/A             N/A
Ethernet224  Vrf224    100.0.28.2/24        up/down       N/A             N/A
Ethernet232  Vrf232    100.0.28.1/24        up/down       N/A             N/A
Ethernet240  Vrf240    100.0.80.1/24        up/down       N/A             N/A
Ethernet248  Vrf248    100.0.70.1/24        up/down       N/A             N/A
docker0                240.127.1.1/24       up/down       N/A             N/A
eth0                   109.105.92.102/19    up/up         N/A             N/A
lo                     127.0.0.1/16         up/up         N/A             N/A
admin@sonic:~$ sudo config interface Ethernet8 up
Usage: config interface [OPTIONS] COMMAND [ARGS]...
Try "config interface -h" for help.

Error: No such command "Ethernet8".
admin@sonic:~$ configure interface startup Ethernet8
-bash: configure: command not found
admin@sonic:~$ sudo configure interface startup Ethernet8
sudo: configure: command not found
admin@sonic:~$ sudo config interface startup Ethernet8
admin@sonic:~$ show ip interfaces
Interface    Master    IPv4 address/mask    Admin/Oper    BGP Neighbor    Neighbor IP
-----------  --------  -------------------  ------------  --------------  -------------
Ethernet0    Vrf0      100.0.14.2/24        up/down       N/A             N/A
Ethernet16   Vrf16     100.0.15.2/24        up/down       N/A             N/A
Ethernet24   Vrf24     100.0.15.1/24        up/down       N/A             N/A
Ethernet32   Vrf32     100.0.16.2/24        up/down       N/A             N/A
Ethernet40   Vrf40     100.0.16.1/24        up/down       N/A             N/A
Ethernet48   Vrf48     100.0.17.2/24        up/down       N/A             N/A
Ethernet56   Vrf56     100.0.17.1/24        up/down       N/A             N/A
Ethernet64   Vrf64     100.0.18.2/24        up/down       N/A             N/A
Ethernet72   Vrf72     100.0.18.1/24        up/down       N/A             N/A
Ethernet80   Vrf80     100.0.19.2/24        up/down       N/A             N/A
Ethernet88   Vrf88     100.0.19.1/24        up/down       N/A             N/A
Ethernet96   Vrf96     100.0.20.2/24        up/down       N/A             N/A
Ethernet104  Vrf104    100.0.20.1/24        up/down       N/A             N/A
Ethernet112  Vrf112    100.0.21.2/24        up/down       N/A             N/A
Ethernet120  Vrf120    100.0.21.1/24        up/down       N/A             N/A
Ethernet128  Vrf128    100.0.22.2/24        up/down       N/A             N/A
Ethernet136  Vrf136    100.0.22.1/24        up/down       N/A             N/A
Ethernet144  Vrf144    100.0.23.2/24        up/down       N/A             N/A
Ethernet152  Vrf152    100.0.23.1/24        up/down       N/A             N/A
Ethernet160  Vrf160    100.0.24.2/24        up/down       N/A             N/A
Ethernet168  Vrf168    100.0.24.1/24        up/down       N/A             N/A
Ethernet176  Vrf176    100.0.25.2/24        up/down       N/A             N/A
Ethernet184  Vrf184    100.0.25.1/24        up/down       N/A             N/A
Ethernet192  Vrf192    100.0.26.2/24        up/down       N/A             N/A
Ethernet200  Vrf200    100.0.26.1/24        up/down       N/A             N/A
Ethernet208  Vrf208    100.0.27.2/24        up/down       N/A             N/A
Ethernet216  Vrf216    100.0.27.1/24        up/down       N/A             N/A
Ethernet224  Vrf224    100.0.28.2/24        up/down       N/A             N/A
Ethernet232  Vrf232    100.0.28.1/24        up/down       N/A             N/A
Ethernet240  Vrf240    100.0.80.1/24        up/down       N/A             N/A
Ethernet248  Vrf248    100.0.70.1/24        up/down       N/A             N/A
docker0                240.127.1.1/24       up/down       N/A             N/A
eth0                   109.105.92.102/19    up/up         N/A             N/A
lo                     127.0.0.1/16         up/up         N/A             N/A
admin@sonic:~$ sudo config save -y
Running command: /usr/local/bin/sonic-cfggen -d --print-data > /etc/sonic/config_db.json
admin@sonic:~$ show ip interfaces
Interface    Master    IPv4 address/mask    Admin/Oper    BGP Neighbor    Neighbor IP
-----------  --------  -------------------  ------------  --------------  -------------
Ethernet0    Vrf0      100.0.14.2/24        up/down       N/A             N/A
Ethernet16   Vrf16     100.0.15.2/24        up/down       N/A             N/A
Ethernet24   Vrf24     100.0.15.1/24        up/down       N/A             N/A
Ethernet32   Vrf32     100.0.16.2/24        up/down       N/A             N/A
Ethernet40   Vrf40     100.0.16.1/24        up/down       N/A             N/A
Ethernet48   Vrf48     100.0.17.2/24        up/down       N/A             N/A
Ethernet56   Vrf56     100.0.17.1/24        up/down       N/A             N/A
Ethernet64   Vrf64     100.0.18.2/24        up/down       N/A             N/A
Ethernet72   Vrf72     100.0.18.1/24        up/down       N/A             N/A
Ethernet80   Vrf80     100.0.19.2/24        up/down       N/A             N/A
Ethernet88   Vrf88     100.0.19.1/24        up/down       N/A             N/A
Ethernet96   Vrf96     100.0.20.2/24        up/down       N/A             N/A
Ethernet104  Vrf104    100.0.20.1/24        up/down       N/A             N/A
Ethernet112  Vrf112    100.0.21.2/24        up/down       N/A             N/A
Ethernet120  Vrf120    100.0.21.1/24        up/down       N/A             N/A
Ethernet128  Vrf128    100.0.22.2/24        up/down       N/A             N/A
Ethernet136  Vrf136    100.0.22.1/24        up/down       N/A             N/A
Ethernet144  Vrf144    100.0.23.2/24        up/down       N/A             N/A
Ethernet152  Vrf152    100.0.23.1/24        up/down       N/A             N/A
Ethernet160  Vrf160    100.0.24.2/24        up/down       N/A             N/A
Ethernet168  Vrf168    100.0.24.1/24        up/down       N/A             N/A
Ethernet176  Vrf176    100.0.25.2/24        up/down       N/A             N/A
Ethernet184  Vrf184    100.0.25.1/24        up/down       N/A             N/A
Ethernet192  Vrf192    100.0.26.2/24        up/down       N/A             N/A
Ethernet200  Vrf200    100.0.26.1/24        up/down       N/A             N/A
Ethernet208  Vrf208    100.0.27.2/24        up/down       N/A             N/A
Ethernet216  Vrf216    100.0.27.1/24        up/down       N/A             N/A
Ethernet224  Vrf224    100.0.28.2/24        up/down       N/A             N/A
Ethernet232  Vrf232    100.0.28.1/24        up/down       N/A             N/A
Ethernet240  Vrf240    100.0.80.1/24        up/down       N/A             N/A
Ethernet248  Vrf248    100.0.70.1/24        up/down       N/A             N/A
docker0                240.127.1.1/24       up/down       N/A             N/A
eth0                   109.105.92.102/19    up/up         N/A             N/A
lo                     127.0.0.1/16         up/up         N/A             N/A
admin@sonic:~$ sudo config reload
Clear current config and reload config in config_db format from the default config file(s) ? [y/N]: y
Disabling container monitoring ...
Stopping SONiC target ...
Running command: /usr/local/bin/sonic-cfggen -j /etc/sonic/init_cfg.json -j /etc/sonic/config_db.json --write-to-db
Running command: /usr/local/bin/db_migrator.py -o migrate
Running command: /usr/local/bin/sonic-cfggen -d -y /etc/sonic/sonic_version.yml -t /usr/share/sonic/templates/sonic-environment.j2,/etc/sonic/sonic-environmentRestarting SONiC target ...
Enabling container monitoring ...
Reloading Monit configuration ...
Reinitializing monit daemon
admin@sonic:~$ show ip interfaces
Interface    Master    IPv4 address/mask    Admin/Oper    BGP Neighbor    Neighbor IP
-----------  --------  -------------------  ------------  --------------  -------------
Ethernet0    Vrf0      100.0.14.2/24        up/down       N/A             N/A
Ethernet16   Vrf16     100.0.15.2/24        up/down       N/A             N/A
Ethernet24   Vrf24     100.0.15.1/24        up/down       N/A             N/A
Ethernet32   Vrf32     100.0.16.2/24        up/down       N/A             N/A
Ethernet40   Vrf40     100.0.16.1/24        up/down       N/A             N/A
Ethernet48   Vrf48     100.0.17.2/24        up/down       N/A             N/A
Ethernet56   Vrf56     100.0.17.1/24        up/down       N/A             N/A
Ethernet64   Vrf64     100.0.18.2/24        up/down       N/A             N/A
Ethernet72   Vrf72     100.0.18.1/24        up/down       N/A             N/A
Ethernet80   Vrf80     100.0.19.2/24        up/down       N/A             N/A
Ethernet88   Vrf88     100.0.19.1/24        up/down       N/A             N/A
Ethernet96   Vrf96     100.0.20.2/24        up/down       N/A             N/A
Ethernet104  Vrf104    100.0.20.1/24        up/down       N/A             N/A
Ethernet112  Vrf112    100.0.21.2/24        up/down       N/A             N/A
Ethernet120  Vrf120    100.0.21.1/24        up/down       N/A             N/A
Ethernet128  Vrf128    100.0.22.2/24        up/down       N/A             N/A
Ethernet136  Vrf136    100.0.22.1/24        up/down       N/A             N/A
Ethernet144  Vrf144    100.0.23.2/24        up/down       N/A             N/A
Ethernet152  Vrf152    100.0.23.1/24        up/down       N/A             N/A
Ethernet160  Vrf160    100.0.24.2/24        up/down       N/A             N/A
Ethernet168  Vrf168    100.0.24.1/24        up/down       N/A             N/A
Ethernet176  Vrf176    100.0.25.2/24        up/down       N/A             N/A
Ethernet184  Vrf184    100.0.25.1/24        up/down       N/A             N/A
Ethernet192  Vrf192    100.0.26.2/24        up/down       N/A             N/A
Ethernet200  Vrf200    100.0.26.1/24        up/down       N/A             N/A
Ethernet208  Vrf208    100.0.27.2/24        up/down       N/A             N/A
Ethernet216  Vrf216    100.0.27.1/24        up/down       N/A             N/A
Ethernet224  Vrf224    100.0.28.2/24        up/down       N/A             N/A
Ethernet232  Vrf232    100.0.28.1/24        up/down       N/A             N/A
Ethernet240  Vrf240    100.0.80.1/24        up/down       N/A             N/A
Ethernet248  Vrf248    100.0.70.1/24        up/down       N/A             N/A
docker0                240.127.1.1/24       up/down       N/A             N/A
eth0                   109.105.92.102/19    up/up         N/A             N/A
lo                     127.0.0.1/16         up/up         N/A             N/A
admin@sonic:~$ show vrf
VRF     Interfaces
------  ------------
Vrf0    Ethernet0
        Ethernet8
Vrf104  Ethernet104
Vrf112  Ethernet112
Vrf120  Ethernet120
Vrf128  Ethernet128
Vrf136  Ethernet136
Vrf144  Ethernet144
Vrf152  Ethernet152
Vrf16   Ethernet16
Vrf160  Ethernet160
Vrf168  Ethernet168
Vrf176  Ethernet176
Vrf184  Ethernet184
Vrf192  Ethernet192
Vrf200  Ethernet200
Vrf208  Ethernet208
Vrf216  Ethernet216
Vrf224  Ethernet224
Vrf232  Ethernet232
Vrf24   Ethernet24
Vrf240  Ethernet240
Vrf248  Ethernet248
Vrf32   Ethernet32
Vrf40   Ethernet40
Vrf48   Ethernet48
Vrf56   Ethernet56
Vrf64   Ethernet64
Vrf72   Ethernet72
Vrf8
Vrf80   Ethernet80
Vrf88   Ethernet88
Vrf96   Ethernet96
admin@sonic:~$ show interfaces status Ethernet8
  Interface                                    Lanes    Speed    MTU    FEC    Alias    Vlan    Oper    Admin    Type    Asym PFC
-----------  ---------------------------------------  -------  -----  -----  -------  ------  ------  -------  ------  ----------
  Ethernet8  2320,2321,2322,2323,2324,2325,2326,2327     400G   9100    N/A     etp1  routed    down       up     N/A         N/A
admin@sonic:~$ show interfaces status Ethernet0
  Interface                                    Lanes    Speed    MTU    FEC    Alias    Vlan    Oper    Admin    Type    Asym PFC
-----------  ---------------------------------------  -------  -----  -----  -------  ------  ------  -------  ------  ----------
  Ethernet0  2304,2305,2306,2307,2308,2309,2310,2311     400G   9100    N/A     etp0  routed    down       up     N/A         N/A
admin@sonic:~$
admin@sonic:~$
admin@sonic:~$
admin@sonic:~$
admin@sonic:~$
admin@sonic:~$
admin@sonic:~$
admin@sonic:~$ show ip interfaces
Interface    Master    IPv4 address/mask    Admin/Oper    BGP Neighbor    Neighbor IP
-----------  --------  -------------------  ------------  --------------  -------------
Ethernet0    Vrf0      100.0.14.2/24        up/down       N/A             N/A
Ethernet16   Vrf16     100.0.15.2/24        up/down       N/A             N/A
Ethernet24   Vrf24     100.0.15.1/24        up/down       N/A             N/A
Ethernet32   Vrf32     100.0.16.2/24        up/down       N/A             N/A
Ethernet40   Vrf40     100.0.16.1/24        up/down       N/A             N/A
Ethernet48   Vrf48     100.0.17.2/24        up/down       N/A             N/A
Ethernet56   Vrf56     100.0.17.1/24        up/down       N/A             N/A
Ethernet64   Vrf64     100.0.18.2/24        up/down       N/A             N/A
Ethernet72   Vrf72     100.0.18.1/24        up/down       N/A             N/A
Ethernet80   Vrf80     100.0.19.2/24        up/down       N/A             N/A
Ethernet88   Vrf88     100.0.19.1/24        up/down       N/A             N/A
Ethernet96   Vrf96     100.0.20.2/24        up/down       N/A             N/A
Ethernet104  Vrf104    100.0.20.1/24        up/down       N/A             N/A
Ethernet112  Vrf112    100.0.21.2/24        up/down       N/A             N/A
Ethernet120  Vrf120    100.0.21.1/24        up/down       N/A             N/A
Ethernet128  Vrf128    100.0.22.2/24        up/down       N/A             N/A
Ethernet136  Vrf136    100.0.22.1/24        up/down       N/A             N/A
Ethernet144  Vrf144    100.0.23.2/24        up/down       N/A             N/A
Ethernet152  Vrf152    100.0.23.1/24        up/down       N/A             N/A
Ethernet160  Vrf160    100.0.24.2/24        up/down       N/A             N/A
Ethernet168  Vrf168    100.0.24.1/24        up/down       N/A             N/A
Ethernet176  Vrf176    100.0.25.2/24        up/down       N/A             N/A
Ethernet184  Vrf184    100.0.25.1/24        up/down       N/A             N/A
Ethernet192  Vrf192    100.0.26.2/24        up/down       N/A             N/A
Ethernet200  Vrf200    100.0.26.1/24        up/down       N/A             N/A
Ethernet208  Vrf208    100.0.27.2/24        up/down       N/A             N/A
Ethernet216  Vrf216    100.0.27.1/24        up/down       N/A             N/A
Ethernet224  Vrf224    100.0.28.2/24        up/down       N/A             N/A
Ethernet232  Vrf232    100.0.28.1/24        up/down       N/A             N/A
Ethernet240  Vrf240    100.0.80.1/24        up/down       N/A             N/A
Ethernet248  Vrf248    100.0.70.1/24        up/down       N/A             N/A
docker0                240.127.1.1/24       up/down       N/A             N/A
eth0                   109.105.92.102/19    up/up         N/A             N/A
lo                     127.0.0.1/16         up/up         N/A             N/A
admin@sonic:~$ sudo tail /var/lo
local/ lock/  log/
admin@sonic:~$ sudo tail /var/log/syslog | grep Ethernet8
admin@sonic:~$ sudo tail /var/log/syslog
Oct  9 13:55:58.598001 sonic INFO lldp#lldp-syncd [lldp_syncd] INFO: Failed to get system capabilities on eth0 (50:eb:f6:51:5c:a3)
Oct  9 13:55:58.598283 sonic INFO lldp#lldp-syncd [lldp_syncd] INFO: Failed to get system capabilities on eth0 (f8:e4:3b:78:1a:b0)
Oct  9 13:55:58.598568 sonic INFO lldp#lldp-syncd [lldp_syncd] INFO: Failed to get system capabilities on eth0 (e8:ea:6a:0d:51:eb)
Oct  9 13:55:58.598875 sonic INFO lldp#lldp-syncd [lldp_syncd] INFO: Failed to get system capabilities on eth0 (58:11:22:00:07:30)
Oct  9 13:56:07.985132 sonic NOTICE restapi#root: Waiting for certificates...
Oct  9 13:56:08.623921 sonic INFO lldp#lldp-syncd [lldp_syncd] INFO: Failed to get system capabilities on eth0 (e8:ea:6a:12:78:1b)
Oct  9 13:56:08.624206 sonic INFO lldp#lldp-syncd [lldp_syncd] INFO: Failed to get system capabilities on eth0 (50:eb:f6:51:5c:a3)
Oct  9 13:56:08.624481 sonic INFO lldp#lldp-syncd [lldp_syncd] INFO: Failed to get system capabilities on eth0 (f8:e4:3b:78:1a:b0)
Oct  9 13:56:08.624754 sonic INFO lldp#lldp-syncd [lldp_syncd] INFO: Failed to get system capabilities on eth0 (e8:ea:6a:0d:51:eb)
Oct  9 13:56:08.625014 sonic INFO lldp#lldp-syncd [lldp_syncd] INFO: Failed to get system capabilities on eth0 (58:11:22:00:07:30)
admin@sonic:~$ show ip interfaces status
Usage: show ip interfaces [OPTIONS] COMMAND [ARGS]...
Try "show ip interfaces -h" for help.

Error: No such command "status".
admin@sonic:~$ show interfaces status
  Interface                                    Lanes    Speed    MTU    FEC    Alias    Vlan    Oper    Admin    Type    Asym PFC
-----------  ---------------------------------------  -------  -----  -----  -------  ------  ------  -------  ------  ----------
  Ethernet0  2304,2305,2306,2307,2308,2309,2310,2311     400G   9100    N/A     etp0  routed    down       up     N/A         N/A
  Ethernet8  2320,2321,2322,2323,2324,2325,2326,2327     400G   9100    N/A     etp1  routed    down       up     N/A         N/A
 Ethernet16  2312,2313,2314,2315,2316,2317,2318,2319     400G   9100    N/A     etp2  routed    down       up     N/A         N/A
 Ethernet24  2056,2057,2058,2059,2060,2061,2062,2063     400G   9100    N/A     etp3  routed    down       up     N/A         N/A
 Ethernet32  1792,1793,1794,1795,1796,1797,1798,1799     400G   9100    N/A     etp4  routed    down       up     N/A         N/A
 Ethernet40  2048,2049,2050,2051,2052,2053,2054,2055     400G   9100    N/A     etp5  routed    down       up     N/A         N/A
 Ethernet48  2560,2561,2562,2563,2564,2565,2566,2567     400G   9100    N/A     etp6  routed    down       up     N/A         N/A
 Ethernet56  2824,2825,2826,2827,2828,2829,2830,2831     400G   9100    N/A     etp7  routed    down       up     N/A         N/A
 Ethernet64  2832,2833,2834,2835,2836,2837,2838,2839     400G   9100    N/A     etp8  routed    down       up     N/A         N/A
 Ethernet72  2816,2817,2818,2819,2820,2821,2822,2823     400G   9100    N/A     etp9  routed    down       up     N/A         N/A
 Ethernet80  2568,2569,2570,2571,2572,2573,2574,2575     400G   9100    N/A    etp10  routed    down       up     N/A         N/A
 Ethernet88  2576,2577,2578,2579,2580,2581,2582,2583     400G   9100    N/A    etp11  routed    down       up     N/A         N/A
 Ethernet96  1536,1537,1538,1539,1540,1541,1542,1543     400G   9100    N/A    etp12  routed    down       up     N/A         N/A
Ethernet104  1800,1801,1802,1803,1804,1805,1806,1807     400G   9100    N/A    etp13  routed    down       up     N/A         N/A
Ethernet112  1552,1553,1554,1555,1556,1557,1558,1559     400G   9100    N/A    etp14  routed    down       up     N/A         N/A
Ethernet120  1544,1545,1546,1547,1548,1549,1550,1551     400G   9100    N/A    etp15  routed    down       up     N/A         N/A
Ethernet128  1296,1297,1298,1299,1300,1301,1302,1303     400G   9100    N/A    etp16  routed    down       up     N/A         N/A
Ethernet136  1288,1289,1290,1291,1292,1293,1294,1295     400G   9100    N/A    etp17  routed    down       up     N/A         N/A
Ethernet144  1280,1281,1282,1283,1284,1285,1286,1287     400G   9100    N/A    etp18  routed    down       up     N/A         N/A
Ethernet152  1032,1033,1034,1035,1036,1037,1038,1039     400G   9100    N/A    etp19  routed    down       up     N/A         N/A
Ethernet160          264,265,266,267,268,269,270,271     400G   9100    N/A    etp20  routed    down       up     N/A         N/A
Ethernet168          272,273,274,275,276,277,278,279     400G   9100    N/A    etp21  routed    down       up     N/A         N/A
Ethernet176                  16,17,18,19,20,21,22,23     400G   9100    N/A    etp22  routed    down       up     N/A         N/A
Ethernet184                          0,1,2,3,4,5,6,7     400G   9100    N/A    etp23  routed    down       up     N/A         N/A
Ethernet192          256,257,258,259,260,261,262,263     400G   9100    N/A    etp24  routed    down       up     N/A         N/A
Ethernet200                    8,9,10,11,12,13,14,15     400G   9100    N/A    etp25  routed    down       up     N/A         N/A
Ethernet208  1024,1025,1026,1027,1028,1029,1030,1031     400G   9100    N/A    etp26  routed    down       up     N/A         N/A
Ethernet216          768,769,770,771,772,773,774,775     400G   9100    N/A    etp27  routed    down       up     N/A         N/A
Ethernet224          520,521,522,523,524,525,526,527     400G   9100    N/A    etp28  routed    down       up     N/A         N/A
Ethernet232          776,777,778,779,780,781,782,783     400G   9100    N/A    etp29  routed    down       up     N/A         N/A
Ethernet240          512,513,514,515,516,517,518,519     400G   9100    N/A    etp30  routed    down       up     N/A         N/A
Ethernet248          528,529,530,531,532,533,534,535     400G   9100    N/A    etp31  routed    down       up     N/A         N/A
admin@sonic:~$ show ip interfaces
Interface    Master    IPv4 address/mask    Admin/Oper    BGP Neighbor    Neighbor IP
-----------  --------  -------------------  ------------  --------------  -------------
Ethernet0    Vrf0      100.0.14.2/24        up/down       N/A             N/A
Ethernet16   Vrf16     100.0.15.2/24        up/down       N/A             N/A
Ethernet24   Vrf24     100.0.15.1/24        up/down       N/A             N/A
Ethernet32   Vrf32     100.0.16.2/24        up/down       N/A             N/A
Ethernet40   Vrf40     100.0.16.1/24        up/down       N/A             N/A
Ethernet48   Vrf48     100.0.17.2/24        up/down       N/A             N/A
Ethernet56   Vrf56     100.0.17.1/24        up/down       N/A             N/A
Ethernet64   Vrf64     100.0.18.2/24        up/down       N/A             N/A
Ethernet72   Vrf72     100.0.18.1/24        up/down       N/A             N/A
Ethernet80   Vrf80     100.0.19.2/24        up/down       N/A             N/A
Ethernet88   Vrf88     100.0.19.1/24        up/down       N/A             N/A
Ethernet96   Vrf96     100.0.20.2/24        up/down       N/A             N/A
Ethernet104  Vrf104    100.0.20.1/24        up/down       N/A             N/A
Ethernet112  Vrf112    100.0.21.2/24        up/down       N/A             N/A
Ethernet120  Vrf120    100.0.21.1/24        up/down       N/A             N/A
Ethernet128  Vrf128    100.0.22.2/24        up/down       N/A             N/A
Ethernet136  Vrf136    100.0.22.1/24        up/down       N/A             N/A
Ethernet144  Vrf144    100.0.23.2/24        up/down       N/A             N/A
Ethernet152  Vrf152    100.0.23.1/24        up/down       N/A             N/A
Ethernet160  Vrf160    100.0.24.2/24        up/down       N/A             N/A
Ethernet168  Vrf168    100.0.24.1/24        up/down       N/A             N/A
Ethernet176  Vrf176    100.0.25.2/24        up/down       N/A             N/A
Ethernet184  Vrf184    100.0.25.1/24        up/down       N/A             N/A
Ethernet192  Vrf192    100.0.26.2/24        up/down       N/A             N/A
Ethernet200  Vrf200    100.0.26.1/24        up/down       N/A             N/A
Ethernet208  Vrf208    100.0.27.2/24        up/down       N/A             N/A
Ethernet216  Vrf216    100.0.27.1/24        up/down       N/A             N/A
Ethernet224  Vrf224    100.0.28.2/24        up/down       N/A             N/A
Ethernet232  Vrf232    100.0.28.1/24        up/down       N/A             N/A
Ethernet240  Vrf240    100.0.80.1/24        up/down       N/A             N/A
Ethernet248  Vrf248    100.0.70.1/24        up/down       N/A             N/A
docker0                240.127.1.1/24       up/down       N/A             N/A
eth0                   109.105.92.102/19    up/up         N/A             N/A
lo                     127.0.0.1/16         up/up         N/A             N/A
admin@sonic:~$ sudo config interface ip add Ethernet8 100.0.14.22/24
admin@sonic:~$ show ip interfaces
Interface    Master    IPv4 address/mask    Admin/Oper    BGP Neighbor    Neighbor IP
-----------  --------  -------------------  ------------  --------------  -------------
Ethernet0    Vrf0      100.0.14.2/24        up/down       N/A             N/A
Ethernet8    Vrf0      100.0.14.22/24       up/down       N/A             N/A
Ethernet16   Vrf16     100.0.15.2/24        up/down       N/A             N/A
Ethernet24   Vrf24     100.0.15.1/24        up/down       N/A             N/A
Ethernet32   Vrf32     100.0.16.2/24        up/down       N/A             N/A
Ethernet40   Vrf40     100.0.16.1/24        up/down       N/A             N/A
Ethernet48   Vrf48     100.0.17.2/24        up/down       N/A             N/A
Ethernet56   Vrf56     100.0.17.1/24        up/down       N/A             N/A
Ethernet64   Vrf64     100.0.18.2/24        up/down       N/A             N/A
Ethernet72   Vrf72     100.0.18.1/24        up/down       N/A             N/A
Ethernet80   Vrf80     100.0.19.2/24        up/down       N/A             N/A
Ethernet88   Vrf88     100.0.19.1/24        up/down       N/A             N/A
Ethernet96   Vrf96     100.0.20.2/24        up/down       N/A             N/A
Ethernet104  Vrf104    100.0.20.1/24        up/down       N/A             N/A
Ethernet112  Vrf112    100.0.21.2/24        up/down       N/A             N/A
Ethernet120  Vrf120    100.0.21.1/24        up/down       N/A             N/A
Ethernet128  Vrf128    100.0.22.2/24        up/down       N/A             N/A
Ethernet136  Vrf136    100.0.22.1/24        up/down       N/A             N/A
Ethernet144  Vrf144    100.0.23.2/24        up/down       N/A             N/A
Ethernet152  Vrf152    100.0.23.1/24        up/down       N/A             N/A
Ethernet160  Vrf160    100.0.24.2/24        up/down       N/A             N/A
Ethernet168  Vrf168    100.0.24.1/24        up/down       N/A             N/A
Ethernet176  Vrf176    100.0.25.2/24        up/down       N/A             N/A
Ethernet184  Vrf184    100.0.25.1/24        up/down       N/A             N/A
Ethernet192  Vrf192    100.0.26.2/24        up/down       N/A             N/A
Ethernet200  Vrf200    100.0.26.1/24        up/down       N/A             N/A
Ethernet208  Vrf208    100.0.27.2/24        up/down       N/A             N/A
Ethernet216  Vrf216    100.0.27.1/24        up/down       N/A             N/A
Ethernet224  Vrf224    100.0.28.2/24        up/down       N/A             N/A
Ethernet232  Vrf232    100.0.28.1/24        up/down       N/A             N/A
Ethernet240  Vrf240    100.0.80.1/24        up/down       N/A             N/A
Ethernet248  Vrf248    100.0.70.1/24        up/down       N/A             N/A
docker0                240.127.1.1/24       up/down       N/A             N/A
eth0                   109.105.92.102/19    up/up         N/A             N/A
lo                     127.0.0.1/16         up/up         N/A             N/A
admin@sonic:~$ sudo config interface ip remove Ethernet 8
Usage: config interface ip remove [OPTIONS] <interface_name> <ip_addr>
Try "config interface ip remove -h" for help.

Error: IP address is not valid: '8' does not appear to be an IPv4 or IPv6 interface
admin@sonic:~$ sudo config interface ip remove Ethernet8
Usage: config interface ip remove [OPTIONS] <interface_name> <ip_addr>
Try "config interface ip remove -h" for help.

Error: Missing argument "<ip_addr>".
admin@sonic:~$
admin@sonic:~$ sudo config interface ip remove Ethernet8 100.0.14.22/24
admin@sonic:~$ show ip interfaces
Interface    Master    IPv4 address/mask    Admin/Oper    BGP Neighbor    Neighbor IP
-----------  --------  -------------------  ------------  --------------  -------------
Ethernet0    Vrf0      100.0.14.2/24        up/down       N/A             N/A
Ethernet16   Vrf16     100.0.15.2/24        up/down       N/A             N/A
Ethernet24   Vrf24     100.0.15.1/24        up/down       N/A             N/A
Ethernet32   Vrf32     100.0.16.2/24        up/down       N/A             N/A
Ethernet40   Vrf40     100.0.16.1/24        up/down       N/A             N/A
Ethernet48   Vrf48     100.0.17.2/24        up/down       N/A             N/A
Ethernet56   Vrf56     100.0.17.1/24        up/down       N/A             N/A
Ethernet64   Vrf64     100.0.18.2/24        up/down       N/A             N/A
Ethernet72   Vrf72     100.0.18.1/24        up/down       N/A             N/A
Ethernet80   Vrf80     100.0.19.2/24        up/down       N/A             N/A
Ethernet88   Vrf88     100.0.19.1/24        up/down       N/A             N/A
Ethernet96   Vrf96     100.0.20.2/24        up/down       N/A             N/A
Ethernet104  Vrf104    100.0.20.1/24        up/down       N/A             N/A
Ethernet112  Vrf112    100.0.21.2/24        up/down       N/A             N/A
Ethernet120  Vrf120    100.0.21.1/24        up/down       N/A             N/A
Ethernet128  Vrf128    100.0.22.2/24        up/down       N/A             N/A
Ethernet136  Vrf136    100.0.22.1/24        up/down       N/A             N/A
Ethernet144  Vrf144    100.0.23.2/24        up/down       N/A             N/A
Ethernet152  Vrf152    100.0.23.1/24        up/down       N/A             N/A
Ethernet160  Vrf160    100.0.24.2/24        up/down       N/A             N/A
Ethernet168  Vrf168    100.0.24.1/24        up/down       N/A             N/A
Ethernet176  Vrf176    100.0.25.2/24        up/down       N/A             N/A
Ethernet184  Vrf184    100.0.25.1/24        up/down       N/A             N/A
Ethernet192  Vrf192    100.0.26.2/24        up/down       N/A             N/A
Ethernet200  Vrf200    100.0.26.1/24        up/down       N/A             N/A
Ethernet208  Vrf208    100.0.27.2/24        up/down       N/A             N/A
Ethernet216  Vrf216    100.0.27.1/24        up/down       N/A             N/A
Ethernet224  Vrf224    100.0.28.2/24        up/down       N/A             N/A
Ethernet232  Vrf232    100.0.28.1/24        up/down       N/A             N/A
Ethernet240  Vrf240    100.0.80.1/24        up/down       N/A             N/A
Ethernet248  Vrf248    100.0.70.1/24        up/down       N/A             N/A
docker0                240.127.1.1/24       up/down       N/A             N/A
eth0                   109.105.92.102/19    up/up         N/A             N/A
lo                     127.0.0.1/16         up/up         N/A             N/A
admin@sonic:~$
admin@sonic:~$ sudo config interface ip add Ethernet8 100.0.15.1/24
admin@sonic:~$ show ip interfaces
Interface    Master    IPv4 address/mask    Admin/Oper    BGP Neighbor    Neighbor IP
-----------  --------  -------------------  ------------  --------------  -------------
Ethernet0    Vrf0      100.0.14.2/24        up/down       N/A             N/A
Ethernet8    Vrf0      100.0.15.1/24        up/down       N/A             N/A
Ethernet16   Vrf16     100.0.15.2/24        up/down       N/A             N/A
Ethernet24   Vrf24     100.0.15.1/24        up/down       N/A             N/A
Ethernet32   Vrf32     100.0.16.2/24        up/down       N/A             N/A
Ethernet40   Vrf40     100.0.16.1/24        up/down       N/A             N/A
Ethernet48   Vrf48     100.0.17.2/24        up/down       N/A             N/A
Ethernet56   Vrf56     100.0.17.1/24        up/down       N/A             N/A
Ethernet64   Vrf64     100.0.18.2/24        up/down       N/A             N/A
Ethernet72   Vrf72     100.0.18.1/24        up/down       N/A             N/A
Ethernet80   Vrf80     100.0.19.2/24        up/down       N/A             N/A
Ethernet88   Vrf88     100.0.19.1/24        up/down       N/A             N/A
Ethernet96   Vrf96     100.0.20.2/24        up/down       N/A             N/A
Ethernet104  Vrf104    100.0.20.1/24        up/down       N/A             N/A
Ethernet112  Vrf112    100.0.21.2/24        up/down       N/A             N/A
Ethernet120  Vrf120    100.0.21.1/24        up/down       N/A             N/A
Ethernet128  Vrf128    100.0.22.2/24        up/down       N/A             N/A
Ethernet136  Vrf136    100.0.22.1/24        up/down       N/A             N/A
Ethernet144  Vrf144    100.0.23.2/24        up/down       N/A             N/A
Ethernet152  Vrf152    100.0.23.1/24        up/down       N/A             N/A
Ethernet160  Vrf160    100.0.24.2/24        up/down       N/A             N/A
Ethernet168  Vrf168    100.0.24.1/24        up/down       N/A             N/A
Ethernet176  Vrf176    100.0.25.2/24        up/down       N/A             N/A
Ethernet184  Vrf184    100.0.25.1/24        up/down       N/A             N/A
Ethernet192  Vrf192    100.0.26.2/24        up/down       N/A             N/A
Ethernet200  Vrf200    100.0.26.1/24        up/down       N/A             N/A
Ethernet208  Vrf208    100.0.27.2/24        up/down       N/A             N/A
Ethernet216  Vrf216    100.0.27.1/24        up/down       N/A             N/A
Ethernet224  Vrf224    100.0.28.2/24        up/down       N/A             N/A
Ethernet232  Vrf232    100.0.28.1/24        up/down       N/A             N/A
Ethernet240  Vrf240    100.0.80.1/24        up/down       N/A             N/A
Ethernet248  Vrf248    100.0.70.1/24        up/down       N/A             N/A
docker0                240.127.1.1/24       up/down       N/A             N/A
eth0                   109.105.92.102/19    up/up         N/A             N/A
lo                     127.0.0.1/16         up/up         N/A             N/A
admin@sonic:~$
admin@sonic:~$ show ip route
Codes: K - kernel route, C - connected, S - static, R - RIP,
       O - OSPF, I - IS-IS, B - BGP, E - EIGRP, N - NHRP,
       T - Table, v - VNC, V - VNC-Direct, A - Babel, D - SHARP,
       F - PBR, f - OpenFabric,
       > - selected route, * - FIB route, q - queued route, r - rejected route

C>*109.105.64.0/19 is directly connected, eth0, 00:24:37
admin@sonic:~$ show ip route Vrf0
% Unknown command: show ip route Vrf0
admin@sonic:~$ show ip route vrf Vrf)
-bash: syntax error near unexpected token `)'
admin@sonic:~$ show ip route vrf Vrf0
admin@sonic:~$ ip route show
109.105.64.0/19 dev eth0 proto kernel scope link src 109.105.92.102
240.127.1.0/24 dev docker0 proto kernel scope link src 240.127.1.1 linkdown
admin@sonic:~$ ip route show vrf Vrf0
100.0.14.0/24 dev Ethernet0 proto kernel scope link src 100.0.14.2 linkdown
100.0.15.0/24 dev Ethernet8 proto kernel scope link src 100.0.15.1 linkdown
admin@sonic:~$
admin@sonic:~$
admin@sonic:~$ ip route show vrf Vrf8
admin@sonic:~$ ip route show vrf Vrf16
100.0.15.0/24 dev Ethernet16 proto kernel scope link src 100.0.15.2 linkdown
admin@sonic:~$
admin@sonic:~$
admin@sonic:~$ show configuration running
Usage: show [OPTIONS] COMMAND [ARGS]...
Try "show -h" for help.

Error: No such command "configuration".
admin@sonic:~$ show -h
Usage: show [OPTIONS] COMMAND [ARGS]...

  SONiC command line - 'show' command

Options:
  -h, -?, --help  Show this message and exit.

Commands:
  aaa                       Show AAA configuration
  acl                       Show ACL related information
  arp                       Show IP ARP table
  auto-techsupport          AUTO_TECHSUPPORT part of config_db.json
  auto-techsupport-feature  [Callable command group]
  bfd                       Show details of the bfd sessions
  boot                      Show boot configuration
  buffer                    Show buffer information
  buffer_pool               Show details of the buffer pools
  chassis                   Chassis commands group
  clock                     Show date and time
  dhcp6relay_counters       Show DHCPv6 counter
  dhcp_relay                show DHCP_Relay information
  dhcprelay_helper          Show DHCP_Relay helper information
  dropcounters              Show drop counter related information
  ecn                       Show ECN configuration
  environment               Show environmentals (voltages, fans, temps)
  event-counters            Show events counter
  fabric                    Show fabric information
  feature                   Show feature status
  fgnhg                     Show FGNHG information
  flowcnt-route             Show route flow counter related information
  flowcnt-trap              Show trap flow counter related information
  headroom-pool             Show details of headroom pool
  history
  interfaces                Show details of the network interfaces
  ip                        Show IP (IPv4) commands
  ipv6                      Show IPv6 commands
  kdump                     Show kdump configuration, dump files and dmesg...
  kubernetes
  line                      Show all console lines and their info include...
  lldp                      Show LLDP information
  logging                   Show system log
  mac                       Show MAC (FDB) entries
  macsec
  management_interface      Show management interface parameters
  mgmt-vrf                  Show management VRF attributes
  mirror_session            Show existing everflow sessions
  mmu                       Show mmu configuration
  muxcable                  SONiC command line - 'show muxcable' command
  nat                       Show details of the nat
  ndp                       Show IPv6 Neighbour table
  ntp                       Show NTP information
  nvgre-tunnel              [Callable command group]
  nvgre-tunnel-map          [Callable command group]
  passw-hardening           PASSWORD HARDENING part of config_db.json
  pbh                       Show PBH (Policy based hashing) feature...
  pfc                       Show details of the priority-flow-control (pfc)
  pfcwd                     Show details of the pfc watchdog
  platform                  Show platform-specific hardware info
  policer                   Show existing policers
  priority-group            Show details of the PGs
  processes                 Show process information
  queue                     Show details of the queues
  radius                    Show RADIUS configuration
  reboot-cause              Show cause of most recent reboot
  route-map                 show route-map
  runningconfiguration      Show current running configuration information
  services                  Show all daemon services
  sflow                     Show sFlow related information
  snmpagentaddress          Show SNMP agent listening IP address...
  snmptrap                  Show SNMP agent Trap server configuration
  startupconfiguration      Show startup configuration information
  storm-control             Show storm-control
  subinterfaces             Show details of the sub port interfaces
  syslog                    Show syslog server configuration
  system-health             Show system-health information
  system-memory             Show memory information
  tacacs                    Show TACACS+ configuration
  techsupport               Gather information for troubleshooting
  uptime                    Show system uptime
  users                     Show users
  version                   Show version information
  vlan                      Show VLAN information
  vnet                      Show vnet related information
  vrf                       Show vrf config
  vxlan                     Show vxlan related information
  warm_restart              Show warm restart configuration and state
  watermark                 Show details of watermark
  ztp                       Show Zero Touch Provisioning status
admin@sonic:~$
admin@sonic:~$
admin@sonic:~$
admin@sonic:~$
admin@sonic:~$
admin@sonic:~$
admin@sonic:~$
admin@sonic:~$ show runningconfiguration
acl         all         bgp         interfaces  ntp         ports       snmp        syslog
admin@sonic:~$ show runningconfiguration
acl         all         bgp         interfaces  ntp         ports       snmp        syslog
admin@sonic:~$ show runningconfiguration
Usage: show runningconfiguration [OPTIONS] COMMAND [ARGS]...

  Show current running configuration information

Options:
  -?, -h, --help  Show this message and exit.

Commands:
  acl         Show acl running configuration
  all         Show full running configuration
  bgp         Show BGP running configuration Note: multi-asic can run 'show...
  interfaces  Show interfaces running configuration
  ntp         Show NTP running configuration
  ports       Show ports running configuration
  snmp        Show SNMP running configuration
  syslog      Show Syslog running configuration
admin@sonic:~$ show runningconfiguration all
{
    "ASIC_SENSORS": {
        "ASIC_SENSORS_POLLER_INTERVAL": {
            "interval": "10"
        },
        "ASIC_SENSORS_POLLER_STATUS": {
            "admin_status": "enable"
        }
    },
    "AUTO_TECHSUPPORT": {
        "GLOBAL": {
            "available_mem_threshold": "10.0",
            "max_core_limit": "5.0",
            "max_techsupport_limit": "10.0",
            "min_available_mem": "200",
            "rate_limit_interval": "180",
            "since": "2 days ago",
            "state": "enabled"
        }
    },
    "AUTO_TECHSUPPORT_FEATURE": {
        "acms": {
            "available_mem_threshold": "10.0",
            "rate_limit_interval": "600",
            "state": "enabled"
        },
        "bgp": {
            "available_mem_threshold": "10.0",
            "rate_limit_interval": "600",
            "state": "enabled"
        },
        "database": {
            "available_mem_threshold": "10.0",
            "rate_limit_interval": "600",
            "state": "enabled"
        },
        "dhcp_relay": {
            "available_mem_threshold": "10.0",
            "rate_limit_interval": "600",
            "state": "enabled"
        },
        "eventd": {
            "available_mem_threshold": "10.0",
            "rate_limit_interval": "600",
            "state": "enabled"
        },
        "gnmi": {
            "available_mem_threshold": "10.0",
            "rate_limit_interval": "600",
            "state": "enabled"
        },
        "lldp": {
            "available_mem_threshold": "10.0",
            "rate_limit_interval": "600",
            "state": "enabled"
        },
        "macsec": {
            "available_mem_threshold": "10.0",
            "rate_limit_interval": "600",
            "state": "enabled"
        },
        "mux": {
            "available_mem_threshold": "10.0",
            "rate_limit_interval": "600",
            "state": "enabled"
        },
        "pmon": {
            "available_mem_threshold": "10.0",
            "rate_limit_interval": "600",
            "state": "enabled"
        },
        "radv": {
            "available_mem_threshold": "10.0",
            "rate_limit_interval": "600",
            "state": "enabled"
        },
        "restapi": {
            "available_mem_threshold": "10.0",
            "rate_limit_interval": "600",
            "state": "enabled"
        },
        "snmp": {
            "available_mem_threshold": "10.0",
            "rate_limit_interval": "600",
            "state": "enabled"
        },
        "swss": {
            "available_mem_threshold": "10.0",
            "rate_limit_interval": "600",
            "state": "enabled"
        },
        "syncd": {
            "available_mem_threshold": "10.0",
            "rate_limit_interval": "600",
            "state": "enabled"
        },
        "teamd": {
            "available_mem_threshold": "10.0",
            "rate_limit_interval": "600",
            "state": "enabled"
        },
        "telemetry": {
            "available_mem_threshold": "10.0",
            "rate_limit_interval": "600",
            "state": "enabled"
        },
        "vnet-monitor": {
            "available_mem_threshold": "10.0",
            "rate_limit_interval": "600",
            "state": "enabled"
        }
    },
    "BGP_DEVICE_GLOBAL": {
        "STATE": {
            "tsa_enabled": "false"
        }
    },
    "CRM": {
        "Config": {
            "acl_counter_high_threshold": "85",
            "acl_counter_low_threshold": "70",
            "acl_counter_threshold_type": "percentage",
            "acl_entry_high_threshold": "85",
            "acl_entry_low_threshold": "70",
            "acl_entry_threshold_type": "percentage",
            "acl_group_high_threshold": "85",
            "acl_group_low_threshold": "70",
            "acl_group_threshold_type": "percentage",
            "acl_table_high_threshold": "85",
            "acl_table_low_threshold": "70",
            "acl_table_threshold_type": "percentage",
            "dnat_entry_high_threshold": "85",
            "dnat_entry_low_threshold": "70",
            "dnat_entry_threshold_type": "percentage",
            "fdb_entry_high_threshold": "85",
            "fdb_entry_low_threshold": "70",
            "fdb_entry_threshold_type": "percentage",
            "ipmc_entry_high_threshold": "85",
            "ipmc_entry_low_threshold": "70",
            "ipmc_entry_threshold_type": "percentage",
            "ipv4_neighbor_high_threshold": "85",
            "ipv4_neighbor_low_threshold": "70",
            "ipv4_neighbor_threshold_type": "percentage",
            "ipv4_nexthop_high_threshold": "85",
            "ipv4_nexthop_low_threshold": "70",
            "ipv4_nexthop_threshold_type": "percentage",
            "ipv4_route_high_threshold": "85",
            "ipv4_route_low_threshold": "70",
            "ipv4_route_threshold_type": "percentage",
            "ipv6_neighbor_high_threshold": "85",
            "ipv6_neighbor_low_threshold": "70",
            "ipv6_neighbor_threshold_type": "percentage",
            "ipv6_nexthop_high_threshold": "85",
            "ipv6_nexthop_low_threshold": "70",
            "ipv6_nexthop_threshold_type": "percentage",
            "ipv6_route_high_threshold": "85",
            "ipv6_route_low_threshold": "70",
            "ipv6_route_threshold_type": "percentage",
            "mpls_inseg_high_threshold": "85",
            "mpls_inseg_low_threshold": "70",
            "mpls_inseg_threshold_type": "percentage",
            "mpls_nexthop_high_threshold": "85",
            "mpls_nexthop_low_threshold": "70",
            "mpls_nexthop_threshold_type": "percentage",
            "nexthop_group_high_threshold": "85",
            "nexthop_group_low_threshold": "70",
            "nexthop_group_member_high_threshold": "85",
            "nexthop_group_member_low_threshold": "70",
            "nexthop_group_member_threshold_type": "percentage",
            "nexthop_group_threshold_type": "percentage",
            "polling_interval": "300",
            "snat_entry_high_threshold": "85",
            "snat_entry_low_threshold": "70",
            "snat_entry_threshold_type": "percentage"
        }
    },
    "DEVICE_METADATA": {
        "localhost": {
            "buffer_model": "traditional",
            "default_bgp_status": "down",
            "default_pfcwd_status": "enable",
            "hwsku": "32x400Gb",
            "mac": "DC:05:39:CA:28:00",
            "platform": "x86_64-8101_32fh_o-r0",
            "timezone": "UTC"
        }
    },
    "FEATURE": {
        "acms": {
            "auto_restart": "enabled",
            "delayed": "False",
            "has_global_scope": "True",
            "has_per_asic_scope": "False",
            "high_mem_alert": "disabled",
            "state": "enabled",
            "support_syslog_rate_limit": "true"
        },
        "bgp": {
            "auto_restart": "enabled",
            "check_up_status": "false",
            "delayed": "False",
            "has_global_scope": "False",
            "has_per_asic_scope": "True",
            "high_mem_alert": "disabled",
            "state": "enabled",
            "support_syslog_rate_limit": "true"
        },
        "database": {
            "auto_restart": "always_enabled",
            "delayed": "False",
            "has_global_scope": "True",
            "has_per_asic_scope": "True",
            "high_mem_alert": "disabled",
            "state": "always_enabled",
            "support_syslog_rate_limit": "true"
        },
        "dhcp_relay": {
            "auto_restart": "enabled",
            "check_up_status": "False",
            "delayed": "False",
            "has_global_scope": "True",
            "has_per_asic_scope": "False",
            "high_mem_alert": "disabled",
            "set_owner": "local",
            "state": "enabled",
            "support_syslog_rate_limit": "True"
        },
        "eventd": {
            "auto_restart": "enabled",
            "delayed": "False",
            "has_global_scope": "True",
            "has_per_asic_scope": "False",
            "high_mem_alert": "disabled",
            "state": "enabled",
            "support_syslog_rate_limit": "true"
        },
        "gnmi": {
            "auto_restart": "enabled",
            "delayed": "True",
            "has_global_scope": "True",
            "has_per_asic_scope": "False",
            "high_mem_alert": "disabled",
            "state": "enabled",
            "support_syslog_rate_limit": "true"
        },
        "lldp": {
            "auto_restart": "enabled",
            "delayed": "True",
            "has_global_scope": "True",
            "has_per_asic_scope": "True",
            "high_mem_alert": "disabled",
            "state": "enabled",
            "support_syslog_rate_limit": "true"
        },
        "macsec": {
            "auto_restart": "enabled",
            "check_up_status": "False",
            "delayed": "False",
            "has_global_scope": "False",
            "has_per_asic_scope": "True",
            "high_mem_alert": "disabled",
            "set_owner": "local",
            "state": "disabled",
            "support_syslog_rate_limit": "True"
        },
        "mux": {
            "auto_restart": "enabled",
            "delayed": "False",
            "has_global_scope": "True",
            "has_per_asic_scope": "False",
            "high_mem_alert": "disabled",
            "state": "always_disabled",
            "support_syslog_rate_limit": "true"
        },
        "pmon": {
            "auto_restart": "enabled",
            "check_up_status": "false",
            "delayed": "True",
            "has_global_scope": "True",
            "has_per_asic_scope": "False",
            "high_mem_alert": "disabled",
            "state": "enabled",
            "support_syslog_rate_limit": "true"
        },
        "radv": {
            "auto_restart": "enabled",
            "delayed": "False",
            "has_global_scope": "True",
            "has_per_asic_scope": "False",
            "high_mem_alert": "disabled",
            "state": "enabled",
            "support_syslog_rate_limit": "true"
        },
        "restapi": {
            "auto_restart": "enabled",
            "delayed": "False",
            "has_global_scope": "True",
            "has_per_asic_scope": "False",
            "high_mem_alert": "disabled",
            "state": "enabled",
            "support_syslog_rate_limit": "true"
        },
        "snmp": {
            "auto_restart": "enabled",
            "delayed": "True",
            "has_global_scope": "True",
            "has_per_asic_scope": "False",
            "high_mem_alert": "disabled",
            "state": "enabled",
            "support_syslog_rate_limit": "true"
        },
        "swss": {
            "auto_restart": "enabled",
            "check_up_status": "false",
            "delayed": "False",
            "has_global_scope": "False",
            "has_per_asic_scope": "True",
            "high_mem_alert": "disabled",
            "state": "enabled",
            "support_syslog_rate_limit": "true"
        },
        "syncd": {
            "auto_restart": "enabled",
            "delayed": "False",
            "has_global_scope": "False",
            "has_per_asic_scope": "True",
            "high_mem_alert": "disabled",
            "state": "enabled",
            "support_syslog_rate_limit": "true"
        },
        "teamd": {
            "auto_restart": "enabled",
            "delayed": "False",
            "has_global_scope": "False",
            "has_per_asic_scope": "True",
            "high_mem_alert": "disabled",
            "state": "enabled",
            "support_syslog_rate_limit": "true"
        },
        "telemetry": {
            "auto_restart": "enabled",
            "delayed": "True",
            "has_global_scope": "True",
            "has_per_asic_scope": "False",
            "high_mem_alert": "disabled",
            "state": "enabled",
            "support_syslog_rate_limit": "true"
        },
        "vnet-monitor": {
            "auto_restart": "enabled",
            "delayed": "False",
            "has_global_scope": "True",
            "has_per_asic_scope": "False",
            "high_mem_alert": "disabled",
            "state": "always_disabled",
            "support_syslog_rate_limit": "true"
        }
    },
    "FLEX_COUNTER_TABLE": {
        "ACL": {
            "FLEX_COUNTER_DELAY_STATUS": "false",
            "FLEX_COUNTER_STATUS": "disable",
            "POLL_INTERVAL": "10000"
        },
        "BUFFER_POOL_WATERMARK": {
            "FLEX_COUNTER_DELAY_STATUS": "false",
            "FLEX_COUNTER_STATUS": "enable"
        },
        "PFCWD": {
            "FLEX_COUNTER_DELAY_STATUS": "false",
            "FLEX_COUNTER_STATUS": "enable"
        },
        "PG_DROP": {
            "FLEX_COUNTER_DELAY_STATUS": "false",
            "FLEX_COUNTER_STATUS": "enable"
        },
        "PG_WATERMARK": {
            "FLEX_COUNTER_DELAY_STATUS": "false",
            "FLEX_COUNTER_STATUS": "enable"
        },
        "PORT": {
            "FLEX_COUNTER_DELAY_STATUS": "false",
            "FLEX_COUNTER_STATUS": "enable"
        },
        "PORT_BUFFER_DROP": {
            "FLEX_COUNTER_DELAY_STATUS": "false",
            "FLEX_COUNTER_STATUS": "enable"
        },
        "QUEUE": {
            "FLEX_COUNTER_DELAY_STATUS": "false",
            "FLEX_COUNTER_STATUS": "enable"
        },
        "QUEUE_WATERMARK": {
            "FLEX_COUNTER_DELAY_STATUS": "false",
            "FLEX_COUNTER_STATUS": "enable"
        },
        "RIF": {
            "FLEX_COUNTER_DELAY_STATUS": "false",
            "FLEX_COUNTER_STATUS": "enable"
        }
    },
    "INTERFACE": {
        "Ethernet0": {
            "mac_addr": "e8:eb:34:e7:d4:00",
            "vrf_name": "Vrf0"
        },
        "Ethernet104": {
            "mac_addr": "e8:eb:34:e7:d3:f3",
            "vrf_name": "Vrf104"
        },
        "Ethernet112": {
            "mac_addr": "e8:eb:34:e7:d3:f2",
            "vrf_name": "Vrf112"
        },
        "Ethernet120": {
            "mac_addr": "e8:eb:34:e7:d3:f1",
            "vrf_name": "Vrf120"
        },
        "Ethernet128": {
            "mac_addr": "e8:eb:34:e7:d3:f0",
            "vrf_name": "Vrf128"
        },
        "Ethernet136": {
            "mac_addr": "e8:eb:34:e7:d3:ef",
            "vrf_name": "Vrf136"
        },
        "Ethernet144": {
            "mac_addr": "e8:eb:34:e7:d3:ee",
            "vrf_name": "Vrf144"
        },
        "Ethernet152": {
            "mac_addr": "e8:eb:34:e7:d3:ed",
            "vrf_name": "Vrf152"
        },
        "Ethernet16": {
            "mac_addr": "e8:eb:34:e7:d3:fe",
            "vrf_name": "Vrf16"
        },
        "Ethernet160": {
            "mac_addr": "e8:eb:34:e7:d3:eb",
            "vrf_name": "Vrf160"
        },
        "Ethernet168": {
            "mac_addr": "e8:eb:34:e7:d3:ea",
            "vrf_name": "Vrf168"
        },
        "Ethernet176": {
            "mac_addr": "e8:eb:34:e7:d3:e9",
            "vrf_name": "Vrf176"
        },
        "Ethernet184": {
            "mac_addr": "e8:eb:34:e7:d3:e8",
            "vrf_name": "Vrf184"
        },
        "Ethernet192": {
            "mac_addr": "e8:eb:34:e7:d3:e7",
            "vrf_name": "Vrf192"
        },
        "Ethernet20": {
            "mac_addr": "e8:eb:34:e7:d3:eb"
        },
        "Ethernet200": {
            "mac_addr": "e8:eb:34:e7:d3:e6",
            "vrf_name": "Vrf200"
        },
        "Ethernet208": {
            "mac_addr": "e8:eb:34:e7:d3:e5",
            "vrf_name": "Vrf208"
        },
        "Ethernet21": {
            "mac_addr": "e8:eb:34:e7:d3:ea"
        },
        "Ethernet216": {
            "mac_addr": "e8:eb:34:e7:d3:e4",
            "vrf_name": "Vrf216"
        },
        "Ethernet22": {
            "mac_addr": "e8:eb:34:e7:d3:e9"
        },
        "Ethernet224": {
            "mac_addr": "e8:eb:34:e7:d3:e3",
            "vrf_name": "Vrf224"
        },
        "Ethernet23": {
            "mac_addr": "e8:eb:34:e7:d3:e8"
        },
        "Ethernet232": {
            "mac_addr": "e8:eb:34:e7:d3:e2",
            "vrf_name": "Vrf232"
        },
        "Ethernet24": {
            "mac_addr": "e8:eb:34:e7:d3:fd",
            "vrf_name": "Vrf24"
        },
        "Ethernet240": {
            "mac_addr": "e8:eb:34:e7:d3:e1",
            "vrf_name": "Vrf240"
        },
        "Ethernet248": {
            "mac_addr": "e8:eb:34:e7:d3:ec",
            "vrf_name": "Vrf248"
        },
        "Ethernet25": {
            "mac_addr": "e8:eb:34:e7:d3:e6"
        },
        "Ethernet26": {
            "mac_addr": "e8:eb:34:e7:d3:e5"
        },
        "Ethernet27": {
            "mac_addr": "e8:eb:34:e7:d3:e4"
        },
        "Ethernet28": {
            "mac_addr": "e8:eb:34:e7:d3:e3"
        },
        "Ethernet29": {
            "mac_addr": "e8:eb:34:e7:d3:e2"
        },
        "Ethernet30": {
            "mac_addr": "e8:eb:34:e7:d3:e1"
        },
        "Ethernet31": {
            "mac_addr": "e8:eb:34:e7:d3:ec"
        },
        "Ethernet32": {
            "mac_addr": "e8:eb:34:e7:d3:fc",
            "vrf_name": "Vrf32"
        },
        "Ethernet40": {
            "mac_addr": "e8:eb:34:e7:d3:fb",
            "vrf_name": "Vrf40"
        },
        "Ethernet48": {
            "mac_addr": "e8:eb:34:e7:d3:fa",
            "vrf_name": "Vrf48"
        },
        "Ethernet56": {
            "mac_addr": "e8:eb:34:e7:d3:f9",
            "vrf_name": "Vrf56"
        },
        "Ethernet64": {
            "mac_addr": "e8:eb:34:e7:d3:f8",
            "vrf_name": "Vrf64"
        },
        "Ethernet72": {
            "mac_addr": "e8:eb:34:e7:d3:f7",
            "vrf_name": "Vrf72"
        },
        "Ethernet8": {
            "vrf_name": "Vrf0"
        },
        "Ethernet80": {
            "mac_addr": "e8:eb:34:e7:d3:f6",
            "vrf_name": "Vrf80"
        },
        "Ethernet88": {
            "mac_addr": "e8:eb:34:e7:d3:f5",
            "vrf_name": "Vrf88"
        },
        "Ethernet96": {
            "mac_addr": "e8:eb:34:e7:d3:f4",
            "vrf_name": "Vrf96"
        },
        "Ethernet0|100.0.14.2/24": {},
        "Ethernet104|100.0.20.1/24": {},
        "Ethernet112|100.0.21.2/24": {},
        "Ethernet120|100.0.21.1/24": {},
        "Ethernet128|100.0.22.2/24": {},
        "Ethernet136|100.0.22.1/24": {},
        "Ethernet144|100.0.23.2/24": {},
        "Ethernet152|100.0.23.1/24": {},
        "Ethernet160|100.0.24.2/24": {},
        "Ethernet168|100.0.24.1/24": {},
        "Ethernet16|100.0.15.2/24": {},
        "Ethernet176|100.0.25.2/24": {},
        "Ethernet184|100.0.25.1/24": {},
        "Ethernet192|100.0.26.2/24": {},
        "Ethernet200|100.0.26.1/24": {},
        "Ethernet208|100.0.27.2/24": {},
        "Ethernet216|100.0.27.1/24": {},
        "Ethernet224|100.0.28.2/24": {},
        "Ethernet232|100.0.28.1/24": {},
        "Ethernet240|100.0.80.1/24": {},
        "Ethernet248|100.0.70.1/24": {},
        "Ethernet24|100.0.15.1/24": {},
        "Ethernet32|100.0.16.2/24": {},
        "Ethernet40|100.0.16.1/24": {},
        "Ethernet48|100.0.17.2/24": {},
        "Ethernet56|100.0.17.1/24": {},
        "Ethernet64|100.0.18.2/24": {},
        "Ethernet72|100.0.18.1/24": {},
        "Ethernet80|100.0.19.2/24": {},
        "Ethernet88|100.0.19.1/24": {},
        "Ethernet8|100.0.15.1/24": {},
        "Ethernet96|100.0.20.2/24": {}
    },
    "KDUMP": {
        "config": {
            "enabled": "true",
            "memory": "0M-2G:256M,2G-4G:320M,4G-8G:384M,8G-:448M",
            "num_dumps": "3"
        }
    },
    "LOGGER": {
        "SAI_API_ACL": {
            "LOGLEVEL": "SAI_LOG_LEVEL_NOTICE",
            "LOGOUTPUT": "SYSLOG"
        },
        "SAI_API_ARS": {
            "LOGLEVEL": "SAI_LOG_LEVEL_NOTICE",
            "LOGOUTPUT": "SYSLOG"
        },
        "SAI_API_ARS_PROFILE": {
            "LOGLEVEL": "SAI_LOG_LEVEL_NOTICE",
            "LOGOUTPUT": "SYSLOG"
        },
        "SAI_API_BFD": {
            "LOGLEVEL": "SAI_LOG_LEVEL_NOTICE",
            "LOGOUTPUT": "SYSLOG"
        },
        "SAI_API_BMTOR": {
            "LOGLEVEL": "SAI_LOG_LEVEL_NOTICE",
            "LOGOUTPUT": "SYSLOG"
        },
        "SAI_API_BRIDGE": {
            "LOGLEVEL": "SAI_LOG_LEVEL_NOTICE",
            "LOGOUTPUT": "SYSLOG"
        },
        "SAI_API_BUFFER": {
            "LOGLEVEL": "SAI_LOG_LEVEL_NOTICE",
            "LOGOUTPUT": "SYSLOG"
        },
        "SAI_API_COUNTER": {
            "LOGLEVEL": "SAI_LOG_LEVEL_NOTICE",
            "LOGOUTPUT": "SYSLOG"
        },
        "SAI_API_DASH_ACL": {
            "LOGLEVEL": "SAI_LOG_LEVEL_NOTICE",
            "LOGOUTPUT": "SYSLOG"
        },
        "SAI_API_DASH_DIRECTION_LOOKUP": {
            "LOGLEVEL": "SAI_LOG_LEVEL_NOTICE",
            "LOGOUTPUT": "SYSLOG"
        },
        "SAI_API_DASH_ENI": {
            "LOGLEVEL": "SAI_LOG_LEVEL_NOTICE",
            "LOGOUTPUT": "SYSLOG"
        },
        "SAI_API_DASH_INBOUND_ROUTING": {
            "LOGLEVEL": "SAI_LOG_LEVEL_NOTICE",
            "LOGOUTPUT": "SYSLOG"
        },
        "SAI_API_DASH_OUTBOUND_CA_TO_PA": {
            "LOGLEVEL": "SAI_LOG_LEVEL_NOTICE",
            "LOGOUTPUT": "SYSLOG"
        },
        "SAI_API_DASH_OUTBOUND_ROUTING": {
            "LOGLEVEL": "SAI_LOG_LEVEL_NOTICE",
            "LOGOUTPUT": "SYSLOG"
        },
        "SAI_API_DASH_PA_VALIDATION": {
            "LOGLEVEL": "SAI_LOG_LEVEL_NOTICE",
            "LOGOUTPUT": "SYSLOG"
        },
        "SAI_API_DASH_VIP": {
            "LOGLEVEL": "SAI_LOG_LEVEL_NOTICE",
            "LOGOUTPUT": "SYSLOG"
        },
        "SAI_API_DASH_VNET": {
            "LOGLEVEL": "SAI_LOG_LEVEL_NOTICE",
            "LOGOUTPUT": "SYSLOG"
        },
        "SAI_API_DEBUG_COUNTER": {
            "LOGLEVEL": "SAI_LOG_LEVEL_NOTICE",
            "LOGOUTPUT": "SYSLOG"
        },
        "SAI_API_DTEL": {
            "LOGLEVEL": "SAI_LOG_LEVEL_NOTICE",
            "LOGOUTPUT": "SYSLOG"
        },
        "SAI_API_FDB": {
            "LOGLEVEL": "SAI_LOG_LEVEL_NOTICE",
            "LOGOUTPUT": "SYSLOG"
        },
        "SAI_API_GENERIC_PROGRAMMABLE": {
            "LOGLEVEL": "SAI_LOG_LEVEL_NOTICE",
            "LOGOUTPUT": "SYSLOG"
        },
        "SAI_API_HASH": {
            "LOGLEVEL": "SAI_LOG_LEVEL_NOTICE",
            "LOGOUTPUT": "SYSLOG"
        },
        "SAI_API_HOSTIF": {
            "LOGLEVEL": "SAI_LOG_LEVEL_NOTICE",
            "LOGOUTPUT": "SYSLOG"
        },
        "SAI_API_IPMC": {
            "LOGLEVEL": "SAI_LOG_LEVEL_NOTICE",
            "LOGOUTPUT": "SYSLOG"
        },
        "SAI_API_IPMC_GROUP": {
            "LOGLEVEL": "SAI_LOG_LEVEL_NOTICE",
            "LOGOUTPUT": "SYSLOG"
        },
        "SAI_API_IPSEC": {
            "LOGLEVEL": "SAI_LOG_LEVEL_NOTICE",
            "LOGOUTPUT": "SYSLOG"
        },
        "SAI_API_ISOLATION_GROUP": {
            "LOGLEVEL": "SAI_LOG_LEVEL_NOTICE",
            "LOGOUTPUT": "SYSLOG"
        },
        "SAI_API_L2MC": {
            "LOGLEVEL": "SAI_LOG_LEVEL_NOTICE",
            "LOGOUTPUT": "SYSLOG"
        },
        "SAI_API_L2MC_GROUP": {
            "LOGLEVEL": "SAI_LOG_LEVEL_NOTICE",
            "LOGOUTPUT": "SYSLOG"
        },
        "SAI_API_LAG": {
            "LOGLEVEL": "SAI_LOG_LEVEL_NOTICE",
            "LOGOUTPUT": "SYSLOG"
        },
        "SAI_API_MACSEC": {
            "LOGLEVEL": "SAI_LOG_LEVEL_NOTICE",
            "LOGOUTPUT": "SYSLOG"
        },
        "SAI_API_MCAST_FDB": {
            "LOGLEVEL": "SAI_LOG_LEVEL_NOTICE",
            "LOGOUTPUT": "SYSLOG"
        },
        "SAI_API_MIRROR": {
            "LOGLEVEL": "SAI_LOG_LEVEL_NOTICE",
            "LOGOUTPUT": "SYSLOG"
        },
        "SAI_API_MPLS": {
            "LOGLEVEL": "SAI_LOG_LEVEL_NOTICE",
            "LOGOUTPUT": "SYSLOG"
        },
        "SAI_API_MY_MAC": {
            "LOGLEVEL": "SAI_LOG_LEVEL_NOTICE",
            "LOGOUTPUT": "SYSLOG"
        },
        "SAI_API_NAT": {
            "LOGLEVEL": "SAI_LOG_LEVEL_NOTICE",
            "LOGOUTPUT": "SYSLOG"
        },
        "SAI_API_NEIGHBOR": {
            "LOGLEVEL": "SAI_LOG_LEVEL_NOTICE",
            "LOGOUTPUT": "SYSLOG"
        },
        "SAI_API_NEXT_HOP": {
            "LOGLEVEL": "SAI_LOG_LEVEL_NOTICE",
            "LOGOUTPUT": "SYSLOG"
        },
        "SAI_API_NEXT_HOP_GROUP": {
            "LOGLEVEL": "SAI_LOG_LEVEL_NOTICE",
            "LOGOUTPUT": "SYSLOG"
        },
        "SAI_API_POLICER": {
            "LOGLEVEL": "SAI_LOG_LEVEL_NOTICE",
            "LOGOUTPUT": "SYSLOG"
        },
        "SAI_API_PORT": {
            "LOGLEVEL": "SAI_LOG_LEVEL_NOTICE",
            "LOGOUTPUT": "SYSLOG"
        },
        "SAI_API_QOS_MAP": {
            "LOGLEVEL": "SAI_LOG_LEVEL_NOTICE",
            "LOGOUTPUT": "SYSLOG"
        },
        "SAI_API_QUEUE": {
            "LOGLEVEL": "SAI_LOG_LEVEL_NOTICE",
            "LOGOUTPUT": "SYSLOG"
        },
        "SAI_API_ROUTE": {
            "LOGLEVEL": "SAI_LOG_LEVEL_NOTICE",
            "LOGOUTPUT": "SYSLOG"
        },
        "SAI_API_ROUTER_INTERFACE": {
            "LOGLEVEL": "SAI_LOG_LEVEL_NOTICE",
            "LOGOUTPUT": "SYSLOG"
        },
        "SAI_API_RPF_GROUP": {
            "LOGLEVEL": "SAI_LOG_LEVEL_NOTICE",
            "LOGOUTPUT": "SYSLOG"
        },
        "SAI_API_SAMPLEPACKET": {
            "LOGLEVEL": "SAI_LOG_LEVEL_NOTICE",
            "LOGOUTPUT": "SYSLOG"
        },
        "SAI_API_SCHEDULER": {
            "LOGLEVEL": "SAI_LOG_LEVEL_NOTICE",
            "LOGOUTPUT": "SYSLOG"
        },
        "SAI_API_SCHEDULER_GROUP": {
            "LOGLEVEL": "SAI_LOG_LEVEL_NOTICE",
            "LOGOUTPUT": "SYSLOG"
        },
        "SAI_API_SRV6": {
            "LOGLEVEL": "SAI_LOG_LEVEL_NOTICE",
            "LOGOUTPUT": "SYSLOG"
        },
        "SAI_API_STP": {
            "LOGLEVEL": "SAI_LOG_LEVEL_NOTICE",
            "LOGOUTPUT": "SYSLOG"
        },
        "SAI_API_SWITCH": {
            "LOGLEVEL": "SAI_LOG_LEVEL_NOTICE",
            "LOGOUTPUT": "SYSLOG"
        },
        "SAI_API_SYSTEM_PORT": {
            "LOGLEVEL": "SAI_LOG_LEVEL_NOTICE",
            "LOGOUTPUT": "SYSLOG"
        },
        "SAI_API_TAM": {
            "LOGLEVEL": "SAI_LOG_LEVEL_NOTICE",
            "LOGOUTPUT": "SYSLOG"
        },
        "SAI_API_TUNNEL": {
            "LOGLEVEL": "SAI_LOG_LEVEL_NOTICE",
            "LOGOUTPUT": "SYSLOG"
        },
        "SAI_API_UDF": {
            "LOGLEVEL": "SAI_LOG_LEVEL_NOTICE",
            "LOGOUTPUT": "SYSLOG"
        },
        "SAI_API_VIRTUAL_ROUTER": {
            "LOGLEVEL": "SAI_LOG_LEVEL_NOTICE",
            "LOGOUTPUT": "SYSLOG"
        },
        "SAI_API_VLAN": {
            "LOGLEVEL": "SAI_LOG_LEVEL_NOTICE",
            "LOGOUTPUT": "SYSLOG"
        },
        "SAI_API_WRED": {
            "LOGLEVEL": "SAI_LOG_LEVEL_NOTICE",
            "LOGOUTPUT": "SYSLOG"
        },
        "buffermgrd": {
            "LOGLEVEL": "NOTICE",
            "LOGOUTPUT": "SYSLOG"
        },
        "coppmgrd": {
            "LOGLEVEL": "NOTICE",
            "LOGOUTPUT": "SYSLOG"
        },
        "fdbsyncd": {
            "LOGLEVEL": "NOTICE",
            "LOGOUTPUT": "SYSLOG"
        },
        "fpmsyncd": {
            "LOGLEVEL": "NOTICE",
            "LOGOUTPUT": "SYSLOG"
        },
        "gearsyncd": {
            "LOGLEVEL": "NOTICE",
            "LOGOUTPUT": "SYSLOG"
        },
        "intfmgrd": {
            "LOGLEVEL": "NOTICE",
            "LOGOUTPUT": "SYSLOG"
        },
        "nbrmgrd": {
            "LOGLEVEL": "NOTICE",
            "LOGOUTPUT": "SYSLOG"
        },
        "neighsyncd": {
            "LOGLEVEL": "NOTICE",
            "LOGOUTPUT": "SYSLOG"
        },
        "orchagent": {
            "LOGLEVEL": "NOTICE",
            "LOGOUTPUT": "SYSLOG"
        },
        "portmgrd": {
            "LOGLEVEL": "NOTICE",
            "LOGOUTPUT": "SYSLOG"
        },
        "portsyncd": {
            "LOGLEVEL": "NOTICE",
            "LOGOUTPUT": "SYSLOG"
        },
        "syncd": {
            "LOGLEVEL": "NOTICE",
            "LOGOUTPUT": "SYSLOG"
        },
        "teammgrd": {
            "LOGLEVEL": "NOTICE",
            "LOGOUTPUT": "SYSLOG"
        },
        "teamsyncd": {
            "LOGLEVEL": "NOTICE",
            "LOGOUTPUT": "SYSLOG"
        },
        "tlm_teamd": {
            "LOGLEVEL": "NOTICE",
            "LOGOUTPUT": "SYSLOG"
        },
        "tunnelmgrd": {
            "LOGLEVEL": "NOTICE",
            "LOGOUTPUT": "SYSLOG"
        },
        "vlanmgrd": {
            "LOGLEVEL": "NOTICE",
            "LOGOUTPUT": "SYSLOG"
        },
        "vrfmgrd": {
            "LOGLEVEL": "NOTICE",
            "LOGOUTPUT": "SYSLOG"
        },
        "vxlanmgrd": {
            "LOGLEVEL": "NOTICE",
            "LOGOUTPUT": "SYSLOG"
        }
    },
    "MGMT_INTERFACE": {
        "eth0|109.105.92.102/19": {}
    },
    "PASSW_HARDENING": {
        "POLICIES": {
            "digits_class": "true",
            "expiration": "180",
            "expiration_warning": "15",
            "history_cnt": "10",
            "len_min": "8",
            "lower_class": "true",
            "reject_user_passw_match": "true",
            "special_class": "true",
            "state": "disabled",
            "upper_class": "true"
        }
    },
    "PORT": {
        "Ethernet0": {
            "admin_status": "up",
            "alias": "etp0",
            "index": "0",
            "lanes": "2304,2305,2306,2307,2308,2309,2310,2311",
            "mtu": "9100",
            "speed": "400000",
            "subport": "0"
        },
        "Ethernet104": {
            "admin_status": "up",
            "alias": "etp13",
            "index": "13",
            "lanes": "1800,1801,1802,1803,1804,1805,1806,1807",
            "mtu": "9100",
            "speed": "400000",
            "subport": "0"
        },
        "Ethernet112": {
            "admin_status": "up",
            "alias": "etp14",
            "index": "14",
            "lanes": "1552,1553,1554,1555,1556,1557,1558,1559",
            "mtu": "9100",
            "speed": "400000",
            "subport": "0"
        },
        "Ethernet120": {
            "admin_status": "up",
            "alias": "etp15",
            "index": "15",
            "lanes": "1544,1545,1546,1547,1548,1549,1550,1551",
            "mtu": "9100",
            "speed": "400000",
            "subport": "0"
        },
        "Ethernet128": {
            "admin_status": "up",
            "alias": "etp16",
            "index": "16",
            "lanes": "1296,1297,1298,1299,1300,1301,1302,1303",
            "mtu": "9100",
            "speed": "400000",
            "subport": "0"
        },
        "Ethernet136": {
            "admin_status": "up",
            "alias": "etp17",
            "index": "17",
            "lanes": "1288,1289,1290,1291,1292,1293,1294,1295",
            "mtu": "9100",
            "speed": "400000",
            "subport": "0"
        },
        "Ethernet144": {
            "admin_status": "up",
            "alias": "etp18",
            "index": "18",
            "lanes": "1280,1281,1282,1283,1284,1285,1286,1287",
            "mtu": "9100",
            "speed": "400000",
            "subport": "0"
        },
        "Ethernet152": {
            "admin_status": "up",
            "alias": "etp19",
            "index": "19",
            "lanes": "1032,1033,1034,1035,1036,1037,1038,1039",
            "mtu": "9100",
            "speed": "400000",
            "subport": "0"
        },
        "Ethernet16": {
            "admin_status": "up",
            "alias": "etp2",
            "index": "2",
            "lanes": "2312,2313,2314,2315,2316,2317,2318,2319",
            "mtu": "9100",
            "speed": "400000",
            "subport": "0"
        },
        "Ethernet160": {
            "admin_status": "up",
            "alias": "etp20",
            "index": "20",
            "lanes": "264,265,266,267,268,269,270,271",
            "mtu": "9100",
            "speed": "400000",
            "subport": "0"
        },
        "Ethernet168": {
            "admin_status": "up",
            "alias": "etp21",
            "index": "21",
            "lanes": "272,273,274,275,276,277,278,279",
            "mtu": "9100",
            "speed": "400000",
            "subport": "0"
        },
        "Ethernet176": {
            "admin_status": "up",
            "alias": "etp22",
            "index": "22",
            "lanes": "16,17,18,19,20,21,22,23",
            "mtu": "9100",
            "speed": "400000",
            "subport": "0"
        },
        "Ethernet184": {
            "admin_status": "up",
            "alias": "etp23",
            "index": "23",
            "lanes": "0,1,2,3,4,5,6,7",
            "mtu": "9100",
            "speed": "400000",
            "subport": "0"
        },
        "Ethernet192": {
            "admin_status": "up",
            "alias": "etp24",
            "index": "24",
            "lanes": "256,257,258,259,260,261,262,263",
            "mtu": "9100",
            "speed": "400000",
            "subport": "0"
        },
        "Ethernet200": {
            "admin_status": "up",
            "alias": "etp25",
            "index": "25",
            "lanes": "8,9,10,11,12,13,14,15",
            "mtu": "9100",
            "speed": "400000",
            "subport": "0"
        },
        "Ethernet208": {
            "admin_status": "up",
            "alias": "etp26",
            "index": "26",
            "lanes": "1024,1025,1026,1027,1028,1029,1030,1031",
            "mtu": "9100",
            "speed": "400000",
            "subport": "0"
        },
        "Ethernet216": {
            "admin_status": "up",
            "alias": "etp27",
            "index": "27",
            "lanes": "768,769,770,771,772,773,774,775",
            "mtu": "9100",
            "speed": "400000",
            "subport": "0"
        },
        "Ethernet224": {
            "admin_status": "up",
            "alias": "etp28",
            "index": "28",
            "lanes": "520,521,522,523,524,525,526,527",
            "mtu": "9100",
            "speed": "400000",
            "subport": "0"
        },
        "Ethernet232": {
            "admin_status": "up",
            "alias": "etp29",
            "index": "29",
            "lanes": "776,777,778,779,780,781,782,783",
            "mtu": "9100",
            "speed": "400000",
            "subport": "0"
        },
        "Ethernet24": {
            "admin_status": "up",
            "alias": "etp3",
            "index": "3",
            "lanes": "2056,2057,2058,2059,2060,2061,2062,2063",
            "mtu": "9100",
            "speed": "400000",
            "subport": "0"
        },
        "Ethernet240": {
            "admin_status": "up",
            "alias": "etp30",
            "index": "30",
            "lanes": "512,513,514,515,516,517,518,519",
            "mtu": "9100",
            "speed": "400000",
            "subport": "0"
        },
        "Ethernet248": {
            "admin_status": "up",
            "alias": "etp31",
            "index": "31",
            "lanes": "528,529,530,531,532,533,534,535",
            "mtu": "9100",
            "speed": "400000",
            "subport": "0"
        },
        "Ethernet32": {
            "admin_status": "up",
            "alias": "etp4",
            "index": "4",
            "lanes": "1792,1793,1794,1795,1796,1797,1798,1799",
            "mtu": "9100",
            "speed": "400000",
            "subport": "0"
        },
        "Ethernet40": {
            "admin_status": "up",
            "alias": "etp5",
            "index": "5",
            "lanes": "2048,2049,2050,2051,2052,2053,2054,2055",
            "mtu": "9100",
            "speed": "400000",
            "subport": "0"
        },
        "Ethernet48": {
            "admin_status": "up",
            "alias": "etp6",
            "index": "6",
            "lanes": "2560,2561,2562,2563,2564,2565,2566,2567",
            "mtu": "9100",
            "speed": "400000",
            "subport": "0"
        },
        "Ethernet56": {
            "admin_status": "up",
            "alias": "etp7",
            "index": "7",
            "lanes": "2824,2825,2826,2827,2828,2829,2830,2831",
            "mtu": "9100",
            "speed": "400000",
            "subport": "0"
        },
        "Ethernet64": {
            "admin_status": "up",
            "alias": "etp8",
            "index": "8",
            "lanes": "2832,2833,2834,2835,2836,2837,2838,2839",
            "mtu": "9100",
            "speed": "400000",
            "subport": "0"
        },
        "Ethernet72": {
            "admin_status": "up",
            "alias": "etp9",
            "index": "9",
            "lanes": "2816,2817,2818,2819,2820,2821,2822,2823",
            "mtu": "9100",
            "speed": "400000",
            "subport": "0"
        },
        "Ethernet8": {
            "admin_status": "up",
            "alias": "etp1",
            "index": "1",
            "lanes": "2320,2321,2322,2323,2324,2325,2326,2327",
            "mtu": "9100",
            "speed": "400000",
            "subport": "0"
        },
        "Ethernet80": {
            "admin_status": "up",
            "alias": "etp10",
            "index": "10",
            "lanes": "2568,2569,2570,2571,2572,2573,2574,2575",
            "mtu": "9100",
            "speed": "400000",
            "subport": "0"
        },
        "Ethernet88": {
            "admin_status": "up",
            "alias": "etp11",
            "index": "11",
            "lanes": "2576,2577,2578,2579,2580,2581,2582,2583",
            "mtu": "9100",
            "speed": "400000",
            "subport": "0"
        },
        "Ethernet96": {
            "admin_status": "up",
            "alias": "etp12",
            "index": "12",
            "lanes": "1536,1537,1538,1539,1540,1541,1542,1543",
            "mtu": "9100",
            "speed": "400000",
            "subport": "0"
        }
    },
    "SNMP": {
        "LOCATION": {
            "Location": "public"
        }
    },
    "SNMP_COMMUNITY": {
        "public": {
            "TYPE": "RO"
        }
    },
    "STATIC_ROUTE": {
        "Vrf0|3.3.3.3/32": {
            "blackhole": "false",
            "distance": "0",
            "ifname": "",
            "nexthop": "100.0.70.2",
            "nexthop-vrf": "Vrf248"
        },
        "Vrf104|2.2.2.2/32": {
            "blackhole": "false",
            "distance": "0",
            "ifname": "",
            "nexthop": "100.0.21.1",
            "nexthop-vrf": "Vrf112"
        },
        "Vrf112|3.3.3.3/32": {
            "blackhole": "false",
            "distance": "0",
            "ifname": "",
            "nexthop": "100.0.20.2",
            "nexthop-vrf": "Vrf104"
        },
        "Vrf120|2.2.2.2/32": {
            "blackhole": "false",
            "distance": "0",
            "ifname": "",
            "nexthop": "100.0.22.1",
            "nexthop-vrf": "Vrf128"
        },
        "Vrf128|3.3.3.3/32": {
            "blackhole": "false",
            "distance": "0",
            "ifname": "",
            "nexthop": "100.0.21.2",
            "nexthop-vrf": "Vrf120"
        },
        "Vrf136|2.2.2.2/32": {
            "blackhole": "false",
            "distance": "0",
            "ifname": "",
            "nexthop": "100.0.23.1",
            "nexthop-vrf": "Vrf144"
        },
        "Vrf144|3.3.3.3/32": {
            "blackhole": "false",
            "distance": "0",
            "ifname": "",
            "nexthop": "100.0.22.2",
            "nexthop-vrf": "Vrf136"
        },
        "Vrf152|2.2.2.2/32": {
            "blackhole": "false",
            "distance": "0",
            "ifname": "",
            "nexthop": "100.0.24.1",
            "nexthop-vrf": "Vrf160"
        },
        "Vrf160|3.3.3.3/32": {
            "blackhole": "false",
            "distance": "0",
            "ifname": "",
            "nexthop": "100.0.23.2",
            "nexthop-vrf": "Vrf152"
        },
        "Vrf168|2.2.2.2/32": {
            "blackhole": "false",
            "distance": "0",
            "ifname": "",
            "nexthop": "100.0.25.1",
            "nexthop-vrf": "Vrf176"
        },
        "Vrf16|3.3.3.3/32": {
            "blackhole": "false",
            "distance": "0",
            "ifname": "",
            "nexthop": "100.0.14.2",
            "nexthop-vrf": "Vrf8"
        },
        "Vrf176|3.3.3.3/32": {
            "blackhole": "false",
            "distance": "0",
            "ifname": "",
            "nexthop": "100.0.24.2",
            "nexthop-vrf": "Vrf168"
        },
        "Vrf184|2.2.2.2/32": {
            "blackhole": "false",
            "distance": "0",
            "ifname": "",
            "nexthop": "100.0.26.1",
            "nexthop-vrf": "Vrf192"
        },
        "Vrf192|3.3.3.3/32": {
            "blackhole": "false",
            "distance": "0",
            "ifname": "",
            "nexthop": "100.0.25.2",
            "nexthop-vrf": "Vrf184"
        },
        "Vrf200|2.2.2.2/32": {
            "blackhole": "false",
            "distance": "0",
            "ifname": "",
            "nexthop": "100.0.27.1",
            "nexthop-vrf": "Vrf208"
        },
        "Vrf208|3.3.3.3/32": {
            "blackhole": "false",
            "distance": "0",
            "ifname": "",
            "nexthop": "100.0.26.2",
            "nexthop-vrf": "Vrf200"
        },
        "Vrf216|2.2.2.2/32": {
            "blackhole": "false",
            "distance": "0",
            "ifname": "",
            "nexthop": "100.0.28.1",
            "nexthop-vrf": "Vrf224"
        },
        "Vrf224|3.3.3.3/32": {
            "blackhole": "false",
            "distance": "0",
            "ifname": "",
            "nexthop": "100.0.27.2",
            "nexthop-vrf": "Vrf216"
        },
        "Vrf232|2.2.2.2/32": {
            "blackhole": "false",
            "distance": "0",
            "ifname": "",
            "nexthop": "100.0.80.2",
            "nexthop-vrf": "Vrf240"
        },
        "Vrf240|3.3.3.3/32": {
            "blackhole": "false",
            "distance": "0",
            "ifname": "",
            "nexthop": "100.0.28.2",
            "nexthop-vrf": "Vrf232"
        },
        "Vrf248|2.2.2.2/32": {
            "blackhole": "false",
            "distance": "0",
            "ifname": "",
            "nexthop": "100.0.14.1",
            "nexthop-vrf": "Vrf0"
        },
        "Vrf24|2.2.2.2/32": {
            "blackhole": "false",
            "distance": "0",
            "ifname": "",
            "nexthop": "100.0.16.1",
            "nexthop-vrf": "Vrf32"
        },
        "Vrf32|3.3.3.3/32": {
            "blackhole": "false",
            "distance": "0",
            "ifname": "",
            "nexthop": "100.0.15.2",
            "nexthop-vrf": "Vrf24"
        },
        "Vrf40|2.2.2.2/32": {
            "blackhole": "false",
            "distance": "0",
            "ifname": "",
            "nexthop": "100.0.17.1",
            "nexthop-vrf": "Vrf48"
        },
        "Vrf48|3.3.3.3/32": {
            "blackhole": "false",
            "distance": "0",
            "ifname": "",
            "nexthop": "100.0.16.2",
            "nexthop-vrf": "Vrf40"
        },
        "Vrf56|2.2.2.2/32": {
            "blackhole": "false",
            "distance": "0",
            "ifname": "",
            "nexthop": "100.0.18.1",
            "nexthop-vrf": "Vrf64"
        },
        "Vrf64|3.3.3.3/32": {
            "blackhole": "false",
            "distance": "0",
            "ifname": "",
            "nexthop": "100.0.17.2",
            "nexthop-vrf": "Vrf56"
        },
        "Vrf72|2.2.2.2/32": {
            "blackhole": "false",
            "distance": "0",
            "ifname": "",
            "nexthop": "100.0.19.1",
            "nexthop-vrf": "Vrf80"
        },
        "Vrf80|3.3.3.3/32": {
            "blackhole": "false",
            "distance": "0",
            "ifname": "",
            "nexthop": "100.0.18.2",
            "nexthop-vrf": "Vrf72"
        },
        "Vrf88|2.2.2.2/32": {
            "blackhole": "false",
            "distance": "0",
            "ifname": "",
            "nexthop": "100.0.20.1",
            "nexthop-vrf": "Vrf96"
        },
        "Vrf8|2.2.2.2/32": {
            "blackhole": "false",
            "distance": "0",
            "ifname": "",
            "nexthop": "100.0.15.1",
            "nexthop-vrf": "Vrf16"
        },
        "Vrf96|3.3.3.3/32": {
            "blackhole": "false",
            "distance": "0",
            "ifname": "",
            "nexthop": "100.0.19.2",
            "nexthop-vrf": "Vrf88"
        }
    },
    "SYSLOG_CONFIG": {
        "GLOBAL": {
            "rate_limit_burst": "0",
            "rate_limit_interval": "0"
        }
    },
    "SYSLOG_CONFIG_FEATURE": {
        "acms": {
            "rate_limit_burst": "20000",
            "rate_limit_interval": "300"
        },
        "bgp": {
            "rate_limit_burst": "20000",
            "rate_limit_interval": "300"
        },
        "database": {
            "rate_limit_burst": "20000",
            "rate_limit_interval": "300"
        },
        "dhcp_relay": {
            "rate_limit_burst": "20000",
            "rate_limit_interval": "300"
        },
        "eventd": {
            "rate_limit_burst": "20000",
            "rate_limit_interval": "300"
        },
        "gnmi": {
            "rate_limit_burst": "20000",
            "rate_limit_interval": "300"
        },
        "lldp": {
            "rate_limit_burst": "20000",
            "rate_limit_interval": "300"
        },
        "macsec": {
            "rate_limit_burst": "20000",
            "rate_limit_interval": "300"
        },
        "mux": {
            "rate_limit_burst": "20000",
            "rate_limit_interval": "300"
        },
        "pmon": {
            "rate_limit_burst": "20000",
            "rate_limit_interval": "300"
        },
        "radv": {
            "rate_limit_burst": "20000",
            "rate_limit_interval": "300"
        },
        "restapi": {
            "rate_limit_burst": "20000",
            "rate_limit_interval": "300"
        },
        "snmp": {
            "rate_limit_burst": "20000",
            "rate_limit_interval": "300"
        },
        "swss": {
            "rate_limit_burst": "20000",
            "rate_limit_interval": "300"
        },
        "syncd": {
            "rate_limit_burst": "20000",
            "rate_limit_interval": "300"
        },
        "teamd": {
            "rate_limit_burst": "20000",
            "rate_limit_interval": "300"
        },
        "telemetry": {
            "rate_limit_burst": "20000",
            "rate_limit_interval": "300"
        },
        "vnet-monitor": {
            "rate_limit_burst": "20000",
            "rate_limit_interval": "300"
        }
    },
    "SYSTEM_DEFAULTS": {
        "mux_tunnel_egress_acl": {
            "status": "disabled"
        }
    },
    "VERSIONS": {
        "DATABASE": {
            "VERSION": "version_202305_01"
        }
    },
    "VRF": {
        "Vrf0": {},
        "Vrf104": {},
        "Vrf112": {},
        "Vrf120": {},
        "Vrf128": {},
        "Vrf136": {},
        "Vrf144": {},
        "Vrf152": {},
        "Vrf16": {},
        "Vrf160": {},
        "Vrf168": {},
        "Vrf176": {},
        "Vrf184": {},
        "Vrf192": {},
        "Vrf200": {},
        "Vrf208": {},
        "Vrf216": {},
        "Vrf224": {},
        "Vrf232": {},
        "Vrf24": {},
        "Vrf240": {},
        "Vrf248": {},
        "Vrf32": {},
        "Vrf40": {},
        "Vrf48": {},
        "Vrf56": {},
        "Vrf64": {},
        "Vrf72": {},
        "Vrf8": {},
        "Vrf80": {},
        "Vrf88": {},
        "Vrf96": {}
    },
    "bgpraw": "Building configuration...\n\nCurrent configuration:\n!\nfrr version 8.5.1\nfrr defaults traditional\nhostname sonic\nlog syslog informational\nlog facility local4\nno zebra nexthop kernel enable\nno service integrated-vtysh-config\n!\npassword zebra\nenable password zebra\n!\nvrf Vrf248\n ip route 2.2.2.2/32 100.0.14.1 tag 1 nexthop-vrf Vrf0\nexit-vrf\n!\nvrf Vrf16\n ip route 3.3.3.3/32 100.0.14.2 tag 1 nexthop-vrf Vrf8\nexit-vrf\n!\nvrf Vrf80\n ip route 3.3.3.3/32 100.0.18.2 tag 1 nexthop-vrf Vrf72\nexit-vrf\n!\nvrf Vrf176\n ip route 3.3.3.3/32 100.0.24.2 tag 1 nexthop-vrf Vrf168\nexit-vrf\n!\nvrf Vrf208\n ip route 3.3.3.3/32 100.0.26.2 tag 1 nexthop-vrf Vrf200\nexit-vrf\n!\nvrf Vrf24\n ip route 2.2.2.2/32 100.0.16.1 tag 1 nexthop-vrf Vrf32\nexit-vrf\n!\nvrf Vrf240\n ip route 3.3.3.3/32 100.0.28.2 tag 1 nexthop-vrf Vrf232\nexit-vrf\n!\nvrf Vrf96\n ip route 3.3.3.3/32 100.0.19.2 tag 1 nexthop-vrf Vrf88\nexit-vrf\n!\nvrf Vrf144\n ip route 3.3.3.3/32 100.0.22.2 tag 1 nexthop-vrf Vrf136\nexit-vrf\n!\nvrf Vrf40\n ip route 2.2.2.2/32 100.0.17.1 tag 1 nexthop-vrf Vrf48\nexit-vrf\n!\nvrf Vrf168\n ip route 2.2.2.2/32 100.0.25.1 tag 1 nexthop-vrf Vrf176\nexit-vrf\n!\nvrf Vrf32\n ip route 3.3.3.3/32 100.0.15.2 tag 1 nexthop-vrf Vrf24\nexit-vrf\n!\nvrf Vrf120\n ip route 2.2.2.2/32 100.0.22.1 tag 1 nexthop-vrf Vrf128\nexit-vrf\n!\nvrf Vrf72\n ip route 2.2.2.2/32 100.0.19.1 tag 1 nexthop-vrf Vrf80\nexit-vrf\n!\nvrf Vrf232\n ip route 2.2.2.2/32 100.0.80.2 tag 1 nexthop-vrf Vrf240\nexit-vrf\n!\nvrf Vrf184\n ip route 2.2.2.2/32 100.0.26.1 tag 1 nexthop-vrf Vrf192\nexit-vrf\n!\nvrf Vrf64\n ip route 3.3.3.3/32 100.0.17.2 tag 1 nexthop-vrf Vrf56\nexit-vrf\n!\nvrf Vrf8\n ip route 2.2.2.2/32 100.0.15.1 tag 1 nexthop-vrf Vrf16\nexit-vrf\n!\nvrf Vrf112\n ip route 3.3.3.3/32 100.0.20.2 tag 1 nexthop-vrf Vrf104\nexit-vrf\n!\nvrf Vrf200\n ip route 2.2.2.2/32 100.0.27.1 tag 1 nexthop-vrf Vrf208\nexit-vrf\n!\nvrf Vrf192\n ip route 3.3.3.3/32 100.0.25.2 tag 1 nexthop-vrf Vrf184\nexit-vrf\n!\nvrf Vrf128\n ip route 3.3.3.3/32 100.0.21.2 tag 1 nexthop-vrf Vrf120\nexit-vrf\n!\nvrf Vrf88\n ip route 2.2.2.2/32 100.0.20.1 tag 1 nexthop-vrf Vrf96\nexit-vrf\n!\nvrf Vrf136\n ip route 2.2.2.2/32 100.0.23.1 tag 1 nexthop-vrf Vrf144\nexit-vrf\n!\nvrf Vrf216\n ip route 2.2.2.2/32 100.0.28.1 tag 1 nexthop-vrf Vrf224\nexit-vrf\n!\nvrf Vrf104\n ip route 2.2.2.2/32 100.0.21.1 tag 1 nexthop-vrf Vrf112\nexit-vrf\n!\nvrf Vrf56\n ip route 2.2.2.2/32 100.0.18.1 tag 1 nexthop-vrf Vrf64\nexit-vrf\n!\nvrf Vrf160\n ip route 3.3.3.3/32 100.0.23.2 tag 1 nexthop-vrf Vrf152\nexit-vrf\n!\nvrf Vrf0\n ip route 3.3.3.3/32 100.0.70.2 tag 1 nexthop-vrf Vrf248\nexit-vrf\n!\nvrf Vrf48\n ip route 3.3.3.3/32 100.0.16.2 tag 1 nexthop-vrf Vrf40\nexit-vrf\n!\nvrf Vrf224\n ip route 3.3.3.3/32 100.0.27.2 tag 1 nexthop-vrf Vrf216\nexit-vrf\n!\nvrf Vrf152\n ip route 2.2.2.2/32 100.0.24.1 tag 1 nexthop-vrf Vrf160\nexit-vrf\n!\nip nht resolve-via-default\n!\nipv6 nht resolve-via-default\n!\nend\n"
}
admin@sonic:~$
admin@sonic:~$
admin@sonic:~$
admin@sonic:~$
admin@sonic:~$ cat /etc/sonic/
asic_config_checksum                   dhcp_relay_reconcile                   sonic-environment
Churchill_P2P_32P_config               fast-reboot_order                      sonic_release
config_db.json                         frr/                                   sonic_version.yml
config_db.json-backup                  generated_services.conf                swss_dependent
constants.yml                          init_cfg.json                          updategraph.conf
copp_cfg.json                          macsec_reconcile                       warm-reboot_order
core_analyzer.rc.json                  running_config_32x400G_P2P.base0.json
credentials/                           snmp.yml
admin@sonic:~$ cat /etc/sonic/config_db.json
{
    "ASIC_SENSORS": {
        "ASIC_SENSORS_POLLER_INTERVAL": {
            "interval": "10"
        },
        "ASIC_SENSORS_POLLER_STATUS": {
            "admin_status": "enable"
        }
    },
    "AUTO_TECHSUPPORT": {
        "GLOBAL": {
            "available_mem_threshold": "10.0",
            "max_core_limit": "5.0",
            "max_techsupport_limit": "10.0",
            "min_available_mem": "200",
            "rate_limit_interval": "180",
            "since": "2 days ago",
            "state": "enabled"
        }
    },
    "AUTO_TECHSUPPORT_FEATURE": {
        "acms": {
            "available_mem_threshold": "10.0",
            "rate_limit_interval": "600",
            "state": "enabled"
        },
        "bgp": {
            "available_mem_threshold": "10.0",
            "rate_limit_interval": "600",
            "state": "enabled"
        },
        "database": {
            "available_mem_threshold": "10.0",
            "rate_limit_interval": "600",
            "state": "enabled"
        },
        "dhcp_relay": {
            "available_mem_threshold": "10.0",
            "rate_limit_interval": "600",
            "state": "enabled"
        },
        "eventd": {
            "available_mem_threshold": "10.0",
            "rate_limit_interval": "600",
            "state": "enabled"
        },
        "gnmi": {
            "available_mem_threshold": "10.0",
            "rate_limit_interval": "600",
            "state": "enabled"
        },
        "lldp": {
            "available_mem_threshold": "10.0",
            "rate_limit_interval": "600",
            "state": "enabled"
        },
        "macsec": {
            "available_mem_threshold": "10.0",
            "rate_limit_interval": "600",
            "state": "enabled"
        },
        "mux": {
            "available_mem_threshold": "10.0",
            "rate_limit_interval": "600",
            "state": "enabled"
        },
        "pmon": {
            "available_mem_threshold": "10.0",
            "rate_limit_interval": "600",
            "state": "enabled"
        },
        "radv": {
            "available_mem_threshold": "10.0",
            "rate_limit_interval": "600",
            "state": "enabled"
        },
        "restapi": {
            "available_mem_threshold": "10.0",
            "rate_limit_interval": "600",
            "state": "enabled"
        },
        "snmp": {
            "available_mem_threshold": "10.0",
            "rate_limit_interval": "600",
            "state": "enabled"
        },
        "swss": {
            "available_mem_threshold": "10.0",
            "rate_limit_interval": "600",
            "state": "enabled"
        },
        "syncd": {
            "available_mem_threshold": "10.0",
            "rate_limit_interval": "600",
            "state": "enabled"
        },
        "teamd": {
            "available_mem_threshold": "10.0",
            "rate_limit_interval": "600",
            "state": "enabled"
        },
        "telemetry": {
            "available_mem_threshold": "10.0",
            "rate_limit_interval": "600",
            "state": "enabled"
        },
        "vnet-monitor": {
            "available_mem_threshold": "10.0",
            "rate_limit_interval": "600",
            "state": "enabled"
        }
    },
    "BGP_DEVICE_GLOBAL": {
        "STATE": {
            "tsa_enabled": "false"
        }
    },
    "CRM": {
        "Config": {
            "acl_counter_high_threshold": "85",
            "acl_counter_low_threshold": "70",
            "acl_counter_threshold_type": "percentage",
            "acl_entry_high_threshold": "85",
            "acl_entry_low_threshold": "70",
            "acl_entry_threshold_type": "percentage",
            "acl_group_high_threshold": "85",
            "acl_group_low_threshold": "70",
            "acl_group_threshold_type": "percentage",
            "acl_table_high_threshold": "85",
            "acl_table_low_threshold": "70",
            "acl_table_threshold_type": "percentage",
            "dnat_entry_high_threshold": "85",
            "dnat_entry_low_threshold": "70",
            "dnat_entry_threshold_type": "percentage",
            "fdb_entry_high_threshold": "85",
            "fdb_entry_low_threshold": "70",
            "fdb_entry_threshold_type": "percentage",
            "ipmc_entry_high_threshold": "85",
            "ipmc_entry_low_threshold": "70",
            "ipmc_entry_threshold_type": "percentage",
            "ipv4_neighbor_high_threshold": "85",
            "ipv4_neighbor_low_threshold": "70",
            "ipv4_neighbor_threshold_type": "percentage",
            "ipv4_nexthop_high_threshold": "85",
            "ipv4_nexthop_low_threshold": "70",
            "ipv4_nexthop_threshold_type": "percentage",
            "ipv4_route_high_threshold": "85",
            "ipv4_route_low_threshold": "70",
            "ipv4_route_threshold_type": "percentage",
            "ipv6_neighbor_high_threshold": "85",
            "ipv6_neighbor_low_threshold": "70",
            "ipv6_neighbor_threshold_type": "percentage",
            "ipv6_nexthop_high_threshold": "85",
            "ipv6_nexthop_low_threshold": "70",
            "ipv6_nexthop_threshold_type": "percentage",
            "ipv6_route_high_threshold": "85",
            "ipv6_route_low_threshold": "70",
            "ipv6_route_threshold_type": "percentage",
            "mpls_inseg_high_threshold": "85",
            "mpls_inseg_low_threshold": "70",
            "mpls_inseg_threshold_type": "percentage",
            "mpls_nexthop_high_threshold": "85",
            "mpls_nexthop_low_threshold": "70",
            "mpls_nexthop_threshold_type": "percentage",
            "nexthop_group_high_threshold": "85",
            "nexthop_group_low_threshold": "70",
            "nexthop_group_member_high_threshold": "85",
            "nexthop_group_member_low_threshold": "70",
            "nexthop_group_member_threshold_type": "percentage",
            "nexthop_group_threshold_type": "percentage",
            "polling_interval": "300",
            "snat_entry_high_threshold": "85",
            "snat_entry_low_threshold": "70",
            "snat_entry_threshold_type": "percentage"
        }
    },
    "DEVICE_METADATA": {
        "localhost": {
            "buffer_model": "traditional",
            "default_bgp_status": "down",
            "default_pfcwd_status": "enable",
            "hwsku": "32x400Gb",
            "mac": "DC:05:39:CA:28:00",
            "platform": "x86_64-8101_32fh_o-r0",
            "timezone": "UTC"
        }
    },
    "FEATURE": {
        "acms": {
            "auto_restart": "enabled",
            "delayed": "False",
            "has_global_scope": "True",
            "has_per_asic_scope": "False",
            "high_mem_alert": "disabled",
            "state": "enabled",
            "support_syslog_rate_limit": "true"
        },
        "bgp": {
            "auto_restart": "enabled",
            "check_up_status": "false",
            "delayed": "False",
            "has_global_scope": "False",
            "has_per_asic_scope": "True",
            "high_mem_alert": "disabled",
            "state": "enabled",
            "support_syslog_rate_limit": "true"
        },
        "database": {
            "auto_restart": "always_enabled",
            "delayed": "False",
            "has_global_scope": "True",
            "has_per_asic_scope": "True",
            "high_mem_alert": "disabled",
            "state": "always_enabled",
            "support_syslog_rate_limit": "true"
        },
        "dhcp_relay": {
            "auto_restart": "enabled",
            "check_up_status": "False",
            "delayed": "False",
            "has_global_scope": "True",
            "has_per_asic_scope": "False",
            "high_mem_alert": "disabled",
            "set_owner": "local",
            "state": "enabled",
            "support_syslog_rate_limit": "True"
        },
        "eventd": {
            "auto_restart": "enabled",
            "delayed": "False",
            "has_global_scope": "True",
            "has_per_asic_scope": "False",
            "high_mem_alert": "disabled",
            "state": "enabled",
            "support_syslog_rate_limit": "true"
        },
        "gnmi": {
            "auto_restart": "enabled",
            "delayed": "True",
            "has_global_scope": "True",
            "has_per_asic_scope": "False",
            "high_mem_alert": "disabled",
            "state": "enabled",
            "support_syslog_rate_limit": "true"
        },
        "lldp": {
            "auto_restart": "enabled",
            "delayed": "True",
            "has_global_scope": "True",
            "has_per_asic_scope": "True",
            "high_mem_alert": "disabled",
            "state": "enabled",
            "support_syslog_rate_limit": "true"
        },
        "macsec": {
            "auto_restart": "enabled",
            "check_up_status": "False",
            "delayed": "False",
            "has_global_scope": "False",
            "has_per_asic_scope": "True",
            "high_mem_alert": "disabled",
            "set_owner": "local",
            "state": "disabled",
            "support_syslog_rate_limit": "True"
        },
        "mux": {
            "auto_restart": "enabled",
            "delayed": "False",
            "has_global_scope": "True",
            "has_per_asic_scope": "False",
            "high_mem_alert": "disabled",
            "state": "always_disabled",
            "support_syslog_rate_limit": "true"
        },
        "pmon": {
            "auto_restart": "enabled",
            "check_up_status": "false",
            "delayed": "True",
            "has_global_scope": "True",
            "has_per_asic_scope": "False",
            "high_mem_alert": "disabled",
            "state": "enabled",
            "support_syslog_rate_limit": "true"
        },
        "radv": {
            "auto_restart": "enabled",
            "delayed": "False",
            "has_global_scope": "True",
            "has_per_asic_scope": "False",
            "high_mem_alert": "disabled",
            "state": "enabled",
            "support_syslog_rate_limit": "true"
        },
        "restapi": {
            "auto_restart": "enabled",
            "delayed": "False",
            "has_global_scope": "True",
            "has_per_asic_scope": "False",
            "high_mem_alert": "disabled",
            "state": "enabled",
            "support_syslog_rate_limit": "true"
        },
        "snmp": {
            "auto_restart": "enabled",
            "delayed": "True",
            "has_global_scope": "True",
            "has_per_asic_scope": "False",
            "high_mem_alert": "disabled",
            "state": "enabled",
            "support_syslog_rate_limit": "true"
        },
        "swss": {
            "auto_restart": "enabled",
            "check_up_status": "false",
            "delayed": "False",
            "has_global_scope": "False",
            "has_per_asic_scope": "True",
            "high_mem_alert": "disabled",
            "state": "enabled",
            "support_syslog_rate_limit": "true"
        },
        "syncd": {
            "auto_restart": "enabled",
            "delayed": "False",
            "has_global_scope": "False",
            "has_per_asic_scope": "True",
            "high_mem_alert": "disabled",
            "state": "enabled",
            "support_syslog_rate_limit": "true"
        },
        "teamd": {
            "auto_restart": "enabled",
            "delayed": "False",
            "has_global_scope": "False",
            "has_per_asic_scope": "True",
            "high_mem_alert": "disabled",
            "state": "enabled",
            "support_syslog_rate_limit": "true"
        },
        "telemetry": {
            "auto_restart": "enabled",
            "delayed": "True",
            "has_global_scope": "True",
            "has_per_asic_scope": "False",
            "high_mem_alert": "disabled",
            "state": "enabled",
            "support_syslog_rate_limit": "true"
        },
        "vnet-monitor": {
            "auto_restart": "enabled",
            "delayed": "False",
            "has_global_scope": "True",
            "has_per_asic_scope": "False",
            "high_mem_alert": "disabled",
            "state": "always_disabled",
            "support_syslog_rate_limit": "true"
        }
    },
    "FLEX_COUNTER_TABLE": {
        "ACL": {
            "FLEX_COUNTER_DELAY_STATUS": "false",
            "FLEX_COUNTER_STATUS": "disable",
            "POLL_INTERVAL": "10000"
        },
        "BUFFER_POOL_WATERMARK": {
            "FLEX_COUNTER_DELAY_STATUS": "false",
            "FLEX_COUNTER_STATUS": "enable"
        },
        "PFCWD": {
            "FLEX_COUNTER_DELAY_STATUS": "false",
            "FLEX_COUNTER_STATUS": "enable"
        },
        "PG_DROP": {
            "FLEX_COUNTER_DELAY_STATUS": "false",
            "FLEX_COUNTER_STATUS": "enable"
        },
        "PG_WATERMARK": {
            "FLEX_COUNTER_DELAY_STATUS": "false",
            "FLEX_COUNTER_STATUS": "enable"
        },
        "PORT": {
            "FLEX_COUNTER_DELAY_STATUS": "false",
            "FLEX_COUNTER_STATUS": "enable"
        },
        "PORT_BUFFER_DROP": {
            "FLEX_COUNTER_DELAY_STATUS": "false",
            "FLEX_COUNTER_STATUS": "enable"
        },
        "QUEUE": {
            "FLEX_COUNTER_DELAY_STATUS": "false",
            "FLEX_COUNTER_STATUS": "enable"
        },
        "QUEUE_WATERMARK": {
            "FLEX_COUNTER_DELAY_STATUS": "false",
            "FLEX_COUNTER_STATUS": "enable"
        },
        "RIF": {
            "FLEX_COUNTER_DELAY_STATUS": "false",
            "FLEX_COUNTER_STATUS": "enable"
        }
    },
    "INTERFACE": {
        "Ethernet0": {
            "mac_addr": "e8:eb:34:e7:d4:00",
            "vrf_name": "Vrf0"
        },
        "Ethernet0|100.0.14.2/24": {},
        "Ethernet8": {
            "vrf_name": "Vrf0"
        },
        "Ethernet16": {
            "mac_addr": "e8:eb:34:e7:d3:fe",
            "vrf_name": "Vrf16"
        },
        "Ethernet16|100.0.15.2/24": {},
        "Ethernet20": {
            "mac_addr": "e8:eb:34:e7:d3:eb"
        },
        "Ethernet21": {
            "mac_addr": "e8:eb:34:e7:d3:ea"
        },
        "Ethernet22": {
            "mac_addr": "e8:eb:34:e7:d3:e9"
        },
        "Ethernet23": {
            "mac_addr": "e8:eb:34:e7:d3:e8"
        },
        "Ethernet24": {
            "mac_addr": "e8:eb:34:e7:d3:fd",
            "vrf_name": "Vrf24"
        },
        "Ethernet24|100.0.15.1/24": {},
        "Ethernet25": {
            "mac_addr": "e8:eb:34:e7:d3:e6"
        },
        "Ethernet26": {
            "mac_addr": "e8:eb:34:e7:d3:e5"
        },
        "Ethernet27": {
            "mac_addr": "e8:eb:34:e7:d3:e4"
        },
        "Ethernet28": {
            "mac_addr": "e8:eb:34:e7:d3:e3"
        },
        "Ethernet29": {
            "mac_addr": "e8:eb:34:e7:d3:e2"
        },
        "Ethernet30": {
            "mac_addr": "e8:eb:34:e7:d3:e1"
        },
        "Ethernet31": {
            "mac_addr": "e8:eb:34:e7:d3:ec"
        },
        "Ethernet32": {
            "mac_addr": "e8:eb:34:e7:d3:fc",
            "vrf_name": "Vrf32"
        },
        "Ethernet32|100.0.16.2/24": {},
        "Ethernet40": {
            "mac_addr": "e8:eb:34:e7:d3:fb",
            "vrf_name": "Vrf40"
        },
        "Ethernet40|100.0.16.1/24": {},
        "Ethernet48": {
            "mac_addr": "e8:eb:34:e7:d3:fa",
            "vrf_name": "Vrf48"
        },
        "Ethernet48|100.0.17.2/24": {},
        "Ethernet56": {
            "mac_addr": "e8:eb:34:e7:d3:f9",
            "vrf_name": "Vrf56"
        },
        "Ethernet56|100.0.17.1/24": {},
        "Ethernet64": {
            "mac_addr": "e8:eb:34:e7:d3:f8",
            "vrf_name": "Vrf64"
        },
        "Ethernet64|100.0.18.2/24": {},
        "Ethernet72": {
            "mac_addr": "e8:eb:34:e7:d3:f7",
            "vrf_name": "Vrf72"
        },
        "Ethernet72|100.0.18.1/24": {},
        "Ethernet80": {
            "mac_addr": "e8:eb:34:e7:d3:f6",
            "vrf_name": "Vrf80"
        },
        "Ethernet80|100.0.19.2/24": {},
        "Ethernet88": {
            "mac_addr": "e8:eb:34:e7:d3:f5",
            "vrf_name": "Vrf88"
        },
        "Ethernet88|100.0.19.1/24": {},
        "Ethernet96": {
            "mac_addr": "e8:eb:34:e7:d3:f4",
            "vrf_name": "Vrf96"
        },
        "Ethernet96|100.0.20.2/24": {},
        "Ethernet104": {
            "mac_addr": "e8:eb:34:e7:d3:f3",
            "vrf_name": "Vrf104"
        },
        "Ethernet104|100.0.20.1/24": {},
        "Ethernet112": {
            "mac_addr": "e8:eb:34:e7:d3:f2",
            "vrf_name": "Vrf112"
        },
        "Ethernet112|100.0.21.2/24": {},
        "Ethernet120": {
            "mac_addr": "e8:eb:34:e7:d3:f1",
            "vrf_name": "Vrf120"
        },
        "Ethernet120|100.0.21.1/24": {},
        "Ethernet128": {
            "mac_addr": "e8:eb:34:e7:d3:f0",
            "vrf_name": "Vrf128"
        },
        "Ethernet128|100.0.22.2/24": {},
        "Ethernet136": {
            "mac_addr": "e8:eb:34:e7:d3:ef",
            "vrf_name": "Vrf136"
        },
        "Ethernet136|100.0.22.1/24": {},
        "Ethernet144": {
            "mac_addr": "e8:eb:34:e7:d3:ee",
            "vrf_name": "Vrf144"
        },
        "Ethernet144|100.0.23.2/24": {},
        "Ethernet152": {
            "mac_addr": "e8:eb:34:e7:d3:ed",
            "vrf_name": "Vrf152"
        },
        "Ethernet152|100.0.23.1/24": {},
        "Ethernet160": {
            "mac_addr": "e8:eb:34:e7:d3:eb",
            "vrf_name": "Vrf160"
        },
        "Ethernet160|100.0.24.2/24": {},
        "Ethernet168": {
            "mac_addr": "e8:eb:34:e7:d3:ea",
            "vrf_name": "Vrf168"
        },
        "Ethernet168|100.0.24.1/24": {},
        "Ethernet176": {
            "mac_addr": "e8:eb:34:e7:d3:e9",
            "vrf_name": "Vrf176"
        },
        "Ethernet176|100.0.25.2/24": {},
        "Ethernet184": {
            "mac_addr": "e8:eb:34:e7:d3:e8",
            "vrf_name": "Vrf184"
        },
        "Ethernet184|100.0.25.1/24": {},
        "Ethernet192": {
            "mac_addr": "e8:eb:34:e7:d3:e7",
            "vrf_name": "Vrf192"
        },
        "Ethernet192|100.0.26.2/24": {},
        "Ethernet200": {
            "mac_addr": "e8:eb:34:e7:d3:e6",
            "vrf_name": "Vrf200"
        },
        "Ethernet200|100.0.26.1/24": {},
        "Ethernet208": {
            "mac_addr": "e8:eb:34:e7:d3:e5",
            "vrf_name": "Vrf208"
        },
        "Ethernet208|100.0.27.2/24": {},
        "Ethernet216": {
            "mac_addr": "e8:eb:34:e7:d3:e4",
            "vrf_name": "Vrf216"
        },
        "Ethernet216|100.0.27.1/24": {},
        "Ethernet224": {
            "mac_addr": "e8:eb:34:e7:d3:e3",
            "vrf_name": "Vrf224"
        },
        "Ethernet224|100.0.28.2/24": {},
        "Ethernet232": {
            "mac_addr": "e8:eb:34:e7:d3:e2",
            "vrf_name": "Vrf232"
        },
        "Ethernet232|100.0.28.1/24": {},
        "Ethernet240": {
            "mac_addr": "e8:eb:34:e7:d3:e1",
            "vrf_name": "Vrf240"
        },
        "Ethernet240|100.0.80.1/24": {},
        "Ethernet248": {
            "mac_addr": "e8:eb:34:e7:d3:ec",
            "vrf_name": "Vrf248"
        },
        "Ethernet248|100.0.70.1/24": {}
    },
    "KDUMP": {
        "config": {
            "enabled": "true",
            "memory": "0M-2G:256M,2G-4G:320M,4G-8G:384M,8G-:448M",
            "num_dumps": "3"
        }
    },
    "LOGGER": {
        "SAI_API_ACL": {
            "LOGLEVEL": "SAI_LOG_LEVEL_NOTICE",
            "LOGOUTPUT": "SYSLOG"
        },
        "SAI_API_ARS": {
            "LOGLEVEL": "SAI_LOG_LEVEL_NOTICE",
            "LOGOUTPUT": "SYSLOG"
        },
        "SAI_API_ARS_PROFILE": {
            "LOGLEVEL": "SAI_LOG_LEVEL_NOTICE",
            "LOGOUTPUT": "SYSLOG"
        },
        "SAI_API_BFD": {
            "LOGLEVEL": "SAI_LOG_LEVEL_NOTICE",
            "LOGOUTPUT": "SYSLOG"
        },
        "SAI_API_BMTOR": {
            "LOGLEVEL": "SAI_LOG_LEVEL_NOTICE",
            "LOGOUTPUT": "SYSLOG"
        },
        "SAI_API_BRIDGE": {
            "LOGLEVEL": "SAI_LOG_LEVEL_NOTICE",
            "LOGOUTPUT": "SYSLOG"
        },
        "SAI_API_BUFFER": {
            "LOGLEVEL": "SAI_LOG_LEVEL_NOTICE",
            "LOGOUTPUT": "SYSLOG"
        },
        "SAI_API_COUNTER": {
            "LOGLEVEL": "SAI_LOG_LEVEL_NOTICE",
            "LOGOUTPUT": "SYSLOG"
        },
        "SAI_API_DASH_ACL": {
            "LOGLEVEL": "SAI_LOG_LEVEL_NOTICE",
            "LOGOUTPUT": "SYSLOG"
        },
        "SAI_API_DASH_DIRECTION_LOOKUP": {
            "LOGLEVEL": "SAI_LOG_LEVEL_NOTICE",
            "LOGOUTPUT": "SYSLOG"
        },
        "SAI_API_DASH_ENI": {
            "LOGLEVEL": "SAI_LOG_LEVEL_NOTICE",
            "LOGOUTPUT": "SYSLOG"
        },
        "SAI_API_DASH_INBOUND_ROUTING": {
            "LOGLEVEL": "SAI_LOG_LEVEL_NOTICE",
            "LOGOUTPUT": "SYSLOG"
        },
        "SAI_API_DASH_OUTBOUND_CA_TO_PA": {
            "LOGLEVEL": "SAI_LOG_LEVEL_NOTICE",
            "LOGOUTPUT": "SYSLOG"
        },
        "SAI_API_DASH_OUTBOUND_ROUTING": {
            "LOGLEVEL": "SAI_LOG_LEVEL_NOTICE",
            "LOGOUTPUT": "SYSLOG"
        },
        "SAI_API_DASH_PA_VALIDATION": {
            "LOGLEVEL": "SAI_LOG_LEVEL_NOTICE",
            "LOGOUTPUT": "SYSLOG"
        },
        "SAI_API_DASH_VIP": {
            "LOGLEVEL": "SAI_LOG_LEVEL_NOTICE",
            "LOGOUTPUT": "SYSLOG"
        },
        "SAI_API_DASH_VNET": {
            "LOGLEVEL": "SAI_LOG_LEVEL_NOTICE",
            "LOGOUTPUT": "SYSLOG"
        },
        "SAI_API_DEBUG_COUNTER": {
            "LOGLEVEL": "SAI_LOG_LEVEL_NOTICE",
            "LOGOUTPUT": "SYSLOG"
        },
        "SAI_API_DTEL": {
            "LOGLEVEL": "SAI_LOG_LEVEL_NOTICE",
            "LOGOUTPUT": "SYSLOG"
        },
        "SAI_API_FDB": {
            "LOGLEVEL": "SAI_LOG_LEVEL_NOTICE",
            "LOGOUTPUT": "SYSLOG"
        },
        "SAI_API_GENERIC_PROGRAMMABLE": {
            "LOGLEVEL": "SAI_LOG_LEVEL_NOTICE",
            "LOGOUTPUT": "SYSLOG"
        },
        "SAI_API_HASH": {
            "LOGLEVEL": "SAI_LOG_LEVEL_NOTICE",
            "LOGOUTPUT": "SYSLOG"
        },
        "SAI_API_HOSTIF": {
            "LOGLEVEL": "SAI_LOG_LEVEL_NOTICE",
            "LOGOUTPUT": "SYSLOG"
        },
        "SAI_API_IPMC": {
            "LOGLEVEL": "SAI_LOG_LEVEL_NOTICE",
            "LOGOUTPUT": "SYSLOG"
        },
        "SAI_API_IPMC_GROUP": {
            "LOGLEVEL": "SAI_LOG_LEVEL_NOTICE",
            "LOGOUTPUT": "SYSLOG"
        },
        "SAI_API_IPSEC": {
            "LOGLEVEL": "SAI_LOG_LEVEL_NOTICE",
            "LOGOUTPUT": "SYSLOG"
        },
        "SAI_API_ISOLATION_GROUP": {
            "LOGLEVEL": "SAI_LOG_LEVEL_NOTICE",
            "LOGOUTPUT": "SYSLOG"
        },
        "SAI_API_L2MC": {
            "LOGLEVEL": "SAI_LOG_LEVEL_NOTICE",
            "LOGOUTPUT": "SYSLOG"
        },
        "SAI_API_L2MC_GROUP": {
            "LOGLEVEL": "SAI_LOG_LEVEL_NOTICE",
            "LOGOUTPUT": "SYSLOG"
        },
        "SAI_API_LAG": {
            "LOGLEVEL": "SAI_LOG_LEVEL_NOTICE",
            "LOGOUTPUT": "SYSLOG"
        },
        "SAI_API_MACSEC": {
            "LOGLEVEL": "SAI_LOG_LEVEL_NOTICE",
            "LOGOUTPUT": "SYSLOG"
        },
        "SAI_API_MCAST_FDB": {
            "LOGLEVEL": "SAI_LOG_LEVEL_NOTICE",
            "LOGOUTPUT": "SYSLOG"
        },
        "SAI_API_MIRROR": {
            "LOGLEVEL": "SAI_LOG_LEVEL_NOTICE",
            "LOGOUTPUT": "SYSLOG"
        },
        "SAI_API_MPLS": {
            "LOGLEVEL": "SAI_LOG_LEVEL_NOTICE",
            "LOGOUTPUT": "SYSLOG"
        },
        "SAI_API_MY_MAC": {
            "LOGLEVEL": "SAI_LOG_LEVEL_NOTICE",
            "LOGOUTPUT": "SYSLOG"
        },
        "SAI_API_NAT": {
            "LOGLEVEL": "SAI_LOG_LEVEL_NOTICE",
            "LOGOUTPUT": "SYSLOG"
        },
        "SAI_API_NEIGHBOR": {
            "LOGLEVEL": "SAI_LOG_LEVEL_NOTICE",
            "LOGOUTPUT": "SYSLOG"
        },
        "SAI_API_NEXT_HOP": {
            "LOGLEVEL": "SAI_LOG_LEVEL_NOTICE",
            "LOGOUTPUT": "SYSLOG"
        },
        "SAI_API_NEXT_HOP_GROUP": {
            "LOGLEVEL": "SAI_LOG_LEVEL_NOTICE",
            "LOGOUTPUT": "SYSLOG"
        },
        "SAI_API_POLICER": {
            "LOGLEVEL": "SAI_LOG_LEVEL_NOTICE",
            "LOGOUTPUT": "SYSLOG"
        },
        "SAI_API_PORT": {
            "LOGLEVEL": "SAI_LOG_LEVEL_NOTICE",
            "LOGOUTPUT": "SYSLOG"
        },
        "SAI_API_QOS_MAP": {
            "LOGLEVEL": "SAI_LOG_LEVEL_NOTICE",
            "LOGOUTPUT": "SYSLOG"
        },
        "SAI_API_QUEUE": {
            "LOGLEVEL": "SAI_LOG_LEVEL_NOTICE",
            "LOGOUTPUT": "SYSLOG"
        },
        "SAI_API_ROUTE": {
            "LOGLEVEL": "SAI_LOG_LEVEL_NOTICE",
            "LOGOUTPUT": "SYSLOG"
        },
        "SAI_API_ROUTER_INTERFACE": {
            "LOGLEVEL": "SAI_LOG_LEVEL_NOTICE",
            "LOGOUTPUT": "SYSLOG"
        },
        "SAI_API_RPF_GROUP": {
            "LOGLEVEL": "SAI_LOG_LEVEL_NOTICE",
            "LOGOUTPUT": "SYSLOG"
        },
        "SAI_API_SAMPLEPACKET": {
            "LOGLEVEL": "SAI_LOG_LEVEL_NOTICE",
            "LOGOUTPUT": "SYSLOG"
        },
        "SAI_API_SCHEDULER": {
            "LOGLEVEL": "SAI_LOG_LEVEL_NOTICE",
            "LOGOUTPUT": "SYSLOG"
        },
        "SAI_API_SCHEDULER_GROUP": {
            "LOGLEVEL": "SAI_LOG_LEVEL_NOTICE",
            "LOGOUTPUT": "SYSLOG"
        },
        "SAI_API_SRV6": {
            "LOGLEVEL": "SAI_LOG_LEVEL_NOTICE",
            "LOGOUTPUT": "SYSLOG"
        },
        "SAI_API_STP": {
            "LOGLEVEL": "SAI_LOG_LEVEL_NOTICE",
            "LOGOUTPUT": "SYSLOG"
        },
        "SAI_API_SWITCH": {
            "LOGLEVEL": "SAI_LOG_LEVEL_NOTICE",
            "LOGOUTPUT": "SYSLOG"
        },
        "SAI_API_SYSTEM_PORT": {
            "LOGLEVEL": "SAI_LOG_LEVEL_NOTICE",
            "LOGOUTPUT": "SYSLOG"
        },
        "SAI_API_TAM": {
            "LOGLEVEL": "SAI_LOG_LEVEL_NOTICE",
            "LOGOUTPUT": "SYSLOG"
        },
        "SAI_API_TUNNEL": {
            "LOGLEVEL": "SAI_LOG_LEVEL_NOTICE",
            "LOGOUTPUT": "SYSLOG"
        },
        "SAI_API_UDF": {
            "LOGLEVEL": "SAI_LOG_LEVEL_NOTICE",
            "LOGOUTPUT": "SYSLOG"
        },
        "SAI_API_VIRTUAL_ROUTER": {
            "LOGLEVEL": "SAI_LOG_LEVEL_NOTICE",
            "LOGOUTPUT": "SYSLOG"
        },
        "SAI_API_VLAN": {
            "LOGLEVEL": "SAI_LOG_LEVEL_NOTICE",
            "LOGOUTPUT": "SYSLOG"
        },
        "SAI_API_WRED": {
            "LOGLEVEL": "SAI_LOG_LEVEL_NOTICE",
            "LOGOUTPUT": "SYSLOG"
        },
        "buffermgrd": {
            "LOGLEVEL": "NOTICE",
            "LOGOUTPUT": "SYSLOG"
        },
        "coppmgrd": {
            "LOGLEVEL": "NOTICE",
            "LOGOUTPUT": "SYSLOG"
        },
        "fdbsyncd": {
            "LOGLEVEL": "NOTICE",
            "LOGOUTPUT": "SYSLOG"
        },
        "fpmsyncd": {
            "LOGLEVEL": "NOTICE",
            "LOGOUTPUT": "SYSLOG"
        },
        "gearsyncd": {
            "LOGLEVEL": "NOTICE",
            "LOGOUTPUT": "SYSLOG"
        },
        "intfmgrd": {
            "LOGLEVEL": "NOTICE",
            "LOGOUTPUT": "SYSLOG"
        },
        "nbrmgrd": {
            "LOGLEVEL": "NOTICE",
            "LOGOUTPUT": "SYSLOG"
        },
        "neighsyncd": {
            "LOGLEVEL": "NOTICE",
            "LOGOUTPUT": "SYSLOG"
        },
        "orchagent": {
            "LOGLEVEL": "NOTICE",
            "LOGOUTPUT": "SYSLOG"
        },
        "portmgrd": {
            "LOGLEVEL": "NOTICE",
            "LOGOUTPUT": "SYSLOG"
        },
        "portsyncd": {
            "LOGLEVEL": "NOTICE",
            "LOGOUTPUT": "SYSLOG"
        },
        "syncd": {
            "LOGLEVEL": "NOTICE",
            "LOGOUTPUT": "SYSLOG"
        },
        "teammgrd": {
            "LOGLEVEL": "NOTICE",
            "LOGOUTPUT": "SYSLOG"
        },
        "teamsyncd": {
            "LOGLEVEL": "NOTICE",
            "LOGOUTPUT": "SYSLOG"
        },
        "tlm_teamd": {
            "LOGLEVEL": "NOTICE",
            "LOGOUTPUT": "SYSLOG"
        },
        "tunnelmgrd": {
            "LOGLEVEL": "NOTICE",
            "LOGOUTPUT": "SYSLOG"
        },
        "vlanmgrd": {
            "LOGLEVEL": "NOTICE",
            "LOGOUTPUT": "SYSLOG"
        },
        "vrfmgrd": {
            "LOGLEVEL": "NOTICE",
            "LOGOUTPUT": "SYSLOG"
        },
        "vxlanmgrd": {
            "LOGLEVEL": "NOTICE",
            "LOGOUTPUT": "SYSLOG"
        }
    },
    "MGMT_INTERFACE": {
        "eth0|109.105.92.102/19": {}
    },
    "PASSW_HARDENING": {
        "POLICIES": {
            "digits_class": "true",
            "expiration": "180",
            "expiration_warning": "15",
            "history_cnt": "10",
            "len_min": "8",
            "lower_class": "true",
            "reject_user_passw_match": "true",
            "special_class": "true",
            "state": "disabled",
            "upper_class": "true"
        }
    },
    "PORT": {
        "Ethernet0": {
            "admin_status": "up",
            "alias": "etp0",
            "index": "0",
            "lanes": "2304,2305,2306,2307,2308,2309,2310,2311",
            "mtu": "9100",
            "speed": "400000",
            "subport": "0"
        },
        "Ethernet8": {
            "admin_status": "up",
            "alias": "etp1",
            "index": "1",
            "lanes": "2320,2321,2322,2323,2324,2325,2326,2327",
            "mtu": "9100",
            "speed": "400000",
            "subport": "0"
        },
        "Ethernet16": {
            "admin_status": "up",
            "alias": "etp2",
            "index": "2",
            "lanes": "2312,2313,2314,2315,2316,2317,2318,2319",
            "mtu": "9100",
            "speed": "400000",
            "subport": "0"
        },
        "Ethernet24": {
            "admin_status": "up",
            "alias": "etp3",
            "index": "3",
            "lanes": "2056,2057,2058,2059,2060,2061,2062,2063",
            "mtu": "9100",
            "speed": "400000",
            "subport": "0"
        },
        "Ethernet32": {
            "admin_status": "up",
            "alias": "etp4",
            "index": "4",
            "lanes": "1792,1793,1794,1795,1796,1797,1798,1799",
            "mtu": "9100",
            "speed": "400000",
            "subport": "0"
        },
        "Ethernet40": {
            "admin_status": "up",
            "alias": "etp5",
            "index": "5",
            "lanes": "2048,2049,2050,2051,2052,2053,2054,2055",
            "mtu": "9100",
            "speed": "400000",
            "subport": "0"
        },
        "Ethernet48": {
            "admin_status": "up",
            "alias": "etp6",
            "index": "6",
            "lanes": "2560,2561,2562,2563,2564,2565,2566,2567",
            "mtu": "9100",
            "speed": "400000",
            "subport": "0"
        },
        "Ethernet56": {
            "admin_status": "up",
            "alias": "etp7",
            "index": "7",
            "lanes": "2824,2825,2826,2827,2828,2829,2830,2831",
            "mtu": "9100",
            "speed": "400000",
            "subport": "0"
        },
        "Ethernet64": {
            "admin_status": "up",
            "alias": "etp8",
            "index": "8",
            "lanes": "2832,2833,2834,2835,2836,2837,2838,2839",
            "mtu": "9100",
            "speed": "400000",
            "subport": "0"
        },
        "Ethernet72": {
            "admin_status": "up",
            "alias": "etp9",
            "index": "9",
            "lanes": "2816,2817,2818,2819,2820,2821,2822,2823",
            "mtu": "9100",
            "speed": "400000",
            "subport": "0"
        },
        "Ethernet80": {
            "admin_status": "up",
            "alias": "etp10",
            "index": "10",
            "lanes": "2568,2569,2570,2571,2572,2573,2574,2575",
            "mtu": "9100",
            "speed": "400000",
            "subport": "0"
        },
        "Ethernet88": {
            "admin_status": "up",
            "alias": "etp11",
            "index": "11",
            "lanes": "2576,2577,2578,2579,2580,2581,2582,2583",
            "mtu": "9100",
            "speed": "400000",
            "subport": "0"
        },
        "Ethernet96": {
            "admin_status": "up",
            "alias": "etp12",
            "index": "12",
            "lanes": "1536,1537,1538,1539,1540,1541,1542,1543",
            "mtu": "9100",
            "speed": "400000",
            "subport": "0"
        },
        "Ethernet104": {
            "admin_status": "up",
            "alias": "etp13",
            "index": "13",
            "lanes": "1800,1801,1802,1803,1804,1805,1806,1807",
            "mtu": "9100",
            "speed": "400000",
            "subport": "0"
        },
        "Ethernet112": {
            "admin_status": "up",
            "alias": "etp14",
            "index": "14",
            "lanes": "1552,1553,1554,1555,1556,1557,1558,1559",
            "mtu": "9100",
            "speed": "400000",
            "subport": "0"
        },
        "Ethernet120": {
            "admin_status": "up",
            "alias": "etp15",
            "index": "15",
            "lanes": "1544,1545,1546,1547,1548,1549,1550,1551",
            "mtu": "9100",
            "speed": "400000",
            "subport": "0"
        },
        "Ethernet128": {
            "admin_status": "up",
            "alias": "etp16",
            "index": "16",
            "lanes": "1296,1297,1298,1299,1300,1301,1302,1303",
            "mtu": "9100",
            "speed": "400000",
            "subport": "0"
        },
        "Ethernet136": {
            "admin_status": "up",
            "alias": "etp17",
            "index": "17",
            "lanes": "1288,1289,1290,1291,1292,1293,1294,1295",
            "mtu": "9100",
            "speed": "400000",
            "subport": "0"
        },
        "Ethernet144": {
            "admin_status": "up",
            "alias": "etp18",
            "index": "18",
            "lanes": "1280,1281,1282,1283,1284,1285,1286,1287",
            "mtu": "9100",
            "speed": "400000",
            "subport": "0"
        },
        "Ethernet152": {
            "admin_status": "up",
            "alias": "etp19",
            "index": "19",
            "lanes": "1032,1033,1034,1035,1036,1037,1038,1039",
            "mtu": "9100",
            "speed": "400000",
            "subport": "0"
        },
        "Ethernet160": {
            "admin_status": "up",
            "alias": "etp20",
            "index": "20",
            "lanes": "264,265,266,267,268,269,270,271",
            "mtu": "9100",
            "speed": "400000",
            "subport": "0"
        },
        "Ethernet168": {
            "admin_status": "up",
            "alias": "etp21",
            "index": "21",
            "lanes": "272,273,274,275,276,277,278,279",
            "mtu": "9100",
            "speed": "400000",
            "subport": "0"
        },
        "Ethernet176": {
            "admin_status": "up",
            "alias": "etp22",
            "index": "22",
            "lanes": "16,17,18,19,20,21,22,23",
            "mtu": "9100",
            "speed": "400000",
            "subport": "0"
        },
        "Ethernet184": {
            "admin_status": "up",
            "alias": "etp23",
            "index": "23",
            "lanes": "0,1,2,3,4,5,6,7",
            "mtu": "9100",
            "speed": "400000",
            "subport": "0"
        },
        "Ethernet192": {
            "admin_status": "up",
            "alias": "etp24",
            "index": "24",
            "lanes": "256,257,258,259,260,261,262,263",
            "mtu": "9100",
            "speed": "400000",
            "subport": "0"
        },
        "Ethernet200": {
            "admin_status": "up",
            "alias": "etp25",
            "index": "25",
            "lanes": "8,9,10,11,12,13,14,15",
            "mtu": "9100",
            "speed": "400000",
            "subport": "0"
        },
        "Ethernet208": {
            "admin_status": "up",
            "alias": "etp26",
            "index": "26",
            "lanes": "1024,1025,1026,1027,1028,1029,1030,1031",
            "mtu": "9100",
            "speed": "400000",
            "subport": "0"
        },
        "Ethernet216": {
            "admin_status": "up",
            "alias": "etp27",
            "index": "27",
            "lanes": "768,769,770,771,772,773,774,775",
            "mtu": "9100",
            "speed": "400000",
            "subport": "0"
        },
        "Ethernet224": {
            "admin_status": "up",
            "alias": "etp28",
            "index": "28",
            "lanes": "520,521,522,523,524,525,526,527",
            "mtu": "9100",
            "speed": "400000",
            "subport": "0"
        },
        "Ethernet232": {
            "admin_status": "up",
            "alias": "etp29",
            "index": "29",
            "lanes": "776,777,778,779,780,781,782,783",
            "mtu": "9100",
            "speed": "400000",
            "subport": "0"
        },
        "Ethernet240": {
            "admin_status": "up",
            "alias": "etp30",
            "index": "30",
            "lanes": "512,513,514,515,516,517,518,519",
            "mtu": "9100",
            "speed": "400000",
            "subport": "0"
        },
        "Ethernet248": {
            "admin_status": "up",
            "alias": "etp31",
            "index": "31",
            "lanes": "528,529,530,531,532,533,534,535",
            "mtu": "9100",
            "speed": "400000",
            "subport": "0"
        }
    },
    "SNMP": {
        "LOCATION": {
            "Location": "public"
        }
    },
    "SNMP_COMMUNITY": {
        "public": {
            "TYPE": "RO"
        }
    },
    "STATIC_ROUTE": {
        "Vrf0|3.3.3.3/32": {
            "blackhole": "false",
            "distance": "0",
            "ifname": "",
            "nexthop": "100.0.70.2",
            "nexthop-vrf": "Vrf248"
        },
        "Vrf8|2.2.2.2/32": {
            "blackhole": "false",
            "distance": "0",
            "ifname": "",
            "nexthop": "100.0.15.1",
            "nexthop-vrf": "Vrf16"
        },
        "Vrf16|3.3.3.3/32": {
            "blackhole": "false",
            "distance": "0",
            "ifname": "",
            "nexthop": "100.0.14.2",
            "nexthop-vrf": "Vrf8"
        },
        "Vrf24|2.2.2.2/32": {
            "blackhole": "false",
            "distance": "0",
            "ifname": "",
            "nexthop": "100.0.16.1",
            "nexthop-vrf": "Vrf32"
        },
        "Vrf32|3.3.3.3/32": {
            "blackhole": "false",
            "distance": "0",
            "ifname": "",
            "nexthop": "100.0.15.2",
            "nexthop-vrf": "Vrf24"
        },
        "Vrf40|2.2.2.2/32": {
            "blackhole": "false",
            "distance": "0",
            "ifname": "",
            "nexthop": "100.0.17.1",
            "nexthop-vrf": "Vrf48"
        },
        "Vrf48|3.3.3.3/32": {
            "blackhole": "false",
            "distance": "0",
            "ifname": "",
            "nexthop": "100.0.16.2",
            "nexthop-vrf": "Vrf40"
        },
        "Vrf56|2.2.2.2/32": {
            "blackhole": "false",
            "distance": "0",
            "ifname": "",
            "nexthop": "100.0.18.1",
            "nexthop-vrf": "Vrf64"
        },
        "Vrf64|3.3.3.3/32": {
            "blackhole": "false",
            "distance": "0",
            "ifname": "",
            "nexthop": "100.0.17.2",
            "nexthop-vrf": "Vrf56"
        },
        "Vrf72|2.2.2.2/32": {
            "blackhole": "false",
            "distance": "0",
            "ifname": "",
            "nexthop": "100.0.19.1",
            "nexthop-vrf": "Vrf80"
        },
        "Vrf80|3.3.3.3/32": {
            "blackhole": "false",
            "distance": "0",
            "ifname": "",
            "nexthop": "100.0.18.2",
            "nexthop-vrf": "Vrf72"
        },
        "Vrf88|2.2.2.2/32": {
            "blackhole": "false",
            "distance": "0",
            "ifname": "",
            "nexthop": "100.0.20.1",
            "nexthop-vrf": "Vrf96"
        },
        "Vrf96|3.3.3.3/32": {
            "blackhole": "false",
            "distance": "0",
            "ifname": "",
            "nexthop": "100.0.19.2",
            "nexthop-vrf": "Vrf88"
        },
        "Vrf104|2.2.2.2/32": {
            "blackhole": "false",
            "distance": "0",
            "ifname": "",
            "nexthop": "100.0.21.1",
            "nexthop-vrf": "Vrf112"
        },
        "Vrf112|3.3.3.3/32": {
            "blackhole": "false",
            "distance": "0",
            "ifname": "",
            "nexthop": "100.0.20.2",
            "nexthop-vrf": "Vrf104"
        },
        "Vrf120|2.2.2.2/32": {
            "blackhole": "false",
            "distance": "0",
            "ifname": "",
            "nexthop": "100.0.22.1",
            "nexthop-vrf": "Vrf128"
        },
        "Vrf128|3.3.3.3/32": {
            "blackhole": "false",
            "distance": "0",
            "ifname": "",
            "nexthop": "100.0.21.2",
            "nexthop-vrf": "Vrf120"
        },
        "Vrf136|2.2.2.2/32": {
            "blackhole": "false",
            "distance": "0",
            "ifname": "",
            "nexthop": "100.0.23.1",
            "nexthop-vrf": "Vrf144"
        },
        "Vrf144|3.3.3.3/32": {
            "blackhole": "false",
            "distance": "0",
            "ifname": "",
            "nexthop": "100.0.22.2",
            "nexthop-vrf": "Vrf136"
        },
        "Vrf152|2.2.2.2/32": {
            "blackhole": "false",
            "distance": "0",
            "ifname": "",
            "nexthop": "100.0.24.1",
            "nexthop-vrf": "Vrf160"
        },
        "Vrf160|3.3.3.3/32": {
            "blackhole": "false",
            "distance": "0",
            "ifname": "",
            "nexthop": "100.0.23.2",
            "nexthop-vrf": "Vrf152"
        },
        "Vrf168|2.2.2.2/32": {
            "blackhole": "false",
            "distance": "0",
            "ifname": "",
            "nexthop": "100.0.25.1",
            "nexthop-vrf": "Vrf176"
        },
        "Vrf176|3.3.3.3/32": {
            "blackhole": "false",
            "distance": "0",
            "ifname": "",
            "nexthop": "100.0.24.2",
            "nexthop-vrf": "Vrf168"
        },
        "Vrf184|2.2.2.2/32": {
            "blackhole": "false",
            "distance": "0",
            "ifname": "",
            "nexthop": "100.0.26.1",
            "nexthop-vrf": "Vrf192"
        },
        "Vrf192|3.3.3.3/32": {
            "blackhole": "false",
            "distance": "0",
            "ifname": "",
            "nexthop": "100.0.25.2",
            "nexthop-vrf": "Vrf184"
        },
        "Vrf200|2.2.2.2/32": {
            "blackhole": "false",
            "distance": "0",
            "ifname": "",
            "nexthop": "100.0.27.1",
            "nexthop-vrf": "Vrf208"
        },
        "Vrf208|3.3.3.3/32": {
            "blackhole": "false",
            "distance": "0",
            "ifname": "",
            "nexthop": "100.0.26.2",
            "nexthop-vrf": "Vrf200"
        },
        "Vrf216|2.2.2.2/32": {
            "blackhole": "false",
            "distance": "0",
            "ifname": "",
            "nexthop": "100.0.28.1",
            "nexthop-vrf": "Vrf224"
        },
        "Vrf224|3.3.3.3/32": {
            "blackhole": "false",
            "distance": "0",
            "ifname": "",
            "nexthop": "100.0.27.2",
            "nexthop-vrf": "Vrf216"
        },
        "Vrf232|2.2.2.2/32": {
            "blackhole": "false",
            "distance": "0",
            "ifname": "",
            "nexthop": "100.0.80.2",
            "nexthop-vrf": "Vrf240"
        },
        "Vrf240|3.3.3.3/32": {
            "blackhole": "false",
            "distance": "0",
            "ifname": "",
            "nexthop": "100.0.28.2",
            "nexthop-vrf": "Vrf232"
        },
        "Vrf248|2.2.2.2/32": {
            "blackhole": "false",
            "distance": "0",
            "ifname": "",
            "nexthop": "100.0.14.1",
            "nexthop-vrf": "Vrf0"
        }
    },
    "SYSLOG_CONFIG": {
        "GLOBAL": {
            "rate_limit_burst": "0",
            "rate_limit_interval": "0"
        }
    },
    "SYSLOG_CONFIG_FEATURE": {
        "acms": {
            "rate_limit_burst": "20000",
            "rate_limit_interval": "300"
        },
        "bgp": {
            "rate_limit_burst": "20000",
            "rate_limit_interval": "300"
        },
        "database": {
            "rate_limit_burst": "20000",
            "rate_limit_interval": "300"
        },
        "dhcp_relay": {
            "rate_limit_burst": "20000",
            "rate_limit_interval": "300"
        },
        "eventd": {
            "rate_limit_burst": "20000",
            "rate_limit_interval": "300"
        },
        "gnmi": {
            "rate_limit_burst": "20000",
            "rate_limit_interval": "300"
        },
        "lldp": {
            "rate_limit_burst": "20000",
            "rate_limit_interval": "300"
        },
        "macsec": {
            "rate_limit_burst": "20000",
            "rate_limit_interval": "300"
        },
        "mux": {
            "rate_limit_burst": "20000",
            "rate_limit_interval": "300"
        },
        "pmon": {
            "rate_limit_burst": "20000",
            "rate_limit_interval": "300"
        },
        "radv": {
            "rate_limit_burst": "20000",
            "rate_limit_interval": "300"
        },
        "restapi": {
            "rate_limit_burst": "20000",
            "rate_limit_interval": "300"
        },
        "snmp": {
            "rate_limit_burst": "20000",
            "rate_limit_interval": "300"
        },
        "swss": {
            "rate_limit_burst": "20000",
            "rate_limit_interval": "300"
        },
        "syncd": {
            "rate_limit_burst": "20000",
            "rate_limit_interval": "300"
        },
        "teamd": {
            "rate_limit_burst": "20000",
            "rate_limit_interval": "300"
        },
        "telemetry": {
            "rate_limit_burst": "20000",
            "rate_limit_interval": "300"
        },
        "vnet-monitor": {
            "rate_limit_burst": "20000",
            "rate_limit_interval": "300"
        }
    },
    "SYSTEM_DEFAULTS": {
        "mux_tunnel_egress_acl": {
            "status": "disabled"
        }
    },
    "VERSIONS": {
        "DATABASE": {
            "VERSION": "version_202305_01"
        }
    },
    "VRF": {
        "Vrf0": {},
        "Vrf8": {},
        "Vrf16": {},
        "Vrf24": {},
        "Vrf32": {},
        "Vrf40": {},
        "Vrf48": {},
        "Vrf56": {},
        "Vrf64": {},
        "Vrf72": {},
        "Vrf80": {},
        "Vrf88": {},
        "Vrf96": {},
        "Vrf104": {},
        "Vrf112": {},
        "Vrf120": {},
        "Vrf128": {},
        "Vrf136": {},
        "Vrf144": {},
        "Vrf152": {},
        "Vrf160": {},
        "Vrf168": {},
        "Vrf176": {},
        "Vrf184": {},
        "Vrf192": {},
        "Vrf200": {},
        "Vrf208": {},
        "Vrf216": {},
        "Vrf224": {},
        "Vrf232": {},
        "Vrf240": {},
        "Vrf248": {}
    }
}admin@sonic:~$
admin@sonic:~$ show ip interfaces
Interface    Master    IPv4 address/mask    Admin/Oper    BGP Neighbor    Neighbor IP
-----------  --------  -------------------  ------------  --------------  -------------
Ethernet0    Vrf0      100.0.14.2/24        up/down       N/A             N/A
Ethernet8    Vrf0      100.0.15.1/24        up/down       N/A             N/A
Ethernet16   Vrf16     100.0.15.2/24        up/down       N/A             N/A
Ethernet24   Vrf24     100.0.15.1/24        up/down       N/A             N/A
Ethernet32   Vrf32     100.0.16.2/24        up/down       N/A             N/A
Ethernet40   Vrf40     100.0.16.1/24        up/down       N/A             N/A
Ethernet48   Vrf48     100.0.17.2/24        up/down       N/A             N/A
Ethernet56   Vrf56     100.0.17.1/24        up/down       N/A             N/A
Ethernet64   Vrf64     100.0.18.2/24        up/down       N/A             N/A
Ethernet72   Vrf72     100.0.18.1/24        up/down       N/A             N/A
Ethernet80   Vrf80     100.0.19.2/24        up/down       N/A             N/A
Ethernet88   Vrf88     100.0.19.1/24        up/down       N/A             N/A
Ethernet96   Vrf96     100.0.20.2/24        up/down       N/A             N/A
Ethernet104  Vrf104    100.0.20.1/24        up/down       N/A             N/A
Ethernet112  Vrf112    100.0.21.2/24        up/down       N/A             N/A
Ethernet120  Vrf120    100.0.21.1/24        up/down       N/A             N/A
Ethernet128  Vrf128    100.0.22.2/24        up/down       N/A             N/A
Ethernet136  Vrf136    100.0.22.1/24        up/down       N/A             N/A
Ethernet144  Vrf144    100.0.23.2/24        up/down       N/A             N/A
Ethernet152  Vrf152    100.0.23.1/24        up/down       N/A             N/A
Ethernet160  Vrf160    100.0.24.2/24        up/down       N/A             N/A
Ethernet168  Vrf168    100.0.24.1/24        up/down       N/A             N/A
Ethernet176  Vrf176    100.0.25.2/24        up/down       N/A             N/A
Ethernet184  Vrf184    100.0.25.1/24        up/down       N/A             N/A
Ethernet192  Vrf192    100.0.26.2/24        up/down       N/A             N/A
Ethernet200  Vrf200    100.0.26.1/24        up/down       N/A             N/A
Ethernet208  Vrf208    100.0.27.2/24        up/down       N/A             N/A
Ethernet216  Vrf216    100.0.27.1/24        up/down       N/A             N/A
Ethernet224  Vrf224    100.0.28.2/24        up/down       N/A             N/A
Ethernet232  Vrf232    100.0.28.1/24        up/down       N/A             N/A
Ethernet240  Vrf240    100.0.80.1/24        up/down       N/A             N/A
Ethernet248  Vrf248    100.0.70.1/24        up/down       N/A             N/A
docker0                240.127.1.1/24       up/down       N/A             N/A
eth0                   109.105.92.102/19    up/up         N/A             N/A
lo                     127.0.0.1/16         up/up         N/A             N/A
admin@sonic:~$
admin@sonic:~$
admin@sonic:~$
admin@sonic:~$
admin@sonic:~$ Connection to 109.105.92.102 closed by remote host.
Connection to 109.105.92.102 closed.
luxapps@luxapps6:~$ ll
total 32
drwxr-x--- 4 luxapps luxapps 4096 Oct  9 12:02 ./
drwxr-xr-x 3 root    root    4096 Jul 22 19:20 ../
-rw------- 1 luxapps luxapps  584 Jul 22 19:29 .bash_history
-rw-r--r-- 1 luxapps luxapps  220 Jul 22 19:20 .bash_logout
-rw-r--r-- 1 luxapps luxapps 3771 Jul 22 19:20 .bashrc
drwx------ 2 luxapps luxapps 4096 Jul 22 19:21 .cache/
-rw-r--r-- 1 luxapps luxapps    0 Oct  9 12:02 .motd_shown
-rw-r--r-- 1 luxapps luxapps  807 Jul 22 19:20 .profile
drwx------ 2 luxapps luxapps 4096 Oct  9 12:02 .ssh/
luxapps@luxapps6:~$ history | grep ssh
   12  ssh 109.105.92.102
   13  ssh admin@109.105.92.102
   15  history | grep ssh
luxapps@luxapps6:~$ !13
ssh admin@109.105.92.102
admin@109.105.92.102's password:
Linux sonic 5.10.0-23-2-amd64 #1 SMP Debian 5.10.179-3 (2023-07-27) x86_64
You are on
  ____   ___  _   _ _  ____
 / ___| / _ \| \ | (_)/ ___|
 \___ \| | | |  \| | | |
  ___) | |_| | |\  | | |___
 |____/ \___/|_| \_|_|\____|

-- Software for Open Networking in the Cloud --

Unauthorized access and/or use are prohibited.
All access and/or use are subject to monitoring.

Help:      https://sonic-net.github.io/SONiC/
Wiki:      https://microsoft.sharepoint.com/teams/WAG/AzureNetworking/Wiki/SONiC.aspx
On-Call:   https://portal.microsofticm.com/imp/v3/oncall/current?serviceId=10045&teamIds=26162
Dashboard: https://aka.ms/sonic-dri
Contact:   sonicdev@microsoft.com

Last login: Wed Oct  9 14:19:51 2024 from 109.105.92.60
admin@sonic:~$
admin@sonic:~$
admin@sonic:~$ show ip interfaces
Interface    Master    IPv4 address/mask    Admin/Oper    BGP Neighbor    Neighbor IP
-----------  --------  -------------------  ------------  --------------  -------------
Ethernet0    Vrf0      100.0.14.2/24        up/up         N/A             N/A
Ethernet8    Vrf0      100.0.15.1/24        up/up         N/A             N/A
Ethernet16   Vrf16     100.0.15.2/24        up/up         N/A             N/A
Ethernet24   Vrf24     100.0.15.1/24        up/up         N/A             N/A
Ethernet32   Vrf32     100.0.16.2/24        up/down       N/A             N/A
Ethernet40   Vrf40     100.0.16.1/24        up/down       N/A             N/A
Ethernet48   Vrf48     100.0.17.2/24        up/down       N/A             N/A
Ethernet56   Vrf56     100.0.17.1/24        up/down       N/A             N/A
Ethernet64   Vrf64     100.0.18.2/24        up/down       N/A             N/A
Ethernet72   Vrf72     100.0.18.1/24        up/down       N/A             N/A
Ethernet80   Vrf80     100.0.19.2/24        up/down       N/A             N/A
Ethernet88   Vrf88     100.0.19.1/24        up/down       N/A             N/A
Ethernet96   Vrf96     100.0.20.2/24        up/down       N/A             N/A
Ethernet104  Vrf104    100.0.20.1/24        up/down       N/A             N/A
Ethernet112  Vrf112    100.0.21.2/24        up/down       N/A             N/A
Ethernet120  Vrf120    100.0.21.1/24        up/down       N/A             N/A
Ethernet128  Vrf128    100.0.22.2/24        up/down       N/A             N/A
Ethernet136  Vrf136    100.0.22.1/24        up/down       N/A             N/A
Ethernet144  Vrf144    100.0.23.2/24        up/down       N/A             N/A
Ethernet152  Vrf152    100.0.23.1/24        up/down       N/A             N/A
Ethernet160  Vrf160    100.0.24.2/24        up/down       N/A             N/A
Ethernet168  Vrf168    100.0.24.1/24        up/down       N/A             N/A
Ethernet176  Vrf176    100.0.25.2/24        up/down       N/A             N/A
Ethernet184  Vrf184    100.0.25.1/24        up/down       N/A             N/A
Ethernet192  Vrf192    100.0.26.2/24        up/down       N/A             N/A
Ethernet200  Vrf200    100.0.26.1/24        up/down       N/A             N/A
Ethernet208  Vrf208    100.0.27.2/24        up/down       N/A             N/A
Ethernet216  Vrf216    100.0.27.1/24        up/down       N/A             N/A
Ethernet224  Vrf224    100.0.28.2/24        up/down       N/A             N/A
Ethernet232  Vrf232    100.0.28.1/24        up/down       N/A             N/A
Ethernet240  Vrf240    100.0.80.1/24        up/down       N/A             N/A
Ethernet248  Vrf248    100.0.70.1/24        up/down       N/A             N/A
docker0                240.127.1.1/24       up/down       N/A             N/A
eth0                   109.105.92.102/19    up/up         N/A             N/A
lo                     127.0.0.1/16         up/up         N/A             N/A
admin@sonic:~$ show interface Ethernet0
Usage: show interface [OPTIONS] COMMAND [ARGS]...
Try "show interface -h" for help.

Error: No such command "Ethernet0".
admin@sonic:~$ show interfaces Ethernet0
Usage: show interfaces [OPTIONS] COMMAND [ARGS]...
Try "show interfaces -h" for help.

Error: No such command "Ethernet0".
admin@sonic:~$ show interfaces -h
Usage: show interfaces [OPTIONS] COMMAND [ARGS]...

  Show details of the network interfaces

Options:
  -?, -h, --help  Show this message and exit.

Commands:
  alias          Show Interface Name/Alias Mapping
  autoneg        Show interface autoneg information
  breakout       Show Breakout Mode information by interfaces
  counters       Show interface counters
  description    Show interface status, protocol and description
  link-training  Show interface link-training information
  mpls           Show Interface MPLS status
  naming_mode    Show interface naming_mode status
  neighbor       Show neighbor related information
  portchannel    Show PortChannel information
  status         Show Interface status information
  tpid           Show Interface tpid information
  transceiver    Show SFP Transceiver information
admin@sonic:~$ show interfaces transceiver Ethernet0
Usage: show interfaces transceiver [OPTIONS] COMMAND [ARGS]...
Try "show interfaces transceiver -h" for help.

Error: No such command "Ethernet0".
admin@sonic:~$ show interfaces transceiver
Usage: show interfaces transceiver [OPTIONS] COMMAND [ARGS]...

  Show SFP Transceiver information

Options:
  -?, -h, --help  Show this message and exit.

Commands:
  eeprom        Show interface transceiver EEPROM information
  error-status  Show transceiver error-status
  info          Show interface transceiver information
  lpmode        Show interface transceiver low-power mode status
  pm            Show interface transceiver performance monitoring...
  presence      Show interface transceiver presence
  status        Show interface transceiver status information
admin@sonic:~$ show interfaces transceiver  status Ethernet0
Ethernet0:
        CMIS State (SW): READY
        Tx fault flag on media lane 1: False
        Tx fault flag on media lane 2: False
        Tx fault flag on media lane 3: False
        Tx fault flag on media lane 4: False
        Tx fault flag on media lane 5: False
        Tx fault flag on media lane 6: False
        Tx fault flag on media lane 7: False
        Tx fault flag on media lane 8: False
        Rx loss of signal flag on media lane 1: False
        Rx loss of signal flag on media lane 2: False
        Rx loss of signal flag on media lane 3: False
        Rx loss of signal flag on media lane 4: False
        Rx loss of signal flag on media lane 5: False
        Rx loss of signal flag on media lane 6: False
        Rx loss of signal flag on media lane 7: False
        Rx loss of signal flag on media lane 8: False
        TX disable status on lane 1: False
        TX disable status on lane 2: False
        TX disable status on lane 3: False
        TX disable status on lane 4: False
        TX disable status on lane 5: False
        TX disable status on lane 6: False
        TX disable status on lane 7: False
        TX disable status on lane 8: False
        Disabled TX channels: 0
        Current module state: ModuleReady
        Reason of entering the module fault state: No Fault detected
        Datapath firmware fault: False
        Module firmware fault: False
        Module state changed: False
        Data path state indicator on host lane 1: DataPathActivated
        Data path state indicator on host lane 2: DataPathActivated
        Data path state indicator on host lane 3: DataPathActivated
        Data path state indicator on host lane 4: DataPathActivated
        Data path state indicator on host lane 5: DataPathActivated
        Data path state indicator on host lane 6: DataPathActivated
        Data path state indicator on host lane 7: DataPathActivated
        Data path state indicator on host lane 8: DataPathActivated
        Tx output status on media lane 1: True
        Tx output status on media lane 2: True
        Tx output status on media lane 3: True
        Tx output status on media lane 4: True
        Tx output status on media lane 5: False
        Tx output status on media lane 6: False
        Tx output status on media lane 7: False
        Tx output status on media lane 8: False
        Rx output status on host lane 1: True
        Rx output status on host lane 2: True
        Rx output status on host lane 3: True
        Rx output status on host lane 4: True
        Rx output status on host lane 5: True
        Rx output status on host lane 6: True
        Rx output status on host lane 7: True
        Rx output status on host lane 8: True
        Tx loss of signal flag on host lane 1: False
        Tx loss of signal flag on host lane 2: False
        Tx loss of signal flag on host lane 3: False
        Tx loss of signal flag on host lane 4: False
        Tx loss of signal flag on host lane 5: False
        Tx loss of signal flag on host lane 6: False
        Tx loss of signal flag on host lane 7: False
        Tx loss of signal flag on host lane 8: False
        Tx clock and data recovery loss of lock on host lane 1: False
        Tx clock and data recovery loss of lock on host lane 2: False
        Tx clock and data recovery loss of lock on host lane 3: False
        Tx clock and data recovery loss of lock on host lane 4: False
        Tx clock and data recovery loss of lock on host lane 5: False
        Tx clock and data recovery loss of lock on host lane 6: False
        Tx clock and data recovery loss of lock on host lane 7: False
        Tx clock and data recovery loss of lock on host lane 8: False
        Rx clock and data recovery loss of lock on media lane 1: False
        Rx clock and data recovery loss of lock on media lane 2: False
        Rx clock and data recovery loss of lock on media lane 3: False
        Rx clock and data recovery loss of lock on media lane 4: False
        Rx clock and data recovery loss of lock on media lane 5: False
        Rx clock and data recovery loss of lock on media lane 6: False
        Rx clock and data recovery loss of lock on media lane 7: False
        Rx clock and data recovery loss of lock on media lane 8: False
        Configuration status for the data path of host line 1: ConfigSuccess
        Configuration status for the data path of host line 2: ConfigSuccess
        Configuration status for the data path of host line 3: ConfigSuccess
        Configuration status for the data path of host line 4: ConfigSuccess
        Configuration status for the data path of host line 5: ConfigSuccess
        Configuration status for the data path of host line 6: ConfigSuccess
        Configuration status for the data path of host line 7: ConfigSuccess
        Configuration status for the data path of host line 8: ConfigSuccess
        Data path configuration updated on host lane 1: False
        Data path configuration updated on host lane 2: False
        Data path configuration updated on host lane 3: False
        Data path configuration updated on host lane 4: False
        Data path configuration updated on host lane 5: False
        Data path configuration updated on host lane 6: False
        Data path configuration updated on host lane 7: False
        Data path configuration updated on host lane 8: False
        Temperature high alarm flag: False
        Temperature high warning flag: False
        Temperature low warning flag: False
        Temperature low alarm flag: False
        Vcc high alarm flag: False
        Vcc high warning flag: False
        Vcc low warning flag: False
        Vcc low alarm flag: False
        Tx power high alarm flag on lane 1: False
        Tx power high alarm flag on lane 2: False
        Tx power high alarm flag on lane 3: False
        Tx power high alarm flag on lane 4: False
        Tx power high alarm flag on lane 5: False
        Tx power high alarm flag on lane 6: False
        Tx power high alarm flag on lane 7: False
        Tx power high alarm flag on lane 8: False
        Tx power high warning flag on lane 1: False
        Tx power high warning flag on lane 2: False
        Tx power high warning flag on lane 3: False
        Tx power high warning flag on lane 4: False
        Tx power high warning flag on lane 5: False
        Tx power high warning flag on lane 6: False
        Tx power high warning flag on lane 7: False
        Tx power high warning flag on lane 8: False
        Tx power low warning flag on lane 1: False
        Tx power low warning flag on lane 2: False
        Tx power low warning flag on lane 3: False
        Tx power low warning flag on lane 4: False
        Tx power low warning flag on lane 5: False
        Tx power low warning flag on lane 6: False
        Tx power low warning flag on lane 7: False
        Tx power low warning flag on lane 8: False
        Tx power low alarm flag on lane 1: False
        Tx power low alarm flag on lane 2: False
        Tx power low alarm flag on lane 3: False
        Tx power low alarm flag on lane 4: False
        Tx power low alarm flag on lane 5: False
        Tx power low alarm flag on lane 6: False
        Tx power low alarm flag on lane 7: False
        Tx power low alarm flag on lane 8: False
        Rx power high alarm flag on lane 1: False
        Rx power high alarm flag on lane 2: False
        Rx power high alarm flag on lane 3: False
        Rx power high alarm flag on lane 4: False
        Rx power high alarm flag on lane 5: False
        Rx power high alarm flag on lane 6: False
        Rx power high alarm flag on lane 7: False
        Rx power high alarm flag on lane 8: False
        Rx power high warning flag on lane 1: False
        Rx power high warning flag on lane 2: False
        Rx power high warning flag on lane 3: False
        Rx power high warning flag on lane 4: False
        Rx power high warning flag on lane 5: False
        Rx power high warning flag on lane 6: False
        Rx power high warning flag on lane 7: False
        Rx power high warning flag on lane 8: False
        Rx power low warning flag on lane 1: False
        Rx power low warning flag on lane 2: False
        Rx power low warning flag on lane 3: False
        Rx power low warning flag on lane 4: False
        Rx power low warning flag on lane 5: False
        Rx power low warning flag on lane 6: False
        Rx power low warning flag on lane 7: False
        Rx power low warning flag on lane 8: False
        Rx power low alarm flag on lane 1: False
        Rx power low alarm flag on lane 2: False
        Rx power low alarm flag on lane 3: False
        Rx power low alarm flag on lane 4: False
        Rx power low alarm flag on lane 5: False
        Rx power low alarm flag on lane 6: False
        Rx power low alarm flag on lane 7: False
        Rx power low alarm flag on lane 8: False
        Tx bias high alarm flag on lane 1: False
        Tx bias high alarm flag on lane 2: False
        Tx bias high alarm flag on lane 3: False
        Tx bias high alarm flag on lane 4: False
        Tx bias high alarm flag on lane 5: False
        Tx bias high alarm flag on lane 6: False
        Tx bias high alarm flag on lane 7: False
        Tx bias high alarm flag on lane 8: False
        Tx bias high warning flag on lane 1: False
        Tx bias high warning flag on lane 2: False
        Tx bias high warning flag on lane 3: False
        Tx bias high warning flag on lane 4: False
        Tx bias high warning flag on lane 5: False
        Tx bias high warning flag on lane 6: False
        Tx bias high warning flag on lane 7: False
        Tx bias high warning flag on lane 8: False
        Tx bias low warning flag on lane 1: False
        Tx bias low warning flag on lane 2: False
        Tx bias low warning flag on lane 3: False
        Tx bias low warning flag on lane 4: False
        Tx bias low warning flag on lane 5: False
        Tx bias low warning flag on lane 6: False
        Tx bias low warning flag on lane 7: False
        Tx bias low warning flag on lane 8: False
        Tx bias low alarm flag on lane 1: False
        Tx bias low alarm flag on lane 2: False
        Tx bias low alarm flag on lane 3: False
        Tx bias low alarm flag on lane 4: False
        Tx bias low alarm flag on lane 5: False
        Tx bias low alarm flag on lane 6: False
        Tx bias low alarm flag on lane 7: False
        Tx bias low alarm flag on lane 8: False
        Laser temperature high alarm flag: False
        Laser temperature high warning flag: False
        Laser temperature low warning flag: False
        Laser temperature low alarm flag: False
        Prefec ber high alarm flag: False
        Prefec ber high warning flag: False
        Prefec ber low warning flag: False
        Prefec ber low alarm flag: False
        Postfec ber high alarm flag: False
        Postfec ber high warning flag: False
        Postfec ber low warning flag: False
        Postfec ber low alarm flag: False
admin@sonic:~$
admin@sonic:~$ show interfaces transceiver  eeprom  Ethernet0
Ethernet0: SFP EEPROM detected
        Active Firmware: 1.4.111
        Active application selected code assigned to host lane 1: 1
        Active application selected code assigned to host lane 2: 1
        Active application selected code assigned to host lane 3: 1
        Active application selected code assigned to host lane 4: 1
        Active application selected code assigned to host lane 5: 1
        Active application selected code assigned to host lane 6: 1
        Active application selected code assigned to host lane 7: 1
        Active application selected code assigned to host lane 8: 1
        Application Advertisement: 400GAUI-8 C2M (Annex 120E) - Host Assign (0x1) - 400GBASE-DR4 (Cl 124) - Media Assign (0x1)
                                   100GAUI-2 C2M (Annex 135G) - Host Assign (0x55) - 100G-FR/100GBASE-FR1 (Cl 140) - Media Assign (0xf)
        CMIS Rev: 5.2
        Connector: MPO 1x12
        Encoding: N/A
        Extended Identifier: Power Class 5 (9.0W Max)
        Extended RateSelect Compliance: N/A
        Host Lane Count: 8
        Identifier: QSFP-DD Double Density 8X Pluggable Transceiver
        Inactive Firmware: 1.4.111
        Length Cable Assembly(m): 0.0
        Media Interface Technology: 1310 nm EML
        Media Lane Count: 4
        Module Hardware Rev: 2.0
        Nominal Bit Rate(100Mbs): 0
        Specification compliance: sm_media_interface
        Supported Max Laser Frequency: N/A
        Supported Max TX Power: N/A
        Supported Min Laser Frequency: N/A
        Supported Min TX Power: N/A
        Vendor Date Code(YYYY-MM-DD Lot): 2024-03-23
        Vendor Name: CISCO
        Vendor OUI: 00-00-0c
        Vendor PN: 10-3627-01
        Vendor Rev: 1A
        Vendor SN: CGM28120088
admin@sonic:~$
admin@sonic:~$
admin@sonic:~$ show interfaces transceiver -h
Usage: show interfaces transceiver [OPTIONS] COMMAND [ARGS]...

  Show SFP Transceiver information

Options:
  -?, -h, --help  Show this message and exit.

Commands:
  eeprom        Show interface transceiver EEPROM information
  error-status  Show transceiver error-status
  info          Show interface transceiver information
  lpmode        Show interface transceiver low-power mode status
  pm            Show interface transceiver performance monitoring...
  presence      Show interface transceiver presence
  status        Show interface transceiver status information
admin@sonic:~$ show interfaces transceiver info Ethernet0
Ethernet0: SFP EEPROM detected
        Active Firmware: 1.4.111
        Active application selected code assigned to host lane 1: 1
        Active application selected code assigned to host lane 2: 1
        Active application selected code assigned to host lane 3: 1
        Active application selected code assigned to host lane 4: 1
        Active application selected code assigned to host lane 5: 1
        Active application selected code assigned to host lane 6: 1
        Active application selected code assigned to host lane 7: 1
        Active application selected code assigned to host lane 8: 1
        Application Advertisement: 400GAUI-8 C2M (Annex 120E) - Host Assign (0x1) - 400GBASE-DR4 (Cl 124) - Media Assign (0x1)
                                   100GAUI-2 C2M (Annex 135G) - Host Assign (0x55) - 100G-FR/100GBASE-FR1 (Cl 140) - Media Assign (0xf)
        CMIS Rev: 5.2
        Connector: MPO 1x12
        Encoding: N/A
        Extended Identifier: Power Class 5 (9.0W Max)
        Extended RateSelect Compliance: N/A
        Host Lane Count: 8
        Identifier: QSFP-DD Double Density 8X Pluggable Transceiver
        Inactive Firmware: 1.4.111
        Length Cable Assembly(m): 0.0
        Media Interface Technology: 1310 nm EML
        Media Lane Count: 4
        Module Hardware Rev: 2.0
        Nominal Bit Rate(100Mbs): 0
        Specification compliance: sm_media_interface
        Supported Max Laser Frequency: N/A
        Supported Max TX Power: N/A
        Supported Min Laser Frequency: N/A
        Supported Min TX Power: N/A
        Vendor Date Code(YYYY-MM-DD Lot): 2024-03-23
        Vendor Name: CISCO
        Vendor OUI: 00-00-0c
        Vendor PN: 10-3627-01
        Vendor Rev: 1A
        Vendor SN: CGM28120088
admin@sonic:~$
admin@sonic:~$


admin@sonic:~$
admin@sonic:~$
admin@sonic:~$
admin@sonic:~$
admin@sonic:~$
admin@sonic:~$
admin@sonic:~$ Connection to 109.105.92.102 closed by remote host.
Connection to 109.105.92.102 closed.
luxapps@luxapps6:~$ ssh admin@109.105.92.102
admin@109.105.92.102's password:
Linux sonic 5.10.0-23-2-amd64 #1 SMP Debian 5.10.179-3 (2023-07-27) x86_64
You are on
  ____   ___  _   _ _  ____
 / ___| / _ \| \ | (_)/ ___|
 \___ \| | | |  \| | | |
  ___) | |_| | |\  | | |___
 |____/ \___/|_| \_|_|\____|

-- Software for Open Networking in the Cloud --

Unauthorized access and/or use are prohibited.
All access and/or use are subject to monitoring.

Help:      https://sonic-net.github.io/SONiC/
Wiki:      https://microsoft.sharepoint.com/teams/WAG/AzureNetworking/Wiki/SONiC.aspx
On-Call:   https://portal.microsofticm.com/imp/v3/oncall/current?serviceId=10045&teamIds=26162
Dashboard: https://aka.ms/sonic-dri
Contact:   sonicdev@microsoft.com

Last login: Thu Oct 10 20:43:17 2024 from 109.105.92.60
admin@sonic:~$ show interfaces Ethernet0 counters
Usage: show interfaces [OPTIONS] COMMAND [ARGS]...
Try "show interfaces -h" for help.

Error: No such command "Ethernet0".
admin@sonic:~$ show interfaces counters Ethernet0
Usage: show interfaces counters [OPTIONS] COMMAND [ARGS]...
Try "show interfaces counters -h" for help.

Error: No such command "Ethernet0".
admin@sonic:~$ show interfaces counters -h
Usage: show interfaces counters [OPTIONS] COMMAND [ARGS]...

  Show interface counters

Options:
  -a, --printall
  -p, --period TEXT
  -i, --interface TEXT
  -d, --display [all]   Show internal interfaces  [default: all]
  -n, --namespace []    Namespace name or all
  --verbose             Enable verbose output
  -h, -?, --help        Show this message and exit.

Commands:
  detailed   Show interface counters detailed
  errors     Show interface counters errors
  fec-stats  Show interface counters fec-stats
  rates      Show interface counters rates
  rif        Show interface counters
admin@sonic:~$ show interfaces counters -h -i Ethernet0
Usage: show interfaces counters [OPTIONS] COMMAND [ARGS]...

  Show interface counters

Options:
  -a, --printall
  -p, --period TEXT
  -i, --interface TEXT
  -d, --display [all]   Show internal interfaces  [default: all]
  -n, --namespace []    Namespace name or all
  --verbose             Enable verbose output
  -?, -h, --help        Show this message and exit.

Commands:
  detailed   Show interface counters detailed
  errors     Show interface counters errors
  fec-stats  Show interface counters fec-stats
  rates      Show interface counters rates
  rif        Show interface counters
admin@sonic:~$ show interfaces counters -i Ethernet0
    IFACE    STATE           RX_OK    RX_BPS    RX_UTIL    RX_ERR          RX_DRP    RX_OVR    TX_OK    TX_BPS    TX_UTIL    TX_ERR    TX_DRP    TX_OVR
---------  -------  --------------  --------  ---------  --------  --------------  --------  -------  --------  ---------  --------  --------  --------
Ethernet0        U  16,761,455,755  0.00 B/s      0.00%         0  16,761,455,715         0    3,702  1.35 B/s      0.00%         0         0         0
admin@sonic:~$ show interfaces counters -d Ethernet0
Usage: show interfaces counters [OPTIONS] COMMAND [ARGS]...
Try "show interfaces counters -h" for help.

Error: Invalid value for "--display" / "-d": invalid choice: Ethernet0. (choose from all)
admin@sonic:~$ show interfaces counters detailed  Ethernet0
Packets Received 64 Octets..................... 16,761,455,715
Packets Received 65-127 Octets................. 0
Packets Received 128-255 Octets................ 40
Packets Received 256-511 Octets................ 0
Packets Received 512-1023 Octets............... 0
Packets Received 1024-1518 Octets.............. 0
Packets Received 1519-2047 Octets.............. 0
Packets Received 2048-4095 Octets.............. N/A
Packets Received 4096-9216 Octets.............. N/A
Packets Received 9217-16383 Octets............. N/A

Total Packets Received Without Errors.......... 16,761,455,755
Unicast Packets Received....................... 16,761,455,712
Multicast Packets Received..................... 40
Broadcast Packets Received..................... 3

Jabbers Received............................... N/A
Fragments Received............................. N/A
Undersize Received............................. 0
Overruns Received.............................. N/A

Packets Transmitted 64 Octets.................. 3
Packets Transmitted 65-127 Octets.............. 0
Packets Transmitted 128-255 Octets............. 3,701
Packets Transmitted 256-511 Octets............. 0
Packets Transmitted 512-1023 Octets............ 0
Packets Transmitted 1024-1518 Octets........... 0
Packets Transmitted 1519-2047 Octets........... 0
Packets Transmitted 2048-4095 Octets........... N/A
Packets Transmitted 4096-9216 Octets........... N/A
Packets Transmitted 9217-16383 Octets.......... N/A

Total Packets Transmitted Successfully......... 3,704
Unicast Packets Transmitted.................... 3,704
Multicast Packets Transmitted.................. 0
Broadcast Packets Transmitted.................. 0
Time Since Counters Last Cleared............... None
admin@sonic:~$ show interfaces counters detailed  Ethernet0
Packets Received 64 Octets..................... 16,990,054,890
Packets Received 65-127 Octets................. 0
Packets Received 128-255 Octets................ 40
Packets Received 256-511 Octets................ 0
Packets Received 512-1023 Octets............... 0
Packets Received 1024-1518 Octets.............. 0
Packets Received 1519-2047 Octets.............. 0
Packets Received 2048-4095 Octets.............. N/A
Packets Received 4096-9216 Octets.............. N/A
Packets Received 9217-16383 Octets............. N/A

Total Packets Received Without Errors.......... 17,047,744,294
Unicast Packets Received....................... 17,047,744,251
Multicast Packets Received..................... 40
Broadcast Packets Received..................... 3

Jabbers Received............................... N/A
Fragments Received............................. N/A
Undersize Received............................. 0
Overruns Received.............................. N/A

Packets Transmitted 64 Octets.................. 3
Packets Transmitted 65-127 Octets.............. 0
Packets Transmitted 128-255 Octets............. 3,701
Packets Transmitted 256-511 Octets............. 0
Packets Transmitted 512-1023 Octets............ 0
Packets Transmitted 1024-1518 Octets........... 0
Packets Transmitted 1519-2047 Octets........... 0
Packets Transmitted 2048-4095 Octets........... N/A
Packets Transmitted 4096-9216 Octets........... N/A
Packets Transmitted 9217-16383 Octets.......... N/A

Total Packets Transmitted Successfully......... 3,704
Unicast Packets Transmitted.................... 3,704
Multicast Packets Transmitted.................. 0
Broadcast Packets Transmitted.................. 0
Time Since Counters Last Cleared............... None
admin@sonic:~$
admin@sonic:~$
admin@sonic:~$
admin@sonic:~$ show interfaces counters detailed  Ethernet0
Packets Received 64 Octets..................... 17,820,738,413
Packets Received 65-127 Octets................. 0
Packets Received 128-255 Octets................ 40
Packets Received 256-511 Octets................ 0
Packets Received 512-1023 Octets............... 0
Packets Received 1024-1518 Octets.............. 0
Packets Received 1519-2047 Octets.............. 0
Packets Received 2048-4095 Octets.............. N/A
Packets Received 4096-9216 Octets.............. N/A
Packets Received 9217-16383 Octets............. N/A

Total Packets Received Without Errors.......... 17,880,139,343
Unicast Packets Received....................... 17,880,139,300
Multicast Packets Received..................... 40
Broadcast Packets Received..................... 3

Jabbers Received............................... N/A
Fragments Received............................. N/A
Undersize Received............................. 0
Overruns Received.............................. N/A

Packets Transmitted 64 Octets.................. 3
Packets Transmitted 65-127 Octets.............. 0
Packets Transmitted 128-255 Octets............. 3,702
Packets Transmitted 256-511 Octets............. 0
Packets Transmitted 512-1023 Octets............ 0
Packets Transmitted 1024-1518 Octets........... 0
Packets Transmitted 1519-2047 Octets........... 0
Packets Transmitted 2048-4095 Octets........... N/A
Packets Transmitted 4096-9216 Octets........... N/A
Packets Transmitted 9217-16383 Octets.......... N/A

Total Packets Transmitted Successfully......... 3,705
Unicast Packets Transmitted.................... 3,705
Multicast Packets Transmitted.................. 0
Broadcast Packets Transmitted.................. 0
Time Since Counters Last Cleared............... None
admin@sonic:~$ show interfaces counters detailed  Ethernet0
Packets Received 64 Octets..................... 18,119,404,276
Packets Received 65-127 Octets................. 0
Packets Received 128-255 Octets................ 40
Packets Received 256-511 Octets................ 0
Packets Received 512-1023 Octets............... 0
Packets Received 1024-1518 Octets.............. 0
Packets Received 1519-2047 Octets.............. 0
Packets Received 2048-4095 Octets.............. N/A
Packets Received 4096-9216 Octets.............. N/A
Packets Received 9217-16383 Octets............. N/A

Total Packets Received Without Errors.......... 18,119,528,515
Unicast Packets Received....................... 18,119,528,472
Multicast Packets Received..................... 40
Broadcast Packets Received..................... 3

Jabbers Received............................... N/A
Fragments Received............................. N/A
Undersize Received............................. 0
Overruns Received.............................. N/A

Packets Transmitted 64 Octets.................. 3
Packets Transmitted 65-127 Octets.............. 0
Packets Transmitted 128-255 Octets............. 3,702
Packets Transmitted 256-511 Octets............. 0
Packets Transmitted 512-1023 Octets............ 0
Packets Transmitted 1024-1518 Octets........... 0
Packets Transmitted 1519-2047 Octets........... 0
Packets Transmitted 2048-4095 Octets........... N/A
Packets Transmitted 4096-9216 Octets........... N/A
Packets Transmitted 9217-16383 Octets.......... N/A

Total Packets Transmitted Successfully......... 3,705
Unicast Packets Transmitted.................... 3,705
Multicast Packets Transmitted.................. 0
Broadcast Packets Transmitted.................. 0
Time Since Counters Last Cleared............... None
admin@sonic:~$ show ip interfaces
Interface    Master    IPv4 address/mask    Admin/Oper    BGP Neighbor    Neighbor IP
-----------  --------  -------------------  ------------  --------------  -------------
Ethernet0    Vrf0      100.0.14.2/24        up/up         N/A             N/A
Ethernet8    Vrf0      100.0.15.1/24        up/up         N/A             N/A
Ethernet16   Vrf16     100.0.15.2/24        up/up         N/A             N/A
Ethernet24   Vrf24     100.0.15.1/24        up/up         N/A             N/A
Ethernet32   Vrf32     100.0.16.2/24        up/down       N/A             N/A
Ethernet40   Vrf40     100.0.16.1/24        up/down       N/A             N/A
Ethernet48   Vrf48     100.0.17.2/24        up/down       N/A             N/A
Ethernet56   Vrf56     100.0.17.1/24        up/down       N/A             N/A
Ethernet64   Vrf64     100.0.18.2/24        up/down       N/A             N/A
Ethernet72   Vrf72     100.0.18.1/24        up/down       N/A             N/A
Ethernet80   Vrf80     100.0.19.2/24        up/down       N/A             N/A
Ethernet88   Vrf88     100.0.19.1/24        up/down       N/A             N/A
Ethernet96   Vrf96     100.0.20.2/24        up/down       N/A             N/A
Ethernet104  Vrf104    100.0.20.1/24        up/down       N/A             N/A
Ethernet112  Vrf112    100.0.21.2/24        up/down       N/A             N/A
Ethernet120  Vrf120    100.0.21.1/24        up/down       N/A             N/A
Ethernet128  Vrf128    100.0.22.2/24        up/down       N/A             N/A
Ethernet136  Vrf136    100.0.22.1/24        up/down       N/A             N/A
Ethernet144  Vrf144    100.0.23.2/24        up/down       N/A             N/A
Ethernet152  Vrf152    100.0.23.1/24        up/down       N/A             N/A
Ethernet160  Vrf160    100.0.24.2/24        up/down       N/A             N/A
Ethernet168  Vrf168    100.0.24.1/24        up/down       N/A             N/A
Ethernet176  Vrf176    100.0.25.2/24        up/down       N/A             N/A
Ethernet184  Vrf184    100.0.25.1/24        up/down       N/A             N/A
Ethernet192  Vrf192    100.0.26.2/24        up/down       N/A             N/A
Ethernet200  Vrf200    100.0.26.1/24        up/down       N/A             N/A
Ethernet208  Vrf208    100.0.27.2/24        up/down       N/A             N/A
Ethernet216  Vrf216    100.0.27.1/24        up/down       N/A             N/A
Ethernet224  Vrf224    100.0.28.2/24        up/down       N/A             N/A
Ethernet232  Vrf232    100.0.28.1/24        up/down       N/A             N/A
Ethernet240  Vrf240    100.0.80.1/24        up/down       N/A             N/A
Ethernet248  Vrf248    100.0.70.1/24        up/down       N/A             N/A
docker0                240.127.1.1/24       up/down       N/A             N/A
eth0                   109.105.92.102/19    up/up         N/A             N/A
lo                     127.0.0.1/16         up/up         N/A             N/A
admin@sonic:~$ Connection to 109.105.92.102 closed by remote host.
Connection to 109.105.92.102 closed.
luxapps@luxapps6:~$







Ethernet80   Vrf80     100.0.19.2/24        up/down       N/A             N/A
Ethernet88   Vrf88     100.0.19.1/24        up/down       N/A             N/A
Ethernet96   Vrf96     100.0.20.2/24        up/down       N/A             N/A
Ethernet104  Vrf104    100.0.20.1/24        up/down       N/A             N/A
Ethernet112  Vrf112    100.0.21.2/24        up/down       N/A             N/A
Ethernet120  Vrf120    100.0.21.1/24        up/down       N/A             N/A
Ethernet128  Vrf128    100.0.22.2/24        up/down       N/A             N/A
Ethernet136  Vrf136    100.0.22.1/24        up/down       N/A             N/A
Ethernet144  Vrf144    100.0.23.2/24        up/down       N/A             N/A
Ethernet152  Vrf152    100.0.23.1/24        up/down       N/A             N/A
Ethernet160  Vrf160    100.0.24.2/24        up/down       N/A             N/A
Ethernet168  Vrf168    100.0.24.1/24        up/down       N/A             N/A
Ethernet176  Vrf176    100.0.25.2/24        up/down       N/A             N/A
Ethernet184  Vrf184    100.0.25.1/24        up/down       N/A             N/A
Ethernet192  Vrf192    100.0.26.2/24        up/down       N/A             N/A
Ethernet200  Vrf200    100.0.26.1/24        up/down       N/A             N/A
Ethernet208  Vrf208    100.0.27.2/24        up/down       N/A             N/A
Ethernet216  Vrf216    100.0.27.1/24        up/down       N/A             N/A
Ethernet224  Vrf224    100.0.28.2/24        up/down       N/A             N/A
Ethernet232  Vrf232    100.0.28.1/24        up/down       N/A             N/A
Ethernet240  Vrf240    100.0.80.1/24        up/down       N/A             N/A
Ethernet248  Vrf248    100.0.70.1/24        up/down       N/A             N/A
docker0                240.127.1.1/24       up/down       N/A             N/A
eth0                   109.105.92.102/19    up/up         N/A             N/A
lo                     127.0.0.1/16         up/up         N/A             N/A
admin@sonic:~$
admin@sonic:~$ show ip route
Codes: K - kernel route, C - connected, S - static, R - RIP,
       O - OSPF, I - IS-IS, B - BGP, E - EIGRP, N - NHRP,
       T - Table, v - VNC, V - VNC-Direct, A - Babel, D - SHARP,
       F - PBR, f - OpenFabric,
       > - selected route, * - FIB route, q - queued route, r - rejected route

C>*109.105.64.0/19 is directly connected, eth0, 00:24:37
admin@sonic:~$ show ip route Vrf0
% Unknown command: show ip route Vrf0
admin@sonic:~$ show ip route vrf Vrf)
-bash: syntax error near unexpected token `)'
admin@sonic:~$ show ip route vrf Vrf0
admin@sonic:~$ ip route show
109.105.64.0/19 dev eth0 proto kernel scope link src 109.105.92.102
240.127.1.0/24 dev docker0 proto kernel scope link src 240.127.1.1 linkdown
admin@sonic:~$ ip route show vrf Vrf0
100.0.14.0/24 dev Ethernet0 proto kernel scope link src 100.0.14.2 linkdown
100.0.15.0/24 dev Ethernet8 proto kernel scope link src 100.0.15.1 linkdown
admin@sonic:~$
admin@sonic:~$
admin@sonic:~$ ip route show vrf Vrf8
admin@sonic:~$ ip route show vrf Vrf16
100.0.15.0/24 dev Ethernet16 proto kernel scope link src 100.0.15.2 linkdown
admin@sonic:~$
admin@sonic:~$
admin@sonic:~$ show configuration running
Usage: show [OPTIONS] COMMAND [ARGS]...
Try "show -h" for help.

Error: No such command "configuration".
admin@sonic:~$ show -h
Usage: show [OPTIONS] COMMAND [ARGS]...

  SONiC command line - 'show' command

Options:
  -h, -?, --help  Show this message and exit.

Commands:
  aaa                       Show AAA configuration
  acl                       Show ACL related information
  arp                       Show IP ARP table
  auto-techsupport          AUTO_TECHSUPPORT part of config_db.json
  auto-techsupport-feature  [Callable command group]
  bfd                       Show details of the bfd sessions
  boot                      Show boot configuration
  buffer                    Show buffer information
  buffer_pool               Show details of the buffer pools
  chassis                   Chassis commands group
  clock                     Show date and time
  dhcp6relay_counters       Show DHCPv6 counter
  dhcp_relay                show DHCP_Relay information
  dhcprelay_helper          Show DHCP_Relay helper information
  dropcounters              Show drop counter related information
  ecn                       Show ECN configuration
  environment               Show environmentals (voltages, fans, temps)
  event-counters            Show events counter
  fabric                    Show fabric information
  feature                   Show feature status
  fgnhg                     Show FGNHG information
  flowcnt-route             Show route flow counter related information
  flowcnt-trap              Show trap flow counter related information
  headroom-pool             Show details of headroom pool
  history
  interfaces                Show details of the network interfaces
  ip                        Show IP (IPv4) commands
  ipv6                      Show IPv6 commands
  kdump                     Show kdump configuration, dump files and dmesg...
  kubernetes
  line                      Show all console lines and their info include...
  lldp                      Show LLDP information
  logging                   Show system log
  mac                       Show MAC (FDB) entries
  macsec
  management_interface      Show management interface parameters
  mgmt-vrf                  Show management VRF attributes
  mirror_session            Show existing everflow sessions
  mmu                       Show mmu configuration
  muxcable                  SONiC command line - 'show muxcable' command
  nat                       Show details of the nat
  ndp                       Show IPv6 Neighbour table
  ntp                       Show NTP information
  nvgre-tunnel              [Callable command group]
  nvgre-tunnel-map          [Callable command group]
  passw-hardening           PASSWORD HARDENING part of config_db.json
  pbh                       Show PBH (Policy based hashing) feature...
  pfc                       Show details of the priority-flow-control (pfc)
  pfcwd                     Show details of the pfc watchdog
  platform                  Show platform-specific hardware info
  policer                   Show existing policers
  priority-group            Show details of the PGs
  processes                 Show process information
  queue                     Show details of the queues
  radius                    Show RADIUS configuration
  reboot-cause              Show cause of most recent reboot
  route-map                 show route-map
  runningconfiguration      Show current running configuration information
  services                  Show all daemon services
  sflow                     Show sFlow related information
  snmpagentaddress          Show SNMP agent listening IP address...
  snmptrap                  Show SNMP agent Trap server configuration
  startupconfiguration      Show startup configuration information
  storm-control             Show storm-control
  subinterfaces             Show details of the sub port interfaces
  syslog                    Show syslog server configuration
  system-health             Show system-health information
  system-memory             Show memory information
  tacacs                    Show TACACS+ configuration
  techsupport               Gather information for troubleshooting
  uptime                    Show system uptime
  users                     Show users
  version                   Show version information
  vlan                      Show VLAN information
  vnet                      Show vnet related information
  vrf                       Show vrf config
  vxlan                     Show vxlan related information
  warm_restart              Show warm restart configuration and state
  watermark                 Show details of watermark
  ztp                       Show Zero Touch Provisioning status
admin@sonic:~$
admin@sonic:~$
admin@sonic:~$
admin@sonic:~$
admin@sonic:~$
admin@sonic:~$
admin@sonic:~$
admin@sonic:~$ show runningconfiguration
acl         all         bgp         interfaces  ntp         ports       snmp        syslog
admin@sonic:~$ show runningconfiguration
acl         all         bgp         interfaces  ntp         ports       snmp        syslog
admin@sonic:~$ show runningconfiguration
Usage: show runningconfiguration [OPTIONS] COMMAND [ARGS]...

  Show current running configuration information

Options:
  -?, -h, --help  Show this message and exit.

Commands:
  acl         Show acl running configuration
  all         Show full running configuration
  bgp         Show BGP running configuration Note: multi-asic can run 'show...
  interfaces  Show interfaces running configuration
  ntp         Show NTP running configuration
  ports       Show ports running configuration
  snmp        Show SNMP running configuration
  syslog      Show Syslog running configuration
admin@sonic:~$ show runningconfiguration all
{
    "ASIC_SENSORS": {
        "ASIC_SENSORS_POLLER_INTERVAL": {
            "interval": "10"
        },
        "ASIC_SENSORS_POLLER_STATUS": {
            "admin_status": "enable"
        }
    },
    "AUTO_TECHSUPPORT": {
        "GLOBAL": {
            "available_mem_threshold": "10.0",
            "max_core_limit": "5.0",
            "max_techsupport_limit": "10.0",
            "min_available_mem": "200",
            "rate_limit_interval": "180",
            "since": "2 days ago",
            "state": "enabled"
        }
    },
    "AUTO_TECHSUPPORT_FEATURE": {
        "acms": {
            "available_mem_threshold": "10.0",
            "rate_limit_interval": "600",
            "state": "enabled"
        },
        "bgp": {
            "available_mem_threshold": "10.0",
            "rate_limit_interval": "600",
            "state": "enabled"
        },
        "database": {
            "available_mem_threshold": "10.0",
            "rate_limit_interval": "600",
            "state": "enabled"
        },
        "dhcp_relay": {
            "available_mem_threshold": "10.0",
            "rate_limit_interval": "600",
            "state": "enabled"
        },
        "eventd": {
            "available_mem_threshold": "10.0",
            "rate_limit_interval": "600",
            "state": "enabled"
        },
        "gnmi": {
            "available_mem_threshold": "10.0",
            "rate_limit_interval": "600",
            "state": "enabled"
        },
        "lldp": {
            "available_mem_threshold": "10.0",
            "rate_limit_interval": "600",
            "state": "enabled"
        },
        "macsec": {
            "available_mem_threshold": "10.0",
            "rate_limit_interval": "600",
            "state": "enabled"
        },
        "mux": {
            "available_mem_threshold": "10.0",
            "rate_limit_interval": "600",
            "state": "enabled"
        },
        "pmon": {
            "available_mem_threshold": "10.0",
            "rate_limit_interval": "600",
            "state": "enabled"
        },
        "radv": {
            "available_mem_threshold": "10.0",
            "rate_limit_interval": "600",
            "state": "enabled"
        },
        "restapi": {
            "available_mem_threshold": "10.0",
            "rate_limit_interval": "600",
            "state": "enabled"
        },
        "snmp": {
            "available_mem_threshold": "10.0",
            "rate_limit_interval": "600",
            "state": "enabled"
        },
        "swss": {
            "available_mem_threshold": "10.0",
            "rate_limit_interval": "600",
            "state": "enabled"
        },
        "syncd": {
            "available_mem_threshold": "10.0",
            "rate_limit_interval": "600",
            "state": "enabled"
        },
        "teamd": {
            "available_mem_threshold": "10.0",
            "rate_limit_interval": "600",
            "state": "enabled"
        },
        "telemetry": {
            "available_mem_threshold": "10.0",
            "rate_limit_interval": "600",
            "state": "enabled"
        },
        "vnet-monitor": {
            "available_mem_threshold": "10.0",
            "rate_limit_interval": "600",
            "state": "enabled"
        }
    },
    "BGP_DEVICE_GLOBAL": {
        "STATE": {
            "tsa_enabled": "false"
        }
    },
    "CRM": {
        "Config": {
            "acl_counter_high_threshold": "85",
            "acl_counter_low_threshold": "70",
            "acl_counter_threshold_type": "percentage",
            "acl_entry_high_threshold": "85",
            "acl_entry_low_threshold": "70",
            "acl_entry_threshold_type": "percentage",
            "acl_group_high_threshold": "85",
            "acl_group_low_threshold": "70",
            "acl_group_threshold_type": "percentage",
            "acl_table_high_threshold": "85",
            "acl_table_low_threshold": "70",
            "acl_table_threshold_type": "percentage",
            "dnat_entry_high_threshold": "85",
            "dnat_entry_low_threshold": "70",
            "dnat_entry_threshold_type": "percentage",
            "fdb_entry_high_threshold": "85",
            "fdb_entry_low_threshold": "70",
            "fdb_entry_threshold_type": "percentage",
            "ipmc_entry_high_threshold": "85",
            "ipmc_entry_low_threshold": "70",
            "ipmc_entry_threshold_type": "percentage",
            "ipv4_neighbor_high_threshold": "85",
            "ipv4_neighbor_low_threshold": "70",
            "ipv4_neighbor_threshold_type": "percentage",
            "ipv4_nexthop_high_threshold": "85",
            "ipv4_nexthop_low_threshold": "70",
            "ipv4_nexthop_threshold_type": "percentage",
            "ipv4_route_high_threshold": "85",
            "ipv4_route_low_threshold": "70",
            "ipv4_route_threshold_type": "percentage",
            "ipv6_neighbor_high_threshold": "85",
            "ipv6_neighbor_low_threshold": "70",
            "ipv6_neighbor_threshold_type": "percentage",
            "ipv6_nexthop_high_threshold": "85",
            "ipv6_nexthop_low_threshold": "70",
            "ipv6_nexthop_threshold_type": "percentage",
            "ipv6_route_high_threshold": "85",
            "ipv6_route_low_threshold": "70",
            "ipv6_route_threshold_type": "percentage",
            "mpls_inseg_high_threshold": "85",
            "mpls_inseg_low_threshold": "70",
            "mpls_inseg_threshold_type": "percentage",
            "mpls_nexthop_high_threshold": "85",
            "mpls_nexthop_low_threshold": "70",
            "mpls_nexthop_threshold_type": "percentage",
            "nexthop_group_high_threshold": "85",
            "nexthop_group_low_threshold": "70",
            "nexthop_group_member_high_threshold": "85",
            "nexthop_group_member_low_threshold": "70",
            "nexthop_group_member_threshold_type": "percentage",
            "nexthop_group_threshold_type": "percentage",
            "polling_interval": "300",
            "snat_entry_high_threshold": "85",
            "snat_entry_low_threshold": "70",
            "snat_entry_threshold_type": "percentage"
        }
    },
    "DEVICE_METADATA": {
        "localhost": {
            "buffer_model": "traditional",
            "default_bgp_status": "down",
            "default_pfcwd_status": "enable",
            "hwsku": "32x400Gb",
            "mac": "DC:05:39:CA:28:00",
            "platform": "x86_64-8101_32fh_o-r0",
            "timezone": "UTC"
        }
    },
    "FEATURE": {
        "acms": {
            "auto_restart": "enabled",
            "delayed": "False",
            "has_global_scope": "True",
            "has_per_asic_scope": "False",
            "high_mem_alert": "disabled",
            "state": "enabled",
            "support_syslog_rate_limit": "true"
        },
        "bgp": {
            "auto_restart": "enabled",
            "check_up_status": "false",
            "delayed": "False",
            "has_global_scope": "False",
            "has_per_asic_scope": "True",
            "high_mem_alert": "disabled",
            "state": "enabled",
            "support_syslog_rate_limit": "true"
        },
        "database": {
            "auto_restart": "always_enabled",
            "delayed": "False",
            "has_global_scope": "True",
            "has_per_asic_scope": "True",
            "high_mem_alert": "disabled",
            "state": "always_enabled",
            "support_syslog_rate_limit": "true"
        },
        "dhcp_relay": {
            "auto_restart": "enabled",
            "check_up_status": "False",
            "delayed": "False",
            "has_global_scope": "True",
            "has_per_asic_scope": "False",
            "high_mem_alert": "disabled",
            "set_owner": "local",
            "state": "enabled",
            "support_syslog_rate_limit": "True"
        },
        "eventd": {
            "auto_restart": "enabled",
            "delayed": "False",
            "has_global_scope": "True",
            "has_per_asic_scope": "False",
            "high_mem_alert": "disabled",
            "state": "enabled",
            "support_syslog_rate_limit": "true"
        },
        "gnmi": {
            "auto_restart": "enabled",
            "delayed": "True",
            "has_global_scope": "True",
            "has_per_asic_scope": "False",
            "high_mem_alert": "disabled",
            "state": "enabled",
            "support_syslog_rate_limit": "true"
        },
        "lldp": {
            "auto_restart": "enabled",
            "delayed": "True",
            "has_global_scope": "True",
            "has_per_asic_scope": "True",
            "high_mem_alert": "disabled",
            "state": "enabled",
            "support_syslog_rate_limit": "true"
        },
        "macsec": {
            "auto_restart": "enabled",
            "check_up_status": "False",
            "delayed": "False",
            "has_global_scope": "False",
            "has_per_asic_scope": "True",
            "high_mem_alert": "disabled",
            "set_owner": "local",
            "state": "disabled",
            "support_syslog_rate_limit": "True"
        },
        "mux": {
            "auto_restart": "enabled",
            "delayed": "False",
            "has_global_scope": "True",
            "has_per_asic_scope": "False",
            "high_mem_alert": "disabled",
            "state": "always_disabled",
            "support_syslog_rate_limit": "true"
        },
        "pmon": {
            "auto_restart": "enabled",
            "check_up_status": "false",
            "delayed": "True",
            "has_global_scope": "True",
            "has_per_asic_scope": "False",
            "high_mem_alert": "disabled",
            "state": "enabled",
            "support_syslog_rate_limit": "true"
        },
        "radv": {
            "auto_restart": "enabled",
            "delayed": "False",
            "has_global_scope": "True",
            "has_per_asic_scope": "False",
            "high_mem_alert": "disabled",
            "state": "enabled",
            "support_syslog_rate_limit": "true"
        },
        "restapi": {
            "auto_restart": "enabled",
            "delayed": "False",
            "has_global_scope": "True",
            "has_per_asic_scope": "False",
            "high_mem_alert": "disabled",
            "state": "enabled",
            "support_syslog_rate_limit": "true"
        },
        "snmp": {
            "auto_restart": "enabled",
            "delayed": "True",
            "has_global_scope": "True",
            "has_per_asic_scope": "False",
            "high_mem_alert": "disabled",
            "state": "enabled",
            "support_syslog_rate_limit": "true"
        },
        "swss": {
            "auto_restart": "enabled",
            "check_up_status": "false",
            "delayed": "False",
            "has_global_scope": "False",
            "has_per_asic_scope": "True",
            "high_mem_alert": "disabled",
            "state": "enabled",
            "support_syslog_rate_limit": "true"
        },
        "syncd": {
            "auto_restart": "enabled",
            "delayed": "False",
            "has_global_scope": "False",
            "has_per_asic_scope": "True",
            "high_mem_alert": "disabled",
            "state": "enabled",
            "support_syslog_rate_limit": "true"
        },
        "teamd": {
            "auto_restart": "enabled",
            "delayed": "False",
            "has_global_scope": "False",
            "has_per_asic_scope": "True",
            "high_mem_alert": "disabled",
            "state": "enabled",
            "support_syslog_rate_limit": "true"
        },
        "telemetry": {
            "auto_restart": "enabled",
            "delayed": "True",
            "has_global_scope": "True",
            "has_per_asic_scope": "False",
            "high_mem_alert": "disabled",
            "state": "enabled",
            "support_syslog_rate_limit": "true"
        },
        "vnet-monitor": {
            "auto_restart": "enabled",
            "delayed": "False",
            "has_global_scope": "True",
            "has_per_asic_scope": "False",
            "high_mem_alert": "disabled",
            "state": "always_disabled",
            "support_syslog_rate_limit": "true"
        }
    },
    "FLEX_COUNTER_TABLE": {
        "ACL": {
            "FLEX_COUNTER_DELAY_STATUS": "false",
            "FLEX_COUNTER_STATUS": "disable",
            "POLL_INTERVAL": "10000"
        },
        "BUFFER_POOL_WATERMARK": {
            "FLEX_COUNTER_DELAY_STATUS": "false",
            "FLEX_COUNTER_STATUS": "enable"
        },
        "PFCWD": {
            "FLEX_COUNTER_DELAY_STATUS": "false",
            "FLEX_COUNTER_STATUS": "enable"
        },
        "PG_DROP": {
            "FLEX_COUNTER_DELAY_STATUS": "false",
            "FLEX_COUNTER_STATUS": "enable"
        },
        "PG_WATERMARK": {
            "FLEX_COUNTER_DELAY_STATUS": "false",
            "FLEX_COUNTER_STATUS": "enable"
        },
        "PORT": {
            "FLEX_COUNTER_DELAY_STATUS": "false",
            "FLEX_COUNTER_STATUS": "enable"
        },
        "PORT_BUFFER_DROP": {
            "FLEX_COUNTER_DELAY_STATUS": "false",
            "FLEX_COUNTER_STATUS": "enable"
        },
        "QUEUE": {
            "FLEX_COUNTER_DELAY_STATUS": "false",
            "FLEX_COUNTER_STATUS": "enable"
        },
        "QUEUE_WATERMARK": {
            "FLEX_COUNTER_DELAY_STATUS": "false",
            "FLEX_COUNTER_STATUS": "enable"
        },
        "RIF": {
            "FLEX_COUNTER_DELAY_STATUS": "false",
            "FLEX_COUNTER_STATUS": "enable"
        }
    },
    "INTERFACE": {
        "Ethernet0": {
            "mac_addr": "e8:eb:34:e7:d4:00",
            "vrf_name": "Vrf0"
        },
        "Ethernet104": {
            "mac_addr": "e8:eb:34:e7:d3:f3",
            "vrf_name": "Vrf104"
        },
        "Ethernet112": {
            "mac_addr": "e8:eb:34:e7:d3:f2",
            "vrf_name": "Vrf112"
        },
        "Ethernet120": {
            "mac_addr": "e8:eb:34:e7:d3:f1",
            "vrf_name": "Vrf120"
        },
        "Ethernet128": {
            "mac_addr": "e8:eb:34:e7:d3:f0",
            "vrf_name": "Vrf128"
        },
        "Ethernet136": {
            "mac_addr": "e8:eb:34:e7:d3:ef",
            "vrf_name": "Vrf136"
        },
        "Ethernet144": {
            "mac_addr": "e8:eb:34:e7:d3:ee",
            "vrf_name": "Vrf144"
        },
        "Ethernet152": {
            "mac_addr": "e8:eb:34:e7:d3:ed",
            "vrf_name": "Vrf152"
        },
        "Ethernet16": {
            "mac_addr": "e8:eb:34:e7:d3:fe",
            "vrf_name": "Vrf16"
        },
        "Ethernet160": {
            "mac_addr": "e8:eb:34:e7:d3:eb",
            "vrf_name": "Vrf160"
        },
        "Ethernet168": {
            "mac_addr": "e8:eb:34:e7:d3:ea",
            "vrf_name": "Vrf168"
        },
        "Ethernet176": {
            "mac_addr": "e8:eb:34:e7:d3:e9",
            "vrf_name": "Vrf176"
        },
        "Ethernet184": {
            "mac_addr": "e8:eb:34:e7:d3:e8",
            "vrf_name": "Vrf184"
        },
        "Ethernet192": {
            "mac_addr": "e8:eb:34:e7:d3:e7",
            "vrf_name": "Vrf192"
        },
        "Ethernet20": {
            "mac_addr": "e8:eb:34:e7:d3:eb"
        },
        "Ethernet200": {
            "mac_addr": "e8:eb:34:e7:d3:e6",
            "vrf_name": "Vrf200"
        },
        "Ethernet208": {
            "mac_addr": "e8:eb:34:e7:d3:e5",
            "vrf_name": "Vrf208"
        },
        "Ethernet21": {
            "mac_addr": "e8:eb:34:e7:d3:ea"
        },
        "Ethernet216": {
            "mac_addr": "e8:eb:34:e7:d3:e4",
            "vrf_name": "Vrf216"
        },
        "Ethernet22": {
            "mac_addr": "e8:eb:34:e7:d3:e9"
        },
        "Ethernet224": {
            "mac_addr": "e8:eb:34:e7:d3:e3",
            "vrf_name": "Vrf224"
        },
        "Ethernet23": {
            "mac_addr": "e8:eb:34:e7:d3:e8"
        },
        "Ethernet232": {
            "mac_addr": "e8:eb:34:e7:d3:e2",
            "vrf_name": "Vrf232"
        },
        "Ethernet24": {
            "mac_addr": "e8:eb:34:e7:d3:fd",
            "vrf_name": "Vrf24"
        },
        "Ethernet240": {
            "mac_addr": "e8:eb:34:e7:d3:e1",
            "vrf_name": "Vrf240"
        },
        "Ethernet248": {
            "mac_addr": "e8:eb:34:e7:d3:ec",
            "vrf_name": "Vrf248"
        },
        "Ethernet25": {
            "mac_addr": "e8:eb:34:e7:d3:e6"
        },
        "Ethernet26": {
            "mac_addr": "e8:eb:34:e7:d3:e5"
        },
        "Ethernet27": {
            "mac_addr": "e8:eb:34:e7:d3:e4"
        },
        "Ethernet28": {
            "mac_addr": "e8:eb:34:e7:d3:e3"
        },
        "Ethernet29": {
            "mac_addr": "e8:eb:34:e7:d3:e2"
        },
        "Ethernet30": {
            "mac_addr": "e8:eb:34:e7:d3:e1"
        },
        "Ethernet31": {
            "mac_addr": "e8:eb:34:e7:d3:ec"
        },
        "Ethernet32": {
            "mac_addr": "e8:eb:34:e7:d3:fc",
            "vrf_name": "Vrf32"
        },
        "Ethernet40": {
            "mac_addr": "e8:eb:34:e7:d3:fb",
            "vrf_name": "Vrf40"
        },
        "Ethernet48": {
            "mac_addr": "e8:eb:34:e7:d3:fa",
            "vrf_name": "Vrf48"
        },
        "Ethernet56": {
            "mac_addr": "e8:eb:34:e7:d3:f9",
            "vrf_name": "Vrf56"
        },
        "Ethernet64": {
            "mac_addr": "e8:eb:34:e7:d3:f8",
            "vrf_name": "Vrf64"
        },
        "Ethernet72": {
            "mac_addr": "e8:eb:34:e7:d3:f7",
            "vrf_name": "Vrf72"
        },
        "Ethernet8": {
            "vrf_name": "Vrf0"
        },
        "Ethernet80": {
            "mac_addr": "e8:eb:34:e7:d3:f6",
            "vrf_name": "Vrf80"
        },
        "Ethernet88": {
            "mac_addr": "e8:eb:34:e7:d3:f5",
            "vrf_name": "Vrf88"
        },
        "Ethernet96": {
            "mac_addr": "e8:eb:34:e7:d3:f4",
            "vrf_name": "Vrf96"
        },
        "Ethernet0|100.0.14.2/24": {},
        "Ethernet104|100.0.20.1/24": {},
        "Ethernet112|100.0.21.2/24": {},
        "Ethernet120|100.0.21.1/24": {},
        "Ethernet128|100.0.22.2/24": {},
        "Ethernet136|100.0.22.1/24": {},
        "Ethernet144|100.0.23.2/24": {},
        "Ethernet152|100.0.23.1/24": {},
        "Ethernet160|100.0.24.2/24": {},
        "Ethernet168|100.0.24.1/24": {},
        "Ethernet16|100.0.15.2/24": {},
        "Ethernet176|100.0.25.2/24": {},
        "Ethernet184|100.0.25.1/24": {},
        "Ethernet192|100.0.26.2/24": {},
        "Ethernet200|100.0.26.1/24": {},
        "Ethernet208|100.0.27.2/24": {},
        "Ethernet216|100.0.27.1/24": {},
        "Ethernet224|100.0.28.2/24": {},
        "Ethernet232|100.0.28.1/24": {},
        "Ethernet240|100.0.80.1/24": {},
        "Ethernet248|100.0.70.1/24": {},
        "Ethernet24|100.0.15.1/24": {},
        "Ethernet32|100.0.16.2/24": {},
        "Ethernet40|100.0.16.1/24": {},
        "Ethernet48|100.0.17.2/24": {},
        "Ethernet56|100.0.17.1/24": {},
        "Ethernet64|100.0.18.2/24": {},
        "Ethernet72|100.0.18.1/24": {},
        "Ethernet80|100.0.19.2/24": {},
        "Ethernet88|100.0.19.1/24": {},
        "Ethernet8|100.0.15.1/24": {},
        "Ethernet96|100.0.20.2/24": {}
    },
    "KDUMP": {
        "config": {
            "enabled": "true",
            "memory": "0M-2G:256M,2G-4G:320M,4G-8G:384M,8G-:448M",
            "num_dumps": "3"
        }
    },
    "LOGGER": {
        "SAI_API_ACL": {
            "LOGLEVEL": "SAI_LOG_LEVEL_NOTICE",
            "LOGOUTPUT": "SYSLOG"
        },
        "SAI_API_ARS": {
            "LOGLEVEL": "SAI_LOG_LEVEL_NOTICE",
            "LOGOUTPUT": "SYSLOG"
        },
        "SAI_API_ARS_PROFILE": {
            "LOGLEVEL": "SAI_LOG_LEVEL_NOTICE",
            "LOGOUTPUT": "SYSLOG"
        },
        "SAI_API_BFD": {
            "LOGLEVEL": "SAI_LOG_LEVEL_NOTICE",
            "LOGOUTPUT": "SYSLOG"
        },
        "SAI_API_BMTOR": {
            "LOGLEVEL": "SAI_LOG_LEVEL_NOTICE",
            "LOGOUTPUT": "SYSLOG"
        },
        "SAI_API_BRIDGE": {
            "LOGLEVEL": "SAI_LOG_LEVEL_NOTICE",
            "LOGOUTPUT": "SYSLOG"
        },
        "SAI_API_BUFFER": {
            "LOGLEVEL": "SAI_LOG_LEVEL_NOTICE",
            "LOGOUTPUT": "SYSLOG"
        },
        "SAI_API_COUNTER": {
            "LOGLEVEL": "SAI_LOG_LEVEL_NOTICE",
            "LOGOUTPUT": "SYSLOG"
        },
        "SAI_API_DASH_ACL": {
            "LOGLEVEL": "SAI_LOG_LEVEL_NOTICE",
            "LOGOUTPUT": "SYSLOG"
        },
        "SAI_API_DASH_DIRECTION_LOOKUP": {
            "LOGLEVEL": "SAI_LOG_LEVEL_NOTICE",
            "LOGOUTPUT": "SYSLOG"
        },
        "SAI_API_DASH_ENI": {
            "LOGLEVEL": "SAI_LOG_LEVEL_NOTICE",
            "LOGOUTPUT": "SYSLOG"
        },
        "SAI_API_DASH_INBOUND_ROUTING": {
            "LOGLEVEL": "SAI_LOG_LEVEL_NOTICE",
            "LOGOUTPUT": "SYSLOG"
        },
        "SAI_API_DASH_OUTBOUND_CA_TO_PA": {
            "LOGLEVEL": "SAI_LOG_LEVEL_NOTICE",
            "LOGOUTPUT": "SYSLOG"
        },
        "SAI_API_DASH_OUTBOUND_ROUTING": {
            "LOGLEVEL": "SAI_LOG_LEVEL_NOTICE",
            "LOGOUTPUT": "SYSLOG"
        },
        "SAI_API_DASH_PA_VALIDATION": {
            "LOGLEVEL": "SAI_LOG_LEVEL_NOTICE",
            "LOGOUTPUT": "SYSLOG"
        },
        "SAI_API_DASH_VIP": {
            "LOGLEVEL": "SAI_LOG_LEVEL_NOTICE",
            "LOGOUTPUT": "SYSLOG"
        },
        "SAI_API_DASH_VNET": {
            "LOGLEVEL": "SAI_LOG_LEVEL_NOTICE",
            "LOGOUTPUT": "SYSLOG"
        },
        "SAI_API_DEBUG_COUNTER": {
            "LOGLEVEL": "SAI_LOG_LEVEL_NOTICE",
            "LOGOUTPUT": "SYSLOG"
        },
        "SAI_API_DTEL": {
            "LOGLEVEL": "SAI_LOG_LEVEL_NOTICE",
            "LOGOUTPUT": "SYSLOG"
        },
        "SAI_API_FDB": {
            "LOGLEVEL": "SAI_LOG_LEVEL_NOTICE",
            "LOGOUTPUT": "SYSLOG"
        },
        "SAI_API_GENERIC_PROGRAMMABLE": {
            "LOGLEVEL": "SAI_LOG_LEVEL_NOTICE",
            "LOGOUTPUT": "SYSLOG"
        },
        "SAI_API_HASH": {
            "LOGLEVEL": "SAI_LOG_LEVEL_NOTICE",
            "LOGOUTPUT": "SYSLOG"
        },
        "SAI_API_HOSTIF": {
            "LOGLEVEL": "SAI_LOG_LEVEL_NOTICE",
            "LOGOUTPUT": "SYSLOG"
        },
        "SAI_API_IPMC": {
            "LOGLEVEL": "SAI_LOG_LEVEL_NOTICE",
            "LOGOUTPUT": "SYSLOG"
        },
        "SAI_API_IPMC_GROUP": {
            "LOGLEVEL": "SAI_LOG_LEVEL_NOTICE",
            "LOGOUTPUT": "SYSLOG"
        },
        "SAI_API_IPSEC": {
            "LOGLEVEL": "SAI_LOG_LEVEL_NOTICE",
            "LOGOUTPUT": "SYSLOG"
        },
        "SAI_API_ISOLATION_GROUP": {
            "LOGLEVEL": "SAI_LOG_LEVEL_NOTICE",
            "LOGOUTPUT": "SYSLOG"
        },
        "SAI_API_L2MC": {
            "LOGLEVEL": "SAI_LOG_LEVEL_NOTICE",
            "LOGOUTPUT": "SYSLOG"
        },
        "SAI_API_L2MC_GROUP": {
            "LOGLEVEL": "SAI_LOG_LEVEL_NOTICE",
            "LOGOUTPUT": "SYSLOG"
        },
        "SAI_API_LAG": {
            "LOGLEVEL": "SAI_LOG_LEVEL_NOTICE",
            "LOGOUTPUT": "SYSLOG"
        },
        "SAI_API_MACSEC": {
            "LOGLEVEL": "SAI_LOG_LEVEL_NOTICE",
            "LOGOUTPUT": "SYSLOG"
        },
        "SAI_API_MCAST_FDB": {
            "LOGLEVEL": "SAI_LOG_LEVEL_NOTICE",
            "LOGOUTPUT": "SYSLOG"
        },
        "SAI_API_MIRROR": {
            "LOGLEVEL": "SAI_LOG_LEVEL_NOTICE",
            "LOGOUTPUT": "SYSLOG"
        },
        "SAI_API_MPLS": {
            "LOGLEVEL": "SAI_LOG_LEVEL_NOTICE",
            "LOGOUTPUT": "SYSLOG"
        },
        "SAI_API_MY_MAC": {
            "LOGLEVEL": "SAI_LOG_LEVEL_NOTICE",
            "LOGOUTPUT": "SYSLOG"
        },
        "SAI_API_NAT": {
            "LOGLEVEL": "SAI_LOG_LEVEL_NOTICE",
            "LOGOUTPUT": "SYSLOG"
        },
        "SAI_API_NEIGHBOR": {
            "LOGLEVEL": "SAI_LOG_LEVEL_NOTICE",
            "LOGOUTPUT": "SYSLOG"
        },
        "SAI_API_NEXT_HOP": {
            "LOGLEVEL": "SAI_LOG_LEVEL_NOTICE",
            "LOGOUTPUT": "SYSLOG"
        },
        "SAI_API_NEXT_HOP_GROUP": {
            "LOGLEVEL": "SAI_LOG_LEVEL_NOTICE",
            "LOGOUTPUT": "SYSLOG"
        },
        "SAI_API_POLICER": {
            "LOGLEVEL": "SAI_LOG_LEVEL_NOTICE",
            "LOGOUTPUT": "SYSLOG"
        },
        "SAI_API_PORT": {
            "LOGLEVEL": "SAI_LOG_LEVEL_NOTICE",
            "LOGOUTPUT": "SYSLOG"
        },
        "SAI_API_QOS_MAP": {
            "LOGLEVEL": "SAI_LOG_LEVEL_NOTICE",
            "LOGOUTPUT": "SYSLOG"
        },
        "SAI_API_QUEUE": {
            "LOGLEVEL": "SAI_LOG_LEVEL_NOTICE",
            "LOGOUTPUT": "SYSLOG"
        },
        "SAI_API_ROUTE": {
            "LOGLEVEL": "SAI_LOG_LEVEL_NOTICE",
            "LOGOUTPUT": "SYSLOG"
        },
        "SAI_API_ROUTER_INTERFACE": {
            "LOGLEVEL": "SAI_LOG_LEVEL_NOTICE",
            "LOGOUTPUT": "SYSLOG"
        },
        "SAI_API_RPF_GROUP": {
            "LOGLEVEL": "SAI_LOG_LEVEL_NOTICE",
            "LOGOUTPUT": "SYSLOG"
        },
        "SAI_API_SAMPLEPACKET": {
            "LOGLEVEL": "SAI_LOG_LEVEL_NOTICE",
            "LOGOUTPUT": "SYSLOG"
        },
        "SAI_API_SCHEDULER": {
            "LOGLEVEL": "SAI_LOG_LEVEL_NOTICE",
            "LOGOUTPUT": "SYSLOG"
        },
        "SAI_API_SCHEDULER_GROUP": {
            "LOGLEVEL": "SAI_LOG_LEVEL_NOTICE",
            "LOGOUTPUT": "SYSLOG"
        },
        "SAI_API_SRV6": {
            "LOGLEVEL": "SAI_LOG_LEVEL_NOTICE",
            "LOGOUTPUT": "SYSLOG"
        },
        "SAI_API_STP": {
            "LOGLEVEL": "SAI_LOG_LEVEL_NOTICE",
            "LOGOUTPUT": "SYSLOG"
        },
        "SAI_API_SWITCH": {
            "LOGLEVEL": "SAI_LOG_LEVEL_NOTICE",
            "LOGOUTPUT": "SYSLOG"
        },
        "SAI_API_SYSTEM_PORT": {
            "LOGLEVEL": "SAI_LOG_LEVEL_NOTICE",
            "LOGOUTPUT": "SYSLOG"
        },
        "SAI_API_TAM": {
            "LOGLEVEL": "SAI_LOG_LEVEL_NOTICE",
            "LOGOUTPUT": "SYSLOG"
        },
        "SAI_API_TUNNEL": {
            "LOGLEVEL": "SAI_LOG_LEVEL_NOTICE",
            "LOGOUTPUT": "SYSLOG"
        },
        "SAI_API_UDF": {
            "LOGLEVEL": "SAI_LOG_LEVEL_NOTICE",
            "LOGOUTPUT": "SYSLOG"
        },
        "SAI_API_VIRTUAL_ROUTER": {
            "LOGLEVEL": "SAI_LOG_LEVEL_NOTICE",
            "LOGOUTPUT": "SYSLOG"
        },
        "SAI_API_VLAN": {
            "LOGLEVEL": "SAI_LOG_LEVEL_NOTICE",
            "LOGOUTPUT": "SYSLOG"
        },
        "SAI_API_WRED": {
            "LOGLEVEL": "SAI_LOG_LEVEL_NOTICE",
            "LOGOUTPUT": "SYSLOG"
        },
        "buffermgrd": {
            "LOGLEVEL": "NOTICE",
            "LOGOUTPUT": "SYSLOG"
        },
        "coppmgrd": {
            "LOGLEVEL": "NOTICE",
            "LOGOUTPUT": "SYSLOG"
        },
        "fdbsyncd": {
            "LOGLEVEL": "NOTICE",
            "LOGOUTPUT": "SYSLOG"
        },
        "fpmsyncd": {
            "LOGLEVEL": "NOTICE",
            "LOGOUTPUT": "SYSLOG"
        },
        "gearsyncd": {
            "LOGLEVEL": "NOTICE",
            "LOGOUTPUT": "SYSLOG"
        },
        "intfmgrd": {
            "LOGLEVEL": "NOTICE",
            "LOGOUTPUT": "SYSLOG"
        },
        "nbrmgrd": {
            "LOGLEVEL": "NOTICE",
            "LOGOUTPUT": "SYSLOG"
        },
        "neighsyncd": {
            "LOGLEVEL": "NOTICE",
            "LOGOUTPUT": "SYSLOG"
        },
        "orchagent": {
            "LOGLEVEL": "NOTICE",
            "LOGOUTPUT": "SYSLOG"
        },
        "portmgrd": {
            "LOGLEVEL": "NOTICE",
            "LOGOUTPUT": "SYSLOG"
        },
        "portsyncd": {
            "LOGLEVEL": "NOTICE",
            "LOGOUTPUT": "SYSLOG"
        },
        "syncd": {
            "LOGLEVEL": "NOTICE",
            "LOGOUTPUT": "SYSLOG"
        },
        "teammgrd": {
            "LOGLEVEL": "NOTICE",
            "LOGOUTPUT": "SYSLOG"
        },
        "teamsyncd": {
            "LOGLEVEL": "NOTICE",
            "LOGOUTPUT": "SYSLOG"
        },
        "tlm_teamd": {
            "LOGLEVEL": "NOTICE",
            "LOGOUTPUT": "SYSLOG"
        },
        "tunnelmgrd": {
            "LOGLEVEL": "NOTICE",
            "LOGOUTPUT": "SYSLOG"
        },
        "vlanmgrd": {
            "LOGLEVEL": "NOTICE",
            "LOGOUTPUT": "SYSLOG"
        },
        "vrfmgrd": {
            "LOGLEVEL": "NOTICE",
            "LOGOUTPUT": "SYSLOG"
        },
        "vxlanmgrd": {
            "LOGLEVEL": "NOTICE",
            "LOGOUTPUT": "SYSLOG"
        }
    },
    "MGMT_INTERFACE": {
        "eth0|109.105.92.102/19": {}
    },
    "PASSW_HARDENING": {
        "POLICIES": {
            "digits_class": "true",
            "expiration": "180",
            "expiration_warning": "15",
            "history_cnt": "10",
            "len_min": "8",
            "lower_class": "true",
            "reject_user_passw_match": "true",
            "special_class": "true",
            "state": "disabled",
            "upper_class": "true"
        }
    },
    "PORT": {
        "Ethernet0": {
            "admin_status": "up",
            "alias": "etp0",
            "index": "0",
            "lanes": "2304,2305,2306,2307,2308,2309,2310,2311",
            "mtu": "9100",
            "speed": "400000",
            "subport": "0"
        },
        "Ethernet104": {
            "admin_status": "up",
            "alias": "etp13",
            "index": "13",
            "lanes": "1800,1801,1802,1803,1804,1805,1806,1807",
            "mtu": "9100",
            "speed": "400000",
            "subport": "0"
        },
        "Ethernet112": {
            "admin_status": "up",
            "alias": "etp14",
            "index": "14",
            "lanes": "1552,1553,1554,1555,1556,1557,1558,1559",
            "mtu": "9100",
            "speed": "400000",
            "subport": "0"
        },
        "Ethernet120": {
            "admin_status": "up",
            "alias": "etp15",
            "index": "15",
            "lanes": "1544,1545,1546,1547,1548,1549,1550,1551",
            "mtu": "9100",
            "speed": "400000",
            "subport": "0"
        },
        "Ethernet128": {
            "admin_status": "up",
            "alias": "etp16",
            "index": "16",
            "lanes": "1296,1297,1298,1299,1300,1301,1302,1303",
            "mtu": "9100",
            "speed": "400000",
            "subport": "0"
        },
        "Ethernet136": {
            "admin_status": "up",
            "alias": "etp17",
            "index": "17",
            "lanes": "1288,1289,1290,1291,1292,1293,1294,1295",
            "mtu": "9100",
            "speed": "400000",
            "subport": "0"
        },
        "Ethernet144": {
            "admin_status": "up",
            "alias": "etp18",
            "index": "18",
            "lanes": "1280,1281,1282,1283,1284,1285,1286,1287",
            "mtu": "9100",
            "speed": "400000",
            "subport": "0"
        },
        "Ethernet152": {
            "admin_status": "up",
            "alias": "etp19",
            "index": "19",
            "lanes": "1032,1033,1034,1035,1036,1037,1038,1039",
            "mtu": "9100",
            "speed": "400000",
            "subport": "0"
        },
        "Ethernet16": {
            "admin_status": "up",
            "alias": "etp2",
            "index": "2",
            "lanes": "2312,2313,2314,2315,2316,2317,2318,2319",
            "mtu": "9100",
            "speed": "400000",
            "subport": "0"
        },
        "Ethernet160": {
            "admin_status": "up",
            "alias": "etp20",
            "index": "20",
            "lanes": "264,265,266,267,268,269,270,271",
            "mtu": "9100",
            "speed": "400000",
            "subport": "0"
        },
        "Ethernet168": {
            "admin_status": "up",
            "alias": "etp21",
            "index": "21",
            "lanes": "272,273,274,275,276,277,278,279",
            "mtu": "9100",
            "speed": "400000",
            "subport": "0"
        },
        "Ethernet176": {
            "admin_status": "up",
            "alias": "etp22",
            "index": "22",
            "lanes": "16,17,18,19,20,21,22,23",
            "mtu": "9100",
            "speed": "400000",
            "subport": "0"
        },
        "Ethernet184": {
            "admin_status": "up",
            "alias": "etp23",
            "index": "23",
            "lanes": "0,1,2,3,4,5,6,7",
            "mtu": "9100",
            "speed": "400000",
            "subport": "0"
        },
        "Ethernet192": {
            "admin_status": "up",
            "alias": "etp24",
            "index": "24",
            "lanes": "256,257,258,259,260,261,262,263",
            "mtu": "9100",
            "speed": "400000",
            "subport": "0"
        },
        "Ethernet200": {
            "admin_status": "up",
            "alias": "etp25",
            "index": "25",
            "lanes": "8,9,10,11,12,13,14,15",
            "mtu": "9100",
            "speed": "400000",
            "subport": "0"
        },
        "Ethernet208": {
            "admin_status": "up",
            "alias": "etp26",
            "index": "26",
            "lanes": "1024,1025,1026,1027,1028,1029,1030,1031",
            "mtu": "9100",
            "speed": "400000",
            "subport": "0"
        },
        "Ethernet216": {
            "admin_status": "up",
            "alias": "etp27",
            "index": "27",
            "lanes": "768,769,770,771,772,773,774,775",
            "mtu": "9100",
            "speed": "400000",
            "subport": "0"
        },
        "Ethernet224": {
            "admin_status": "up",
            "alias": "etp28",
            "index": "28",
            "lanes": "520,521,522,523,524,525,526,527",
            "mtu": "9100",
            "speed": "400000",
            "subport": "0"
        },
        "Ethernet232": {
            "admin_status": "up",
            "alias": "etp29",
            "index": "29",
            "lanes": "776,777,778,779,780,781,782,783",
            "mtu": "9100",
            "speed": "400000",
            "subport": "0"
        },
        "Ethernet24": {
            "admin_status": "up",
            "alias": "etp3",
            "index": "3",
            "lanes": "2056,2057,2058,2059,2060,2061,2062,2063",
            "mtu": "9100",
            "speed": "400000",
            "subport": "0"
        },
        "Ethernet240": {
            "admin_status": "up",
            "alias": "etp30",
            "index": "30",
            "lanes": "512,513,514,515,516,517,518,519",
            "mtu": "9100",
            "speed": "400000",
            "subport": "0"
        },
        "Ethernet248": {
            "admin_status": "up",
            "alias": "etp31",
            "index": "31",
            "lanes": "528,529,530,531,532,533,534,535",
            "mtu": "9100",
            "speed": "400000",
            "subport": "0"
        },
        "Ethernet32": {
            "admin_status": "up",
            "alias": "etp4",
            "index": "4",
            "lanes": "1792,1793,1794,1795,1796,1797,1798,1799",
            "mtu": "9100",
            "speed": "400000",
            "subport": "0"
        },
        "Ethernet40": {
            "admin_status": "up",
            "alias": "etp5",
            "index": "5",
            "lanes": "2048,2049,2050,2051,2052,2053,2054,2055",
            "mtu": "9100",
            "speed": "400000",
            "subport": "0"
        },
        "Ethernet48": {
            "admin_status": "up",
            "alias": "etp6",
            "index": "6",
            "lanes": "2560,2561,2562,2563,2564,2565,2566,2567",
            "mtu": "9100",
            "speed": "400000",
            "subport": "0"
        },
        "Ethernet56": {
            "admin_status": "up",
            "alias": "etp7",
            "index": "7",
            "lanes": "2824,2825,2826,2827,2828,2829,2830,2831",
            "mtu": "9100",
            "speed": "400000",
            "subport": "0"
        },
        "Ethernet64": {
            "admin_status": "up",
            "alias": "etp8",
            "index": "8",
            "lanes": "2832,2833,2834,2835,2836,2837,2838,2839",
            "mtu": "9100",
            "speed": "400000",
            "subport": "0"
        },
        "Ethernet72": {
            "admin_status": "up",
            "alias": "etp9",
            "index": "9",
            "lanes": "2816,2817,2818,2819,2820,2821,2822,2823",
            "mtu": "9100",
            "speed": "400000",
            "subport": "0"
        },
        "Ethernet8": {
            "admin_status": "up",
            "alias": "etp1",
            "index": "1",
            "lanes": "2320,2321,2322,2323,2324,2325,2326,2327",
            "mtu": "9100",
            "speed": "400000",
            "subport": "0"
        },
        "Ethernet80": {
            "admin_status": "up",
            "alias": "etp10",
            "index": "10",
            "lanes": "2568,2569,2570,2571,2572,2573,2574,2575",
            "mtu": "9100",
            "speed": "400000",
            "subport": "0"
        },
        "Ethernet88": {
            "admin_status": "up",
            "alias": "etp11",
            "index": "11",
            "lanes": "2576,2577,2578,2579,2580,2581,2582,2583",
            "mtu": "9100",
            "speed": "400000",
            "subport": "0"
        },
        "Ethernet96": {
            "admin_status": "up",
            "alias": "etp12",
            "index": "12",
            "lanes": "1536,1537,1538,1539,1540,1541,1542,1543",
            "mtu": "9100",
            "speed": "400000",
            "subport": "0"
        }
    },
    "SNMP": {
        "LOCATION": {
            "Location": "public"
        }
    },
    "SNMP_COMMUNITY": {
        "public": {
            "TYPE": "RO"
        }
    },
    "STATIC_ROUTE": {
        "Vrf0|3.3.3.3/32": {
            "blackhole": "false",
            "distance": "0",
            "ifname": "",
            "nexthop": "100.0.70.2",
            "nexthop-vrf": "Vrf248"
        },
        "Vrf104|2.2.2.2/32": {
            "blackhole": "false",
            "distance": "0",
            "ifname": "",
            "nexthop": "100.0.21.1",
            "nexthop-vrf": "Vrf112"
        },
        "Vrf112|3.3.3.3/32": {
            "blackhole": "false",
            "distance": "0",
            "ifname": "",
            "nexthop": "100.0.20.2",
            "nexthop-vrf": "Vrf104"
        },
        "Vrf120|2.2.2.2/32": {
            "blackhole": "false",
            "distance": "0",
            "ifname": "",
            "nexthop": "100.0.22.1",
            "nexthop-vrf": "Vrf128"
        },
        "Vrf128|3.3.3.3/32": {
            "blackhole": "false",
            "distance": "0",
            "ifname": "",
            "nexthop": "100.0.21.2",
            "nexthop-vrf": "Vrf120"
        },
        "Vrf136|2.2.2.2/32": {
            "blackhole": "false",
            "distance": "0",
            "ifname": "",
            "nexthop": "100.0.23.1",
            "nexthop-vrf": "Vrf144"
        },
        "Vrf144|3.3.3.3/32": {
            "blackhole": "false",
            "distance": "0",
            "ifname": "",
            "nexthop": "100.0.22.2",
            "nexthop-vrf": "Vrf136"
        },
        "Vrf152|2.2.2.2/32": {
            "blackhole": "false",
            "distance": "0",
            "ifname": "",
            "nexthop": "100.0.24.1",
            "nexthop-vrf": "Vrf160"
        },
        "Vrf160|3.3.3.3/32": {
            "blackhole": "false",
            "distance": "0",
            "ifname": "",
            "nexthop": "100.0.23.2",
            "nexthop-vrf": "Vrf152"
        },
        "Vrf168|2.2.2.2/32": {
            "blackhole": "false",
            "distance": "0",
            "ifname": "",
            "nexthop": "100.0.25.1",
            "nexthop-vrf": "Vrf176"
        },
        "Vrf16|3.3.3.3/32": {
            "blackhole": "false",
            "distance": "0",
            "ifname": "",
            "nexthop": "100.0.14.2",
            "nexthop-vrf": "Vrf8"
        },
        "Vrf176|3.3.3.3/32": {
            "blackhole": "false",
            "distance": "0",
            "ifname": "",
            "nexthop": "100.0.24.2",
            "nexthop-vrf": "Vrf168"
        },
        "Vrf184|2.2.2.2/32": {
            "blackhole": "false",
            "distance": "0",
            "ifname": "",
            "nexthop": "100.0.26.1",
            "nexthop-vrf": "Vrf192"
        },
        "Vrf192|3.3.3.3/32": {
            "blackhole": "false",
            "distance": "0",
            "ifname": "",
            "nexthop": "100.0.25.2",
            "nexthop-vrf": "Vrf184"
        },
        "Vrf200|2.2.2.2/32": {
            "blackhole": "false",
            "distance": "0",
            "ifname": "",
            "nexthop": "100.0.27.1",
            "nexthop-vrf": "Vrf208"
        },
        "Vrf208|3.3.3.3/32": {
            "blackhole": "false",
            "distance": "0",
            "ifname": "",
            "nexthop": "100.0.26.2",
            "nexthop-vrf": "Vrf200"
        },
        "Vrf216|2.2.2.2/32": {
            "blackhole": "false",
            "distance": "0",
            "ifname": "",
            "nexthop": "100.0.28.1",
            "nexthop-vrf": "Vrf224"
        },
        "Vrf224|3.3.3.3/32": {
            "blackhole": "false",
            "distance": "0",
            "ifname": "",
            "nexthop": "100.0.27.2",
            "nexthop-vrf": "Vrf216"
        },
        "Vrf232|2.2.2.2/32": {
            "blackhole": "false",
            "distance": "0",
            "ifname": "",
            "nexthop": "100.0.80.2",
            "nexthop-vrf": "Vrf240"
        },
        "Vrf240|3.3.3.3/32": {
            "blackhole": "false",
            "distance": "0",
            "ifname": "",
            "nexthop": "100.0.28.2",
            "nexthop-vrf": "Vrf232"
        },
        "Vrf248|2.2.2.2/32": {
            "blackhole": "false",
            "distance": "0",
            "ifname": "",
            "nexthop": "100.0.14.1",
            "nexthop-vrf": "Vrf0"
        },
        "Vrf24|2.2.2.2/32": {
            "blackhole": "false",
            "distance": "0",
            "ifname": "",
            "nexthop": "100.0.16.1",
            "nexthop-vrf": "Vrf32"
        },
        "Vrf32|3.3.3.3/32": {
            "blackhole": "false",
            "distance": "0",
            "ifname": "",
            "nexthop": "100.0.15.2",
            "nexthop-vrf": "Vrf24"
        },
        "Vrf40|2.2.2.2/32": {
            "blackhole": "false",
            "distance": "0",
            "ifname": "",
            "nexthop": "100.0.17.1",
            "nexthop-vrf": "Vrf48"
        },
        "Vrf48|3.3.3.3/32": {
            "blackhole": "false",
            "distance": "0",
            "ifname": "",
            "nexthop": "100.0.16.2",
            "nexthop-vrf": "Vrf40"
        },
        "Vrf56|2.2.2.2/32": {
            "blackhole": "false",
            "distance": "0",
            "ifname": "",
            "nexthop": "100.0.18.1",
            "nexthop-vrf": "Vrf64"
        },
        "Vrf64|3.3.3.3/32": {
            "blackhole": "false",
            "distance": "0",
            "ifname": "",
            "nexthop": "100.0.17.2",
            "nexthop-vrf": "Vrf56"
        },
        "Vrf72|2.2.2.2/32": {
            "blackhole": "false",
            "distance": "0",
            "ifname": "",
            "nexthop": "100.0.19.1",
            "nexthop-vrf": "Vrf80"
        },
        "Vrf80|3.3.3.3/32": {
            "blackhole": "false",
            "distance": "0",
            "ifname": "",
            "nexthop": "100.0.18.2",
            "nexthop-vrf": "Vrf72"
        },
        "Vrf88|2.2.2.2/32": {
            "blackhole": "false",
            "distance": "0",
            "ifname": "",
            "nexthop": "100.0.20.1",
            "nexthop-vrf": "Vrf96"
        },
        "Vrf8|2.2.2.2/32": {
            "blackhole": "false",
            "distance": "0",
            "ifname": "",
            "nexthop": "100.0.15.1",
            "nexthop-vrf": "Vrf16"
        },
        "Vrf96|3.3.3.3/32": {
            "blackhole": "false",
            "distance": "0",
            "ifname": "",
            "nexthop": "100.0.19.2",
            "nexthop-vrf": "Vrf88"
        }
    },
    "SYSLOG_CONFIG": {
        "GLOBAL": {
            "rate_limit_burst": "0",
            "rate_limit_interval": "0"
        }
    },
    "SYSLOG_CONFIG_FEATURE": {
        "acms": {
            "rate_limit_burst": "20000",
            "rate_limit_interval": "300"
        },
        "bgp": {
            "rate_limit_burst": "20000",
            "rate_limit_interval": "300"
        },
        "database": {
            "rate_limit_burst": "20000",
            "rate_limit_interval": "300"
        },
        "dhcp_relay": {
            "rate_limit_burst": "20000",
            "rate_limit_interval": "300"
        },
        "eventd": {
            "rate_limit_burst": "20000",
            "rate_limit_interval": "300"
        },
        "gnmi": {
            "rate_limit_burst": "20000",
            "rate_limit_interval": "300"
        },
        "lldp": {
            "rate_limit_burst": "20000",
            "rate_limit_interval": "300"
        },
        "macsec": {
            "rate_limit_burst": "20000",
            "rate_limit_interval": "300"
        },
        "mux": {
            "rate_limit_burst": "20000",
            "rate_limit_interval": "300"
        },
        "pmon": {
            "rate_limit_burst": "20000",
            "rate_limit_interval": "300"
        },
        "radv": {
            "rate_limit_burst": "20000",
            "rate_limit_interval": "300"
        },
        "restapi": {
            "rate_limit_burst": "20000",
            "rate_limit_interval": "300"
        },
        "snmp": {
            "rate_limit_burst": "20000",
            "rate_limit_interval": "300"
        },
        "swss": {
            "rate_limit_burst": "20000",
            "rate_limit_interval": "300"
        },
        "syncd": {
            "rate_limit_burst": "20000",
            "rate_limit_interval": "300"
        },
        "teamd": {
            "rate_limit_burst": "20000",
            "rate_limit_interval": "300"
        },
        "telemetry": {
            "rate_limit_burst": "20000",
            "rate_limit_interval": "300"
        },
        "vnet-monitor": {
            "rate_limit_burst": "20000",
            "rate_limit_interval": "300"
        }
    },
    "SYSTEM_DEFAULTS": {
        "mux_tunnel_egress_acl": {
            "status": "disabled"
        }
    },
    "VERSIONS": {
        "DATABASE": {
            "VERSION": "version_202305_01"
        }
    },
    "VRF": {
        "Vrf0": {},
        "Vrf104": {},
        "Vrf112": {},
        "Vrf120": {},
        "Vrf128": {},
        "Vrf136": {},
        "Vrf144": {},
        "Vrf152": {},
        "Vrf16": {},
        "Vrf160": {},
        "Vrf168": {},
        "Vrf176": {},
        "Vrf184": {},
        "Vrf192": {},
        "Vrf200": {},
        "Vrf208": {},
        "Vrf216": {},
        "Vrf224": {},
        "Vrf232": {},
        "Vrf24": {},
        "Vrf240": {},
        "Vrf248": {},
        "Vrf32": {},
        "Vrf40": {},
        "Vrf48": {},
        "Vrf56": {},
        "Vrf64": {},
        "Vrf72": {},
        "Vrf8": {},
        "Vrf80": {},
        "Vrf88": {},
        "Vrf96": {}
    },
    "bgpraw": "Building configuration...\n\nCurrent configuration:\n!\nfrr version 8.5.1\nfrr defaults traditional\nhostname sonic\nlog syslog informational\nlog facility local4\nno zebra nexthop kernel enable\nno service integrated-vtysh-config\n!\npassword zebra\nenable password zebra\n!\nvrf Vrf248\n ip route 2.2.2.2/32 100.0.14.1 tag 1 nexthop-vrf Vrf0\nexit-vrf\n!\nvrf Vrf16\n ip route 3.3.3.3/32 100.0.14.2 tag 1 nexthop-vrf Vrf8\nexit-vrf\n!\nvrf Vrf80\n ip route 3.3.3.3/32 100.0.18.2 tag 1 nexthop-vrf Vrf72\nexit-vrf\n!\nvrf Vrf176\n ip route 3.3.3.3/32 100.0.24.2 tag 1 nexthop-vrf Vrf168\nexit-vrf\n!\nvrf Vrf208\n ip route 3.3.3.3/32 100.0.26.2 tag 1 nexthop-vrf Vrf200\nexit-vrf\n!\nvrf Vrf24\n ip route 2.2.2.2/32 100.0.16.1 tag 1 nexthop-vrf Vrf32\nexit-vrf\n!\nvrf Vrf240\n ip route 3.3.3.3/32 100.0.28.2 tag 1 nexthop-vrf Vrf232\nexit-vrf\n!\nvrf Vrf96\n ip route 3.3.3.3/32 100.0.19.2 tag 1 nexthop-vrf Vrf88\nexit-vrf\n!\nvrf Vrf144\n ip route 3.3.3.3/32 100.0.22.2 tag 1 nexthop-vrf Vrf136\nexit-vrf\n!\nvrf Vrf40\n ip route 2.2.2.2/32 100.0.17.1 tag 1 nexthop-vrf Vrf48\nexit-vrf\n!\nvrf Vrf168\n ip route 2.2.2.2/32 100.0.25.1 tag 1 nexthop-vrf Vrf176\nexit-vrf\n!\nvrf Vrf32\n ip route 3.3.3.3/32 100.0.15.2 tag 1 nexthop-vrf Vrf24\nexit-vrf\n!\nvrf Vrf120\n ip route 2.2.2.2/32 100.0.22.1 tag 1 nexthop-vrf Vrf128\nexit-vrf\n!\nvrf Vrf72\n ip route 2.2.2.2/32 100.0.19.1 tag 1 nexthop-vrf Vrf80\nexit-vrf\n!\nvrf Vrf232\n ip route 2.2.2.2/32 100.0.80.2 tag 1 nexthop-vrf Vrf240\nexit-vrf\n!\nvrf Vrf184\n ip route 2.2.2.2/32 100.0.26.1 tag 1 nexthop-vrf Vrf192\nexit-vrf\n!\nvrf Vrf64\n ip route 3.3.3.3/32 100.0.17.2 tag 1 nexthop-vrf Vrf56\nexit-vrf\n!\nvrf Vrf8\n ip route 2.2.2.2/32 100.0.15.1 tag 1 nexthop-vrf Vrf16\nexit-vrf\n!\nvrf Vrf112\n ip route 3.3.3.3/32 100.0.20.2 tag 1 nexthop-vrf Vrf104\nexit-vrf\n!\nvrf Vrf200\n ip route 2.2.2.2/32 100.0.27.1 tag 1 nexthop-vrf Vrf208\nexit-vrf\n!\nvrf Vrf192\n ip route 3.3.3.3/32 100.0.25.2 tag 1 nexthop-vrf Vrf184\nexit-vrf\n!\nvrf Vrf128\n ip route 3.3.3.3/32 100.0.21.2 tag 1 nexthop-vrf Vrf120\nexit-vrf\n!\nvrf Vrf88\n ip route 2.2.2.2/32 100.0.20.1 tag 1 nexthop-vrf Vrf96\nexit-vrf\n!\nvrf Vrf136\n ip route 2.2.2.2/32 100.0.23.1 tag 1 nexthop-vrf Vrf144\nexit-vrf\n!\nvrf Vrf216\n ip route 2.2.2.2/32 100.0.28.1 tag 1 nexthop-vrf Vrf224\nexit-vrf\n!\nvrf Vrf104\n ip route 2.2.2.2/32 100.0.21.1 tag 1 nexthop-vrf Vrf112\nexit-vrf\n!\nvrf Vrf56\n ip route 2.2.2.2/32 100.0.18.1 tag 1 nexthop-vrf Vrf64\nexit-vrf\n!\nvrf Vrf160\n ip route 3.3.3.3/32 100.0.23.2 tag 1 nexthop-vrf Vrf152\nexit-vrf\n!\nvrf Vrf0\n ip route 3.3.3.3/32 100.0.70.2 tag 1 nexthop-vrf Vrf248\nexit-vrf\n!\nvrf Vrf48\n ip route 3.3.3.3/32 100.0.16.2 tag 1 nexthop-vrf Vrf40\nexit-vrf\n!\nvrf Vrf224\n ip route 3.3.3.3/32 100.0.27.2 tag 1 nexthop-vrf Vrf216\nexit-vrf\n!\nvrf Vrf152\n ip route 2.2.2.2/32 100.0.24.1 tag 1 nexthop-vrf Vrf160\nexit-vrf\n!\nip nht resolve-via-default\n!\nipv6 nht resolve-via-default\n!\nend\n"
}
admin@sonic:~$
admin@sonic:~$
admin@sonic:~$
admin@sonic:~$
admin@sonic:~$ cat /etc/sonic/
asic_config_checksum                   dhcp_relay_reconcile                   sonic-environment
Churchill_P2P_32P_config               fast-reboot_order                      sonic_release
config_db.json                         frr/                                   sonic_version.yml
config_db.json-backup                  generated_services.conf                swss_dependent
constants.yml                          init_cfg.json                          updategraph.conf
copp_cfg.json                          macsec_reconcile                       warm-reboot_order
core_analyzer.rc.json                  running_config_32x400G_P2P.base0.json
credentials/                           snmp.yml
admin@sonic:~$ cat /etc/sonic/config_db.json
{
    "ASIC_SENSORS": {
        "ASIC_SENSORS_POLLER_INTERVAL": {
            "interval": "10"
        },
        "ASIC_SENSORS_POLLER_STATUS": {
            "admin_status": "enable"
        }
    },
    "AUTO_TECHSUPPORT": {
        "GLOBAL": {
            "available_mem_threshold": "10.0",
            "max_core_limit": "5.0",
            "max_techsupport_limit": "10.0",
            "min_available_mem": "200",
            "rate_limit_interval": "180",
            "since": "2 days ago",
            "state": "enabled"
        }
    },
    "AUTO_TECHSUPPORT_FEATURE": {
        "acms": {
            "available_mem_threshold": "10.0",
            "rate_limit_interval": "600",
            "state": "enabled"
        },
        "bgp": {
            "available_mem_threshold": "10.0",
            "rate_limit_interval": "600",
            "state": "enabled"
        },
        "database": {
            "available_mem_threshold": "10.0",
            "rate_limit_interval": "600",
            "state": "enabled"
        },
        "dhcp_relay": {
            "available_mem_threshold": "10.0",
            "rate_limit_interval": "600",
            "state": "enabled"
        },
        "eventd": {
            "available_mem_threshold": "10.0",
            "rate_limit_interval": "600",
            "state": "enabled"
        },
        "gnmi": {
            "available_mem_threshold": "10.0",
            "rate_limit_interval": "600",
            "state": "enabled"
        },
        "lldp": {
            "available_mem_threshold": "10.0",
            "rate_limit_interval": "600",
            "state": "enabled"
        },
        "macsec": {
            "available_mem_threshold": "10.0",
            "rate_limit_interval": "600",
            "state": "enabled"
        },
        "mux": {
            "available_mem_threshold": "10.0",
            "rate_limit_interval": "600",
            "state": "enabled"
        },
        "pmon": {
            "available_mem_threshold": "10.0",
            "rate_limit_interval": "600",
            "state": "enabled"
        },
        "radv": {
            "available_mem_threshold": "10.0",
            "rate_limit_interval": "600",
            "state": "enabled"
        },
        "restapi": {
            "available_mem_threshold": "10.0",
            "rate_limit_interval": "600",
            "state": "enabled"
        },
        "snmp": {
            "available_mem_threshold": "10.0",
            "rate_limit_interval": "600",
            "state": "enabled"
        },
        "swss": {
            "available_mem_threshold": "10.0",
            "rate_limit_interval": "600",
            "state": "enabled"
        },
        "syncd": {
            "available_mem_threshold": "10.0",
            "rate_limit_interval": "600",
            "state": "enabled"
        },
        "teamd": {
            "available_mem_threshold": "10.0",
            "rate_limit_interval": "600",
            "state": "enabled"
        },
        "telemetry": {
            "available_mem_threshold": "10.0",
            "rate_limit_interval": "600",
            "state": "enabled"
        },
        "vnet-monitor": {
            "available_mem_threshold": "10.0",
            "rate_limit_interval": "600",
            "state": "enabled"
        }
    },
    "BGP_DEVICE_GLOBAL": {
        "STATE": {
            "tsa_enabled": "false"
        }
    },
    "CRM": {
        "Config": {
            "acl_counter_high_threshold": "85",
            "acl_counter_low_threshold": "70",
            "acl_counter_threshold_type": "percentage",
            "acl_entry_high_threshold": "85",
            "acl_entry_low_threshold": "70",
            "acl_entry_threshold_type": "percentage",
            "acl_group_high_threshold": "85",
            "acl_group_low_threshold": "70",
            "acl_group_threshold_type": "percentage",
            "acl_table_high_threshold": "85",
            "acl_table_low_threshold": "70",
            "acl_table_threshold_type": "percentage",
            "dnat_entry_high_threshold": "85",
            "dnat_entry_low_threshold": "70",
            "dnat_entry_threshold_type": "percentage",
            "fdb_entry_high_threshold": "85",
            "fdb_entry_low_threshold": "70",
            "fdb_entry_threshold_type": "percentage",
            "ipmc_entry_high_threshold": "85",
            "ipmc_entry_low_threshold": "70",
            "ipmc_entry_threshold_type": "percentage",
            "ipv4_neighbor_high_threshold": "85",
            "ipv4_neighbor_low_threshold": "70",
            "ipv4_neighbor_threshold_type": "percentage",
            "ipv4_nexthop_high_threshold": "85",
            "ipv4_nexthop_low_threshold": "70",
            "ipv4_nexthop_threshold_type": "percentage",
            "ipv4_route_high_threshold": "85",
            "ipv4_route_low_threshold": "70",
            "ipv4_route_threshold_type": "percentage",
            "ipv6_neighbor_high_threshold": "85",
            "ipv6_neighbor_low_threshold": "70",
            "ipv6_neighbor_threshold_type": "percentage",
            "ipv6_nexthop_high_threshold": "85",
            "ipv6_nexthop_low_threshold": "70",
            "ipv6_nexthop_threshold_type": "percentage",
            "ipv6_route_high_threshold": "85",
            "ipv6_route_low_threshold": "70",
            "ipv6_route_threshold_type": "percentage",
            "mpls_inseg_high_threshold": "85",
            "mpls_inseg_low_threshold": "70",
            "mpls_inseg_threshold_type": "percentage",
            "mpls_nexthop_high_threshold": "85",
            "mpls_nexthop_low_threshold": "70",
            "mpls_nexthop_threshold_type": "percentage",
            "nexthop_group_high_threshold": "85",
            "nexthop_group_low_threshold": "70",
            "nexthop_group_member_high_threshold": "85",
            "nexthop_group_member_low_threshold": "70",
            "nexthop_group_member_threshold_type": "percentage",
            "nexthop_group_threshold_type": "percentage",
            "polling_interval": "300",
            "snat_entry_high_threshold": "85",
            "snat_entry_low_threshold": "70",
            "snat_entry_threshold_type": "percentage"
        }
    },
    "DEVICE_METADATA": {
        "localhost": {
            "buffer_model": "traditional",
            "default_bgp_status": "down",
            "default_pfcwd_status": "enable",
            "hwsku": "32x400Gb",
            "mac": "DC:05:39:CA:28:00",
            "platform": "x86_64-8101_32fh_o-r0",
            "timezone": "UTC"
        }
    },
    "FEATURE": {
        "acms": {
            "auto_restart": "enabled",
            "delayed": "False",
            "has_global_scope": "True",
            "has_per_asic_scope": "False",
            "high_mem_alert": "disabled",
            "state": "enabled",
            "support_syslog_rate_limit": "true"
        },
        "bgp": {
            "auto_restart": "enabled",
            "check_up_status": "false",
            "delayed": "False",
            "has_global_scope": "False",
            "has_per_asic_scope": "True",
            "high_mem_alert": "disabled",
            "state": "enabled",
            "support_syslog_rate_limit": "true"
        },
        "database": {
            "auto_restart": "always_enabled",
            "delayed": "False",
            "has_global_scope": "True",
            "has_per_asic_scope": "True",
            "high_mem_alert": "disabled",
            "state": "always_enabled",
            "support_syslog_rate_limit": "true"
        },
        "dhcp_relay": {
            "auto_restart": "enabled",
            "check_up_status": "False",
            "delayed": "False",
            "has_global_scope": "True",
            "has_per_asic_scope": "False",
            "high_mem_alert": "disabled",
            "set_owner": "local",
            "state": "enabled",
            "support_syslog_rate_limit": "True"
        },
        "eventd": {
            "auto_restart": "enabled",
            "delayed": "False",
            "has_global_scope": "True",
            "has_per_asic_scope": "False",
            "high_mem_alert": "disabled",
            "state": "enabled",
            "support_syslog_rate_limit": "true"
        },
        "gnmi": {
            "auto_restart": "enabled",
            "delayed": "True",
            "has_global_scope": "True",
            "has_per_asic_scope": "False",
            "high_mem_alert": "disabled",
            "state": "enabled",
            "support_syslog_rate_limit": "true"
        },
        "lldp": {
            "auto_restart": "enabled",
            "delayed": "True",
            "has_global_scope": "True",
            "has_per_asic_scope": "True",
            "high_mem_alert": "disabled",
            "state": "enabled",
            "support_syslog_rate_limit": "true"
        },
        "macsec": {
            "auto_restart": "enabled",
            "check_up_status": "False",
            "delayed": "False",
            "has_global_scope": "False",
            "has_per_asic_scope": "True",
            "high_mem_alert": "disabled",
            "set_owner": "local",
            "state": "disabled",
            "support_syslog_rate_limit": "True"
        },
        "mux": {
            "auto_restart": "enabled",
            "delayed": "False",
            "has_global_scope": "True",
            "has_per_asic_scope": "False",
            "high_mem_alert": "disabled",
            "state": "always_disabled",
            "support_syslog_rate_limit": "true"
        },
        "pmon": {
            "auto_restart": "enabled",
            "check_up_status": "false",
            "delayed": "True",
            "has_global_scope": "True",
            "has_per_asic_scope": "False",
            "high_mem_alert": "disabled",
            "state": "enabled",
            "support_syslog_rate_limit": "true"
        },
        "radv": {
            "auto_restart": "enabled",
            "delayed": "False",
            "has_global_scope": "True",
            "has_per_asic_scope": "False",
            "high_mem_alert": "disabled",
            "state": "enabled",
            "support_syslog_rate_limit": "true"
        },
        "restapi": {
            "auto_restart": "enabled",
            "delayed": "False",
            "has_global_scope": "True",
            "has_per_asic_scope": "False",
            "high_mem_alert": "disabled",
            "state": "enabled",
            "support_syslog_rate_limit": "true"
        },
        "snmp": {
            "auto_restart": "enabled",
            "delayed": "True",
            "has_global_scope": "True",
            "has_per_asic_scope": "False",
            "high_mem_alert": "disabled",
            "state": "enabled",
            "support_syslog_rate_limit": "true"
        },
        "swss": {
            "auto_restart": "enabled",
            "check_up_status": "false",
            "delayed": "False",
            "has_global_scope": "False",
            "has_per_asic_scope": "True",
            "high_mem_alert": "disabled",
            "state": "enabled",
            "support_syslog_rate_limit": "true"
        },
        "syncd": {
            "auto_restart": "enabled",
            "delayed": "False",
            "has_global_scope": "False",
            "has_per_asic_scope": "True",
            "high_mem_alert": "disabled",
            "state": "enabled",
            "support_syslog_rate_limit": "true"
        },
        "teamd": {
            "auto_restart": "enabled",
            "delayed": "False",
            "has_global_scope": "False",
            "has_per_asic_scope": "True",
            "high_mem_alert": "disabled",
            "state": "enabled",
            "support_syslog_rate_limit": "true"
        },
        "telemetry": {
            "auto_restart": "enabled",
            "delayed": "True",
            "has_global_scope": "True",
            "has_per_asic_scope": "False",
            "high_mem_alert": "disabled",
            "state": "enabled",
            "support_syslog_rate_limit": "true"
        },
        "vnet-monitor": {
            "auto_restart": "enabled",
            "delayed": "False",
            "has_global_scope": "True",
            "has_per_asic_scope": "False",
            "high_mem_alert": "disabled",
            "state": "always_disabled",
            "support_syslog_rate_limit": "true"
        }
    },
    "FLEX_COUNTER_TABLE": {
        "ACL": {
            "FLEX_COUNTER_DELAY_STATUS": "false",
            "FLEX_COUNTER_STATUS": "disable",
            "POLL_INTERVAL": "10000"
        },
        "BUFFER_POOL_WATERMARK": {
            "FLEX_COUNTER_DELAY_STATUS": "false",
            "FLEX_COUNTER_STATUS": "enable"
        },
        "PFCWD": {
            "FLEX_COUNTER_DELAY_STATUS": "false",
            "FLEX_COUNTER_STATUS": "enable"
        },
        "PG_DROP": {
            "FLEX_COUNTER_DELAY_STATUS": "false",
            "FLEX_COUNTER_STATUS": "enable"
        },
        "PG_WATERMARK": {
            "FLEX_COUNTER_DELAY_STATUS": "false",
            "FLEX_COUNTER_STATUS": "enable"
        },
        "PORT": {
            "FLEX_COUNTER_DELAY_STATUS": "false",
            "FLEX_COUNTER_STATUS": "enable"
        },
        "PORT_BUFFER_DROP": {
            "FLEX_COUNTER_DELAY_STATUS": "false",
            "FLEX_COUNTER_STATUS": "enable"
        },
        "QUEUE": {
            "FLEX_COUNTER_DELAY_STATUS": "false",
            "FLEX_COUNTER_STATUS": "enable"
        },
        "QUEUE_WATERMARK": {
            "FLEX_COUNTER_DELAY_STATUS": "false",
            "FLEX_COUNTER_STATUS": "enable"
        },
        "RIF": {
            "FLEX_COUNTER_DELAY_STATUS": "false",
            "FLEX_COUNTER_STATUS": "enable"
        }
    },
    "INTERFACE": {
        "Ethernet0": {
            "mac_addr": "e8:eb:34:e7:d4:00",
            "vrf_name": "Vrf0"
        },
        "Ethernet0|100.0.14.2/24": {},
        "Ethernet8": {
            "vrf_name": "Vrf0"
        },
        "Ethernet16": {
            "mac_addr": "e8:eb:34:e7:d3:fe",
            "vrf_name": "Vrf16"
        },
        "Ethernet16|100.0.15.2/24": {},
        "Ethernet20": {
            "mac_addr": "e8:eb:34:e7:d3:eb"
        },
        "Ethernet21": {
            "mac_addr": "e8:eb:34:e7:d3:ea"
        },
        "Ethernet22": {
            "mac_addr": "e8:eb:34:e7:d3:e9"
        },
        "Ethernet23": {
            "mac_addr": "e8:eb:34:e7:d3:e8"
        },
        "Ethernet24": {
            "mac_addr": "e8:eb:34:e7:d3:fd",
            "vrf_name": "Vrf24"
        },
        "Ethernet24|100.0.15.1/24": {},
        "Ethernet25": {
            "mac_addr": "e8:eb:34:e7:d3:e6"
        },
        "Ethernet26": {
            "mac_addr": "e8:eb:34:e7:d3:e5"
        },
        "Ethernet27": {
            "mac_addr": "e8:eb:34:e7:d3:e4"
        },
        "Ethernet28": {
            "mac_addr": "e8:eb:34:e7:d3:e3"
        },
        "Ethernet29": {
            "mac_addr": "e8:eb:34:e7:d3:e2"
        },
        "Ethernet30": {
            "mac_addr": "e8:eb:34:e7:d3:e1"
        },
        "Ethernet31": {
            "mac_addr": "e8:eb:34:e7:d3:ec"
        },
        "Ethernet32": {
            "mac_addr": "e8:eb:34:e7:d3:fc",
            "vrf_name": "Vrf32"
        },
        "Ethernet32|100.0.16.2/24": {},
        "Ethernet40": {
            "mac_addr": "e8:eb:34:e7:d3:fb",
            "vrf_name": "Vrf40"
        },
        "Ethernet40|100.0.16.1/24": {},
        "Ethernet48": {
            "mac_addr": "e8:eb:34:e7:d3:fa",
            "vrf_name": "Vrf48"
        },
        "Ethernet48|100.0.17.2/24": {},
        "Ethernet56": {
            "mac_addr": "e8:eb:34:e7:d3:f9",
            "vrf_name": "Vrf56"
        },
        "Ethernet56|100.0.17.1/24": {},
        "Ethernet64": {
            "mac_addr": "e8:eb:34:e7:d3:f8",
            "vrf_name": "Vrf64"
        },
        "Ethernet64|100.0.18.2/24": {},
        "Ethernet72": {
            "mac_addr": "e8:eb:34:e7:d3:f7",
            "vrf_name": "Vrf72"
        },
        "Ethernet72|100.0.18.1/24": {},
        "Ethernet80": {
            "mac_addr": "e8:eb:34:e7:d3:f6",
            "vrf_name": "Vrf80"
        },
        "Ethernet80|100.0.19.2/24": {},
        "Ethernet88": {
            "mac_addr": "e8:eb:34:e7:d3:f5",
            "vrf_name": "Vrf88"
        },
        "Ethernet88|100.0.19.1/24": {},
        "Ethernet96": {
            "mac_addr": "e8:eb:34:e7:d3:f4",
            "vrf_name": "Vrf96"
        },
        "Ethernet96|100.0.20.2/24": {},
        "Ethernet104": {
            "mac_addr": "e8:eb:34:e7:d3:f3",
            "vrf_name": "Vrf104"
        },
        "Ethernet104|100.0.20.1/24": {},
        "Ethernet112": {
            "mac_addr": "e8:eb:34:e7:d3:f2",
            "vrf_name": "Vrf112"
        },
        "Ethernet112|100.0.21.2/24": {},
        "Ethernet120": {
            "mac_addr": "e8:eb:34:e7:d3:f1",
            "vrf_name": "Vrf120"
        },
        "Ethernet120|100.0.21.1/24": {},
        "Ethernet128": {
            "mac_addr": "e8:eb:34:e7:d3:f0",
            "vrf_name": "Vrf128"
        },
        "Ethernet128|100.0.22.2/24": {},
        "Ethernet136": {
            "mac_addr": "e8:eb:34:e7:d3:ef",
            "vrf_name": "Vrf136"
        },
        "Ethernet136|100.0.22.1/24": {},
        "Ethernet144": {
            "mac_addr": "e8:eb:34:e7:d3:ee",
            "vrf_name": "Vrf144"
        },
        "Ethernet144|100.0.23.2/24": {},
        "Ethernet152": {
            "mac_addr": "e8:eb:34:e7:d3:ed",
            "vrf_name": "Vrf152"
        },
        "Ethernet152|100.0.23.1/24": {},
        "Ethernet160": {
            "mac_addr": "e8:eb:34:e7:d3:eb",
            "vrf_name": "Vrf160"
        },
        "Ethernet160|100.0.24.2/24": {},
        "Ethernet168": {
            "mac_addr": "e8:eb:34:e7:d3:ea",
            "vrf_name": "Vrf168"
        },
        "Ethernet168|100.0.24.1/24": {},
        "Ethernet176": {
            "mac_addr": "e8:eb:34:e7:d3:e9",
            "vrf_name": "Vrf176"
        },
        "Ethernet176|100.0.25.2/24": {},
        "Ethernet184": {
            "mac_addr": "e8:eb:34:e7:d3:e8",
            "vrf_name": "Vrf184"
        },
        "Ethernet184|100.0.25.1/24": {},
        "Ethernet192": {
            "mac_addr": "e8:eb:34:e7:d3:e7",
            "vrf_name": "Vrf192"
        },
        "Ethernet192|100.0.26.2/24": {},
        "Ethernet200": {
            "mac_addr": "e8:eb:34:e7:d3:e6",
            "vrf_name": "Vrf200"
        },
        "Ethernet200|100.0.26.1/24": {},
        "Ethernet208": {
            "mac_addr": "e8:eb:34:e7:d3:e5",
            "vrf_name": "Vrf208"
        },
        "Ethernet208|100.0.27.2/24": {},
        "Ethernet216": {
            "mac_addr": "e8:eb:34:e7:d3:e4",
            "vrf_name": "Vrf216"
        },
        "Ethernet216|100.0.27.1/24": {},
        "Ethernet224": {
            "mac_addr": "e8:eb:34:e7:d3:e3",
            "vrf_name": "Vrf224"
        },
        "Ethernet224|100.0.28.2/24": {},
        "Ethernet232": {
            "mac_addr": "e8:eb:34:e7:d3:e2",
            "vrf_name": "Vrf232"
        },
        "Ethernet232|100.0.28.1/24": {},
        "Ethernet240": {
            "mac_addr": "e8:eb:34:e7:d3:e1",
            "vrf_name": "Vrf240"
        },
        "Ethernet240|100.0.80.1/24": {},
        "Ethernet248": {
            "mac_addr": "e8:eb:34:e7:d3:ec",
            "vrf_name": "Vrf248"
        },
        "Ethernet248|100.0.70.1/24": {}
    },
    "KDUMP": {
        "config": {
            "enabled": "true",
            "memory": "0M-2G:256M,2G-4G:320M,4G-8G:384M,8G-:448M",
            "num_dumps": "3"
        }
    },
    "LOGGER": {
        "SAI_API_ACL": {
            "LOGLEVEL": "SAI_LOG_LEVEL_NOTICE",
            "LOGOUTPUT": "SYSLOG"
        },
        "SAI_API_ARS": {
            "LOGLEVEL": "SAI_LOG_LEVEL_NOTICE",
            "LOGOUTPUT": "SYSLOG"
        },
        "SAI_API_ARS_PROFILE": {
            "LOGLEVEL": "SAI_LOG_LEVEL_NOTICE",
            "LOGOUTPUT": "SYSLOG"
        },
        "SAI_API_BFD": {
            "LOGLEVEL": "SAI_LOG_LEVEL_NOTICE",
            "LOGOUTPUT": "SYSLOG"
        },
        "SAI_API_BMTOR": {
            "LOGLEVEL": "SAI_LOG_LEVEL_NOTICE",
            "LOGOUTPUT": "SYSLOG"
        },
        "SAI_API_BRIDGE": {
            "LOGLEVEL": "SAI_LOG_LEVEL_NOTICE",
            "LOGOUTPUT": "SYSLOG"
        },
        "SAI_API_BUFFER": {
            "LOGLEVEL": "SAI_LOG_LEVEL_NOTICE",
            "LOGOUTPUT": "SYSLOG"
        },
        "SAI_API_COUNTER": {
            "LOGLEVEL": "SAI_LOG_LEVEL_NOTICE",
            "LOGOUTPUT": "SYSLOG"
        },
        "SAI_API_DASH_ACL": {
            "LOGLEVEL": "SAI_LOG_LEVEL_NOTICE",
            "LOGOUTPUT": "SYSLOG"
        },
        "SAI_API_DASH_DIRECTION_LOOKUP": {
            "LOGLEVEL": "SAI_LOG_LEVEL_NOTICE",
            "LOGOUTPUT": "SYSLOG"
        },
        "SAI_API_DASH_ENI": {
            "LOGLEVEL": "SAI_LOG_LEVEL_NOTICE",
            "LOGOUTPUT": "SYSLOG"
        },
        "SAI_API_DASH_INBOUND_ROUTING": {
            "LOGLEVEL": "SAI_LOG_LEVEL_NOTICE",
            "LOGOUTPUT": "SYSLOG"
        },
        "SAI_API_DASH_OUTBOUND_CA_TO_PA": {
            "LOGLEVEL": "SAI_LOG_LEVEL_NOTICE",
            "LOGOUTPUT": "SYSLOG"
        },
        "SAI_API_DASH_OUTBOUND_ROUTING": {
            "LOGLEVEL": "SAI_LOG_LEVEL_NOTICE",
            "LOGOUTPUT": "SYSLOG"
        },
        "SAI_API_DASH_PA_VALIDATION": {
            "LOGLEVEL": "SAI_LOG_LEVEL_NOTICE",
            "LOGOUTPUT": "SYSLOG"
        },
        "SAI_API_DASH_VIP": {
            "LOGLEVEL": "SAI_LOG_LEVEL_NOTICE",
            "LOGOUTPUT": "SYSLOG"
        },
        "SAI_API_DASH_VNET": {
            "LOGLEVEL": "SAI_LOG_LEVEL_NOTICE",
            "LOGOUTPUT": "SYSLOG"
        },
        "SAI_API_DEBUG_COUNTER": {
            "LOGLEVEL": "SAI_LOG_LEVEL_NOTICE",
            "LOGOUTPUT": "SYSLOG"
        },
        "SAI_API_DTEL": {
            "LOGLEVEL": "SAI_LOG_LEVEL_NOTICE",
            "LOGOUTPUT": "SYSLOG"
        },
        "SAI_API_FDB": {
            "LOGLEVEL": "SAI_LOG_LEVEL_NOTICE",
            "LOGOUTPUT": "SYSLOG"
        },
        "SAI_API_GENERIC_PROGRAMMABLE": {
            "LOGLEVEL": "SAI_LOG_LEVEL_NOTICE",
            "LOGOUTPUT": "SYSLOG"
        },
        "SAI_API_HASH": {
            "LOGLEVEL": "SAI_LOG_LEVEL_NOTICE",
            "LOGOUTPUT": "SYSLOG"
        },
        "SAI_API_HOSTIF": {
            "LOGLEVEL": "SAI_LOG_LEVEL_NOTICE",
            "LOGOUTPUT": "SYSLOG"
        },
        "SAI_API_IPMC": {
            "LOGLEVEL": "SAI_LOG_LEVEL_NOTICE",
            "LOGOUTPUT": "SYSLOG"
        },
        "SAI_API_IPMC_GROUP": {
            "LOGLEVEL": "SAI_LOG_LEVEL_NOTICE",
            "LOGOUTPUT": "SYSLOG"
        },
        "SAI_API_IPSEC": {
            "LOGLEVEL": "SAI_LOG_LEVEL_NOTICE",
            "LOGOUTPUT": "SYSLOG"
        },
        "SAI_API_ISOLATION_GROUP": {
            "LOGLEVEL": "SAI_LOG_LEVEL_NOTICE",
            "LOGOUTPUT": "SYSLOG"
        },
        "SAI_API_L2MC": {
            "LOGLEVEL": "SAI_LOG_LEVEL_NOTICE",
            "LOGOUTPUT": "SYSLOG"
        },
        "SAI_API_L2MC_GROUP": {
            "LOGLEVEL": "SAI_LOG_LEVEL_NOTICE",
            "LOGOUTPUT": "SYSLOG"
        },
        "SAI_API_LAG": {
            "LOGLEVEL": "SAI_LOG_LEVEL_NOTICE",
            "LOGOUTPUT": "SYSLOG"
        },
        "SAI_API_MACSEC": {
            "LOGLEVEL": "SAI_LOG_LEVEL_NOTICE",
            "LOGOUTPUT": "SYSLOG"
        },
        "SAI_API_MCAST_FDB": {
            "LOGLEVEL": "SAI_LOG_LEVEL_NOTICE",
            "LOGOUTPUT": "SYSLOG"
        },
        "SAI_API_MIRROR": {
            "LOGLEVEL": "SAI_LOG_LEVEL_NOTICE",
            "LOGOUTPUT": "SYSLOG"
        },
        "SAI_API_MPLS": {
            "LOGLEVEL": "SAI_LOG_LEVEL_NOTICE",
            "LOGOUTPUT": "SYSLOG"
        },
        "SAI_API_MY_MAC": {
            "LOGLEVEL": "SAI_LOG_LEVEL_NOTICE",
            "LOGOUTPUT": "SYSLOG"
        },
        "SAI_API_NAT": {
            "LOGLEVEL": "SAI_LOG_LEVEL_NOTICE",
            "LOGOUTPUT": "SYSLOG"
        },
        "SAI_API_NEIGHBOR": {
            "LOGLEVEL": "SAI_LOG_LEVEL_NOTICE",
            "LOGOUTPUT": "SYSLOG"
        },
        "SAI_API_NEXT_HOP": {
            "LOGLEVEL": "SAI_LOG_LEVEL_NOTICE",
            "LOGOUTPUT": "SYSLOG"
        },
        "SAI_API_NEXT_HOP_GROUP": {
            "LOGLEVEL": "SAI_LOG_LEVEL_NOTICE",
            "LOGOUTPUT": "SYSLOG"
        },
        "SAI_API_POLICER": {
            "LOGLEVEL": "SAI_LOG_LEVEL_NOTICE",
            "LOGOUTPUT": "SYSLOG"
        },
        "SAI_API_PORT": {
            "LOGLEVEL": "SAI_LOG_LEVEL_NOTICE",
            "LOGOUTPUT": "SYSLOG"
        },
        "SAI_API_QOS_MAP": {
            "LOGLEVEL": "SAI_LOG_LEVEL_NOTICE",
            "LOGOUTPUT": "SYSLOG"
        },
        "SAI_API_QUEUE": {
            "LOGLEVEL": "SAI_LOG_LEVEL_NOTICE",
            "LOGOUTPUT": "SYSLOG"
        },
        "SAI_API_ROUTE": {
            "LOGLEVEL": "SAI_LOG_LEVEL_NOTICE",
            "LOGOUTPUT": "SYSLOG"
        },
        "SAI_API_ROUTER_INTERFACE": {
            "LOGLEVEL": "SAI_LOG_LEVEL_NOTICE",
            "LOGOUTPUT": "SYSLOG"
        },
        "SAI_API_RPF_GROUP": {
            "LOGLEVEL": "SAI_LOG_LEVEL_NOTICE",
            "LOGOUTPUT": "SYSLOG"
        },
        "SAI_API_SAMPLEPACKET": {
            "LOGLEVEL": "SAI_LOG_LEVEL_NOTICE",
            "LOGOUTPUT": "SYSLOG"
        },
        "SAI_API_SCHEDULER": {
            "LOGLEVEL": "SAI_LOG_LEVEL_NOTICE",
            "LOGOUTPUT": "SYSLOG"
        },
        "SAI_API_SCHEDULER_GROUP": {
            "LOGLEVEL": "SAI_LOG_LEVEL_NOTICE",
            "LOGOUTPUT": "SYSLOG"
        },
        "SAI_API_SRV6": {
            "LOGLEVEL": "SAI_LOG_LEVEL_NOTICE",
            "LOGOUTPUT": "SYSLOG"
        },
        "SAI_API_STP": {
            "LOGLEVEL": "SAI_LOG_LEVEL_NOTICE",
            "LOGOUTPUT": "SYSLOG"
        },
        "SAI_API_SWITCH": {
            "LOGLEVEL": "SAI_LOG_LEVEL_NOTICE",
            "LOGOUTPUT": "SYSLOG"
        },
        "SAI_API_SYSTEM_PORT": {
            "LOGLEVEL": "SAI_LOG_LEVEL_NOTICE",
            "LOGOUTPUT": "SYSLOG"
        },
        "SAI_API_TAM": {
            "LOGLEVEL": "SAI_LOG_LEVEL_NOTICE",
            "LOGOUTPUT": "SYSLOG"
        },
        "SAI_API_TUNNEL": {
            "LOGLEVEL": "SAI_LOG_LEVEL_NOTICE",
            "LOGOUTPUT": "SYSLOG"
        },
        "SAI_API_UDF": {
            "LOGLEVEL": "SAI_LOG_LEVEL_NOTICE",
            "LOGOUTPUT": "SYSLOG"
        },
        "SAI_API_VIRTUAL_ROUTER": {
            "LOGLEVEL": "SAI_LOG_LEVEL_NOTICE",
            "LOGOUTPUT": "SYSLOG"
        },
        "SAI_API_VLAN": {
            "LOGLEVEL": "SAI_LOG_LEVEL_NOTICE",
            "LOGOUTPUT": "SYSLOG"
        },
        "SAI_API_WRED": {
            "LOGLEVEL": "SAI_LOG_LEVEL_NOTICE",
            "LOGOUTPUT": "SYSLOG"
        },
        "buffermgrd": {
            "LOGLEVEL": "NOTICE",
            "LOGOUTPUT": "SYSLOG"
        },
        "coppmgrd": {
            "LOGLEVEL": "NOTICE",
            "LOGOUTPUT": "SYSLOG"
        },
        "fdbsyncd": {
            "LOGLEVEL": "NOTICE",
            "LOGOUTPUT": "SYSLOG"
        },
        "fpmsyncd": {
            "LOGLEVEL": "NOTICE",
            "LOGOUTPUT": "SYSLOG"
        },
        "gearsyncd": {
            "LOGLEVEL": "NOTICE",
            "LOGOUTPUT": "SYSLOG"
        },
        "intfmgrd": {
            "LOGLEVEL": "NOTICE",
            "LOGOUTPUT": "SYSLOG"
        },
        "nbrmgrd": {
            "LOGLEVEL": "NOTICE",
            "LOGOUTPUT": "SYSLOG"
        },
        "neighsyncd": {
            "LOGLEVEL": "NOTICE",
            "LOGOUTPUT": "SYSLOG"
        },
        "orchagent": {
            "LOGLEVEL": "NOTICE",
            "LOGOUTPUT": "SYSLOG"
        },
        "portmgrd": {
            "LOGLEVEL": "NOTICE",
            "LOGOUTPUT": "SYSLOG"
        },
        "portsyncd": {
            "LOGLEVEL": "NOTICE",
            "LOGOUTPUT": "SYSLOG"
        },
        "syncd": {
            "LOGLEVEL": "NOTICE",
            "LOGOUTPUT": "SYSLOG"
        },
        "teammgrd": {
            "LOGLEVEL": "NOTICE",
            "LOGOUTPUT": "SYSLOG"
        },
        "teamsyncd": {
            "LOGLEVEL": "NOTICE",
            "LOGOUTPUT": "SYSLOG"
        },
        "tlm_teamd": {
            "LOGLEVEL": "NOTICE",
            "LOGOUTPUT": "SYSLOG"
        },
        "tunnelmgrd": {
            "LOGLEVEL": "NOTICE",
            "LOGOUTPUT": "SYSLOG"
        },
        "vlanmgrd": {
            "LOGLEVEL": "NOTICE",
            "LOGOUTPUT": "SYSLOG"
        },
        "vrfmgrd": {
            "LOGLEVEL": "NOTICE",
            "LOGOUTPUT": "SYSLOG"
        },
        "vxlanmgrd": {
            "LOGLEVEL": "NOTICE",
            "LOGOUTPUT": "SYSLOG"
        }
    },
    "MGMT_INTERFACE": {
        "eth0|109.105.92.102/19": {}
    },
    "PASSW_HARDENING": {
        "POLICIES": {
            "digits_class": "true",
            "expiration": "180",
            "expiration_warning": "15",
            "history_cnt": "10",
            "len_min": "8",
            "lower_class": "true",
            "reject_user_passw_match": "true",
            "special_class": "true",
            "state": "disabled",
            "upper_class": "true"
        }
    },
    "PORT": {
        "Ethernet0": {
            "admin_status": "up",
            "alias": "etp0",
            "index": "0",
            "lanes": "2304,2305,2306,2307,2308,2309,2310,2311",
            "mtu": "9100",
            "speed": "400000",
            "subport": "0"
        },
        "Ethernet8": {
            "admin_status": "up",
            "alias": "etp1",
            "index": "1",
            "lanes": "2320,2321,2322,2323,2324,2325,2326,2327",
            "mtu": "9100",
            "speed": "400000",
            "subport": "0"
        },
        "Ethernet16": {
            "admin_status": "up",
            "alias": "etp2",
            "index": "2",
            "lanes": "2312,2313,2314,2315,2316,2317,2318,2319",
            "mtu": "9100",
            "speed": "400000",
            "subport": "0"
        },
        "Ethernet24": {
            "admin_status": "up",
            "alias": "etp3",
            "index": "3",
            "lanes": "2056,2057,2058,2059,2060,2061,2062,2063",
            "mtu": "9100",
            "speed": "400000",
            "subport": "0"
        },
        "Ethernet32": {
            "admin_status": "up",
            "alias": "etp4",
            "index": "4",
            "lanes": "1792,1793,1794,1795,1796,1797,1798,1799",
            "mtu": "9100",
            "speed": "400000",
            "subport": "0"
        },
        "Ethernet40": {
            "admin_status": "up",
            "alias": "etp5",
            "index": "5",
            "lanes": "2048,2049,2050,2051,2052,2053,2054,2055",
            "mtu": "9100",
            "speed": "400000",
            "subport": "0"
        },
        "Ethernet48": {
            "admin_status": "up",
            "alias": "etp6",
            "index": "6",
            "lanes": "2560,2561,2562,2563,2564,2565,2566,2567",
            "mtu": "9100",
            "speed": "400000",
            "subport": "0"
        },
        "Ethernet56": {
            "admin_status": "up",
            "alias": "etp7",
            "index": "7",
            "lanes": "2824,2825,2826,2827,2828,2829,2830,2831",
            "mtu": "9100",
            "speed": "400000",
            "subport": "0"
        },
        "Ethernet64": {
            "admin_status": "up",
            "alias": "etp8",
            "index": "8",
            "lanes": "2832,2833,2834,2835,2836,2837,2838,2839",
            "mtu": "9100",
            "speed": "400000",
            "subport": "0"
        },
        "Ethernet72": {
            "admin_status": "up",
            "alias": "etp9",
            "index": "9",
            "lanes": "2816,2817,2818,2819,2820,2821,2822,2823",
            "mtu": "9100",
            "speed": "400000",
            "subport": "0"
        },
        "Ethernet80": {
            "admin_status": "up",
            "alias": "etp10",
            "index": "10",
            "lanes": "2568,2569,2570,2571,2572,2573,2574,2575",
            "mtu": "9100",
            "speed": "400000",
            "subport": "0"
        },
        "Ethernet88": {
            "admin_status": "up",
            "alias": "etp11",
            "index": "11",
            "lanes": "2576,2577,2578,2579,2580,2581,2582,2583",
            "mtu": "9100",
            "speed": "400000",
            "subport": "0"
        },
        "Ethernet96": {
            "admin_status": "up",
            "alias": "etp12",
            "index": "12",
            "lanes": "1536,1537,1538,1539,1540,1541,1542,1543",
            "mtu": "9100",
            "speed": "400000",
            "subport": "0"
        },
        "Ethernet104": {
            "admin_status": "up",
            "alias": "etp13",
            "index": "13",
            "lanes": "1800,1801,1802,1803,1804,1805,1806,1807",
            "mtu": "9100",
            "speed": "400000",
            "subport": "0"
        },
        "Ethernet112": {
            "admin_status": "up",
            "alias": "etp14",
            "index": "14",
            "lanes": "1552,1553,1554,1555,1556,1557,1558,1559",
            "mtu": "9100",
            "speed": "400000",
            "subport": "0"
        },
        "Ethernet120": {
            "admin_status": "up",
            "alias": "etp15",
            "index": "15",
            "lanes": "1544,1545,1546,1547,1548,1549,1550,1551",
            "mtu": "9100",
            "speed": "400000",
            "subport": "0"
        },
        "Ethernet128": {
            "admin_status": "up",
            "alias": "etp16",
            "index": "16",
            "lanes": "1296,1297,1298,1299,1300,1301,1302,1303",
            "mtu": "9100",
            "speed": "400000",
            "subport": "0"
        },
        "Ethernet136": {
            "admin_status": "up",
            "alias": "etp17",
            "index": "17",
            "lanes": "1288,1289,1290,1291,1292,1293,1294,1295",
            "mtu": "9100",
            "speed": "400000",
            "subport": "0"
        },
        "Ethernet144": {
            "admin_status": "up",
            "alias": "etp18",
            "index": "18",
            "lanes": "1280,1281,1282,1283,1284,1285,1286,1287",
            "mtu": "9100",
            "speed": "400000",
            "subport": "0"
        },
        "Ethernet152": {
            "admin_status": "up",
            "alias": "etp19",
            "index": "19",
            "lanes": "1032,1033,1034,1035,1036,1037,1038,1039",
            "mtu": "9100",
            "speed": "400000",
            "subport": "0"
        },
        "Ethernet160": {
            "admin_status": "up",
            "alias": "etp20",
            "index": "20",
            "lanes": "264,265,266,267,268,269,270,271",
            "mtu": "9100",
            "speed": "400000",
            "subport": "0"
        },
        "Ethernet168": {
            "admin_status": "up",
            "alias": "etp21",
            "index": "21",
            "lanes": "272,273,274,275,276,277,278,279",
            "mtu": "9100",
            "speed": "400000",
            "subport": "0"
        },
        "Ethernet176": {
            "admin_status": "up",
            "alias": "etp22",
            "index": "22",
            "lanes": "16,17,18,19,20,21,22,23",
            "mtu": "9100",
            "speed": "400000",
            "subport": "0"
        },
        "Ethernet184": {
            "admin_status": "up",
            "alias": "etp23",
            "index": "23",
            "lanes": "0,1,2,3,4,5,6,7",
            "mtu": "9100",
            "speed": "400000",
            "subport": "0"
        },
        "Ethernet192": {
            "admin_status": "up",
            "alias": "etp24",
            "index": "24",
            "lanes": "256,257,258,259,260,261,262,263",
            "mtu": "9100",
            "speed": "400000",
            "subport": "0"
        },
        "Ethernet200": {
            "admin_status": "up",
            "alias": "etp25",
            "index": "25",
            "lanes": "8,9,10,11,12,13,14,15",
            "mtu": "9100",
            "speed": "400000",
            "subport": "0"
        },
        "Ethernet208": {
            "admin_status": "up",
            "alias": "etp26",
            "index": "26",
            "lanes": "1024,1025,1026,1027,1028,1029,1030,1031",
            "mtu": "9100",
            "speed": "400000",
            "subport": "0"
        },
        "Ethernet216": {
            "admin_status": "up",
            "alias": "etp27",
            "index": "27",
            "lanes": "768,769,770,771,772,773,774,775",
            "mtu": "9100",
            "speed": "400000",
            "subport": "0"
        },
        "Ethernet224": {
            "admin_status": "up",
            "alias": "etp28",
            "index": "28",
            "lanes": "520,521,522,523,524,525,526,527",
            "mtu": "9100",
            "speed": "400000",
            "subport": "0"
        },
        "Ethernet232": {
            "admin_status": "up",
            "alias": "etp29",
            "index": "29",
            "lanes": "776,777,778,779,780,781,782,783",
            "mtu": "9100",
            "speed": "400000",
            "subport": "0"
        },
        "Ethernet240": {
            "admin_status": "up",
            "alias": "etp30",
            "index": "30",
            "lanes": "512,513,514,515,516,517,518,519",
            "mtu": "9100",
            "speed": "400000",
            "subport": "0"
        },
        "Ethernet248": {
            "admin_status": "up",
            "alias": "etp31",
            "index": "31",
            "lanes": "528,529,530,531,532,533,534,535",
            "mtu": "9100",
            "speed": "400000",
            "subport": "0"
        }
    },
    "SNMP": {
        "LOCATION": {
            "Location": "public"
        }
    },
    "SNMP_COMMUNITY": {
        "public": {
            "TYPE": "RO"
        }
    },
    "STATIC_ROUTE": {
        "Vrf0|3.3.3.3/32": {
            "blackhole": "false",
            "distance": "0",
            "ifname": "",
            "nexthop": "100.0.70.2",
            "nexthop-vrf": "Vrf248"
        },
        "Vrf8|2.2.2.2/32": {
            "blackhole": "false",
            "distance": "0",
            "ifname": "",
            "nexthop": "100.0.15.1",
            "nexthop-vrf": "Vrf16"
        },
        "Vrf16|3.3.3.3/32": {
            "blackhole": "false",
            "distance": "0",
            "ifname": "",
            "nexthop": "100.0.14.2",
            "nexthop-vrf": "Vrf8"
        },
        "Vrf24|2.2.2.2/32": {
            "blackhole": "false",
            "distance": "0",
            "ifname": "",
            "nexthop": "100.0.16.1",
            "nexthop-vrf": "Vrf32"
        },
        "Vrf32|3.3.3.3/32": {
            "blackhole": "false",
            "distance": "0",
            "ifname": "",
            "nexthop": "100.0.15.2",
            "nexthop-vrf": "Vrf24"
        },
        "Vrf40|2.2.2.2/32": {
            "blackhole": "false",
            "distance": "0",
            "ifname": "",
            "nexthop": "100.0.17.1",
            "nexthop-vrf": "Vrf48"
        },
        "Vrf48|3.3.3.3/32": {
            "blackhole": "false",
            "distance": "0",
            "ifname": "",
            "nexthop": "100.0.16.2",
            "nexthop-vrf": "Vrf40"
        },
        "Vrf56|2.2.2.2/32": {
            "blackhole": "false",
            "distance": "0",
            "ifname": "",
            "nexthop": "100.0.18.1",
            "nexthop-vrf": "Vrf64"
        },
        "Vrf64|3.3.3.3/32": {
            "blackhole": "false",
            "distance": "0",
            "ifname": "",
            "nexthop": "100.0.17.2",
            "nexthop-vrf": "Vrf56"
        },
        "Vrf72|2.2.2.2/32": {
            "blackhole": "false",
            "distance": "0",
            "ifname": "",
            "nexthop": "100.0.19.1",
            "nexthop-vrf": "Vrf80"
        },
        "Vrf80|3.3.3.3/32": {
            "blackhole": "false",
            "distance": "0",
            "ifname": "",
            "nexthop": "100.0.18.2",
            "nexthop-vrf": "Vrf72"
        },
        "Vrf88|2.2.2.2/32": {
            "blackhole": "false",
            "distance": "0",
            "ifname": "",
            "nexthop": "100.0.20.1",
            "nexthop-vrf": "Vrf96"
        },
        "Vrf96|3.3.3.3/32": {
            "blackhole": "false",
            "distance": "0",
            "ifname": "",
            "nexthop": "100.0.19.2",
            "nexthop-vrf": "Vrf88"
        },
        "Vrf104|2.2.2.2/32": {
            "blackhole": "false",
            "distance": "0",
            "ifname": "",
            "nexthop": "100.0.21.1",
            "nexthop-vrf": "Vrf112"
        },
        "Vrf112|3.3.3.3/32": {
            "blackhole": "false",
            "distance": "0",
            "ifname": "",
            "nexthop": "100.0.20.2",
            "nexthop-vrf": "Vrf104"
        },
        "Vrf120|2.2.2.2/32": {
            "blackhole": "false",
            "distance": "0",
            "ifname": "",
            "nexthop": "100.0.22.1",
            "nexthop-vrf": "Vrf128"
        },
        "Vrf128|3.3.3.3/32": {
            "blackhole": "false",
            "distance": "0",
            "ifname": "",
            "nexthop": "100.0.21.2",
            "nexthop-vrf": "Vrf120"
        },
        "Vrf136|2.2.2.2/32": {
            "blackhole": "false",
            "distance": "0",
            "ifname": "",
            "nexthop": "100.0.23.1",
            "nexthop-vrf": "Vrf144"
        },
        "Vrf144|3.3.3.3/32": {
            "blackhole": "false",
            "distance": "0",
            "ifname": "",
            "nexthop": "100.0.22.2",
            "nexthop-vrf": "Vrf136"
        },
        "Vrf152|2.2.2.2/32": {
            "blackhole": "false",
            "distance": "0",
            "ifname": "",
            "nexthop": "100.0.24.1",
            "nexthop-vrf": "Vrf160"
        },
        "Vrf160|3.3.3.3/32": {
            "blackhole": "false",
            "distance": "0",
            "ifname": "",
            "nexthop": "100.0.23.2",
            "nexthop-vrf": "Vrf152"
        },
        "Vrf168|2.2.2.2/32": {
            "blackhole": "false",
            "distance": "0",
            "ifname": "",
            "nexthop": "100.0.25.1",
            "nexthop-vrf": "Vrf176"
        },
        "Vrf176|3.3.3.3/32": {
            "blackhole": "false",
            "distance": "0",
            "ifname": "",
            "nexthop": "100.0.24.2",
            "nexthop-vrf": "Vrf168"
        },
        "Vrf184|2.2.2.2/32": {
            "blackhole": "false",
            "distance": "0",
            "ifname": "",
            "nexthop": "100.0.26.1",
            "nexthop-vrf": "Vrf192"
        },
        "Vrf192|3.3.3.3/32": {
            "blackhole": "false",
            "distance": "0",
            "ifname": "",
            "nexthop": "100.0.25.2",
            "nexthop-vrf": "Vrf184"
        },
        "Vrf200|2.2.2.2/32": {
            "blackhole": "false",
            "distance": "0",
            "ifname": "",
            "nexthop": "100.0.27.1",
            "nexthop-vrf": "Vrf208"
        },
        "Vrf208|3.3.3.3/32": {
            "blackhole": "false",
            "distance": "0",
            "ifname": "",
            "nexthop": "100.0.26.2",
            "nexthop-vrf": "Vrf200"
        },
        "Vrf216|2.2.2.2/32": {
            "blackhole": "false",
            "distance": "0",
            "ifname": "",
            "nexthop": "100.0.28.1",
            "nexthop-vrf": "Vrf224"
        },
        "Vrf224|3.3.3.3/32": {
            "blackhole": "false",
            "distance": "0",
            "ifname": "",
            "nexthop": "100.0.27.2",
            "nexthop-vrf": "Vrf216"
        },
        "Vrf232|2.2.2.2/32": {
            "blackhole": "false",
            "distance": "0",
            "ifname": "",
            "nexthop": "100.0.80.2",
            "nexthop-vrf": "Vrf240"
        },
        "Vrf240|3.3.3.3/32": {
            "blackhole": "false",
            "distance": "0",
            "ifname": "",
            "nexthop": "100.0.28.2",
            "nexthop-vrf": "Vrf232"
        },
        "Vrf248|2.2.2.2/32": {
            "blackhole": "false",
            "distance": "0",
            "ifname": "",
            "nexthop": "100.0.14.1",
            "nexthop-vrf": "Vrf0"
        }
    },
    "SYSLOG_CONFIG": {
        "GLOBAL": {
            "rate_limit_burst": "0",
            "rate_limit_interval": "0"
        }
    },
    "SYSLOG_CONFIG_FEATURE": {
        "acms": {
            "rate_limit_burst": "20000",
            "rate_limit_interval": "300"
        },
        "bgp": {
            "rate_limit_burst": "20000",
            "rate_limit_interval": "300"
        },
        "database": {
            "rate_limit_burst": "20000",
            "rate_limit_interval": "300"
        },
        "dhcp_relay": {
            "rate_limit_burst": "20000",
            "rate_limit_interval": "300"
        },
        "eventd": {
            "rate_limit_burst": "20000",
            "rate_limit_interval": "300"
        },
        "gnmi": {
            "rate_limit_burst": "20000",
            "rate_limit_interval": "300"
        },
        "lldp": {
            "rate_limit_burst": "20000",
            "rate_limit_interval": "300"
        },
        "macsec": {
            "rate_limit_burst": "20000",
            "rate_limit_interval": "300"
        },
        "mux": {
            "rate_limit_burst": "20000",
            "rate_limit_interval": "300"
        },
        "pmon": {
            "rate_limit_burst": "20000",
            "rate_limit_interval": "300"
        },
        "radv": {
            "rate_limit_burst": "20000",
            "rate_limit_interval": "300"
        },
        "restapi": {
            "rate_limit_burst": "20000",
            "rate_limit_interval": "300"
        },
        "snmp": {
            "rate_limit_burst": "20000",
            "rate_limit_interval": "300"
        },
        "swss": {
            "rate_limit_burst": "20000",
            "rate_limit_interval": "300"
        },
        "syncd": {
            "rate_limit_burst": "20000",
            "rate_limit_interval": "300"
        },
        "teamd": {
            "rate_limit_burst": "20000",
            "rate_limit_interval": "300"
        },
        "telemetry": {
            "rate_limit_burst": "20000",
            "rate_limit_interval": "300"
        },
        "vnet-monitor": {
            "rate_limit_burst": "20000",
            "rate_limit_interval": "300"
        }
    },
    "SYSTEM_DEFAULTS": {
        "mux_tunnel_egress_acl": {
            "status": "disabled"
        }
    },
    "VERSIONS": {
        "DATABASE": {
            "VERSION": "version_202305_01"
        }
    },
    "VRF": {
        "Vrf0": {},
        "Vrf8": {},
        "Vrf16": {},
        "Vrf24": {},
        "Vrf32": {},
        "Vrf40": {},
        "Vrf48": {},
        "Vrf56": {},
        "Vrf64": {},
        "Vrf72": {},
        "Vrf80": {},
        "Vrf88": {},
        "Vrf96": {},
        "Vrf104": {},
        "Vrf112": {},
        "Vrf120": {},
        "Vrf128": {},
        "Vrf136": {},
        "Vrf144": {},
        "Vrf152": {},
        "Vrf160": {},
        "Vrf168": {},
        "Vrf176": {},
        "Vrf184": {},
        "Vrf192": {},
        "Vrf200": {},
        "Vrf208": {},
        "Vrf216": {},
        "Vrf224": {},
        "Vrf232": {},
        "Vrf240": {},
        "Vrf248": {}
    }
}admin@sonic:~$
admin@sonic:~$ show ip interfaces
Interface    Master    IPv4 address/mask    Admin/Oper    BGP Neighbor    Neighbor IP
-----------  --------  -------------------  ------------  --------------  -------------
Ethernet0    Vrf0      100.0.14.2/24        up/down       N/A             N/A
Ethernet8    Vrf0      100.0.15.1/24        up/down       N/A             N/A
Ethernet16   Vrf16     100.0.15.2/24        up/down       N/A             N/A
Ethernet24   Vrf24     100.0.15.1/24        up/down       N/A             N/A
Ethernet32   Vrf32     100.0.16.2/24        up/down       N/A             N/A
Ethernet40   Vrf40     100.0.16.1/24        up/down       N/A             N/A
Ethernet48   Vrf48     100.0.17.2/24        up/down       N/A             N/A
Ethernet56   Vrf56     100.0.17.1/24        up/down       N/A             N/A
Ethernet64   Vrf64     100.0.18.2/24        up/down       N/A             N/A
Ethernet72   Vrf72     100.0.18.1/24        up/down       N/A             N/A
Ethernet80   Vrf80     100.0.19.2/24        up/down       N/A             N/A
Ethernet88   Vrf88     100.0.19.1/24        up/down       N/A             N/A
Ethernet96   Vrf96     100.0.20.2/24        up/down       N/A             N/A
Ethernet104  Vrf104    100.0.20.1/24        up/down       N/A             N/A
Ethernet112  Vrf112    100.0.21.2/24        up/down       N/A             N/A
Ethernet120  Vrf120    100.0.21.1/24        up/down       N/A             N/A
Ethernet128  Vrf128    100.0.22.2/24        up/down       N/A             N/A
Ethernet136  Vrf136    100.0.22.1/24        up/down       N/A             N/A
Ethernet144  Vrf144    100.0.23.2/24        up/down       N/A             N/A
Ethernet152  Vrf152    100.0.23.1/24        up/down       N/A             N/A
Ethernet160  Vrf160    100.0.24.2/24        up/down       N/A             N/A
Ethernet168  Vrf168    100.0.24.1/24        up/down       N/A             N/A
Ethernet176  Vrf176    100.0.25.2/24        up/down       N/A             N/A
Ethernet184  Vrf184    100.0.25.1/24        up/down       N/A             N/A
Ethernet192  Vrf192    100.0.26.2/24        up/down       N/A             N/A
Ethernet200  Vrf200    100.0.26.1/24        up/down       N/A             N/A
Ethernet208  Vrf208    100.0.27.2/24        up/down       N/A             N/A
Ethernet216  Vrf216    100.0.27.1/24        up/down       N/A             N/A
Ethernet224  Vrf224    100.0.28.2/24        up/down       N/A             N/A
Ethernet232  Vrf232    100.0.28.1/24        up/down       N/A             N/A
Ethernet240  Vrf240    100.0.80.1/24        up/down       N/A             N/A
Ethernet248  Vrf248    100.0.70.1/24        up/down       N/A             N/A
docker0                240.127.1.1/24       up/down       N/A             N/A
eth0                   109.105.92.102/19    up/up         N/A             N/A
lo                     127.0.0.1/16         up/up         N/A             N/A
admin@sonic:~$
admin@sonic:~$
admin@sonic:~$
admin@sonic:~$
admin@sonic:~$ Connection to 109.105.92.102 closed by remote host.
Connection to 109.105.92.102 closed.
luxapps@luxapps6:~$ ll
total 32
drwxr-x--- 4 luxapps luxapps 4096 Oct  9 12:02 ./
drwxr-xr-x 3 root    root    4096 Jul 22 19:20 ../
-rw------- 1 luxapps luxapps  584 Jul 22 19:29 .bash_history
-rw-r--r-- 1 luxapps luxapps  220 Jul 22 19:20 .bash_logout
-rw-r--r-- 1 luxapps luxapps 3771 Jul 22 19:20 .bashrc
drwx------ 2 luxapps luxapps 4096 Jul 22 19:21 .cache/
-rw-r--r-- 1 luxapps luxapps    0 Oct  9 12:02 .motd_shown
-rw-r--r-- 1 luxapps luxapps  807 Jul 22 19:20 .profile
drwx------ 2 luxapps luxapps 4096 Oct  9 12:02 .ssh/
luxapps@luxapps6:~$ history | grep ssh
   12  ssh 109.105.92.102
   13  ssh admin@109.105.92.102
   15  history | grep ssh
luxapps@luxapps6:~$ !13
ssh admin@109.105.92.102
admin@109.105.92.102's password:
Linux sonic 5.10.0-23-2-amd64 #1 SMP Debian 5.10.179-3 (2023-07-27) x86_64
You are on
  ____   ___  _   _ _  ____
 / ___| / _ \| \ | (_)/ ___|
 \___ \| | | |  \| | | |
  ___) | |_| | |\  | | |___
 |____/ \___/|_| \_|_|\____|

-- Software for Open Networking in the Cloud --

Unauthorized access and/or use are prohibited.
All access and/or use are subject to monitoring.

Help:      https://sonic-net.github.io/SONiC/
Wiki:      https://microsoft.sharepoint.com/teams/WAG/AzureNetworking/Wiki/SONiC.aspx
On-Call:   https://portal.microsofticm.com/imp/v3/oncall/current?serviceId=10045&teamIds=26162
Dashboard: https://aka.ms/sonic-dri
Contact:   sonicdev@microsoft.com

Last login: Wed Oct  9 14:19:51 2024 from 109.105.92.60
admin@sonic:~$
admin@sonic:~$
admin@sonic:~$ show ip interfaces
Interface    Master    IPv4 address/mask    Admin/Oper    BGP Neighbor    Neighbor IP
-----------  --------  -------------------  ------------  --------------  -------------
Ethernet0    Vrf0      100.0.14.2/24        up/up         N/A             N/A
Ethernet8    Vrf0      100.0.15.1/24        up/up         N/A             N/A
Ethernet16   Vrf16     100.0.15.2/24        up/up         N/A             N/A
Ethernet24   Vrf24     100.0.15.1/24        up/up         N/A             N/A
Ethernet32   Vrf32     100.0.16.2/24        up/down       N/A             N/A
Ethernet40   Vrf40     100.0.16.1/24        up/down       N/A             N/A
Ethernet48   Vrf48     100.0.17.2/24        up/down       N/A             N/A
Ethernet56   Vrf56     100.0.17.1/24        up/down       N/A             N/A
Ethernet64   Vrf64     100.0.18.2/24        up/down       N/A             N/A
Ethernet72   Vrf72     100.0.18.1/24        up/down       N/A             N/A
Ethernet80   Vrf80     100.0.19.2/24        up/down       N/A             N/A
Ethernet88   Vrf88     100.0.19.1/24        up/down       N/A             N/A
Ethernet96   Vrf96     100.0.20.2/24        up/down       N/A             N/A
Ethernet104  Vrf104    100.0.20.1/24        up/down       N/A             N/A
Ethernet112  Vrf112    100.0.21.2/24        up/down       N/A             N/A
Ethernet120  Vrf120    100.0.21.1/24        up/down       N/A             N/A
Ethernet128  Vrf128    100.0.22.2/24        up/down       N/A             N/A
Ethernet136  Vrf136    100.0.22.1/24        up/down       N/A             N/A
Ethernet144  Vrf144    100.0.23.2/24        up/down       N/A             N/A
Ethernet152  Vrf152    100.0.23.1/24        up/down       N/A             N/A
Ethernet160  Vrf160    100.0.24.2/24        up/down       N/A             N/A
Ethernet168  Vrf168    100.0.24.1/24        up/down       N/A             N/A
Ethernet176  Vrf176    100.0.25.2/24        up/down       N/A             N/A
Ethernet184  Vrf184    100.0.25.1/24        up/down       N/A             N/A
Ethernet192  Vrf192    100.0.26.2/24        up/down       N/A             N/A
Ethernet200  Vrf200    100.0.26.1/24        up/down       N/A             N/A
Ethernet208  Vrf208    100.0.27.2/24        up/down       N/A             N/A
Ethernet216  Vrf216    100.0.27.1/24        up/down       N/A             N/A
Ethernet224  Vrf224    100.0.28.2/24        up/down       N/A             N/A
Ethernet232  Vrf232    100.0.28.1/24        up/down       N/A             N/A
Ethernet240  Vrf240    100.0.80.1/24        up/down       N/A             N/A
Ethernet248  Vrf248    100.0.70.1/24        up/down       N/A             N/A
docker0                240.127.1.1/24       up/down       N/A             N/A
eth0                   109.105.92.102/19    up/up         N/A             N/A
lo                     127.0.0.1/16         up/up         N/A             N/A
admin@sonic:~$ show interface Ethernet0
Usage: show interface [OPTIONS] COMMAND [ARGS]...
Try "show interface -h" for help.

Error: No such command "Ethernet0".
admin@sonic:~$ show interfaces Ethernet0
Usage: show interfaces [OPTIONS] COMMAND [ARGS]...
Try "show interfaces -h" for help.

Error: No such command "Ethernet0".
admin@sonic:~$ show interfaces -h
Usage: show interfaces [OPTIONS] COMMAND [ARGS]...

  Show details of the network interfaces

Options:
  -?, -h, --help  Show this message and exit.

Commands:
  alias          Show Interface Name/Alias Mapping
  autoneg        Show interface autoneg information
  breakout       Show Breakout Mode information by interfaces
  counters       Show interface counters
  description    Show interface status, protocol and description
  link-training  Show interface link-training information
  mpls           Show Interface MPLS status
  naming_mode    Show interface naming_mode status
  neighbor       Show neighbor related information
  portchannel    Show PortChannel information
  status         Show Interface status information
  tpid           Show Interface tpid information
  transceiver    Show SFP Transceiver information
admin@sonic:~$ show interfaces transceiver Ethernet0
Usage: show interfaces transceiver [OPTIONS] COMMAND [ARGS]...
Try "show interfaces transceiver -h" for help.

Error: No such command "Ethernet0".
admin@sonic:~$ show interfaces transceiver
Usage: show interfaces transceiver [OPTIONS] COMMAND [ARGS]...

  Show SFP Transceiver information

Options:
  -?, -h, --help  Show this message and exit.

Commands:
  eeprom        Show interface transceiver EEPROM information
  error-status  Show transceiver error-status
  info          Show interface transceiver information
  lpmode        Show interface transceiver low-power mode status
  pm            Show interface transceiver performance monitoring...
  presence      Show interface transceiver presence
  status        Show interface transceiver status information
admin@sonic:~$ show interfaces transceiver  status Ethernet0
Ethernet0:
        CMIS State (SW): READY
        Tx fault flag on media lane 1: False
        Tx fault flag on media lane 2: False
        Tx fault flag on media lane 3: False
        Tx fault flag on media lane 4: False
        Tx fault flag on media lane 5: False
        Tx fault flag on media lane 6: False
        Tx fault flag on media lane 7: False
        Tx fault flag on media lane 8: False
        Rx loss of signal flag on media lane 1: False
        Rx loss of signal flag on media lane 2: False
        Rx loss of signal flag on media lane 3: False
        Rx loss of signal flag on media lane 4: False
        Rx loss of signal flag on media lane 5: False
        Rx loss of signal flag on media lane 6: False
        Rx loss of signal flag on media lane 7: False
        Rx loss of signal flag on media lane 8: False
        TX disable status on lane 1: False
        TX disable status on lane 2: False
        TX disable status on lane 3: False
        TX disable status on lane 4: False
        TX disable status on lane 5: False
        TX disable status on lane 6: False
        TX disable status on lane 7: False
        TX disable status on lane 8: False
        Disabled TX channels: 0
        Current module state: ModuleReady
        Reason of entering the module fault state: No Fault detected
        Datapath firmware fault: False
        Module firmware fault: False
        Module state changed: False
        Data path state indicator on host lane 1: DataPathActivated
        Data path state indicator on host lane 2: DataPathActivated
        Data path state indicator on host lane 3: DataPathActivated
        Data path state indicator on host lane 4: DataPathActivated
        Data path state indicator on host lane 5: DataPathActivated
        Data path state indicator on host lane 6: DataPathActivated
        Data path state indicator on host lane 7: DataPathActivated
        Data path state indicator on host lane 8: DataPathActivated
        Tx output status on media lane 1: True
        Tx output status on media lane 2: True
        Tx output status on media lane 3: True
        Tx output status on media lane 4: True
        Tx output status on media lane 5: False
        Tx output status on media lane 6: False
        Tx output status on media lane 7: False
        Tx output status on media lane 8: False
        Rx output status on host lane 1: True
        Rx output status on host lane 2: True
        Rx output status on host lane 3: True
        Rx output status on host lane 4: True
        Rx output status on host lane 5: True
        Rx output status on host lane 6: True
        Rx output status on host lane 7: True
        Rx output status on host lane 8: True
        Tx loss of signal flag on host lane 1: False
        Tx loss of signal flag on host lane 2: False
        Tx loss of signal flag on host lane 3: False
        Tx loss of signal flag on host lane 4: False
        Tx loss of signal flag on host lane 5: False
        Tx loss of signal flag on host lane 6: False
        Tx loss of signal flag on host lane 7: False
        Tx loss of signal flag on host lane 8: False
        Tx clock and data recovery loss of lock on host lane 1: False
        Tx clock and data recovery loss of lock on host lane 2: False
        Tx clock and data recovery loss of lock on host lane 3: False
        Tx clock and data recovery loss of lock on host lane 4: False
        Tx clock and data recovery loss of lock on host lane 5: False
        Tx clock and data recovery loss of lock on host lane 6: False
        Tx clock and data recovery loss of lock on host lane 7: False
        Tx clock and data recovery loss of lock on host lane 8: False
        Rx clock and data recovery loss of lock on media lane 1: False
        Rx clock and data recovery loss of lock on media lane 2: False
        Rx clock and data recovery loss of lock on media lane 3: False
        Rx clock and data recovery loss of lock on media lane 4: False
        Rx clock and data recovery loss of lock on media lane 5: False
        Rx clock and data recovery loss of lock on media lane 6: False
        Rx clock and data recovery loss of lock on media lane 7: False
        Rx clock and data recovery loss of lock on media lane 8: False
        Configuration status for the data path of host line 1: ConfigSuccess
        Configuration status for the data path of host line 2: ConfigSuccess
        Configuration status for the data path of host line 3: ConfigSuccess
        Configuration status for the data path of host line 4: ConfigSuccess
        Configuration status for the data path of host line 5: ConfigSuccess
        Configuration status for the data path of host line 6: ConfigSuccess
        Configuration status for the data path of host line 7: ConfigSuccess
        Configuration status for the data path of host line 8: ConfigSuccess
        Data path configuration updated on host lane 1: False
        Data path configuration updated on host lane 2: False
        Data path configuration updated on host lane 3: False
        Data path configuration updated on host lane 4: False
        Data path configuration updated on host lane 5: False
        Data path configuration updated on host lane 6: False
        Data path configuration updated on host lane 7: False
        Data path configuration updated on host lane 8: False
        Temperature high alarm flag: False
        Temperature high warning flag: False
        Temperature low warning flag: False
        Temperature low alarm flag: False
        Vcc high alarm flag: False
        Vcc high warning flag: False
        Vcc low warning flag: False
        Vcc low alarm flag: False
        Tx power high alarm flag on lane 1: False
        Tx power high alarm flag on lane 2: False
        Tx power high alarm flag on lane 3: False
        Tx power high alarm flag on lane 4: False
        Tx power high alarm flag on lane 5: False
        Tx power high alarm flag on lane 6: False
        Tx power high alarm flag on lane 7: False
        Tx power high alarm flag on lane 8: False
        Tx power high warning flag on lane 1: False
        Tx power high warning flag on lane 2: False
        Tx power high warning flag on lane 3: False
        Tx power high warning flag on lane 4: False
        Tx power high warning flag on lane 5: False
        Tx power high warning flag on lane 6: False
        Tx power high warning flag on lane 7: False
        Tx power high warning flag on lane 8: False
        Tx power low warning flag on lane 1: False
        Tx power low warning flag on lane 2: False
        Tx power low warning flag on lane 3: False
        Tx power low warning flag on lane 4: False
        Tx power low warning flag on lane 5: False
        Tx power low warning flag on lane 6: False
        Tx power low warning flag on lane 7: False
        Tx power low warning flag on lane 8: False
        Tx power low alarm flag on lane 1: False
        Tx power low alarm flag on lane 2: False
        Tx power low alarm flag on lane 3: False
        Tx power low alarm flag on lane 4: False
        Tx power low alarm flag on lane 5: False
        Tx power low alarm flag on lane 6: False
        Tx power low alarm flag on lane 7: False
        Tx power low alarm flag on lane 8: False
        Rx power high alarm flag on lane 1: False
        Rx power high alarm flag on lane 2: False
        Rx power high alarm flag on lane 3: False
        Rx power high alarm flag on lane 4: False
        Rx power high alarm flag on lane 5: False
        Rx power high alarm flag on lane 6: False
        Rx power high alarm flag on lane 7: False
        Rx power high alarm flag on lane 8: False
        Rx power high warning flag on lane 1: False
        Rx power high warning flag on lane 2: False
        Rx power high warning flag on lane 3: False
        Rx power high warning flag on lane 4: False
        Rx power high warning flag on lane 5: False
        Rx power high warning flag on lane 6: False
        Rx power high warning flag on lane 7: False
        Rx power high warning flag on lane 8: False
        Rx power low warning flag on lane 1: False
        Rx power low warning flag on lane 2: False
        Rx power low warning flag on lane 3: False
        Rx power low warning flag on lane 4: False
        Rx power low warning flag on lane 5: False
        Rx power low warning flag on lane 6: False
        Rx power low warning flag on lane 7: False
        Rx power low warning flag on lane 8: False
        Rx power low alarm flag on lane 1: False
        Rx power low alarm flag on lane 2: False
        Rx power low alarm flag on lane 3: False
        Rx power low alarm flag on lane 4: False
        Rx power low alarm flag on lane 5: False
        Rx power low alarm flag on lane 6: False
        Rx power low alarm flag on lane 7: False
        Rx power low alarm flag on lane 8: False
        Tx bias high alarm flag on lane 1: False
        Tx bias high alarm flag on lane 2: False
        Tx bias high alarm flag on lane 3: False
        Tx bias high alarm flag on lane 4: False
        Tx bias high alarm flag on lane 5: False
        Tx bias high alarm flag on lane 6: False
        Tx bias high alarm flag on lane 7: False
        Tx bias high alarm flag on lane 8: False
        Tx bias high warning flag on lane 1: False
        Tx bias high warning flag on lane 2: False
        Tx bias high warning flag on lane 3: False
        Tx bias high warning flag on lane 4: False
        Tx bias high warning flag on lane 5: False
        Tx bias high warning flag on lane 6: False
        Tx bias high warning flag on lane 7: False
        Tx bias high warning flag on lane 8: False
        Tx bias low warning flag on lane 1: False
        Tx bias low warning flag on lane 2: False
        Tx bias low warning flag on lane 3: False
        Tx bias low warning flag on lane 4: False
        Tx bias low warning flag on lane 5: False
        Tx bias low warning flag on lane 6: False
        Tx bias low warning flag on lane 7: False
        Tx bias low warning flag on lane 8: False
        Tx bias low alarm flag on lane 1: False
        Tx bias low alarm flag on lane 2: False
        Tx bias low alarm flag on lane 3: False
        Tx bias low alarm flag on lane 4: False
        Tx bias low alarm flag on lane 5: False
        Tx bias low alarm flag on lane 6: False
        Tx bias low alarm flag on lane 7: False
        Tx bias low alarm flag on lane 8: False
        Laser temperature high alarm flag: False
        Laser temperature high warning flag: False
        Laser temperature low warning flag: False
        Laser temperature low alarm flag: False
        Prefec ber high alarm flag: False
        Prefec ber high warning flag: False
        Prefec ber low warning flag: False
        Prefec ber low alarm flag: False
        Postfec ber high alarm flag: False
        Postfec ber high warning flag: False
        Postfec ber low warning flag: False
        Postfec ber low alarm flag: False
admin@sonic:~$
admin@sonic:~$ show interfaces transceiver  eeprom  Ethernet0
Ethernet0: SFP EEPROM detected
        Active Firmware: 1.4.111
        Active application selected code assigned to host lane 1: 1
        Active application selected code assigned to host lane 2: 1
        Active application selected code assigned to host lane 3: 1
        Active application selected code assigned to host lane 4: 1
        Active application selected code assigned to host lane 5: 1
        Active application selected code assigned to host lane 6: 1
        Active application selected code assigned to host lane 7: 1
        Active application selected code assigned to host lane 8: 1
        Application Advertisement: 400GAUI-8 C2M (Annex 120E) - Host Assign (0x1) - 400GBASE-DR4 (Cl 124) - Media Assign (0x1)
                                   100GAUI-2 C2M (Annex 135G) - Host Assign (0x55) - 100G-FR/100GBASE-FR1 (Cl 140) - Media Assign (0xf)
        CMIS Rev: 5.2
        Connector: MPO 1x12
        Encoding: N/A
        Extended Identifier: Power Class 5 (9.0W Max)
        Extended RateSelect Compliance: N/A
        Host Lane Count: 8
        Identifier: QSFP-DD Double Density 8X Pluggable Transceiver
        Inactive Firmware: 1.4.111
        Length Cable Assembly(m): 0.0
        Media Interface Technology: 1310 nm EML
        Media Lane Count: 4
        Module Hardware Rev: 2.0
        Nominal Bit Rate(100Mbs): 0
        Specification compliance: sm_media_interface
        Supported Max Laser Frequency: N/A
        Supported Max TX Power: N/A
        Supported Min Laser Frequency: N/A
        Supported Min TX Power: N/A
        Vendor Date Code(YYYY-MM-DD Lot): 2024-03-23
        Vendor Name: CISCO
        Vendor OUI: 00-00-0c
        Vendor PN: 10-3627-01
        Vendor Rev: 1A
        Vendor SN: CGM28120088
admin@sonic:~$
admin@sonic:~$
admin@sonic:~$ show interfaces transceiver -h
Usage: show interfaces transceiver [OPTIONS] COMMAND [ARGS]...

  Show SFP Transceiver information

Options:
  -?, -h, --help  Show this message and exit.

Commands:
  eeprom        Show interface transceiver EEPROM information
  error-status  Show transceiver error-status
  info          Show interface transceiver information
  lpmode        Show interface transceiver low-power mode status
  pm            Show interface transceiver performance monitoring...
  presence      Show interface transceiver presence
  status        Show interface transceiver status information
admin@sonic:~$ show interfaces transceiver info Ethernet0
Ethernet0: SFP EEPROM detected
        Active Firmware: 1.4.111
        Active application selected code assigned to host lane 1: 1
        Active application selected code assigned to host lane 2: 1
        Active application selected code assigned to host lane 3: 1
        Active application selected code assigned to host lane 4: 1
        Active application selected code assigned to host lane 5: 1
        Active application selected code assigned to host lane 6: 1
        Active application selected code assigned to host lane 7: 1
        Active application selected code assigned to host lane 8: 1
        Application Advertisement: 400GAUI-8 C2M (Annex 120E) - Host Assign (0x1) - 400GBASE-DR4 (Cl 124) - Media Assign (0x1)
                                   100GAUI-2 C2M (Annex 135G) - Host Assign (0x55) - 100G-FR/100GBASE-FR1 (Cl 140) - Media Assign (0xf)
        CMIS Rev: 5.2
        Connector: MPO 1x12
        Encoding: N/A
        Extended Identifier: Power Class 5 (9.0W Max)
        Extended RateSelect Compliance: N/A
        Host Lane Count: 8
        Identifier: QSFP-DD Double Density 8X Pluggable Transceiver
        Inactive Firmware: 1.4.111
        Length Cable Assembly(m): 0.0
        Media Interface Technology: 1310 nm EML
        Media Lane Count: 4
        Module Hardware Rev: 2.0
        Nominal Bit Rate(100Mbs): 0
        Specification compliance: sm_media_interface
        Supported Max Laser Frequency: N/A
        Supported Max TX Power: N/A
        Supported Min Laser Frequency: N/A
        Supported Min TX Power: N/A
        Vendor Date Code(YYYY-MM-DD Lot): 2024-03-23
        Vendor Name: CISCO
        Vendor OUI: 00-00-0c
        Vendor PN: 10-3627-01
        Vendor Rev: 1A
        Vendor SN: CGM28120088
admin@sonic:~$
admin@sonic:~$


admin@sonic:~$
admin@sonic:~$
admin@sonic:~$
admin@sonic:~$
admin@sonic:~$
admin@sonic:~$
admin@sonic:~$ Connection to 109.105.92.102 closed by remote host.
Connection to 109.105.92.102 closed.
luxapps@luxapps6:~$ ssh admin@109.105.92.102
admin@109.105.92.102's password:
Linux sonic 5.10.0-23-2-amd64 #1 SMP Debian 5.10.179-3 (2023-07-27) x86_64
You are on
  ____   ___  _   _ _  ____
 / ___| / _ \| \ | (_)/ ___|
 \___ \| | | |  \| | | |
  ___) | |_| | |\  | | |___
 |____/ \___/|_| \_|_|\____|

-- Software for Open Networking in the Cloud --

Unauthorized access and/or use are prohibited.
All access and/or use are subject to monitoring.

Help:      https://sonic-net.github.io/SONiC/
Wiki:      https://microsoft.sharepoint.com/teams/WAG/AzureNetworking/Wiki/SONiC.aspx
On-Call:   https://portal.microsofticm.com/imp/v3/oncall/current?serviceId=10045&teamIds=26162
Dashboard: https://aka.ms/sonic-dri
Contact:   sonicdev@microsoft.com

Last login: Thu Oct 10 20:43:17 2024 from 109.105.92.60
admin@sonic:~$ show interfaces Ethernet0 counters
Usage: show interfaces [OPTIONS] COMMAND [ARGS]...
Try "show interfaces -h" for help.

Error: No such command "Ethernet0".
admin@sonic:~$ show interfaces counters Ethernet0
Usage: show interfaces counters [OPTIONS] COMMAND [ARGS]...
Try "show interfaces counters -h" for help.

Error: No such command "Ethernet0".
admin@sonic:~$ show interfaces counters -h
Usage: show interfaces counters [OPTIONS] COMMAND [ARGS]...

  Show interface counters

Options:
  -a, --printall
  -p, --period TEXT
  -i, --interface TEXT
  -d, --display [all]   Show internal interfaces  [default: all]
  -n, --namespace []    Namespace name or all
  --verbose             Enable verbose output
  -h, -?, --help        Show this message and exit.

Commands:
  detailed   Show interface counters detailed
  errors     Show interface counters errors
  fec-stats  Show interface counters fec-stats
  rates      Show interface counters rates
  rif        Show interface counters
admin@sonic:~$ show interfaces counters -h -i Ethernet0
Usage: show interfaces counters [OPTIONS] COMMAND [ARGS]...

  Show interface counters

Options:
  -a, --printall
  -p, --period TEXT
  -i, --interface TEXT
  -d, --display [all]   Show internal interfaces  [default: all]
  -n, --namespace []    Namespace name or all
  --verbose             Enable verbose output
  -?, -h, --help        Show this message and exit.

Commands:
  detailed   Show interface counters detailed
  errors     Show interface counters errors
  fec-stats  Show interface counters fec-stats
  rates      Show interface counters rates
  rif        Show interface counters
admin@sonic:~$ show interfaces counters -i Ethernet0
    IFACE    STATE           RX_OK    RX_BPS    RX_UTIL    RX_ERR          RX_DRP    RX_OVR    TX_OK    TX_BPS    TX_UTIL    TX_ERR    TX_DRP    TX_OVR
---------  -------  --------------  --------  ---------  --------  --------------  --------  -------  --------  ---------  --------  --------  --------
Ethernet0        U  16,761,455,755  0.00 B/s      0.00%         0  16,761,455,715         0    3,702  1.35 B/s      0.00%         0         0         0
admin@sonic:~$ show interfaces counters -d Ethernet0
Usage: show interfaces counters [OPTIONS] COMMAND [ARGS]...
Try "show interfaces counters -h" for help.

Error: Invalid value for "--display" / "-d": invalid choice: Ethernet0. (choose from all)
admin@sonic:~$ show interfaces counters detailed  Ethernet0
Packets Received 64 Octets..................... 16,761,455,715
Packets Received 65-127 Octets................. 0
Packets Received 128-255 Octets................ 40
Packets Received 256-511 Octets................ 0
Packets Received 512-1023 Octets............... 0
Packets Received 1024-1518 Octets.............. 0
Packets Received 1519-2047 Octets.............. 0
Packets Received 2048-4095 Octets.............. N/A
Packets Received 4096-9216 Octets.............. N/A
Packets Received 9217-16383 Octets............. N/A

Total Packets Received Without Errors.......... 16,761,455,755
Unicast Packets Received....................... 16,761,455,712
Multicast Packets Received..................... 40
Broadcast Packets Received..................... 3

Jabbers Received............................... N/A
Fragments Received............................. N/A
Undersize Received............................. 0
Overruns Received.............................. N/A

Packets Transmitted 64 Octets.................. 3
Packets Transmitted 65-127 Octets.............. 0
Packets Transmitted 128-255 Octets............. 3,701
Packets Transmitted 256-511 Octets............. 0
Packets Transmitted 512-1023 Octets............ 0
Packets Transmitted 1024-1518 Octets........... 0
Packets Transmitted 1519-2047 Octets........... 0
Packets Transmitted 2048-4095 Octets........... N/A
Packets Transmitted 4096-9216 Octets........... N/A
Packets Transmitted 9217-16383 Octets.......... N/A

Total Packets Transmitted Successfully......... 3,704
Unicast Packets Transmitted.................... 3,704
Multicast Packets Transmitted.................. 0
Broadcast Packets Transmitted.................. 0
Time Since Counters Last Cleared............... None
admin@sonic:~$ show interfaces counters detailed  Ethernet0
Packets Received 64 Octets..................... 16,990,054,890
Packets Received 65-127 Octets................. 0
Packets Received 128-255 Octets................ 40
Packets Received 256-511 Octets................ 0
Packets Received 512-1023 Octets............... 0
Packets Received 1024-1518 Octets.............. 0
Packets Received 1519-2047 Octets.............. 0
Packets Received 2048-4095 Octets.............. N/A
Packets Received 4096-9216 Octets.............. N/A
Packets Received 9217-16383 Octets............. N/A

Total Packets Received Without Errors.......... 17,047,744,294
Unicast Packets Received....................... 17,047,744,251
Multicast Packets Received..................... 40
Broadcast Packets Received..................... 3

Jabbers Received............................... N/A
Fragments Received............................. N/A
Undersize Received............................. 0
Overruns Received.............................. N/A

Packets Transmitted 64 Octets.................. 3
Packets Transmitted 65-127 Octets.............. 0
Packets Transmitted 128-255 Octets............. 3,701
Packets Transmitted 256-511 Octets............. 0
Packets Transmitted 512-1023 Octets............ 0
Packets Transmitted 1024-1518 Octets........... 0
Packets Transmitted 1519-2047 Octets........... 0
Packets Transmitted 2048-4095 Octets........... N/A
Packets Transmitted 4096-9216 Octets........... N/A
Packets Transmitted 9217-16383 Octets.......... N/A

Total Packets Transmitted Successfully......... 3,704
Unicast Packets Transmitted.................... 3,704
Multicast Packets Transmitted.................. 0
Broadcast Packets Transmitted.................. 0
Time Since Counters Last Cleared............... None
admin@sonic:~$
admin@sonic:~$
admin@sonic:~$
admin@sonic:~$ show interfaces counters detailed  Ethernet0
Packets Received 64 Octets..................... 17,820,738,413
Packets Received 65-127 Octets................. 0
Packets Received 128-255 Octets................ 40
Packets Received 256-511 Octets................ 0
Packets Received 512-1023 Octets............... 0
Packets Received 1024-1518 Octets.............. 0
Packets Received 1519-2047 Octets.............. 0
Packets Received 2048-4095 Octets.............. N/A
Packets Received 4096-9216 Octets.............. N/A
Packets Received 9217-16383 Octets............. N/A

Total Packets Received Without Errors.......... 17,880,139,343
Unicast Packets Received....................... 17,880,139,300
Multicast Packets Received..................... 40
Broadcast Packets Received..................... 3

Jabbers Received............................... N/A
Fragments Received............................. N/A
Undersize Received............................. 0
Overruns Received.............................. N/A

Packets Transmitted 64 Octets.................. 3
Packets Transmitted 65-127 Octets.............. 0
Packets Transmitted 128-255 Octets............. 3,702
Packets Transmitted 256-511 Octets............. 0
Packets Transmitted 512-1023 Octets............ 0
Packets Transmitted 1024-1518 Octets........... 0
Packets Transmitted 1519-2047 Octets........... 0
Packets Transmitted 2048-4095 Octets........... N/A
Packets Transmitted 4096-9216 Octets........... N/A
Packets Transmitted 9217-16383 Octets.......... N/A

Total Packets Transmitted Successfully......... 3,705
Unicast Packets Transmitted.................... 3,705
Multicast Packets Transmitted.................. 0
Broadcast Packets Transmitted.................. 0
Time Since Counters Last Cleared............... None
admin@sonic:~$ show interfaces counters detailed  Ethernet0
Packets Received 64 Octets..................... 18,119,404,276
Packets Received 65-127 Octets................. 0
Packets Received 128-255 Octets................ 40
Packets Received 256-511 Octets................ 0
Packets Received 512-1023 Octets............... 0
Packets Received 1024-1518 Octets.............. 0
Packets Received 1519-2047 Octets.............. 0
Packets Received 2048-4095 Octets.............. N/A
Packets Received 4096-9216 Octets.............. N/A
Packets Received 9217-16383 Octets............. N/A

Total Packets Received Without Errors.......... 18,119,528,515
Unicast Packets Received....................... 18,119,528,472
Multicast Packets Received..................... 40
Broadcast Packets Received..................... 3

Jabbers Received............................... N/A
Fragments Received............................. N/A
Undersize Received............................. 0
Overruns Received.............................. N/A

Packets Transmitted 64 Octets.................. 3
Packets Transmitted 65-127 Octets.............. 0
Packets Transmitted 128-255 Octets............. 3,702
Packets Transmitted 256-511 Octets............. 0
Packets Transmitted 512-1023 Octets............ 0
Packets Transmitted 1024-1518 Octets........... 0
Packets Transmitted 1519-2047 Octets........... 0
Packets Transmitted 2048-4095 Octets........... N/A
Packets Transmitted 4096-9216 Octets........... N/A
Packets Transmitted 9217-16383 Octets.......... N/A

Total Packets Transmitted Successfully......... 3,705
Unicast Packets Transmitted.................... 3,705
Multicast Packets Transmitted.................. 0
Broadcast Packets Transmitted.................. 0
Time Since Counters Last Cleared............... None
admin@sonic:~$ show ip interfaces
Interface    Master    IPv4 address/mask    Admin/Oper    BGP Neighbor    Neighbor IP
-----------  --------  -------------------  ------------  --------------  -------------
Ethernet0    Vrf0      100.0.14.2/24        up/up         N/A             N/A
Ethernet8    Vrf0      100.0.15.1/24        up/up         N/A             N/A
Ethernet16   Vrf16     100.0.15.2/24        up/up         N/A             N/A
Ethernet24   Vrf24     100.0.15.1/24        up/up         N/A             N/A
Ethernet32   Vrf32     100.0.16.2/24        up/down       N/A             N/A
Ethernet40   Vrf40     100.0.16.1/24        up/down       N/A             N/A
Ethernet48   Vrf48     100.0.17.2/24        up/down       N/A             N/A
Ethernet56   Vrf56     100.0.17.1/24        up/down       N/A             N/A
Ethernet64   Vrf64     100.0.18.2/24        up/down       N/A             N/A
Ethernet72   Vrf72     100.0.18.1/24        up/down       N/A             N/A
Ethernet80   Vrf80     100.0.19.2/24        up/down       N/A             N/A
Ethernet88   Vrf88     100.0.19.1/24        up/down       N/A             N/A
Ethernet96   Vrf96     100.0.20.2/24        up/down       N/A             N/A
Ethernet104  Vrf104    100.0.20.1/24        up/down       N/A             N/A
Ethernet112  Vrf112    100.0.21.2/24        up/down       N/A             N/A
Ethernet120  Vrf120    100.0.21.1/24        up/down       N/A             N/A
Ethernet128  Vrf128    100.0.22.2/24        up/down       N/A             N/A
Ethernet136  Vrf136    100.0.22.1/24        up/down       N/A             N/A
Ethernet144  Vrf144    100.0.23.2/24        up/down       N/A             N/A
Ethernet152  Vrf152    100.0.23.1/24        up/down       N/A             N/A
Ethernet160  Vrf160    100.0.24.2/24        up/down       N/A             N/A
Ethernet168  Vrf168    100.0.24.1/24        up/down       N/A             N/A
Ethernet176  Vrf176    100.0.25.2/24        up/down       N/A             N/A
Ethernet184  Vrf184    100.0.25.1/24        up/down       N/A             N/A
Ethernet192  Vrf192    100.0.26.2/24        up/down       N/A             N/A
Ethernet200  Vrf200    100.0.26.1/24        up/down       N/A             N/A
Ethernet208  Vrf208    100.0.27.2/24        up/down       N/A             N/A
Ethernet216  Vrf216    100.0.27.1/24        up/down       N/A             N/A
Ethernet224  Vrf224    100.0.28.2/24        up/down       N/A             N/A
Ethernet232  Vrf232    100.0.28.1/24        up/down       N/A             N/A
Ethernet240  Vrf240    100.0.80.1/24        up/down       N/A             N/A
Ethernet248  Vrf248    100.0.70.1/24        up/down       N/A             N/A
docker0                240.127.1.1/24       up/down       N/A             N/A
eth0                   109.105.92.102/19    up/up         N/A             N/A
lo                     127.0.0.1/16         up/up         N/A             N/A
admin@sonic:~$ Connection to 109.105.92.102 closed by remote host.
Connection to 109.105.92.102 closed.
luxapps@luxapps6:~$
luxapps@luxapps6:~$ ssh admin@109.105.92.102
admin@109.105.92.102's password:
Connection closed by 109.105.92.102 port 22
luxapps@luxapps6:~$ ssh admin@109.105.92.102
admin@109.105.92.102's password:
Linux sonic 5.10.0-23-2-amd64 #1 SMP Debian 5.10.179-3 (2023-07-27) x86_64
You are on
  ____   ___  _   _ _  ____
 / ___| / _ \| \ | (_)/ ___|
 \___ \| | | |  \| | | |
  ___) | |_| | |\  | | |___
 |____/ \___/|_| \_|_|\____|

-- Software for Open Networking in the Cloud --

Unauthorized access and/or use are prohibited.
All access and/or use are subject to monitoring.

Help:      https://sonic-net.github.io/SONiC/
Wiki:      https://microsoft.sharepoint.com/teams/WAG/AzureNetworking/Wiki/SONiC.aspx
On-Call:   https://portal.microsofticm.com/imp/v3/oncall/current?serviceId=10045&teamIds=26162
Dashboard: https://aka.ms/sonic-dri
Contact:   sonicdev@microsoft.com

Last login: Thu Oct 10 21:49:51 2024 from 109.105.92.60
admin@sonic:~$ show runningconfiguration
Usage: show runningconfiguration [OPTIONS] COMMAND [ARGS]...

  Show current running configuration information

Options:
  -h, -?, --help  Show this message and exit.

Commands:
  acl         Show acl running configuration
  all         Show full running configuration
  bgp         Show BGP running configuration Note: multi-asic can run 'show...
  interfaces  Show interfaces running configuration
  ntp         Show NTP running configuration
  ports       Show ports running configuration
  snmp        Show SNMP running configuration
  syslog      Show Syslog running configuration
admin@sonic:~$ show runningconfiguration interfaces
{
    "Ethernet0": {
        "mac_addr": "e8:eb:34:e7:d4:00",
        "vrf_name": "Vrf0"
    },
    "Ethernet104": {
        "mac_addr": "e8:eb:34:e7:d3:f3",
        "vrf_name": "Vrf104"
    },
    "Ethernet112": {
        "mac_addr": "e8:eb:34:e7:d3:f2",
        "vrf_name": "Vrf112"
    },
    "Ethernet120": {
        "mac_addr": "e8:eb:34:e7:d3:f1",
        "vrf_name": "Vrf120"
    },
    "Ethernet128": {
        "mac_addr": "e8:eb:34:e7:d3:f0",
        "vrf_name": "Vrf128"
    },
    "Ethernet136": {
        "mac_addr": "e8:eb:34:e7:d3:ef",
        "vrf_name": "Vrf136"
    },
    "Ethernet144": {
        "mac_addr": "e8:eb:34:e7:d3:ee",
        "vrf_name": "Vrf144"
    },
    "Ethernet152": {
        "mac_addr": "e8:eb:34:e7:d3:ed",
        "vrf_name": "Vrf152"
    },
    "Ethernet16": {
        "mac_addr": "e8:eb:34:e7:d3:fe",
        "vrf_name": "Vrf16"
    },
    "Ethernet160": {
        "mac_addr": "e8:eb:34:e7:d3:eb",
        "vrf_name": "Vrf160"
    },
    "Ethernet168": {
        "mac_addr": "e8:eb:34:e7:d3:ea",
        "vrf_name": "Vrf168"
    },
    "Ethernet176": {
        "mac_addr": "e8:eb:34:e7:d3:e9",
        "vrf_name": "Vrf176"
    },
    "Ethernet184": {
        "mac_addr": "e8:eb:34:e7:d3:e8",
        "vrf_name": "Vrf184"
    },
    "Ethernet192": {
        "mac_addr": "e8:eb:34:e7:d3:e7",
        "vrf_name": "Vrf192"
    },
    "Ethernet20": {
        "mac_addr": "e8:eb:34:e7:d3:eb"
    },
    "Ethernet200": {
        "mac_addr": "e8:eb:34:e7:d3:e6",
        "vrf_name": "Vrf200"
    },
    "Ethernet208": {
        "mac_addr": "e8:eb:34:e7:d3:e5",
        "vrf_name": "Vrf208"
    },
    "Ethernet21": {
        "mac_addr": "e8:eb:34:e7:d3:ea"
    },
    "Ethernet216": {
        "mac_addr": "e8:eb:34:e7:d3:e4",
        "vrf_name": "Vrf216"
    },
    "Ethernet22": {
        "mac_addr": "e8:eb:34:e7:d3:e9"
    },
    "Ethernet224": {
        "mac_addr": "e8:eb:34:e7:d3:e3",
        "vrf_name": "Vrf224"
    },
    "Ethernet23": {
        "mac_addr": "e8:eb:34:e7:d3:e8"
    },
    "Ethernet232": {
        "mac_addr": "e8:eb:34:e7:d3:e2",
        "vrf_name": "Vrf232"
    },
    "Ethernet24": {
        "vrf_name": "Vrf16"
    },
    "Ethernet240": {
        "mac_addr": "e8:eb:34:e7:d3:e1",
        "vrf_name": "Vrf240"
    },
    "Ethernet248": {
        "mac_addr": "e8:eb:34:e7:d3:ec",
        "vrf_name": "Vrf248"
    },
    "Ethernet25": {
        "mac_addr": "e8:eb:34:e7:d3:e6"
    },
    "Ethernet26": {
        "mac_addr": "e8:eb:34:e7:d3:e5"
    },
    "Ethernet27": {
        "mac_addr": "e8:eb:34:e7:d3:e4"
    },
    "Ethernet28": {
        "mac_addr": "e8:eb:34:e7:d3:e3"
    },
    "Ethernet29": {
        "mac_addr": "e8:eb:34:e7:d3:e2"
    },
    "Ethernet30": {
        "mac_addr": "e8:eb:34:e7:d3:e1"
    },
    "Ethernet31": {
        "mac_addr": "e8:eb:34:e7:d3:ec"
    },
    "Ethernet32": {
        "mac_addr": "e8:eb:34:e7:d3:fc",
        "vrf_name": "Vrf32"
    },
    "Ethernet40": {
        "mac_addr": "e8:eb:34:e7:d3:fb",
        "vrf_name": "Vrf40"
    },
    "Ethernet48": {
        "mac_addr": "e8:eb:34:e7:d3:fa",
        "vrf_name": "Vrf48"
    },
    "Ethernet56": {
        "mac_addr": "e8:eb:34:e7:d3:f9",
        "vrf_name": "Vrf56"
    },
    "Ethernet64": {
        "mac_addr": "e8:eb:34:e7:d3:f8",
        "vrf_name": "Vrf64"
    },
    "Ethernet72": {
        "mac_addr": "e8:eb:34:e7:d3:f7",
        "vrf_name": "Vrf72"
    },
    "Ethernet8": {
        "vrf_name": "Vrf0"
    },
    "Ethernet80": {
        "mac_addr": "e8:eb:34:e7:d3:f6",
        "vrf_name": "Vrf80"
    },
    "Ethernet88": {
        "mac_addr": "e8:eb:34:e7:d3:f5",
        "vrf_name": "Vrf88"
    },
    "Ethernet96": {
        "mac_addr": "e8:eb:34:e7:d3:f4",
        "vrf_name": "Vrf96"
    },
    "Ethernet0|100.0.14.2/24": {},
    "Ethernet104|100.0.20.1/24": {},
    "Ethernet112|100.0.21.2/24": {},
    "Ethernet120|100.0.21.1/24": {},
    "Ethernet128|100.0.22.2/24": {},
    "Ethernet136|100.0.22.1/24": {},
    "Ethernet144|100.0.23.2/24": {},
    "Ethernet152|100.0.23.1/24": {},
    "Ethernet160|100.0.24.2/24": {},
    "Ethernet168|100.0.24.1/24": {},
    "Ethernet16|100.0.15.2/24": {},
    "Ethernet176|100.0.25.2/24": {},
    "Ethernet184|100.0.25.1/24": {},
    "Ethernet192|100.0.26.2/24": {},
    "Ethernet200|100.0.26.1/24": {},
    "Ethernet208|100.0.27.2/24": {},
    "Ethernet216|100.0.27.1/24": {},
    "Ethernet224|100.0.28.2/24": {},
    "Ethernet232|100.0.28.1/24": {},
    "Ethernet240|100.0.80.1/24": {},
    "Ethernet248|100.0.70.1/24": {},
    "Ethernet24|100.0.16.1/24": {},
    "Ethernet32|100.0.16.2/24": {},
    "Ethernet40|100.0.16.1/24": {},
    "Ethernet48|100.0.17.2/24": {},
    "Ethernet56|100.0.17.1/24": {},
    "Ethernet64|100.0.18.2/24": {},
    "Ethernet72|100.0.18.1/24": {},
    "Ethernet80|100.0.19.2/24": {},
    "Ethernet88|100.0.19.1/24": {},
    "Ethernet8|100.0.15.1/24": {},
    "Ethernet96|100.0.20.2/24": {}
}
admin@sonic:~$ docker ps -a
CONTAINER ID   IMAGE                             COMMAND                  CREATED       STATUS                   PORTS     NAMES
716bb7cf3dfb   2641de6d8553                      "/usr/bin/docker_ini"   3 weeks ago   Up 33 hours                        dhcp_relay
a91fdf21828c   docker-sonic-telemetry:latest     "/usr/local/bin/supe"   3 weeks ago   Up 33 hours                        telemetry
7463a3a7960a   docker-snmp:latest                "/usr/local/bin/supe"   3 weeks ago   Up 33 hours                        snmp
3328ab338dfd   docker-platform-monitor:latest    "/usr/bin/docker_ini"   3 weeks ago   Up 33 hours                        pmon
cd82c6e8cd25   docker-lldp:latest                "/usr/bin/docker-lld"   3 weeks ago   Up 33 hours                        lldp
5472ce6ac033   docker-sonic-gnmi:latest          "/usr/local/bin/supe"   3 weeks ago   Up 33 hours                        gnmi
e726ecf5c141   docker-vnet-monitor:latest        "/usr/local/bin/supe"   3 weeks ago   Exited (0) 3 weeks ago             vnet-monitor
1722794bd9ec   docker-router-advertiser:latest   "/usr/bin/docker-ini"   3 weeks ago   Up 33 hours                        radv
feeff275e07a   docker-fpm-frr:latest             "/usr/bin/docker_ini"   3 weeks ago   Up 33 hours                        bgp
99bd9b0da34c   docker-syncd-cisco:latest         "/usr/local/bin/supe"   3 weeks ago   Up 33 hours                        syncd
f465dff5092b   docker-teamd:latest               "/usr/local/bin/supe"   3 weeks ago   Up 33 hours                        teamd
f99ef857110e   docker-orchagent:latest           "/usr/bin/docker-ini"   3 weeks ago   Up 33 hours                        swss
dce319b0148d   docker-sonic-restapi:latest       "/usr/local/bin/supe"   3 weeks ago   Up 33 hours                        restapi
79ca0c7105c1   docker-eventd:latest              "/usr/local/bin/supe"   3 weeks ago   Up 33 hours                        eventd
5eefc997c5db   docker-acms:latest                "/usr/local/bin/supe"   3 weeks ago   Up 2 days                          acms
5e1c494c9705   docker-database:latest            "/usr/local/bin/dock"   3 weeks ago   Up 2 days                          database
admin@sonic:~$
admin@sonic:~$
admin@sonic:~$
admin@sonic:~$ docker images
REPOSITORY                 TAG           IMAGE ID       CREATED        SIZE
docker-gbsyncd-cisco       20230531.25   2e2755ca20d2   6 months ago   366MB
docker-gbsyncd-cisco       latest        2e2755ca20d2   6 months ago   366MB
docker-orchagent           20230531.25   1c48d0e3695c   6 months ago   330MB
docker-orchagent           latest        1c48d0e3695c   6 months ago   330MB
docker-fpm-frr             20230531.25   b2964d19b47c   6 months ago   343MB
docker-fpm-frr             latest        b2964d19b47c   6 months ago   343MB
docker-teamd               20230531.25   931bc70214a3   6 months ago   318MB
docker-teamd               latest        931bc70214a3   6 months ago   318MB
docker-macsec              latest        a377d48222a0   6 months ago   320MB
docker-dhcp-relay          latest        2641de6d8553   6 months ago   310MB
docker-sonic-telemetry     20230531.25   f306f8949ecc   6 months ago   368MB
docker-sonic-telemetry     latest        f306f8949ecc   6 months ago   368MB
docker-snmp                20230531.25   c6b8b5c45fd9   6 months ago   339MB
docker-snmp                latest        c6b8b5c45fd9   6 months ago   339MB
docker-sonic-gnmi          20230531.25   e651b05349c9   6 months ago   368MB
docker-sonic-gnmi          latest        e651b05349c9   6 months ago   368MB
docker-eventd              20230531.25   0d6fb3e2e629   6 months ago   300MB
docker-eventd              latest        0d6fb3e2e629   6 months ago   300MB
docker-router-advertiser   20230531.25   5fcedf114f50   6 months ago   300MB
docker-router-advertiser   latest        5fcedf114f50   6 months ago   300MB
docker-platform-monitor    20230531.25   b76c6f070cc9   6 months ago   423MB
docker-platform-monitor    latest        b76c6f070cc9   6 months ago   423MB
docker-sonic-restapi       20230531.25   d4c43ff87454   6 months ago   318MB
docker-sonic-restapi       latest        d4c43ff87454   6 months ago   318MB
docker-mux                 20230531.25   35ea23b10906   6 months ago   349MB
docker-mux                 latest        35ea23b10906   6 months ago   349MB
docker-lldp                20230531.25   f8259cff23ab   6 months ago   343MB
docker-lldp                latest        f8259cff23ab   6 months ago   343MB
docker-acms                20230531.25   5810bfb25a0d   6 months ago   347MB
docker-acms                latest        5810bfb25a0d   6 months ago   347MB
docker-database            20230531.25   76cec3f45532   6 months ago   300MB
docker-database            latest        76cec3f45532   6 months ago   300MB
docker-vnet-monitor        20230531.25   ad55ba6cfbcf   6 months ago   323MB
docker-vnet-monitor        latest        ad55ba6cfbcf   6 months ago   323MB
docker-ipxeserver-cisco    20230531.25   b931ec04fa22   6 months ago   352MB
docker-ipxeserver-cisco    latest        b931ec04fa22   6 months ago   352MB
docker-syncd-cisco         20230531.25   c6b4124e5230   6 months ago   812MB
docker-syncd-cisco         latest        c6b4124e5230   6 months ago   812MB
admin@sonic:~$
admin@sonic:~$
admin@sonic:~$
admin@sonic:~$
admin@sonic:~$ route show
-bash: route: command not found
admin@sonic:~$ sudo route show
Usage: route [-nNvee] [-FC] [<AF>]           List kernel routing tables
       route [-v] [-FC] {add|del|flush} ...  Modify routing table for AF.

       route {-h|--help} [<AF>]              Detailed usage syntax for specified AF.
       route {-V|--version}                  Display version/author and exit.

        -v, --verbose            be verbose
        -n, --numeric            don't resolve names
        -e, --extend             display other/more information
        -F, --fib                display Forwarding Information Base (default)
        -C, --cache              display routing cache instead of FIB

  <AF>=Use -4, -6, '-A <af>' or '--<af>'; default: inet
  List of possible address families (which support routing):
    inet (DARPA Internet) inet6 (IPv6) ax25 (AMPR AX.25)
    netrom (AMPR NET/ROM) ipx (Novell IPX) ddp (Appletalk DDP)
    x25 (CCITT X.25)
admin@sonic:~$ sudo route show vrf Vrf0
Usage: route [-nNvee] [-FC] [<AF>]           List kernel routing tables
       route [-v] [-FC] {add|del|flush} ...  Modify routing table for AF.

       route {-h|--help} [<AF>]              Detailed usage syntax for specified AF.
       route {-V|--version}                  Display version/author and exit.

        -v, --verbose            be verbose
        -n, --numeric            don't resolve names
        -e, --extend             display other/more information
        -F, --fib                display Forwarding Information Base (default)
        -C, --cache              display routing cache instead of FIB

  <AF>=Use -4, -6, '-A <af>' or '--<af>'; default: inet
  List of possible address families (which support routing):
    inet (DARPA Internet) inet6 (IPv6) ax25 (AMPR AX.25)
    netrom (AMPR NET/ROM) ipx (Novell IPX) ddp (Appletalk DDP)
    x25 (CCITT X.25)
admin@sonic:~$ ip route show vrf Vrf0
100.0.14.0/24 dev Ethernet0 proto kernel scope link src 100.0.14.2
100.0.15.0/24 dev Ethernet8 proto kernel scope link src 100.0.15.1
admin@sonic:~$ sudo config save -y
Running command: /usr/local/bin/sonic-cfggen -d --print-data > /etc/sonic/config_db.json
admin@sonic:~$ ip route show vrf Vrf0
100.0.14.0/24 dev Ethernet0 proto kernel scope link src 100.0.14.2
100.0.15.0/24 dev Ethernet8 proto kernel scope link src 100.0.15.1
admin@sonic:~$ sudo config route add prefix 192.168.20.0/24 vrf Vrf0 nexthop 100.0.15.2
Usage: config route add [OPTIONS] prefix [vrf <vrf_name>] <A.B.C.D/M> nexthop
                        <[vrf <vrf_name>] <A.B.C.D>>|<dev <dev_name>>
Try "config route add -h" for help.

Error: VRF vrf does not exist!
admin@sonic:~$ vtysh

Hello, this is FRRouting (version 8.5.1).
Copyright 1996-2005 Kunihiro Ishiguro, et al.

sonic# config t
sonic(config)# vrf Vrf0
sonic(config-vrf)# exit
sonic(config)# exit
sonic# exit
admin@sonic:~$
admin@sonic:~$
admin@sonic:~$
admin@sonic:~$ show ip interfaces
Interface    Master    IPv4 address/mask    Admin/Oper    BGP Neighbor    Neighbor IP
-----------  --------  -------------------  ------------  --------------  -------------
Ethernet0    Vrf0      100.0.14.2/24        up/up         N/A             N/A
Ethernet8    Vrf0      100.0.15.1/24        up/up         N/A             N/A
Ethernet16   Vrf16     100.0.15.2/24        up/up         N/A             N/A
Ethernet24   Vrf16     100.0.16.1/24        up/up         N/A             N/A
Ethernet32   Vrf32     100.0.16.2/24        up/down       N/A             N/A
Ethernet40   Vrf40     100.0.16.1/24        up/down       N/A             N/A
Ethernet48   Vrf48     100.0.17.2/24        up/down       N/A             N/A
Ethernet56   Vrf56     100.0.17.1/24        up/down       N/A             N/A
Ethernet64   Vrf64     100.0.18.2/24        up/down       N/A             N/A
Ethernet72   Vrf72     100.0.18.1/24        up/down       N/A             N/A
Ethernet80   Vrf80     100.0.19.2/24        up/down       N/A             N/A
Ethernet88   Vrf88     100.0.19.1/24        up/down       N/A             N/A
Ethernet96   Vrf96     100.0.20.2/24        up/down       N/A             N/A
Ethernet104  Vrf104    100.0.20.1/24        up/down       N/A             N/A
Ethernet112  Vrf112    100.0.21.2/24        up/down       N/A             N/A
Ethernet120  Vrf120    100.0.21.1/24        up/down       N/A             N/A
Ethernet128  Vrf128    100.0.22.2/24        up/down       N/A             N/A
Ethernet136  Vrf136    100.0.22.1/24        up/down       N/A             N/A
Ethernet144  Vrf144    100.0.23.2/24        up/down       N/A             N/A
Ethernet152  Vrf152    100.0.23.1/24        up/down       N/A             N/A
Ethernet160  Vrf160    100.0.24.2/24        up/down       N/A             N/A
Ethernet168  Vrf168    100.0.24.1/24        up/down       N/A             N/A
Ethernet176  Vrf176    100.0.25.2/24        up/down       N/A             N/A
Ethernet184  Vrf184    100.0.25.1/24        up/down       N/A             N/A
Ethernet192  Vrf192    100.0.26.2/24        up/down       N/A             N/A
Ethernet200  Vrf200    100.0.26.1/24        up/down       N/A             N/A
Ethernet208  Vrf208    100.0.27.2/24        up/down       N/A             N/A
Ethernet216  Vrf216    100.0.27.1/24        up/down       N/A             N/A
Ethernet224  Vrf224    100.0.28.2/24        up/down       N/A             N/A
Ethernet232  Vrf232    100.0.28.1/24        up/down       N/A             N/A
Ethernet240  Vrf240    100.0.80.1/24        up/down       N/A             N/A
Ethernet248  Vrf248    100.0.70.1/24        up/down       N/A             N/A
docker0                240.127.1.1/24       up/down       N/A             N/A
eth0                   109.105.92.102/19    up/up         N/A             N/A
lo                     127.0.0.1/16         up/up         N/A             N/A
admin@sonic:~$ vtysh

Hello, this is FRRouting (version 8.5.1).
Copyright 1996-2005 Kunihiro Ishiguro, et al.

sonic# config t
sonic(config)# vrf 0
sonic(config-vrf)# exit
sonic(config)# vrf Vrf0
sonic(config-vrf)# ip route 192.168.20.0/24 100.0.15.2/24 tag 1 nexthop vrf Vrf16
% Unknown command: ip route 192.168.20.0/24 100.0.15.2/24 tag 1 nexthop vrf Vrf16
sonic(config-vrf)#
  end        End current mode and change to enable mode
  exit       Exit current mode and down to previous mode
  exit-vrf   Exit from VRF configuration mode
  find       Find CLI command matching a regular expression
  ip         IP information
  ipv6       IPv6 information
  list       Print command list
  netns      Attach VRF to a Namespace
  no         Negate a command or set its defaults
  output     Direct vtysh output to file
  quit       Exit current mode and down to previous mode
  router-id  Manually set the router-id
  vni        VNI corresponding to tenant VRF
sonic(config-vrf)# ip
  igmp       IGMP information
  msdp       Configure multicast source discovery protocol
  nht        Filter Next Hop tracking route resolution
  pim        PIM information
  protocol   Filter routing info exchanged between zebra and protocol
  route      Establish static routes
  router-id  Manually set the router-id
  ssmpingd   Enable ssmpingd operation
  table      table configuration
sonic(config-vrf)# ip route
  A.B.C.D    IP destination prefix
  A.B.C.D/M  IP destination prefix (e.g. 10.0.0.0/8)
sonic(config-vrf)# ip route 192.168.20.0/24
  A.B.C.D    IP gateway address
  INTERFACE  IP gateway interface name
     Ethernet0 Ethernet8 Vrf0 Ethernet104 Vrf104 Ethernet112 Vrf112 Ethernet120 Vrf120 Ethernet128 Vrf128 Ethernet136 Vrf136 Ethernet144
     Vrf144 Ethernet152 Vrf152 Ethernet16 Ethernet24 Vrf16 Ethernet160 Vrf160 Ethernet168 Vrf168 Ethernet176 Vrf176 Ethernet184 Vrf184
     Ethernet192 Vrf192 Ethernet200 Vrf200 Ethernet208 Vrf208 Ethernet216 Vrf216 Ethernet224 Vrf224 Ethernet232 Vrf232 Vrf24 Ethernet240
     Vrf240 Ethernet248 Vrf248 Ethernet32 Vrf32 Ethernet40 Vrf40 Ethernet48 Vrf48 Ethernet56 Vrf56 Ethernet64 Vrf64 Ethernet72 Vrf72 Vrf8
     Ethernet80 Vrf80 Ethernet88 Vrf88 Ethernet96 Vrf96 Bridge docker0 dummy eth0 eth1 leaba12_0 leaba12_2 leaba12_3 leaba12_4 lo
  Null0      Null interface
  blackhole  Silently discard pkts when matched
  reject     Emit an ICMP unreachable when matched
sonic(config-vrf)# ip route 192.168.20.0/24 100.0.15.2
  <cr>
  (1-255)      Distance value for this route
  INTERFACE    IP gateway interface name
     Ethernet0 Ethernet8 Vrf0 Ethernet104 Vrf104 Ethernet112 Vrf112 Ethernet120 Vrf120 Ethernet128 Vrf128 Ethernet136 Vrf136 Ethernet144
     Vrf144 Ethernet152 Vrf152 Ethernet16 Ethernet24 Vrf16 Ethernet160 Vrf160 Ethernet168 Vrf168 Ethernet176 Vrf176 Ethernet184 Vrf184
     Ethernet192 Vrf192 Ethernet200 Vrf200 Ethernet208 Vrf208 Ethernet216 Vrf216 Ethernet224 Vrf224 Ethernet232 Vrf232 Vrf24 Ethernet240
     Vrf240 Ethernet248 Vrf248 Ethernet32 Vrf32 Ethernet40 Vrf40 Ethernet48 Vrf48 Ethernet56 Vrf56 Ethernet64 Vrf64 Ethernet72 Vrf72 Vrf8
     Ethernet80 Vrf80 Ethernet88 Vrf88 Ethernet96 Vrf96 Bridge docker0 dummy eth0 eth1 leaba12_0 leaba12_2 leaba12_3 leaba12_4 lo
  Null0        Null interface
  bfd          BFD monitoring
  color        SR-TE color
  label        Specify label(s) for this route
  nexthop-vrf  Specify the VRF
  table        Table to configure
  tag          Set tag for this route
sonic(config-vrf)# ip route 192.168.20.0/24 100.0.15.2 tag 1
  <cr>
  (1-255)      Distance value for this route
  bfd          BFD monitoring
  color        SR-TE color
  label        Specify label(s) for this route
  nexthop-vrf  Specify the VRF
  onlink       Treat the nexthop as directly attached to the interface
  table        Table to configure
  tag          Set tag for this route
sonic(config-vrf)# ip route 192.168.20.0/24 100.0.15.2 tag 1 nexthop-vrf Vrf8
sonic(config-vrf)#
sonic(config-vrf)# end
sonic# show run
Building configuration...

Current configuration:
!
frr version 8.5.1
frr defaults traditional
hostname sonic
log syslog informational
log facility local4
no zebra nexthop kernel enable
no service integrated-vtysh-config
!
password zebra
enable password zebra
!
ip route 192.168.20.0/24 100.0.15.2 tag 1
!
vrf Vrf248
 ip route 2.2.2.2/32 100.0.14.1 tag 1 nexthop-vrf Vrf0
exit-vrf
!
vrf Vrf16
 ip route 3.3.3.3/32 100.0.14.2 tag 1 nexthop-vrf Vrf8
exit-vrf
!
vrf Vrf80
 ip route 3.3.3.3/32 100.0.18.2 tag 1 nexthop-vrf Vrf72
exit-vrf
!
vrf Vrf176
 ip route 3.3.3.3/32 100.0.24.2 tag 1 nexthop-vrf Vrf168
exit-vrf
!
vrf Vrf208
 ip route 3.3.3.3/32 100.0.26.2 tag 1 nexthop-vrf Vrf200
exit-vrf
!
vrf Vrf24
 ip route 2.2.2.2/32 100.0.16.1 tag 1 nexthop-vrf Vrf32
exit-vrf
!
vrf Vrf240
 ip route 3.3.3.3/32 100.0.28.2 tag 1 nexthop-vrf Vrf232
exit-vrf
!
vrf Vrf96
 ip route 3.3.3.3/32 100.0.19.2 tag 1 nexthop-vrf Vrf88
exit-vrf
!
vrf Vrf144
 ip route 3.3.3.3/32 100.0.22.2 tag 1 nexthop-vrf Vrf136
exit-vrf
!
vrf Vrf40
 ip route 2.2.2.2/32 100.0.17.1 tag 1 nexthop-vrf Vrf48
exit-vrf
!
vrf Vrf168
 ip route 2.2.2.2/32 100.0.25.1 tag 1 nexthop-vrf Vrf176
exit-vrf
!
vrf Vrf32
 ip route 3.3.3.3/32 100.0.15.2 tag 1 nexthop-vrf Vrf24
exit-vrf
!
vrf Vrf120
 ip route 2.2.2.2/32 100.0.22.1 tag 1 nexthop-vrf Vrf128
exit-vrf
!
vrf Vrf72
 ip route 2.2.2.2/32 100.0.19.1 tag 1 nexthop-vrf Vrf80
exit-vrf
!
vrf Vrf232
 ip route 2.2.2.2/32 100.0.80.2 tag 1 nexthop-vrf Vrf240
exit-vrf
!
vrf Vrf184
 ip route 2.2.2.2/32 100.0.26.1 tag 1 nexthop-vrf Vrf192
exit-vrf
!
vrf Vrf64
 ip route 3.3.3.3/32 100.0.17.2 tag 1 nexthop-vrf Vrf56
exit-vrf
!
vrf Vrf8
 ip route 2.2.2.2/32 100.0.15.1 tag 1 nexthop-vrf Vrf16
exit-vrf
!
vrf Vrf112
 ip route 3.3.3.3/32 100.0.20.2 tag 1 nexthop-vrf Vrf104
exit-vrf
!
vrf Vrf200
 ip route 2.2.2.2/32 100.0.27.1 tag 1 nexthop-vrf Vrf208
exit-vrf
!
vrf Vrf192
 ip route 3.3.3.3/32 100.0.25.2 tag 1 nexthop-vrf Vrf184
exit-vrf
!
vrf Vrf128
 ip route 3.3.3.3/32 100.0.21.2 tag 1 nexthop-vrf Vrf120
exit-vrf
!
vrf Vrf88
 ip route 2.2.2.2/32 100.0.20.1 tag 1 nexthop-vrf Vrf96
exit-vrf
!
vrf Vrf136
 ip route 2.2.2.2/32 100.0.23.1 tag 1 nexthop-vrf Vrf144
exit-vrf
!
vrf Vrf216
 ip route 2.2.2.2/32 100.0.28.1 tag 1 nexthop-vrf Vrf224
exit-vrf
!
vrf Vrf104
 ip route 2.2.2.2/32 100.0.21.1 tag 1 nexthop-vrf Vrf112
exit-vrf
!
vrf Vrf56
 ip route 2.2.2.2/32 100.0.18.1 tag 1 nexthop-vrf Vrf64
exit-vrf
!
vrf Vrf160
 ip route 3.3.3.3/32 100.0.23.2 tag 1 nexthop-vrf Vrf152
exit-vrf
!
vrf Vrf0
 ip route 192.168.20.0/24 100.0.15.2 tag 1 nexthop-vrf Vrf8
 ip route 3.3.3.3/32 100.0.70.2 tag 1 nexthop-vrf Vrf248
exit-vrf
!
vrf Vrf48
 ip route 3.3.3.3/32 100.0.16.2 tag 1 nexthop-vrf Vrf40
exit-vrf
!
vrf Vrf224
 ip route 3.3.3.3/32 100.0.27.2 tag 1 nexthop-vrf Vrf216
exit-vrf
!
vrf Vrf152
 ip route 2.2.2.2/32 100.0.24.1 tag 1 nexthop-vrf Vrf160
exit-vrf
!
ip nht resolve-via-default
!
ipv6 nht resolve-via-default
!
end
sonic# config t
sonic(config)# vrf Vrf0
sonic(config-vrf)# no ip route 192.168.20.0/24
% Command incomplete: no ip route 192.168.20.0/24
sonic(config-vrf)# no ip route 192.168.20.0/24  100.0.15.2 tag 1 nexthop-vrf Vrf8
sonic(config-vrf)#  ip route 192.168.20.0/24  100.0.15.2 tag 1 nexthop-vrf Vrf16
sonic(config-vrf)# end
sonic# show run
Building configuration...

Current configuration:
!
frr version 8.5.1
frr defaults traditional
hostname sonic
log syslog informational
log facility local4
no zebra nexthop kernel enable
no service integrated-vtysh-config
!
password zebra
enable password zebra
!
ip route 192.168.20.0/24 100.0.15.2 tag 1
!
vrf Vrf248
 ip route 2.2.2.2/32 100.0.14.1 tag 1 nexthop-vrf Vrf0
exit-vrf
!
vrf Vrf16
 ip route 3.3.3.3/32 100.0.14.2 tag 1 nexthop-vrf Vrf8
exit-vrf
!
vrf Vrf80
 ip route 3.3.3.3/32 100.0.18.2 tag 1 nexthop-vrf Vrf72
exit-vrf
!
vrf Vrf176
 ip route 3.3.3.3/32 100.0.24.2 tag 1 nexthop-vrf Vrf168
exit-vrf
!
vrf Vrf208
 ip route 3.3.3.3/32 100.0.26.2 tag 1 nexthop-vrf Vrf200
exit-vrf
!
vrf Vrf24
 ip route 2.2.2.2/32 100.0.16.1 tag 1 nexthop-vrf Vrf32
exit-vrf
!
vrf Vrf240
 ip route 3.3.3.3/32 100.0.28.2 tag 1 nexthop-vrf Vrf232
exit-vrf
!
vrf Vrf96
 ip route 3.3.3.3/32 100.0.19.2 tag 1 nexthop-vrf Vrf88
exit-vrf
!
vrf Vrf144
 ip route 3.3.3.3/32 100.0.22.2 tag 1 nexthop-vrf Vrf136
exit-vrf
!
vrf Vrf40
 ip route 2.2.2.2/32 100.0.17.1 tag 1 nexthop-vrf Vrf48
exit-vrf
!
vrf Vrf168
 ip route 2.2.2.2/32 100.0.25.1 tag 1 nexthop-vrf Vrf176
exit-vrf
!
vrf Vrf32
 ip route 3.3.3.3/32 100.0.15.2 tag 1 nexthop-vrf Vrf24
exit-vrf
!
vrf Vrf120
 ip route 2.2.2.2/32 100.0.22.1 tag 1 nexthop-vrf Vrf128
exit-vrf
!
vrf Vrf72
 ip route 2.2.2.2/32 100.0.19.1 tag 1 nexthop-vrf Vrf80
exit-vrf
!
vrf Vrf232
 ip route 2.2.2.2/32 100.0.80.2 tag 1 nexthop-vrf Vrf240
exit-vrf
!
vrf Vrf184
 ip route 2.2.2.2/32 100.0.26.1 tag 1 nexthop-vrf Vrf192
exit-vrf
!
vrf Vrf64
 ip route 3.3.3.3/32 100.0.17.2 tag 1 nexthop-vrf Vrf56
exit-vrf
!
vrf Vrf8
 ip route 2.2.2.2/32 100.0.15.1 tag 1 nexthop-vrf Vrf16
exit-vrf
!
vrf Vrf112
 ip route 3.3.3.3/32 100.0.20.2 tag 1 nexthop-vrf Vrf104
exit-vrf
!
vrf Vrf200
 ip route 2.2.2.2/32 100.0.27.1 tag 1 nexthop-vrf Vrf208
exit-vrf
!
vrf Vrf192
 ip route 3.3.3.3/32 100.0.25.2 tag 1 nexthop-vrf Vrf184
exit-vrf
!
vrf Vrf128
 ip route 3.3.3.3/32 100.0.21.2 tag 1 nexthop-vrf Vrf120
exit-vrf
!
vrf Vrf88
 ip route 2.2.2.2/32 100.0.20.1 tag 1 nexthop-vrf Vrf96
exit-vrf
!
vrf Vrf136
 ip route 2.2.2.2/32 100.0.23.1 tag 1 nexthop-vrf Vrf144
exit-vrf
!
vrf Vrf216
 ip route 2.2.2.2/32 100.0.28.1 tag 1 nexthop-vrf Vrf224
exit-vrf
!
vrf Vrf104
 ip route 2.2.2.2/32 100.0.21.1 tag 1 nexthop-vrf Vrf112
exit-vrf
!
vrf Vrf56
 ip route 2.2.2.2/32 100.0.18.1 tag 1 nexthop-vrf Vrf64
exit-vrf
!
vrf Vrf160
 ip route 3.3.3.3/32 100.0.23.2 tag 1 nexthop-vrf Vrf152
exit-vrf
!
vrf Vrf0
 ip route 192.168.20.0/24 100.0.15.2 tag 1 nexthop-vrf Vrf16
 ip route 3.3.3.3/32 100.0.70.2 tag 1 nexthop-vrf Vrf248
exit-vrf
!
vrf Vrf48
 ip route 3.3.3.3/32 100.0.16.2 tag 1 nexthop-vrf Vrf40
exit-vrf
!
vrf Vrf224
 ip route 3.3.3.3/32 100.0.27.2 tag 1 nexthop-vrf Vrf216
exit-vrf
!
vrf Vrf152
 ip route 2.2.2.2/32 100.0.24.1 tag 1 nexthop-vrf Vrf160
exit-vrf
!
ip nht resolve-via-default
!
ipv6 nht resolve-via-default
!
end
sonic# show ip route vrf Vrf0
Codes: K - kernel route, C - connected, S - static, R - RIP,
       O - OSPF, I - IS-IS, B - BGP, E - EIGRP, N - NHRP,
       T - Table, v - VNC, V - VNC-Direct, A - Babel, F - PBR,
       f - OpenFabric,
       > - selected route, * - FIB route, q - queued, r - rejected, b - backup
       t - trapped, o - offload failure

VRF Vrf0:
C>* 100.0.14.0/24 is directly connected, Ethernet0, 1d07h45m
C>* 100.0.15.0/24 is directly connected, Ethernet8, 1d07h50m
sonic# show ip route
Codes: K - kernel route, C - connected, S - static, R - RIP,
       O - OSPF, I - IS-IS, B - BGP, E - EIGRP, N - NHRP,
       T - Table, v - VNC, V - VNC-Direct, A - Babel, F - PBR,
       f - OpenFabric,
       > - selected route, * - FIB route, q - queued, r - rejected, b - backup
       t - trapped, o - offload failure

C>* 109.105.64.0/19 is directly connected, eth0, 1d08h51m
sonic# copy running-config
  running-config  Apply to current configuration
  startup-config  Copy to startup configuration
sonic# copy running-config startup-config
Note: this version of vtysh never writes vtysh.conf
Building Configuration...
Configuration saved to /etc/frr/zebra.conf
Configuration saved to /etc/frr/bgpd.conf
Configuration saved to /etc/frr/staticd.conf
sonic#
sonic#
sonic# show ip route
Codes: K - kernel route, C - connected, S - static, R - RIP,
       O - OSPF, I - IS-IS, B - BGP, E - EIGRP, N - NHRP,
       T - Table, v - VNC, V - VNC-Direct, A - Babel, F - PBR,
       f - OpenFabric,
       > - selected route, * - FIB route, q - queued, r - rejected, b - backup
       t - trapped, o - offload failure

C>* 109.105.64.0/19 is directly connected, eth0, 1d08h52m
sonic# show ip route  vrf Vrf0
Codes: K - kernel route, C - connected, S - static, R - RIP,
       O - OSPF, I - IS-IS, B - BGP, E - EIGRP, N - NHRP,
       T - Table, v - VNC, V - VNC-Direct, A - Babel, F - PBR,
       f - OpenFabric,
       > - selected route, * - FIB route, q - queued, r - rejected, b - backup
       t - trapped, o - offload failure

VRF Vrf0:
C>* 100.0.14.0/24 is directly connected, Ethernet0, 1d07h46m
C>* 100.0.15.0/24 is directly connected, Ethernet8, 1d07h51m
sonic# show ip route  vrf Vrf16
Codes: K - kernel route, C - connected, S - static, R - RIP,
       O - OSPF, I - IS-IS, B - BGP, E - EIGRP, N - NHRP,
       T - Table, v - VNC, V - VNC-Direct, A - Babel, F - PBR,
       f - OpenFabric,
       > - selected route, * - FIB route, q - queued, r - rejected, b - backup
       t - trapped, o - offload failure

VRF Vrf16:
C>* 100.0.15.0/24 is directly connected, Ethernet16, 1d07h51m
C>* 100.0.16.0/24 is directly connected, Ethernet24, 00:44:08
sonic# show ip route  vrf Vrf8
Codes: K - kernel route, C - connected, S - static, R - RIP,
       O - OSPF, I - IS-IS, B - BGP, E - EIGRP, N - NHRP,
       T - Table, v - VNC, V - VNC-Direct, A - Babel, F - PBR,
       f - OpenFabric,
       > - selected route, * - FIB route, q - queued, r - rejected, b - backup
       t - trapped, o - offload failure

VRF Vrf8:
S>* 2.2.2.2/32 [1/0] via 100.0.15.1, Ethernet16 (vrf Vrf16), weight 1, 1d07h51m
sonic#
sonic#
sonic# show run
Building configuration...

Current configuration:
!
frr version 8.5.1
frr defaults traditional
hostname sonic
log syslog informational
log facility local4
no zebra nexthop kernel enable
no service integrated-vtysh-config
!
password zebra
enable password zebra
!
ip route 192.168.20.0/24 100.0.15.2 tag 1
!
vrf Vrf248
 ip route 2.2.2.2/32 100.0.14.1 tag 1 nexthop-vrf Vrf0
exit-vrf
!
vrf Vrf16
 ip route 3.3.3.3/32 100.0.14.2 tag 1 nexthop-vrf Vrf8
exit-vrf
!
vrf Vrf80
 ip route 3.3.3.3/32 100.0.18.2 tag 1 nexthop-vrf Vrf72
exit-vrf
!
vrf Vrf176
 ip route 3.3.3.3/32 100.0.24.2 tag 1 nexthop-vrf Vrf168
exit-vrf
!
vrf Vrf208
 ip route 3.3.3.3/32 100.0.26.2 tag 1 nexthop-vrf Vrf200
exit-vrf
!
vrf Vrf24
 ip route 2.2.2.2/32 100.0.16.1 tag 1 nexthop-vrf Vrf32
exit-vrf
!
vrf Vrf240
 ip route 3.3.3.3/32 100.0.28.2 tag 1 nexthop-vrf Vrf232
exit-vrf
!
vrf Vrf96
 ip route 3.3.3.3/32 100.0.19.2 tag 1 nexthop-vrf Vrf88
exit-vrf
!
vrf Vrf144
 ip route 3.3.3.3/32 100.0.22.2 tag 1 nexthop-vrf Vrf136
exit-vrf
!
vrf Vrf40
 ip route 2.2.2.2/32 100.0.17.1 tag 1 nexthop-vrf Vrf48
exit-vrf
!
vrf Vrf168
 ip route 2.2.2.2/32 100.0.25.1 tag 1 nexthop-vrf Vrf176
exit-vrf
!
vrf Vrf32
 ip route 3.3.3.3/32 100.0.15.2 tag 1 nexthop-vrf Vrf24
exit-vrf
!
vrf Vrf120
 ip route 2.2.2.2/32 100.0.22.1 tag 1 nexthop-vrf Vrf128
exit-vrf
!
vrf Vrf72
 ip route 2.2.2.2/32 100.0.19.1 tag 1 nexthop-vrf Vrf80
exit-vrf
!
vrf Vrf232
 ip route 2.2.2.2/32 100.0.80.2 tag 1 nexthop-vrf Vrf240
exit-vrf
!
vrf Vrf184
 ip route 2.2.2.2/32 100.0.26.1 tag 1 nexthop-vrf Vrf192
exit-vrf
!
vrf Vrf64
 ip route 3.3.3.3/32 100.0.17.2 tag 1 nexthop-vrf Vrf56
exit-vrf
!
vrf Vrf8
 ip route 2.2.2.2/32 100.0.15.1 tag 1 nexthop-vrf Vrf16
exit-vrf
!
vrf Vrf112
 ip route 3.3.3.3/32 100.0.20.2 tag 1 nexthop-vrf Vrf104
exit-vrf
!
vrf Vrf200
 ip route 2.2.2.2/32 100.0.27.1 tag 1 nexthop-vrf Vrf208
exit-vrf
!
vrf Vrf192
 ip route 3.3.3.3/32 100.0.25.2 tag 1 nexthop-vrf Vrf184
exit-vrf
!
vrf Vrf128
 ip route 3.3.3.3/32 100.0.21.2 tag 1 nexthop-vrf Vrf120
exit-vrf
!
vrf Vrf88
 ip route 2.2.2.2/32 100.0.20.1 tag 1 nexthop-vrf Vrf96
exit-vrf
!
vrf Vrf136
 ip route 2.2.2.2/32 100.0.23.1 tag 1 nexthop-vrf Vrf144
exit-vrf
!
vrf Vrf216
 ip route 2.2.2.2/32 100.0.28.1 tag 1 nexthop-vrf Vrf224
exit-vrf
!
vrf Vrf104
 ip route 2.2.2.2/32 100.0.21.1 tag 1 nexthop-vrf Vrf112
exit-vrf
!
vrf Vrf56
 ip route 2.2.2.2/32 100.0.18.1 tag 1 nexthop-vrf Vrf64
exit-vrf
!
vrf Vrf160
 ip route 3.3.3.3/32 100.0.23.2 tag 1 nexthop-vrf Vrf152
exit-vrf
!
vrf Vrf0
 ip route 192.168.20.0/24 100.0.15.2 tag 1 nexthop-vrf Vrf16
 ip route 3.3.3.3/32 100.0.70.2 tag 1 nexthop-vrf Vrf248
exit-vrf
!
vrf Vrf48
 ip route 3.3.3.3/32 100.0.16.2 tag 1 nexthop-vrf Vrf40
exit-vrf
!
vrf Vrf224
 ip route 3.3.3.3/32 100.0.27.2 tag 1 nexthop-vrf Vrf216
exit-vrf
!
vrf Vrf152
 ip route 2.2.2.2/32 100.0.24.1 tag 1 nexthop-vrf Vrf160
exit-vrf
!
ip nht resolve-via-default
!
ipv6 nht resolve-via-default
!
end
sonic# exit
admin@sonic:~$ sudo config save -y
Running command: /usr/local/bin/sonic-cfggen -d --print-data > /etc/sonic/config_db.json
admin@sonic:~$ sudo config reload
Clear current config and reload config in config_db format from the default config file(s) ? [y/N]: y
Disabling container monitoring ...
Stopping SONiC target ...
Running command: /usr/local/bin/sonic-cfggen -j /etc/sonic/init_cfg.json -j /etc/sonic/config_db.json --write-to-db
Running command: /usr/local/bin/db_migrator.py -o migrate
Running command: /usr/local/bin/sonic-cfggen -d -y /etc/sonic/sonic_version.yml -t /usr/share/sonic/templates/sonic-environment.j2,/etc/sonic/sonic-environment
Restarting SONiC target ...
Enabling container monitoring ...
Reloading Monit configuration ...
Reinitializing monit daemon
admin@sonic:~$ vtysh

Hello, this is FRRouting (version 8.5.1).
Copyright 1996-2005 Kunihiro Ishiguro, et al.

sonic# show run
Building configuration...

Current configuration:
!
frr version 8.5.1
frr defaults traditional
hostname sonic
log syslog informational
log facility local4
no zebra nexthop kernel enable
no service integrated-vtysh-config
!
password zebra
enable password zebra
!
ip route 192.168.20.0/24 100.0.15.2 tag 1
!
vrf Vrf248
 ip route 2.2.2.2/32 100.0.14.1 tag 1 nexthop-vrf Vrf0
exit-vrf
!
vrf Vrf16
 ip route 3.3.3.3/32 100.0.14.2 tag 1 nexthop-vrf Vrf8
exit-vrf
!
vrf Vrf80
 ip route 3.3.3.3/32 100.0.18.2 tag 1 nexthop-vrf Vrf72
exit-vrf
!
vrf Vrf176
 ip route 3.3.3.3/32 100.0.24.2 tag 1 nexthop-vrf Vrf168
exit-vrf
!
vrf Vrf208
 ip route 3.3.3.3/32 100.0.26.2 tag 1 nexthop-vrf Vrf200
exit-vrf
!
vrf Vrf24
 ip route 2.2.2.2/32 100.0.16.1 tag 1 nexthop-vrf Vrf32
exit-vrf
!
vrf Vrf240
 ip route 3.3.3.3/32 100.0.28.2 tag 1 nexthop-vrf Vrf232
exit-vrf
!
vrf Vrf96
 ip route 3.3.3.3/32 100.0.19.2 tag 1 nexthop-vrf Vrf88
exit-vrf
!
vrf Vrf144
 ip route 3.3.3.3/32 100.0.22.2 tag 1 nexthop-vrf Vrf136
exit-vrf
!
vrf Vrf40
 ip route 2.2.2.2/32 100.0.17.1 tag 1 nexthop-vrf Vrf48
exit-vrf
!
vrf Vrf168
 ip route 2.2.2.2/32 100.0.25.1 tag 1 nexthop-vrf Vrf176
exit-vrf
!
vrf Vrf32
 ip route 3.3.3.3/32 100.0.15.2 tag 1 nexthop-vrf Vrf24
exit-vrf
!
vrf Vrf120
 ip route 2.2.2.2/32 100.0.22.1 tag 1 nexthop-vrf Vrf128
exit-vrf
!
vrf Vrf72
 ip route 2.2.2.2/32 100.0.19.1 tag 1 nexthop-vrf Vrf80
exit-vrf
!
vrf Vrf232
 ip route 2.2.2.2/32 100.0.80.2 tag 1 nexthop-vrf Vrf240
exit-vrf
!
vrf Vrf184
 ip route 2.2.2.2/32 100.0.26.1 tag 1 nexthop-vrf Vrf192
exit-vrf
!
vrf Vrf64
 ip route 3.3.3.3/32 100.0.17.2 tag 1 nexthop-vrf Vrf56
exit-vrf
!
vrf Vrf8
 ip route 2.2.2.2/32 100.0.15.1 tag 1 nexthop-vrf Vrf16
exit-vrf
!
vrf Vrf112
 ip route 3.3.3.3/32 100.0.20.2 tag 1 nexthop-vrf Vrf104
exit-vrf
!
vrf Vrf200
 ip route 2.2.2.2/32 100.0.27.1 tag 1 nexthop-vrf Vrf208
exit-vrf
!
vrf Vrf192
 ip route 3.3.3.3/32 100.0.25.2 tag 1 nexthop-vrf Vrf184
exit-vrf
!
vrf Vrf128
 ip route 3.3.3.3/32 100.0.21.2 tag 1 nexthop-vrf Vrf120
exit-vrf
!
vrf Vrf88
 ip route 2.2.2.2/32 100.0.20.1 tag 1 nexthop-vrf Vrf96
exit-vrf
!
vrf Vrf136
 ip route 2.2.2.2/32 100.0.23.1 tag 1 nexthop-vrf Vrf144
exit-vrf
!
vrf Vrf216
 ip route 2.2.2.2/32 100.0.28.1 tag 1 nexthop-vrf Vrf224
exit-vrf
!
vrf Vrf104
 ip route 2.2.2.2/32 100.0.21.1 tag 1 nexthop-vrf Vrf112
exit-vrf
!
vrf Vrf56
 ip route 2.2.2.2/32 100.0.18.1 tag 1 nexthop-vrf Vrf64
exit-vrf
!
vrf Vrf160
 ip route 3.3.3.3/32 100.0.23.2 tag 1 nexthop-vrf Vrf152
exit-vrf
!
vrf Vrf0
 ip route 3.3.3.3/32 100.0.70.2 tag 1 nexthop-vrf Vrf248
exit-vrf
!
vrf Vrf48
 ip route 3.3.3.3/32 100.0.16.2 tag 1 nexthop-vrf Vrf40
exit-vrf
!
vrf Vrf224
 ip route 3.3.3.3/32 100.0.27.2 tag 1 nexthop-vrf Vrf216
exit-vrf
!
vrf Vrf152
 ip route 2.2.2.2/32 100.0.24.1 tag 1 nexthop-vrf Vrf160
exit-vrf
!
ip nht resolve-via-default
!
ipv6 nht resolve-via-default
!
end
sonic# show ip route vrf
% Command incomplete: show ip route vrf
sonic#
sonic#
sonic#
sonic#
sonic# show run
Building configuration...

Current configuration:
!
frr version 8.5.1
frr defaults traditional
hostname sonic
log syslog informational
log facility local4
no zebra nexthop kernel enable
no service integrated-vtysh-config
!
password zebra
enable password zebra
!
ip route 192.168.20.0/24 100.0.15.2 tag 1
!
vrf Vrf248
 ip route 2.2.2.2/32 100.0.14.1 tag 1 nexthop-vrf Vrf0
exit-vrf
!
vrf Vrf16
 ip route 3.3.3.3/32 100.0.14.2 tag 1 nexthop-vrf Vrf8
exit-vrf
!
vrf Vrf80
 ip route 3.3.3.3/32 100.0.18.2 tag 1 nexthop-vrf Vrf72
exit-vrf
!
vrf Vrf176
 ip route 3.3.3.3/32 100.0.24.2 tag 1 nexthop-vrf Vrf168
exit-vrf
!
vrf Vrf208
 ip route 3.3.3.3/32 100.0.26.2 tag 1 nexthop-vrf Vrf200
exit-vrf
!
vrf Vrf24
 ip route 2.2.2.2/32 100.0.16.1 tag 1 nexthop-vrf Vrf32
exit-vrf
!
vrf Vrf240
 ip route 3.3.3.3/32 100.0.28.2 tag 1 nexthop-vrf Vrf232
exit-vrf
!
vrf Vrf96
 ip route 3.3.3.3/32 100.0.19.2 tag 1 nexthop-vrf Vrf88
exit-vrf
!
vrf Vrf144
 ip route 3.3.3.3/32 100.0.22.2 tag 1 nexthop-vrf Vrf136
exit-vrf
!
vrf Vrf40
 ip route 2.2.2.2/32 100.0.17.1 tag 1 nexthop-vrf Vrf48
exit-vrf
!
vrf Vrf168
 ip route 2.2.2.2/32 100.0.25.1 tag 1 nexthop-vrf Vrf176
exit-vrf
!
vrf Vrf32
 ip route 3.3.3.3/32 100.0.15.2 tag 1 nexthop-vrf Vrf24
exit-vrf
!
vrf Vrf120
 ip route 2.2.2.2/32 100.0.22.1 tag 1 nexthop-vrf Vrf128
exit-vrf
!
vrf Vrf72
 ip route 2.2.2.2/32 100.0.19.1 tag 1 nexthop-vrf Vrf80
exit-vrf
!
vrf Vrf232
 ip route 2.2.2.2/32 100.0.80.2 tag 1 nexthop-vrf Vrf240
exit-vrf
!
vrf Vrf184
 ip route 2.2.2.2/32 100.0.26.1 tag 1 nexthop-vrf Vrf192
exit-vrf
!
vrf Vrf64
 ip route 3.3.3.3/32 100.0.17.2 tag 1 nexthop-vrf Vrf56
exit-vrf
!
vrf Vrf8
 ip route 2.2.2.2/32 100.0.15.1 tag 1 nexthop-vrf Vrf16
exit-vrf
!
vrf Vrf112
 ip route 3.3.3.3/32 100.0.20.2 tag 1 nexthop-vrf Vrf104
exit-vrf
!
vrf Vrf200
 ip route 2.2.2.2/32 100.0.27.1 tag 1 nexthop-vrf Vrf208
exit-vrf
!
vrf Vrf192
 ip route 3.3.3.3/32 100.0.25.2 tag 1 nexthop-vrf Vrf184
exit-vrf
!
vrf Vrf128
 ip route 3.3.3.3/32 100.0.21.2 tag 1 nexthop-vrf Vrf120
exit-vrf
!
vrf Vrf88
 ip route 2.2.2.2/32 100.0.20.1 tag 1 nexthop-vrf Vrf96
exit-vrf
!
vrf Vrf136
 ip route 2.2.2.2/32 100.0.23.1 tag 1 nexthop-vrf Vrf144
exit-vrf
!
vrf Vrf216
 ip route 2.2.2.2/32 100.0.28.1 tag 1 nexthop-vrf Vrf224
exit-vrf
!
vrf Vrf104
 ip route 2.2.2.2/32 100.0.21.1 tag 1 nexthop-vrf Vrf112
exit-vrf
!
vrf Vrf56
 ip route 2.2.2.2/32 100.0.18.1 tag 1 nexthop-vrf Vrf64
exit-vrf
!
vrf Vrf160
 ip route 3.3.3.3/32 100.0.23.2 tag 1 nexthop-vrf Vrf152
exit-vrf
!
vrf Vrf0
 ip route 3.3.3.3/32 100.0.70.2 tag 1 nexthop-vrf Vrf248
exit-vrf
!
vrf Vrf48
 ip route 3.3.3.3/32 100.0.16.2 tag 1 nexthop-vrf Vrf40
exit-vrf
!
vrf Vrf224
 ip route 3.3.3.3/32 100.0.27.2 tag 1 nexthop-vrf Vrf216
exit-vrf
!
vrf Vrf152
 ip route 2.2.2.2/32 100.0.24.1 tag 1 nexthop-vrf Vrf160
exit-vrf
!
ip nht resolve-via-default
!
ipv6 nht resolve-via-default
!
end
sonic#
sonic#
sonic# show ip route vrf Vrf0
Codes: K - kernel route, C - connected, S - static, R - RIP,
       O - OSPF, I - IS-IS, B - BGP, E - EIGRP, N - NHRP,
       T - Table, v - VNC, V - VNC-Direct, A - Babel, F - PBR,
       f - OpenFabric,
       > - selected route, * - FIB route, q - queued, r - rejected, b - backup
       t - trapped, o - offload failure

VRF Vrf0:
C>* 100.0.14.0/24 is directly connected, Ethernet0, 00:02:34
C>* 100.0.15.0/24 is directly connected, Ethernet8, 00:02:31
sonic# show ip route vrf Vrf16
Codes: K - kernel route, C - connected, S - static, R - RIP,
       O - OSPF, I - IS-IS, B - BGP, E - EIGRP, N - NHRP,
       T - Table, v - VNC, V - VNC-Direct, A - Babel, F - PBR,
       f - OpenFabric,
       > - selected route, * - FIB route, q - queued, r - rejected, b - backup
       t - trapped, o - offload failure

VRF Vrf16:
C>* 100.0.15.0/24 is directly connected, Ethernet16, 00:02:38
C>* 100.0.16.0/24 is directly connected, Ethernet24, 00:02:38
sonic# show ip route vrf Vrf152
sonic#
sonic#
sonic#
sonic#
sonic#
sonic#
sonic#
sonic# config t
sonic(config)# vrf Vrf0
sonic(config-vrf)# exit
sonic(config)#
sonic(config)#
sonic(config)# exit
sonic#
sonic#
sonic# exit
admin@sonic:~$ show ip route
Codes: K - kernel route, C - connected, S - static, R - RIP,
       O - OSPF, I - IS-IS, B - BGP, E - EIGRP, N - NHRP,
       T - Table, v - VNC, V - VNC-Direct, A - Babel, D - SHARP,
       F - PBR, f - OpenFabric,
       > - selected route, * - FIB route, q - queued route, r - rejected route

C>*109.105.64.0/19 is directly connected, eth0, 00:15:14
admin@sonic:~$ show ip route vrf Vrf0
:
Codes: K - kernel route, C - connected, S - static, R - RIP,
       O - OSPF, I - IS-IS, B - BGP, E - EIGRP, N - NHRP,
       T - Table, v - VNC, V - VNC-Direct, A - Babel, F - PBR,
       f - OpenFabric,
       > - selected route, * - FIB route, q - queued, r - rejected, b - backup
       t - trapped, o - offload failure

VRF Vrf0:
C>* 100.0.14.0/24 is directly connected, Ethernet0, 00:15:00
C>* 100.0.15.0/24 is directly connected, Ethernet8, 00:14:57

admin@sonic:~$ Connection to 109.105.92.102 closed by remote host.
Connection to 109.105.92.102 closed.
luxapps@luxapps6:~$
luxapps@luxapps6:~$
luxapps@luxapps6:~$
luxapps@luxapps6:~$
luxapps@luxapps6:~$
luxapps@luxapps6:~$ ssh admin@109.105.92.102
admin@109.105.92.102's password:
Linux sonic 5.10.0-23-2-amd64 #1 SMP Debian 5.10.179-3 (2023-07-27) x86_64
You are on
  ____   ___  _   _ _  ____
 / ___| / _ \| \ | (_)/ ___|
 \___ \| | | |  \| | | |
  ___) | |_| | |\  | | |___
 |____/ \___/|_| \_|_|\____|

-- Software for Open Networking in the Cloud --

Unauthorized access and/or use are prohibited.
All access and/or use are subject to monitoring.

Help:      https://sonic-net.github.io/SONiC/
Wiki:      https://microsoft.sharepoint.com/teams/WAG/AzureNetworking/Wiki/SONiC.aspx
On-Call:   https://portal.microsofticm.com/imp/v3/oncall/current?serviceId=10045&teamIds=26162
Dashboard: https://aka.ms/sonic-dri
Contact:   sonicdev@microsoft.com

Last login: Mon Oct 14 09:06:35 2024 from 109.105.92.60
admin@sonic:~$ show run
Usage: show run [OPTIONS] COMMAND [ARGS]...

  Show current running configuration information

Options:
  -?, -h, --help  Show this message and exit.

Commands:
  acl         Show acl running configuration
  all         Show full running configuration
  bgp         Show BGP running configuration Note: multi-asic can run 'show...
  interfaces  Show interfaces running configuration
  ntp         Show NTP running configuration
  ports       Show ports running configuration
  snmp        Show SNMP running configuration
  syslog      Show Syslog running configuration
admin@sonic:~$ show runningconfiguration
Usage: show runningconfiguration [OPTIONS] COMMAND [ARGS]...

  Show current running configuration information

Options:
  -?, -h, --help  Show this message and exit.

Commands:
  acl         Show acl running configuration
  all         Show full running configuration
  bgp         Show BGP running configuration Note: multi-asic can run 'show...
  interfaces  Show interfaces running configuration
  ntp         Show NTP running configuration
  ports       Show ports running configuration
  snmp        Show SNMP running configuration
  syslog      Show Syslog running configuration
admin@sonic:~$ show runningconfiguration  alll
Usage: show runningconfiguration [OPTIONS] COMMAND [ARGS]...
Try "show runningconfiguration -h" for help.

Error: No such command "alll".
admin@sonic:~$ Connection to 109.105.92.102 closed by remote host.
Connection to 109.105.92.102 closed.
luxapps@luxapps6:~$ ssh admin@109.105.92.102
admin@109.105.92.102's password:
Linux sonic 5.10.0-23-2-amd64 #1 SMP Debian 5.10.179-3 (2023-07-27) x86_64
You are on
  ____   ___  _   _ _  ____
 / ___| / _ \| \ | (_)/ ___|
 \___ \| | | |  \| | | |
  ___) | |_| | |\  | | |___
 |____/ \___/|_| \_|_|\____|

-- Software for Open Networking in the Cloud --

Unauthorized access and/or use are prohibited.
All access and/or use are subject to monitoring.

Help:      https://sonic-net.github.io/SONiC/
Wiki:      https://microsoft.sharepoint.com/teams/WAG/AzureNetworking/Wiki/SONiC.aspx
On-Call:   https://portal.microsofticm.com/imp/v3/oncall/current?serviceId=10045&teamIds=26162
Dashboard: https://aka.ms/sonic-dri
Contact:   sonicdev@microsoft.com

Last login: Wed Oct 16 12:57:55 2024 from 109.105.92.58
admin@sonic:~$ show runningconfiguration all
{
    "ASIC_SENSORS": {
        "ASIC_SENSORS_POLLER_INTERVAL": {
            "interval": "10"
        },
        "ASIC_SENSORS_POLLER_STATUS": {
            "admin_status": "enable"
        }
    },
    "AUTO_TECHSUPPORT": {
        "GLOBAL": {
            "available_mem_threshold": "10.0",
            "max_core_limit": "5.0",
            "max_techsupport_limit": "10.0",
            "min_available_mem": "200",
            "rate_limit_interval": "180",
            "since": "2 days ago",
            "state": "enabled"
        }
    },
    "AUTO_TECHSUPPORT_FEATURE": {
        "acms": {
            "available_mem_threshold": "10.0",
            "rate_limit_interval": "600",
            "state": "enabled"
        },
        "bgp": {
            "available_mem_threshold": "10.0",
            "rate_limit_interval": "600",
            "state": "enabled"
        },
        "database": {
            "available_mem_threshold": "10.0",
            "rate_limit_interval": "600",
            "state": "enabled"
        },
        "dhcp_relay": {
            "available_mem_threshold": "10.0",
            "rate_limit_interval": "600",
            "state": "enabled"
        },
        "eventd": {
            "available_mem_threshold": "10.0",
            "rate_limit_interval": "600",
            "state": "enabled"
        },
        "gnmi": {
            "available_mem_threshold": "10.0",
            "rate_limit_interval": "600",
            "state": "enabled"
        },
        "lldp": {
            "available_mem_threshold": "10.0",
            "rate_limit_interval": "600",
            "state": "enabled"
        },
        "macsec": {
            "available_mem_threshold": "10.0",
            "rate_limit_interval": "600",
            "state": "enabled"
        },
        "mux": {
            "available_mem_threshold": "10.0",
            "rate_limit_interval": "600",
            "state": "enabled"
        },
        "pmon": {
            "available_mem_threshold": "10.0",
            "rate_limit_interval": "600",
            "state": "enabled"
        },
        "radv": {
            "available_mem_threshold": "10.0",
            "rate_limit_interval": "600",
            "state": "enabled"
        },
        "restapi": {
            "available_mem_threshold": "10.0",
            "rate_limit_interval": "600",
            "state": "enabled"
        },
        "snmp": {
            "available_mem_threshold": "10.0",
            "rate_limit_interval": "600",
            "state": "enabled"
        },
        "swss": {
            "available_mem_threshold": "10.0",
            "rate_limit_interval": "600",
            "state": "enabled"
        },
        "syncd": {
            "available_mem_threshold": "10.0",
            "rate_limit_interval": "600",
            "state": "enabled"
        },
        "teamd": {
            "available_mem_threshold": "10.0",
            "rate_limit_interval": "600",
            "state": "enabled"
        },
        "telemetry": {
            "available_mem_threshold": "10.0",
            "rate_limit_interval": "600",
            "state": "enabled"
        },
        "vnet-monitor": {
            "available_mem_threshold": "10.0",
            "rate_limit_interval": "600",
            "state": "enabled"
        }
    },
    "BGP_DEVICE_GLOBAL": {
        "STATE": {
            "tsa_enabled": "false"
        }
    },
    "CRM": {
        "Config": {
            "acl_counter_high_threshold": "85",
            "acl_counter_low_threshold": "70",
            "acl_counter_threshold_type": "percentage",
            "acl_entry_high_threshold": "85",
            "acl_entry_low_threshold": "70",
            "acl_entry_threshold_type": "percentage",
            "acl_group_high_threshold": "85",
            "acl_group_low_threshold": "70",
            "acl_group_threshold_type": "percentage",
            "acl_table_high_threshold": "85",
            "acl_table_low_threshold": "70",
            "acl_table_threshold_type": "percentage",
            "dnat_entry_high_threshold": "85",
            "dnat_entry_low_threshold": "70",
            "dnat_entry_threshold_type": "percentage",
            "fdb_entry_high_threshold": "85",
            "fdb_entry_low_threshold": "70",
            "fdb_entry_threshold_type": "percentage",
            "ipmc_entry_high_threshold": "85",
            "ipmc_entry_low_threshold": "70",
            "ipmc_entry_threshold_type": "percentage",
            "ipv4_neighbor_high_threshold": "85",
            "ipv4_neighbor_low_threshold": "70",
            "ipv4_neighbor_threshold_type": "percentage",
            "ipv4_nexthop_high_threshold": "85",
            "ipv4_nexthop_low_threshold": "70",
            "ipv4_nexthop_threshold_type": "percentage",
            "ipv4_route_high_threshold": "85",
            "ipv4_route_low_threshold": "70",
            "ipv4_route_threshold_type": "percentage",
            "ipv6_neighbor_high_threshold": "85",
            "ipv6_neighbor_low_threshold": "70",
            "ipv6_neighbor_threshold_type": "percentage",
            "ipv6_nexthop_high_threshold": "85",
            "ipv6_nexthop_low_threshold": "70",
            "ipv6_nexthop_threshold_type": "percentage",
            "ipv6_route_high_threshold": "85",
            "ipv6_route_low_threshold": "70",
            "ipv6_route_threshold_type": "percentage",
            "mpls_inseg_high_threshold": "85",
            "mpls_inseg_low_threshold": "70",
            "mpls_inseg_threshold_type": "percentage",
            "mpls_nexthop_high_threshold": "85",
            "mpls_nexthop_low_threshold": "70",
            "mpls_nexthop_threshold_type": "percentage",
            "nexthop_group_high_threshold": "85",
            "nexthop_group_low_threshold": "70",
            "nexthop_group_member_high_threshold": "85",
            "nexthop_group_member_low_threshold": "70",
            "nexthop_group_member_threshold_type": "percentage",
            "nexthop_group_threshold_type": "percentage",
            "polling_interval": "300",
            "snat_entry_high_threshold": "85",
            "snat_entry_low_threshold": "70",
            "snat_entry_threshold_type": "percentage"
        }
    },
    "DEVICE_METADATA": {
        "localhost": {
            "buffer_model": "traditional",
            "default_bgp_status": "down",
            "default_pfcwd_status": "enable",
            "hwsku": "32x400Gb",
            "mac": "DC:05:39:CA:28:00",
            "platform": "x86_64-8101_32fh_o-r0",
            "timezone": "UTC"
        }
    },
    "FEATURE": {
        "acms": {
            "auto_restart": "enabled",
            "delayed": "False",
            "has_global_scope": "True",
            "has_per_asic_scope": "False",
            "high_mem_alert": "disabled",
            "state": "enabled",
            "support_syslog_rate_limit": "true"
        },
        "bgp": {
            "auto_restart": "enabled",
            "check_up_status": "false",
            "delayed": "False",
            "has_global_scope": "False",
            "has_per_asic_scope": "True",
            "high_mem_alert": "disabled",
            "state": "enabled",
            "support_syslog_rate_limit": "true"
        },
        "database": {
            "auto_restart": "always_enabled",
            "delayed": "False",
            "has_global_scope": "True",
            "has_per_asic_scope": "True",
            "high_mem_alert": "disabled",
            "state": "always_enabled",
            "support_syslog_rate_limit": "true"
        },
        "dhcp_relay": {
            "auto_restart": "enabled",
            "check_up_status": "False",
            "delayed": "False",
            "has_global_scope": "True",
            "has_per_asic_scope": "False",
            "high_mem_alert": "disabled",
            "set_owner": "local",
            "state": "enabled",
            "support_syslog_rate_limit": "True"
        },
        "eventd": {
            "auto_restart": "enabled",
            "delayed": "False",
            "has_global_scope": "True",
            "has_per_asic_scope": "False",
            "high_mem_alert": "disabled",
            "state": "enabled",
            "support_syslog_rate_limit": "true"
        },
        "gnmi": {
            "auto_restart": "enabled",
            "delayed": "True",
            "has_global_scope": "True",
            "has_per_asic_scope": "False",
            "high_mem_alert": "disabled",
            "state": "enabled",
            "support_syslog_rate_limit": "true"
        },
        "lldp": {
            "auto_restart": "enabled",
            "delayed": "True",
            "has_global_scope": "True",
            "has_per_asic_scope": "True",
            "high_mem_alert": "disabled",
            "state": "enabled",
            "support_syslog_rate_limit": "true"
        },
        "macsec": {
            "auto_restart": "enabled",
            "check_up_status": "False",
            "delayed": "False",
            "has_global_scope": "False",
            "has_per_asic_scope": "True",
            "high_mem_alert": "disabled",
            "set_owner": "local",
            "state": "disabled",
            "support_syslog_rate_limit": "True"
        },
        "mux": {
            "auto_restart": "enabled",
            "delayed": "False",
            "has_global_scope": "True",
            "has_per_asic_scope": "False",
            "high_mem_alert": "disabled",
            "state": "always_disabled",
            "support_syslog_rate_limit": "true"
        },
        "pmon": {
            "auto_restart": "enabled",
            "check_up_status": "false",
            "delayed": "True",
            "has_global_scope": "True",
            "has_per_asic_scope": "False",
            "high_mem_alert": "disabled",
            "state": "enabled",
            "support_syslog_rate_limit": "true"
        },
        "radv": {
            "auto_restart": "enabled",
            "delayed": "False",
            "has_global_scope": "True",
            "has_per_asic_scope": "False",
            "high_mem_alert": "disabled",
            "state": "enabled",
            "support_syslog_rate_limit": "true"
        },
        "restapi": {
            "auto_restart": "enabled",
            "delayed": "False",
            "has_global_scope": "True",
            "has_per_asic_scope": "False",
            "high_mem_alert": "disabled",
            "state": "enabled",
            "support_syslog_rate_limit": "true"
        },
        "snmp": {
            "auto_restart": "enabled",
            "delayed": "True",
            "has_global_scope": "True",
            "has_per_asic_scope": "False",
            "high_mem_alert": "disabled",
            "state": "enabled",
            "support_syslog_rate_limit": "true"
        },
        "swss": {
            "auto_restart": "enabled",
            "check_up_status": "false",
            "delayed": "False",
            "has_global_scope": "False",
            "has_per_asic_scope": "True",
            "high_mem_alert": "disabled",
            "state": "enabled",
            "support_syslog_rate_limit": "true"
        },
        "syncd": {
            "auto_restart": "enabled",
            "delayed": "False",
            "has_global_scope": "False",
            "has_per_asic_scope": "True",
            "high_mem_alert": "disabled",
            "state": "enabled",
            "support_syslog_rate_limit": "true"
        },
        "teamd": {
            "auto_restart": "enabled",
            "delayed": "False",
            "has_global_scope": "False",
            "has_per_asic_scope": "True",
            "high_mem_alert": "disabled",
            "state": "enabled",
            "support_syslog_rate_limit": "true"
        },
        "telemetry": {
            "auto_restart": "enabled",
            "delayed": "True",
            "has_global_scope": "True",
            "has_per_asic_scope": "False",
            "high_mem_alert": "disabled",
            "state": "enabled",
            "support_syslog_rate_limit": "true"
        },
        "vnet-monitor": {
            "auto_restart": "enabled",
            "delayed": "False",
            "has_global_scope": "True",
            "has_per_asic_scope": "False",
            "high_mem_alert": "disabled",
            "state": "always_disabled",
            "support_syslog_rate_limit": "true"
        }
    },
    "FLEX_COUNTER_TABLE": {
        "ACL": {
            "FLEX_COUNTER_DELAY_STATUS": "false",
            "FLEX_COUNTER_STATUS": "disable",
            "POLL_INTERVAL": "10000"
        },
        "BUFFER_POOL_WATERMARK": {
            "FLEX_COUNTER_DELAY_STATUS": "false",
            "FLEX_COUNTER_STATUS": "enable"
        },
        "PFCWD": {
            "FLEX_COUNTER_DELAY_STATUS": "false",
            "FLEX_COUNTER_STATUS": "enable"
        },
        "PG_DROP": {
            "FLEX_COUNTER_DELAY_STATUS": "false",
            "FLEX_COUNTER_STATUS": "enable"
        },
        "PG_WATERMARK": {
            "FLEX_COUNTER_DELAY_STATUS": "false",
            "FLEX_COUNTER_STATUS": "enable"
        },
        "PORT": {
            "FLEX_COUNTER_DELAY_STATUS": "false",
            "FLEX_COUNTER_STATUS": "enable"
        },
        "PORT_BUFFER_DROP": {
            "FLEX_COUNTER_DELAY_STATUS": "false",
            "FLEX_COUNTER_STATUS": "enable"
        },
        "QUEUE": {
            "FLEX_COUNTER_DELAY_STATUS": "false",
            "FLEX_COUNTER_STATUS": "enable"
        },
        "QUEUE_WATERMARK": {
            "FLEX_COUNTER_DELAY_STATUS": "false",
            "FLEX_COUNTER_STATUS": "enable"
        },
        "RIF": {
            "FLEX_COUNTER_DELAY_STATUS": "false",
            "FLEX_COUNTER_STATUS": "enable"
        }
    },
    "INTERFACE": {
        "Ethernet0": {
            "mac_addr": "e8:eb:34:e7:d4:00",
            "vrf_name": "Vrf0"
        },
        "Ethernet104": {
            "mac_addr": "e8:eb:34:e7:d3:f3",
            "vrf_name": "Vrf104"
        },
        "Ethernet112": {
            "mac_addr": "e8:eb:34:e7:d3:f2",
            "vrf_name": "Vrf112"
        },
        "Ethernet120": {
            "mac_addr": "e8:eb:34:e7:d3:f1",
            "vrf_name": "Vrf120"
        },
        "Ethernet128": {
            "mac_addr": "e8:eb:34:e7:d3:f0",
            "vrf_name": "Vrf128"
        },
        "Ethernet136": {
            "mac_addr": "e8:eb:34:e7:d3:ef",
            "vrf_name": "Vrf136"
        },
        "Ethernet144": {
            "mac_addr": "e8:eb:34:e7:d3:ee",
            "vrf_name": "Vrf144"
        },
        "Ethernet152": {
            "mac_addr": "e8:eb:34:e7:d3:ed",
            "vrf_name": "Vrf152"
        },
        "Ethernet16": {
            "mac_addr": "e8:eb:34:e7:d3:fe",
            "vrf_name": "Vrf16"
        },
        "Ethernet160": {
            "mac_addr": "e8:eb:34:e7:d3:eb",
            "vrf_name": "Vrf160"
        },
        "Ethernet168": {
            "mac_addr": "e8:eb:34:e7:d3:ea",
            "vrf_name": "Vrf168"
        },
        "Ethernet176": {
            "mac_addr": "e8:eb:34:e7:d3:e9",
            "vrf_name": "Vrf176"
        },
        "Ethernet184": {
            "mac_addr": "e8:eb:34:e7:d3:e8",
            "vrf_name": "Vrf184"
        },
        "Ethernet192": {
            "mac_addr": "e8:eb:34:e7:d3:e7",
            "vrf_name": "Vrf192"
        },
        "Ethernet20": {
            "mac_addr": "e8:eb:34:e7:d3:eb"
        },
        "Ethernet200": {
            "mac_addr": "e8:eb:34:e7:d3:e6",
            "vrf_name": "Vrf200"
        },
        "Ethernet208": {
            "mac_addr": "e8:eb:34:e7:d3:e5",
            "vrf_name": "Vrf208"
        },
        "Ethernet21": {
            "mac_addr": "e8:eb:34:e7:d3:ea"
        },
        "Ethernet216": {
            "mac_addr": "e8:eb:34:e7:d3:e4",
            "vrf_name": "Vrf216"
        },
        "Ethernet22": {
            "mac_addr": "e8:eb:34:e7:d3:e9"
        },
        "Ethernet224": {
            "mac_addr": "e8:eb:34:e7:d3:e3",
            "vrf_name": "Vrf224"
        },
        "Ethernet23": {
            "mac_addr": "e8:eb:34:e7:d3:e8"
        },
        "Ethernet232": {
            "mac_addr": "e8:eb:34:e7:d3:e2",
            "vrf_name": "Vrf232"
        },
        "Ethernet24": {
            "vrf_name": "Vrf16"
        },
        "Ethernet240": {
            "mac_addr": "e8:eb:34:e7:d3:e1",
            "vrf_name": "Vrf240"
        },
        "Ethernet248": {
            "mac_addr": "e8:eb:34:e7:d3:ec",
            "vrf_name": "Vrf248"
        },
        "Ethernet25": {
            "mac_addr": "e8:eb:34:e7:d3:e6"
        },
        "Ethernet26": {
            "mac_addr": "e8:eb:34:e7:d3:e5"
        },
        "Ethernet27": {
            "mac_addr": "e8:eb:34:e7:d3:e4"
        },
        "Ethernet28": {
            "mac_addr": "e8:eb:34:e7:d3:e3"
        },
        "Ethernet29": {
            "mac_addr": "e8:eb:34:e7:d3:e2"
        },
        "Ethernet30": {
            "mac_addr": "e8:eb:34:e7:d3:e1"
        },
        "Ethernet31": {
            "mac_addr": "e8:eb:34:e7:d3:ec"
        },
        "Ethernet32": {
            "mac_addr": "e8:eb:34:e7:d3:fc",
            "vrf_name": "Vrf32"
        },
        "Ethernet40": {
            "mac_addr": "e8:eb:34:e7:d3:fb",
            "vrf_name": "Vrf40"
        },
        "Ethernet48": {
            "mac_addr": "e8:eb:34:e7:d3:fa",
            "vrf_name": "Vrf48"
        },
        "Ethernet56": {
            "mac_addr": "e8:eb:34:e7:d3:f9",
            "vrf_name": "Vrf56"
        },
        "Ethernet64": {
            "mac_addr": "e8:eb:34:e7:d3:f8",
            "vrf_name": "Vrf64"
        },
        "Ethernet72": {
            "mac_addr": "e8:eb:34:e7:d3:f7",
            "vrf_name": "Vrf72"
        },
        "Ethernet8": {
            "vrf_name": "Vrf0"
        },
        "Ethernet80": {
            "mac_addr": "e8:eb:34:e7:d3:f6",
            "vrf_name": "Vrf80"
        },
        "Ethernet88": {
            "mac_addr": "e8:eb:34:e7:d3:f5",
            "vrf_name": "Vrf88"
        },
        "Ethernet96": {
            "mac_addr": "e8:eb:34:e7:d3:f4",
            "vrf_name": "Vrf96"
        },
        "Ethernet0|100.0.14.2/24": {},
        "Ethernet104|100.0.20.1/24": {},
        "Ethernet112|100.0.21.2/24": {},
        "Ethernet120|100.0.21.1/24": {},
        "Ethernet128|100.0.22.2/24": {},
        "Ethernet136|100.0.22.1/24": {},
        "Ethernet144|100.0.23.2/24": {},
        "Ethernet152|100.0.23.1/24": {},
        "Ethernet160|100.0.24.2/24": {},
        "Ethernet168|100.0.24.1/24": {},
        "Ethernet16|100.0.15.2/24": {},
        "Ethernet176|100.0.25.2/24": {},
        "Ethernet184|100.0.25.1/24": {},
        "Ethernet192|100.0.26.2/24": {},
        "Ethernet200|100.0.26.1/24": {},
        "Ethernet208|100.0.27.2/24": {},
        "Ethernet216|100.0.27.1/24": {},
        "Ethernet224|100.0.28.2/24": {},
        "Ethernet232|100.0.28.1/24": {},
        "Ethernet240|100.0.80.1/24": {},
        "Ethernet248|100.0.70.1/24": {},
        "Ethernet24|100.0.16.1/24": {},
        "Ethernet32|100.0.16.2/24": {},
        "Ethernet40|100.0.16.1/24": {},
        "Ethernet48|100.0.17.2/24": {},
        "Ethernet56|100.0.17.1/24": {},
        "Ethernet64|100.0.18.2/24": {},
        "Ethernet72|100.0.18.1/24": {},
        "Ethernet80|100.0.19.2/24": {},
        "Ethernet88|100.0.19.1/24": {},
        "Ethernet8|100.0.15.1/24": {},
        "Ethernet96|100.0.20.2/24": {}
    },
    "KDUMP": {
        "config": {
            "enabled": "true",
            "memory": "0M-2G:256M,2G-4G:320M,4G-8G:384M,8G-:448M",
            "num_dumps": "3"
        }
    },
    "LOGGER": {
        "SAI_API_ACL": {
            "LOGLEVEL": "SAI_LOG_LEVEL_NOTICE",
            "LOGOUTPUT": "SYSLOG"
        },
        "SAI_API_ARS": {
            "LOGLEVEL": "SAI_LOG_LEVEL_NOTICE",
            "LOGOUTPUT": "SYSLOG"
        },
        "SAI_API_ARS_PROFILE": {
            "LOGLEVEL": "SAI_LOG_LEVEL_NOTICE",
            "LOGOUTPUT": "SYSLOG"
        },
        "SAI_API_BFD": {
            "LOGLEVEL": "SAI_LOG_LEVEL_NOTICE",
            "LOGOUTPUT": "SYSLOG"
        },
        "SAI_API_BMTOR": {
            "LOGLEVEL": "SAI_LOG_LEVEL_NOTICE",
            "LOGOUTPUT": "SYSLOG"
        },
        "SAI_API_BRIDGE": {
            "LOGLEVEL": "SAI_LOG_LEVEL_NOTICE",
            "LOGOUTPUT": "SYSLOG"
        },
        "SAI_API_BUFFER": {
            "LOGLEVEL": "SAI_LOG_LEVEL_NOTICE",
            "LOGOUTPUT": "SYSLOG"
        },
        "SAI_API_COUNTER": {
            "LOGLEVEL": "SAI_LOG_LEVEL_NOTICE",
            "LOGOUTPUT": "SYSLOG"
        },
        "SAI_API_DASH_ACL": {
            "LOGLEVEL": "SAI_LOG_LEVEL_NOTICE",
            "LOGOUTPUT": "SYSLOG"
        },
        "SAI_API_DASH_DIRECTION_LOOKUP": {
            "LOGLEVEL": "SAI_LOG_LEVEL_NOTICE",
            "LOGOUTPUT": "SYSLOG"
        },
        "SAI_API_DASH_ENI": {
            "LOGLEVEL": "SAI_LOG_LEVEL_NOTICE",
            "LOGOUTPUT": "SYSLOG"
        },
        "SAI_API_DASH_INBOUND_ROUTING": {
            "LOGLEVEL": "SAI_LOG_LEVEL_NOTICE",
            "LOGOUTPUT": "SYSLOG"
        },
        "SAI_API_DASH_OUTBOUND_CA_TO_PA": {
            "LOGLEVEL": "SAI_LOG_LEVEL_NOTICE",
            "LOGOUTPUT": "SYSLOG"
        },
        "SAI_API_DASH_OUTBOUND_ROUTING": {
            "LOGLEVEL": "SAI_LOG_LEVEL_NOTICE",
            "LOGOUTPUT": "SYSLOG"
        },
        "SAI_API_DASH_PA_VALIDATION": {
            "LOGLEVEL": "SAI_LOG_LEVEL_NOTICE",
            "LOGOUTPUT": "SYSLOG"
        },
        "SAI_API_DASH_VIP": {
            "LOGLEVEL": "SAI_LOG_LEVEL_NOTICE",
            "LOGOUTPUT": "SYSLOG"
        },
        "SAI_API_DASH_VNET": {
            "LOGLEVEL": "SAI_LOG_LEVEL_NOTICE",
            "LOGOUTPUT": "SYSLOG"
        },
        "SAI_API_DEBUG_COUNTER": {
            "LOGLEVEL": "SAI_LOG_LEVEL_NOTICE",
            "LOGOUTPUT": "SYSLOG"
        },
        "SAI_API_DTEL": {
            "LOGLEVEL": "SAI_LOG_LEVEL_NOTICE",
            "LOGOUTPUT": "SYSLOG"
        },
        "SAI_API_FDB": {
            "LOGLEVEL": "SAI_LOG_LEVEL_NOTICE",
            "LOGOUTPUT": "SYSLOG"
        },
        "SAI_API_GENERIC_PROGRAMMABLE": {
            "LOGLEVEL": "SAI_LOG_LEVEL_NOTICE",
            "LOGOUTPUT": "SYSLOG"
        },
        "SAI_API_HASH": {
            "LOGLEVEL": "SAI_LOG_LEVEL_NOTICE",
            "LOGOUTPUT": "SYSLOG"
        },
        "SAI_API_HOSTIF": {
            "LOGLEVEL": "SAI_LOG_LEVEL_NOTICE",
            "LOGOUTPUT": "SYSLOG"
        },
        "SAI_API_IPMC": {
            "LOGLEVEL": "SAI_LOG_LEVEL_NOTICE",
            "LOGOUTPUT": "SYSLOG"
        },
        "SAI_API_IPMC_GROUP": {
            "LOGLEVEL": "SAI_LOG_LEVEL_NOTICE",
            "LOGOUTPUT": "SYSLOG"
        },
        "SAI_API_IPSEC": {
            "LOGLEVEL": "SAI_LOG_LEVEL_NOTICE",
            "LOGOUTPUT": "SYSLOG"
        },
        "SAI_API_ISOLATION_GROUP": {
            "LOGLEVEL": "SAI_LOG_LEVEL_NOTICE",
            "LOGOUTPUT": "SYSLOG"
        },
        "SAI_API_L2MC": {
            "LOGLEVEL": "SAI_LOG_LEVEL_NOTICE",
            "LOGOUTPUT": "SYSLOG"
        },
        "SAI_API_L2MC_GROUP": {
            "LOGLEVEL": "SAI_LOG_LEVEL_NOTICE",
            "LOGOUTPUT": "SYSLOG"
        },
        "SAI_API_LAG": {
            "LOGLEVEL": "SAI_LOG_LEVEL_NOTICE",
            "LOGOUTPUT": "SYSLOG"
        },
        "SAI_API_MACSEC": {
            "LOGLEVEL": "SAI_LOG_LEVEL_NOTICE",
            "LOGOUTPUT": "SYSLOG"
        },
        "SAI_API_MCAST_FDB": {
            "LOGLEVEL": "SAI_LOG_LEVEL_NOTICE",
            "LOGOUTPUT": "SYSLOG"
        },
        "SAI_API_MIRROR": {
            "LOGLEVEL": "SAI_LOG_LEVEL_NOTICE",
            "LOGOUTPUT": "SYSLOG"
        },
        "SAI_API_MPLS": {
            "LOGLEVEL": "SAI_LOG_LEVEL_NOTICE",
            "LOGOUTPUT": "SYSLOG"
        },
        "SAI_API_MY_MAC": {
            "LOGLEVEL": "SAI_LOG_LEVEL_NOTICE",
            "LOGOUTPUT": "SYSLOG"
        },
        "SAI_API_NAT": {
            "LOGLEVEL": "SAI_LOG_LEVEL_NOTICE",
            "LOGOUTPUT": "SYSLOG"
        },
        "SAI_API_NEIGHBOR": {
            "LOGLEVEL": "SAI_LOG_LEVEL_NOTICE",
            "LOGOUTPUT": "SYSLOG"
        },
        "SAI_API_NEXT_HOP": {
            "LOGLEVEL": "SAI_LOG_LEVEL_NOTICE",
            "LOGOUTPUT": "SYSLOG"
        },
        "SAI_API_NEXT_HOP_GROUP": {
            "LOGLEVEL": "SAI_LOG_LEVEL_NOTICE",
            "LOGOUTPUT": "SYSLOG"
        },
        "SAI_API_POLICER": {
            "LOGLEVEL": "SAI_LOG_LEVEL_NOTICE",
            "LOGOUTPUT": "SYSLOG"
        },
        "SAI_API_PORT": {
            "LOGLEVEL": "SAI_LOG_LEVEL_NOTICE",
            "LOGOUTPUT": "SYSLOG"
        },
        "SAI_API_QOS_MAP": {
            "LOGLEVEL": "SAI_LOG_LEVEL_NOTICE",
            "LOGOUTPUT": "SYSLOG"
        },
        "SAI_API_QUEUE": {
            "LOGLEVEL": "SAI_LOG_LEVEL_NOTICE",
            "LOGOUTPUT": "SYSLOG"
        },
        "SAI_API_ROUTE": {
            "LOGLEVEL": "SAI_LOG_LEVEL_NOTICE",
            "LOGOUTPUT": "SYSLOG"
        },
        "SAI_API_ROUTER_INTERFACE": {
            "LOGLEVEL": "SAI_LOG_LEVEL_NOTICE",
            "LOGOUTPUT": "SYSLOG"
        },
        "SAI_API_RPF_GROUP": {
            "LOGLEVEL": "SAI_LOG_LEVEL_NOTICE",
            "LOGOUTPUT": "SYSLOG"
        },
        "SAI_API_SAMPLEPACKET": {
            "LOGLEVEL": "SAI_LOG_LEVEL_NOTICE",
            "LOGOUTPUT": "SYSLOG"
        },
        "SAI_API_SCHEDULER": {
            "LOGLEVEL": "SAI_LOG_LEVEL_NOTICE",
            "LOGOUTPUT": "SYSLOG"
        },
        "SAI_API_SCHEDULER_GROUP": {
            "LOGLEVEL": "SAI_LOG_LEVEL_NOTICE",
            "LOGOUTPUT": "SYSLOG"
        },
        "SAI_API_SRV6": {
            "LOGLEVEL": "SAI_LOG_LEVEL_NOTICE",
            "LOGOUTPUT": "SYSLOG"
        },
        "SAI_API_STP": {
            "LOGLEVEL": "SAI_LOG_LEVEL_NOTICE",
            "LOGOUTPUT": "SYSLOG"
        },
        "SAI_API_SWITCH": {
            "LOGLEVEL": "SAI_LOG_LEVEL_NOTICE",
            "LOGOUTPUT": "SYSLOG"
        },
        "SAI_API_SYSTEM_PORT": {
            "LOGLEVEL": "SAI_LOG_LEVEL_NOTICE",
            "LOGOUTPUT": "SYSLOG"
        },
        "SAI_API_TAM": {
            "LOGLEVEL": "SAI_LOG_LEVEL_NOTICE",
            "LOGOUTPUT": "SYSLOG"
        },
        "SAI_API_TUNNEL": {
            "LOGLEVEL": "SAI_LOG_LEVEL_NOTICE",
            "LOGOUTPUT": "SYSLOG"
        },
        "SAI_API_UDF": {
            "LOGLEVEL": "SAI_LOG_LEVEL_NOTICE",
            "LOGOUTPUT": "SYSLOG"
        },
        "SAI_API_VIRTUAL_ROUTER": {
            "LOGLEVEL": "SAI_LOG_LEVEL_NOTICE",
            "LOGOUTPUT": "SYSLOG"
        },
        "SAI_API_VLAN": {
            "LOGLEVEL": "SAI_LOG_LEVEL_NOTICE",
            "LOGOUTPUT": "SYSLOG"
        },
        "SAI_API_WRED": {
            "LOGLEVEL": "SAI_LOG_LEVEL_NOTICE",
            "LOGOUTPUT": "SYSLOG"
        },
        "buffermgrd": {
            "LOGLEVEL": "NOTICE",
            "LOGOUTPUT": "SYSLOG"
        },
        "coppmgrd": {
            "LOGLEVEL": "NOTICE",
            "LOGOUTPUT": "SYSLOG"
        },
        "fdbsyncd": {
            "LOGLEVEL": "NOTICE",
            "LOGOUTPUT": "SYSLOG"
        },
        "fpmsyncd": {
            "LOGLEVEL": "NOTICE",
            "LOGOUTPUT": "SYSLOG"
        },
        "gearsyncd": {
            "LOGLEVEL": "NOTICE",
            "LOGOUTPUT": "SYSLOG"
        },
        "intfmgrd": {
            "LOGLEVEL": "NOTICE",
            "LOGOUTPUT": "SYSLOG"
        },
        "nbrmgrd": {
            "LOGLEVEL": "NOTICE",
            "LOGOUTPUT": "SYSLOG"
        },
        "neighsyncd": {
            "LOGLEVEL": "NOTICE",
            "LOGOUTPUT": "SYSLOG"
        },
        "orchagent": {
            "LOGLEVEL": "NOTICE",
            "LOGOUTPUT": "SYSLOG"
        },
        "portmgrd": {
            "LOGLEVEL": "NOTICE",
            "LOGOUTPUT": "SYSLOG"
        },
        "portsyncd": {
            "LOGLEVEL": "NOTICE",
            "LOGOUTPUT": "SYSLOG"
        },
        "syncd": {
            "LOGLEVEL": "NOTICE",
            "LOGOUTPUT": "SYSLOG"
        },
        "teammgrd": {
            "LOGLEVEL": "NOTICE",
            "LOGOUTPUT": "SYSLOG"
        },
        "teamsyncd": {
            "LOGLEVEL": "NOTICE",
            "LOGOUTPUT": "SYSLOG"
        },
        "tlm_teamd": {
            "LOGLEVEL": "NOTICE",
            "LOGOUTPUT": "SYSLOG"
        },
        "tunnelmgrd": {
            "LOGLEVEL": "NOTICE",
            "LOGOUTPUT": "SYSLOG"
        },
        "vlanmgrd": {
            "LOGLEVEL": "NOTICE",
            "LOGOUTPUT": "SYSLOG"
        },
        "vrfmgrd": {
            "LOGLEVEL": "NOTICE",
            "LOGOUTPUT": "SYSLOG"
        },
        "vxlanmgrd": {
            "LOGLEVEL": "NOTICE",
            "LOGOUTPUT": "SYSLOG"
        }
    },
    "MGMT_INTERFACE": {
        "eth0|109.105.92.102/19": {}
    },
    "PASSW_HARDENING": {
        "POLICIES": {
            "digits_class": "true",
            "expiration": "180",
            "expiration_warning": "15",
            "history_cnt": "10",
            "len_min": "8",
            "lower_class": "true",
            "reject_user_passw_match": "true",
            "special_class": "true",
            "state": "disabled",
            "upper_class": "true"
        }
    },
    "PORT": {
        "Ethernet0": {
            "admin_status": "up",
            "alias": "etp0",
            "index": "0",
            "lanes": "2304,2305,2306,2307,2308,2309,2310,2311",
            "mtu": "9100",
            "speed": "400000",
            "subport": "0"
        },
        "Ethernet104": {
            "admin_status": "up",
            "alias": "etp13",
            "index": "13",
            "lanes": "1800,1801,1802,1803,1804,1805,1806,1807",
            "mtu": "9100",
            "speed": "400000",
            "subport": "0"
        },
        "Ethernet112": {
            "admin_status": "up",
            "alias": "etp14",
            "index": "14",
            "lanes": "1552,1553,1554,1555,1556,1557,1558,1559",
            "mtu": "9100",
            "speed": "400000",
            "subport": "0"
        },
        "Ethernet120": {
            "admin_status": "up",
            "alias": "etp15",
            "index": "15",
            "lanes": "1544,1545,1546,1547,1548,1549,1550,1551",
            "mtu": "9100",
            "speed": "400000",
            "subport": "0"
        },
        "Ethernet128": {
            "admin_status": "up",
            "alias": "etp16",
            "index": "16",
            "lanes": "1296,1297,1298,1299,1300,1301,1302,1303",
            "mtu": "9100",
            "speed": "400000",
            "subport": "0"
        },
        "Ethernet136": {
            "admin_status": "up",
            "alias": "etp17",
            "index": "17",
            "lanes": "1288,1289,1290,1291,1292,1293,1294,1295",
            "mtu": "9100",
            "speed": "400000",
            "subport": "0"
        },
        "Ethernet144": {
            "admin_status": "up",
            "alias": "etp18",
            "index": "18",
            "lanes": "1280,1281,1282,1283,1284,1285,1286,1287",
            "mtu": "9100",
            "speed": "400000",
            "subport": "0"
        },
        "Ethernet152": {
            "admin_status": "up",
            "alias": "etp19",
            "index": "19",
            "lanes": "1032,1033,1034,1035,1036,1037,1038,1039",
            "mtu": "9100",
            "speed": "400000",
            "subport": "0"
        },
        "Ethernet16": {
            "admin_status": "up",
            "alias": "etp2",
            "index": "2",
            "lanes": "2312,2313,2314,2315,2316,2317,2318,2319",
            "mtu": "9100",
            "speed": "400000",
            "subport": "0"
        },
        "Ethernet160": {
            "admin_status": "up",
            "alias": "etp20",
            "index": "20",
            "lanes": "264,265,266,267,268,269,270,271",
            "mtu": "9100",
            "speed": "400000",
            "subport": "0"
        },
        "Ethernet168": {
            "admin_status": "up",
            "alias": "etp21",
            "index": "21",
            "lanes": "272,273,274,275,276,277,278,279",
            "mtu": "9100",
            "speed": "400000",
            "subport": "0"
        },
        "Ethernet176": {
            "admin_status": "up",
            "alias": "etp22",
            "index": "22",
            "lanes": "16,17,18,19,20,21,22,23",
            "mtu": "9100",
            "speed": "400000",
            "subport": "0"
        },
        "Ethernet184": {
            "admin_status": "up",
            "alias": "etp23",
            "index": "23",
            "lanes": "0,1,2,3,4,5,6,7",
            "mtu": "9100",
            "speed": "400000",
            "subport": "0"
        },
        "Ethernet192": {
            "admin_status": "up",
            "alias": "etp24",
            "index": "24",
            "lanes": "256,257,258,259,260,261,262,263",
            "mtu": "9100",
            "speed": "400000",
            "subport": "0"
        },
        "Ethernet200": {
            "admin_status": "up",
            "alias": "etp25",
            "index": "25",
            "lanes": "8,9,10,11,12,13,14,15",
            "mtu": "9100",
            "speed": "400000",
            "subport": "0"
        },
        "Ethernet208": {
            "admin_status": "up",
            "alias": "etp26",
            "index": "26",
            "lanes": "1024,1025,1026,1027,1028,1029,1030,1031",
            "mtu": "9100",
            "speed": "400000",
            "subport": "0"
        },
        "Ethernet216": {
            "admin_status": "up",
            "alias": "etp27",
            "index": "27",
            "lanes": "768,769,770,771,772,773,774,775",
            "mtu": "9100",
            "speed": "400000",
            "subport": "0"
        },
        "Ethernet224": {
            "admin_status": "up",
            "alias": "etp28",
            "index": "28",
            "lanes": "520,521,522,523,524,525,526,527",
            "mtu": "9100",
            "speed": "400000",
            "subport": "0"
        },
        "Ethernet232": {
            "admin_status": "up",
            "alias": "etp29",
            "index": "29",
            "lanes": "776,777,778,779,780,781,782,783",
            "mtu": "9100",
            "speed": "400000",
            "subport": "0"
        },
        "Ethernet24": {
            "admin_status": "up",
            "alias": "etp3",
            "index": "3",
            "lanes": "2056,2057,2058,2059,2060,2061,2062,2063",
            "mtu": "9100",
            "speed": "400000",
            "subport": "0"
        },
        "Ethernet240": {
            "admin_status": "up",
            "alias": "etp30",
            "index": "30",
            "lanes": "512,513,514,515,516,517,518,519",
            "mtu": "9100",
            "speed": "400000",
            "subport": "0"
        },
        "Ethernet248": {
            "admin_status": "up",
            "alias": "etp31",
            "index": "31",
            "lanes": "528,529,530,531,532,533,534,535",
            "mtu": "9100",
            "speed": "400000",
            "subport": "0"
        },
        "Ethernet32": {
            "admin_status": "up",
            "alias": "etp4",
            "index": "4",
            "lanes": "1792,1793,1794,1795,1796,1797,1798,1799",
            "mtu": "9100",
            "speed": "400000",
            "subport": "0"
        },
        "Ethernet40": {
            "admin_status": "up",
            "alias": "etp5",
            "index": "5",
            "lanes": "2048,2049,2050,2051,2052,2053,2054,2055",
            "mtu": "9100",
            "speed": "400000",
            "subport": "0"
        },
        "Ethernet48": {
            "admin_status": "up",
            "alias": "etp6",
            "index": "6",
            "lanes": "2560,2561,2562,2563,2564,2565,2566,2567",
            "mtu": "9100",
            "speed": "400000",
            "subport": "0"
        },
        "Ethernet56": {
            "admin_status": "up",
            "alias": "etp7",
            "index": "7",
            "lanes": "2824,2825,2826,2827,2828,2829,2830,2831",
            "mtu": "9100",
            "speed": "400000",
            "subport": "0"
        },
        "Ethernet64": {
            "admin_status": "up",
            "alias": "etp8",
            "index": "8",
            "lanes": "2832,2833,2834,2835,2836,2837,2838,2839",
            "mtu": "9100",
            "speed": "400000",
            "subport": "0"
        },
        "Ethernet72": {
            "admin_status": "up",
            "alias": "etp9",
            "index": "9",
            "lanes": "2816,2817,2818,2819,2820,2821,2822,2823",
            "mtu": "9100",
            "speed": "400000",
            "subport": "0"
        },
        "Ethernet8": {
            "admin_status": "up",
            "alias": "etp1",
            "index": "1",
            "lanes": "2320,2321,2322,2323,2324,2325,2326,2327",
            "mtu": "9100",
            "speed": "400000",
            "subport": "0"
        },
        "Ethernet80": {
            "admin_status": "up",
            "alias": "etp10",
            "index": "10",
            "lanes": "2568,2569,2570,2571,2572,2573,2574,2575",
            "mtu": "9100",
            "speed": "400000",
            "subport": "0"
        },
        "Ethernet88": {
            "admin_status": "up",
            "alias": "etp11",
            "index": "11",
            "lanes": "2576,2577,2578,2579,2580,2581,2582,2583",
            "mtu": "9100",
            "speed": "400000",
            "subport": "0"
        },
        "Ethernet96": {
            "admin_status": "up",
            "alias": "etp12",
            "index": "12",
            "lanes": "1536,1537,1538,1539,1540,1541,1542,1543",
            "mtu": "9100",
            "speed": "400000",
            "subport": "0"
        }
    },
    "SNMP": {
        "LOCATION": {
            "Location": "public"
        }
    },
    "SNMP_COMMUNITY": {
        "public": {
            "TYPE": "RO"
        }
    },
    "STATIC_ROUTE": {
        "Vrf0|3.3.3.3/32": {
            "blackhole": "false",
            "distance": "0",
            "ifname": "",
            "nexthop": "100.0.70.2",
            "nexthop-vrf": "Vrf248"
        },
        "Vrf104|2.2.2.2/32": {
            "blackhole": "false",
            "distance": "0",
            "ifname": "",
            "nexthop": "100.0.21.1",
            "nexthop-vrf": "Vrf112"
        },
        "Vrf112|3.3.3.3/32": {
            "blackhole": "false",
            "distance": "0",
            "ifname": "",
            "nexthop": "100.0.20.2",
            "nexthop-vrf": "Vrf104"
        },
        "Vrf120|2.2.2.2/32": {
            "blackhole": "false",
            "distance": "0",
            "ifname": "",
            "nexthop": "100.0.22.1",
            "nexthop-vrf": "Vrf128"
        },
        "Vrf128|3.3.3.3/32": {
            "blackhole": "false",
            "distance": "0",
            "ifname": "",
            "nexthop": "100.0.21.2",
            "nexthop-vrf": "Vrf120"
        },
        "Vrf136|2.2.2.2/32": {
            "blackhole": "false",
            "distance": "0",
            "ifname": "",
            "nexthop": "100.0.23.1",
            "nexthop-vrf": "Vrf144"
        },
        "Vrf144|3.3.3.3/32": {
            "blackhole": "false",
            "distance": "0",
            "ifname": "",
            "nexthop": "100.0.22.2",
            "nexthop-vrf": "Vrf136"
        },
        "Vrf152|2.2.2.2/32": {
            "blackhole": "false",
            "distance": "0",
            "ifname": "",
            "nexthop": "100.0.24.1",
            "nexthop-vrf": "Vrf160"
        },
        "Vrf160|3.3.3.3/32": {
            "blackhole": "false",
            "distance": "0",
            "ifname": "",
            "nexthop": "100.0.23.2",
            "nexthop-vrf": "Vrf152"
        },
        "Vrf168|2.2.2.2/32": {
            "blackhole": "false",
            "distance": "0",
            "ifname": "",
            "nexthop": "100.0.25.1",
            "nexthop-vrf": "Vrf176"
        },
        "Vrf16|3.3.3.3/32": {
            "blackhole": "false",
            "distance": "0",
            "ifname": "",
            "nexthop": "100.0.14.2",
            "nexthop-vrf": "Vrf8"
        },
        "Vrf176|3.3.3.3/32": {
            "blackhole": "false",
            "distance": "0",
            "ifname": "",
            "nexthop": "100.0.24.2",
            "nexthop-vrf": "Vrf168"
        },
        "Vrf184|2.2.2.2/32": {
            "blackhole": "false",
            "distance": "0",
            "ifname": "",
            "nexthop": "100.0.26.1",
            "nexthop-vrf": "Vrf192"
        },
        "Vrf192|3.3.3.3/32": {
            "blackhole": "false",
            "distance": "0",
            "ifname": "",
            "nexthop": "100.0.25.2",
            "nexthop-vrf": "Vrf184"
        },
        "Vrf200|2.2.2.2/32": {
            "blackhole": "false",
            "distance": "0",
            "ifname": "",
            "nexthop": "100.0.27.1",
            "nexthop-vrf": "Vrf208"
        },
        "Vrf208|3.3.3.3/32": {
            "blackhole": "false",
            "distance": "0",
            "ifname": "",
            "nexthop": "100.0.26.2",
            "nexthop-vrf": "Vrf200"
        },
        "Vrf216|2.2.2.2/32": {
            "blackhole": "false",
            "distance": "0",
            "ifname": "",
            "nexthop": "100.0.28.1",
            "nexthop-vrf": "Vrf224"
        },
        "Vrf224|3.3.3.3/32": {
            "blackhole": "false",
            "distance": "0",
            "ifname": "",
            "nexthop": "100.0.27.2",
            "nexthop-vrf": "Vrf216"
        },
        "Vrf232|2.2.2.2/32": {
            "blackhole": "false",
            "distance": "0",
            "ifname": "",
            "nexthop": "100.0.80.2",
            "nexthop-vrf": "Vrf240"
        },
        "Vrf240|3.3.3.3/32": {
            "blackhole": "false",
            "distance": "0",
            "ifname": "",
            "nexthop": "100.0.28.2",
            "nexthop-vrf": "Vrf232"
        },
        "Vrf248|2.2.2.2/32": {
            "blackhole": "false",
            "distance": "0",
            "ifname": "",
            "nexthop": "100.0.14.1",
            "nexthop-vrf": "Vrf0"
        },
        "Vrf24|2.2.2.2/32": {
            "blackhole": "false",
            "distance": "0",
            "ifname": "",
            "nexthop": "100.0.16.1",
            "nexthop-vrf": "Vrf32"
        },
        "Vrf32|3.3.3.3/32": {
            "blackhole": "false",
            "distance": "0",
            "ifname": "",
            "nexthop": "100.0.15.2",
            "nexthop-vrf": "Vrf24"
        },
        "Vrf40|2.2.2.2/32": {
            "blackhole": "false",
            "distance": "0",
            "ifname": "",
            "nexthop": "100.0.17.1",
            "nexthop-vrf": "Vrf48"
        },
        "Vrf48|3.3.3.3/32": {
            "blackhole": "false",
            "distance": "0",
            "ifname": "",
            "nexthop": "100.0.16.2",
            "nexthop-vrf": "Vrf40"
        },
        "Vrf56|2.2.2.2/32": {
            "blackhole": "false",
            "distance": "0",
            "ifname": "",
            "nexthop": "100.0.18.1",
            "nexthop-vrf": "Vrf64"
        },
        "Vrf64|3.3.3.3/32": {
            "blackhole": "false",
            "distance": "0",
            "ifname": "",
            "nexthop": "100.0.17.2",
            "nexthop-vrf": "Vrf56"
        },
        "Vrf72|2.2.2.2/32": {
            "blackhole": "false",
            "distance": "0",
            "ifname": "",
            "nexthop": "100.0.19.1",
            "nexthop-vrf": "Vrf80"
        },
        "Vrf80|3.3.3.3/32": {
            "blackhole": "false",
            "distance": "0",
            "ifname": "",
            "nexthop": "100.0.18.2",
            "nexthop-vrf": "Vrf72"
        },
        "Vrf88|2.2.2.2/32": {
            "blackhole": "false",
            "distance": "0",
            "ifname": "",
            "nexthop": "100.0.20.1",
            "nexthop-vrf": "Vrf96"
        },
        "Vrf8|2.2.2.2/32": {
            "blackhole": "false",
            "distance": "0",
            "ifname": "",
            "nexthop": "100.0.15.1",
            "nexthop-vrf": "Vrf16"
        },
        "Vrf96|3.3.3.3/32": {
            "blackhole": "false",
            "distance": "0",
            "ifname": "",
            "nexthop": "100.0.19.2",
            "nexthop-vrf": "Vrf88"
        },
        "default|192.168.20.0/24": {
            "blackhole": "false",
            "distance": "0",
            "ifname": "",
            "nexthop": "100.0.15.2",
            "nexthop-vrf": ""
        }
    },
    "SYSLOG_CONFIG": {
        "GLOBAL": {
            "rate_limit_burst": "0",
            "rate_limit_interval": "0"
        }
    },
    "SYSLOG_CONFIG_FEATURE": {
        "acms": {
            "rate_limit_burst": "20000",
            "rate_limit_interval": "300"
        },
        "bgp": {
            "rate_limit_burst": "20000",
            "rate_limit_interval": "300"
        },
        "database": {
            "rate_limit_burst": "20000",
            "rate_limit_interval": "300"
        },
        "dhcp_relay": {
            "rate_limit_burst": "20000",
            "rate_limit_interval": "300"
        },
        "eventd": {
            "rate_limit_burst": "20000",
            "rate_limit_interval": "300"
        },
        "gnmi": {
            "rate_limit_burst": "20000",
            "rate_limit_interval": "300"
        },
        "lldp": {
            "rate_limit_burst": "20000",
            "rate_limit_interval": "300"
        },
        "macsec": {
            "rate_limit_burst": "20000",
            "rate_limit_interval": "300"
        },
        "mux": {
            "rate_limit_burst": "20000",
            "rate_limit_interval": "300"
        },
        "pmon": {
            "rate_limit_burst": "20000",
            "rate_limit_interval": "300"
        },
        "radv": {
            "rate_limit_burst": "20000",
            "rate_limit_interval": "300"
        },
        "restapi": {
            "rate_limit_burst": "20000",
            "rate_limit_interval": "300"
        },
        "snmp": {
            "rate_limit_burst": "20000",
            "rate_limit_interval": "300"
        },
        "swss": {
            "rate_limit_burst": "20000",
            "rate_limit_interval": "300"
        },
        "syncd": {
            "rate_limit_burst": "20000",
            "rate_limit_interval": "300"
        },
        "teamd": {
            "rate_limit_burst": "20000",
            "rate_limit_interval": "300"
        },
        "telemetry": {
            "rate_limit_burst": "20000",
            "rate_limit_interval": "300"
        },
        "vnet-monitor": {
            "rate_limit_burst": "20000",
            "rate_limit_interval": "300"
        }
    },
    "SYSTEM_DEFAULTS": {
        "mux_tunnel_egress_acl": {
            "status": "disabled"
        }
    },
    "VERSIONS": {
        "DATABASE": {
            "VERSION": "version_202305_01"
        }
    },
    "VRF": {
        "Vrf0": {},
        "Vrf104": {},
        "Vrf112": {},
        "Vrf120": {},
        "Vrf128": {},
        "Vrf136": {},
        "Vrf144": {},
        "Vrf152": {},
        "Vrf16": {},
        "Vrf160": {},
        "Vrf168": {},
        "Vrf176": {},
        "Vrf184": {},
        "Vrf192": {},
        "Vrf200": {},
        "Vrf208": {},
        "Vrf216": {},
        "Vrf224": {},
        "Vrf232": {},
        "Vrf24": {},
        "Vrf240": {},
        "Vrf248": {},
        "Vrf32": {},
        "Vrf40": {},
        "Vrf48": {},
        "Vrf56": {},
        "Vrf64": {},
        "Vrf72": {},
        "Vrf8": {},
        "Vrf80": {},
        "Vrf88": {},
        "Vrf96": {}
    },
    "bgpraw": "Building configuration...\n\nCurrent configuration:\n!\nfrr version 8.5.1\nfrr defaults traditional\nhostname sonic\nlog syslog informational\nlog facility local4\nno zebra nexthop kernel enable\nno service integrated-vtysh-config\n!\npassword zebra\nenable password zebra\n!\nvrf Vrf248\n ip route 2.2.2.2/32 100.0.14.1 tag 1 nexthop-vrf Vrf0\nexit-vrf\n!\nvrf Vrf16\n ip route 3.3.3.3/32 100.0.14.2 tag 1 nexthop-vrf Vrf8\nexit-vrf\n!\nvrf Vrf80\n ip route 3.3.3.3/32 100.0.18.2 tag 1 nexthop-vrf Vrf72\nexit-vrf\n!\nvrf Vrf176\n ip route 3.3.3.3/32 100.0.24.2 tag 1 nexthop-vrf Vrf168\nexit-vrf\n!\nvrf Vrf208\n ip route 3.3.3.3/32 100.0.26.2 tag 1 nexthop-vrf Vrf200\nexit-vrf\n!\nvrf Vrf24\n ip route 2.2.2.2/32 100.0.16.1 tag 1 nexthop-vrf Vrf32\nexit-vrf\n!\nvrf Vrf240\n ip route 3.3.3.3/32 100.0.28.2 tag 1 nexthop-vrf Vrf232\nexit-vrf\n!\nvrf Vrf96\n ip route 3.3.3.3/32 100.0.19.2 tag 1 nexthop-vrf Vrf88\nexit-vrf\n!\nvrf Vrf144\n ip route 3.3.3.3/32 100.0.22.2 tag 1 nexthop-vrf Vrf136\nexit-vrf\n!\nvrf Vrf40\n ip route 2.2.2.2/32 100.0.17.1 tag 1 nexthop-vrf Vrf48\nexit-vrf\n!\nvrf Vrf168\n ip route 2.2.2.2/32 100.0.25.1 tag 1 nexthop-vrf Vrf176\nexit-vrf\n!\nvrf Vrf32\n ip route 3.3.3.3/32 100.0.15.2 tag 1 nexthop-vrf Vrf24\nexit-vrf\n!\nvrf Vrf120\n ip route 2.2.2.2/32 100.0.22.1 tag 1 nexthop-vrf Vrf128\nexit-vrf\n!\nvrf Vrf72\n ip route 2.2.2.2/32 100.0.19.1 tag 1 nexthop-vrf Vrf80\nexit-vrf\n!\nvrf Vrf232\n ip route 2.2.2.2/32 100.0.80.2 tag 1 nexthop-vrf Vrf240\nexit-vrf\n!\nvrf Vrf184\n ip route 2.2.2.2/32 100.0.26.1 tag 1 nexthop-vrf Vrf192\nexit-vrf\n!\nvrf Vrf64\n ip route 3.3.3.3/32 100.0.17.2 tag 1 nexthop-vrf Vrf56\nexit-vrf\n!\nvrf Vrf8\n ip route 2.2.2.2/32 100.0.15.1 tag 1 nexthop-vrf Vrf16\nexit-vrf\n!\nvrf Vrf112\n ip route 3.3.3.3/32 100.0.20.2 tag 1 nexthop-vrf Vrf104\nexit-vrf\n!\nvrf Vrf200\n ip route 2.2.2.2/32 100.0.27.1 tag 1 nexthop-vrf Vrf208\nexit-vrf\n!\nvrf Vrf192\n ip route 3.3.3.3/32 100.0.25.2 tag 1 nexthop-vrf Vrf184\nexit-vrf\n!\nvrf Vrf128\n ip route 3.3.3.3/32 100.0.21.2 tag 1 nexthop-vrf Vrf120\nexit-vrf\n!\nvrf Vrf88\n ip route 2.2.2.2/32 100.0.20.1 tag 1 nexthop-vrf Vrf96\nexit-vrf\n!\nvrf Vrf136\n ip route 2.2.2.2/32 100.0.23.1 tag 1 nexthop-vrf Vrf144\nexit-vrf\n!\nvrf Vrf216\n ip route 2.2.2.2/32 100.0.28.1 tag 1 nexthop-vrf Vrf224\nexit-vrf\n!\nvrf Vrf104\n ip route 2.2.2.2/32 100.0.21.1 tag 1 nexthop-vrf Vrf112\nexit-vrf\n!\nvrf Vrf56\n ip route 2.2.2.2/32 100.0.18.1 tag 1 nexthop-vrf Vrf64\nexit-vrf\n!\nvrf Vrf160\n ip route 3.3.3.3/32 100.0.23.2 tag 1 nexthop-vrf Vrf152\nexit-vrf\n!\nvrf Vrf0\n ip route 192.168.20.0/24 100.0.15.2/24\n ip route 3.3.3.3/32 100.0.70.2 tag 1 nexthop-vrf Vrf248\nexit-vrf\n!\nvrf Vrf48\n ip route 3.3.3.3/32 100.0.16.2 tag 1 nexthop-vrf Vrf40\nexit-vrf\n!\nvrf Vrf224\n ip route 3.3.3.3/32 100.0.27.2 tag 1 nexthop-vrf Vrf216\nexit-vrf\n!\nvrf Vrf152\n ip route 2.2.2.2/32 100.0.24.1 tag 1 nexthop-vrf Vrf160\nexit-vrf\n!\nip nht resolve-via-default\n!\nipv6 nht resolve-via-default\n!\nend\n"
}
admin@sonic:~$ Connection to 109.105.92.102 closed by remote host.
Connection to 109.105.92.102 closed.
luxapps@luxapps6:~$ ssh admin@109.105.92.102
admin@109.105.92.102's password:
Linux sonic 5.10.0-23-2-amd64 #1 SMP Debian 5.10.179-3 (2023-07-27) x86_64
You are on
  ____   ___  _   _ _  ____
 / ___| / _ \| \ | (_)/ ___|
 \___ \| | | |  \| | | |
  ___) | |_| | |\  | | |___
 |____/ \___/|_| \_|_|\____|

-- Software for Open Networking in the Cloud --

Unauthorized access and/or use are prohibited.
All access and/or use are subject to monitoring.

Help:      https://sonic-net.github.io/SONiC/
Wiki:      https://microsoft.sharepoint.com/teams/WAG/AzureNetworking/Wiki/SONiC.aspx
On-Call:   https://portal.microsofticm.com/imp/v3/oncall/current?serviceId=10045&teamIds=26162
Dashboard: https://aka.ms/sonic-dri
Contact:   sonicdev@microsoft.com

Last login: Fri Oct 18 09:31:01 2024 from 109.105.92.60
admin@sonic:~$
admin@sonic:~$
admin@sonic:~$
admin@sonic:~$ show ip int
Interface    Master    IPv4 address/mask    Admin/Oper    BGP Neighbor    Neighbor IP
-----------  --------  -------------------  ------------  --------------  -------------
Ethernet0    Vrf0      100.0.14.2/24        up/up         N/A             N/A
Ethernet8    Vrf0      100.0.15.1/24        up/up         N/A             N/A
Ethernet16   Vrf16     100.0.15.2/24        up/up         N/A             N/A
Ethernet24   Vrf16     100.0.16.1/24        up/up         N/A             N/A
Ethernet32   Vrf32     100.0.16.2/24        up/down       N/A             N/A
Ethernet40   Vrf40     100.0.16.1/24        up/down       N/A             N/A
Ethernet48   Vrf48     100.0.17.2/24        up/down       N/A             N/A
Ethernet56   Vrf56     100.0.17.1/24        up/down       N/A             N/A
Ethernet64   Vrf64     100.0.18.2/24        up/down       N/A             N/A
Ethernet72   Vrf72     100.0.18.1/24        up/down       N/A             N/A
Ethernet80   Vrf80     100.0.19.2/24        up/down       N/A             N/A
Ethernet88   Vrf88     100.0.19.1/24        up/down       N/A             N/A
Ethernet96   Vrf96     100.0.20.2/24        up/down       N/A             N/A
Ethernet104  Vrf104    100.0.20.1/24        up/down       N/A             N/A
Ethernet112  Vrf112    100.0.21.2/24        up/down       N/A             N/A
Ethernet120  Vrf120    100.0.21.1/24        up/down       N/A             N/A
Ethernet128  Vrf128    100.0.22.2/24        up/down       N/A             N/A
Ethernet136  Vrf136    100.0.22.1/24        up/down       N/A             N/A
Ethernet144  Vrf144    100.0.23.2/24        up/down       N/A             N/A
Ethernet152  Vrf152    100.0.23.1/24        up/down       N/A             N/A
Ethernet160  Vrf160    100.0.24.2/24        up/down       N/A             N/A
Ethernet168  Vrf168    100.0.24.1/24        up/down       N/A             N/A
Ethernet176  Vrf176    100.0.25.2/24        up/down       N/A             N/A
Ethernet184  Vrf184    100.0.25.1/24        up/down       N/A             N/A
Ethernet192  Vrf192    100.0.26.2/24        up/down       N/A             N/A
Ethernet200  Vrf200    100.0.26.1/24        up/down       N/A             N/A
Ethernet208  Vrf208    100.0.27.2/24        up/down       N/A             N/A
Ethernet216  Vrf216    100.0.27.1/24        up/down       N/A             N/A
Ethernet224  Vrf224    100.0.28.2/24        up/down       N/A             N/A
Ethernet232  Vrf232    100.0.28.1/24        up/down       N/A             N/A
Ethernet240  Vrf240    100.0.80.1/24        up/down       N/A             N/A
Ethernet248  Vrf248    100.0.70.1/24        up/down       N/A             N/A
docker0                240.127.1.1/24       up/down       N/A             N/A
eth0                   109.105.92.102/19    up/up         N/A             N/A
lo                     127.0.0.1/16         up/up         N/A             N/A
admin@sonic:~$ Connection to 109.105.92.102 closed by remote host.
Connection to 109.105.92.102 closed.
luxapps@luxapps6:~$
luxapps@luxapps6:~$ ssh admin@109.105.92.102
admin@109.105.92.102's password:
Linux sonic 5.10.0-23-2-amd64 #1 SMP Debian 5.10.179-3 (2023-07-27) x86_64
You are on
  ____   ___  _   _ _  ____
 / ___| / _ \| \ | (_)/ ___|
 \___ \| | | |  \| | | |
  ___) | |_| | |\  | | |___
 |____/ \___/|_| \_|_|\____|

-- Software for Open Networking in the Cloud --

Unauthorized access and/or use are prohibited.
All access and/or use are subject to monitoring.

Help:      https://sonic-net.github.io/SONiC/
Wiki:      https://microsoft.sharepoint.com/teams/WAG/AzureNetworking/Wiki/SONiC.aspx
On-Call:   https://portal.microsofticm.com/imp/v3/oncall/current?serviceId=10045&teamIds=26162
Dashboard: https://aka.ms/sonic-dri
Contact:   sonicdev@microsoft.com

Last login: Fri Oct 18 09:54:31 2024 from 109.105.92.60
admin@sonic:~$ show ip int
Interface    Master    IPv4 address/mask    Admin/Oper    BGP Neighbor    Neighbor IP
-----------  --------  -------------------  ------------  --------------  -------------
Ethernet0    Vrf0      100.0.14.2/24        up/up         N/A             N/A
Ethernet8    Vrf0      100.0.15.1/24        up/up         N/A             N/A
Ethernet16   Vrf16     100.0.15.2/24        up/up         N/A             N/A
Ethernet24   Vrf16     100.0.16.1/24        up/up         N/A             N/A
Ethernet32   Vrf32     100.0.16.2/24        up/down       N/A             N/A
Ethernet40   Vrf40     100.0.16.1/24        up/down       N/A             N/A
Ethernet48   Vrf48     100.0.17.2/24        up/down       N/A             N/A
Ethernet56   Vrf56     100.0.17.1/24        up/down       N/A             N/A
Ethernet64   Vrf64     100.0.18.2/24        up/down       N/A             N/A
Ethernet72   Vrf72     100.0.18.1/24        up/down       N/A             N/A
Ethernet80   Vrf80     100.0.19.2/24        up/down       N/A             N/A
Ethernet88   Vrf88     100.0.19.1/24        up/down       N/A             N/A
Ethernet96   Vrf96     100.0.20.2/24        up/down       N/A             N/A
Ethernet104  Vrf104    100.0.20.1/24        up/down       N/A             N/A
Ethernet112  Vrf112    100.0.21.2/24        up/down       N/A             N/A
Ethernet120  Vrf120    100.0.21.1/24        up/down       N/A             N/A
Ethernet128  Vrf128    100.0.22.2/24        up/down       N/A             N/A
Ethernet136  Vrf136    100.0.22.1/24        up/down       N/A             N/A
Ethernet144  Vrf144    100.0.23.2/24        up/down       N/A             N/A
Ethernet152  Vrf152    100.0.23.1/24        up/down       N/A             N/A
Ethernet160  Vrf160    100.0.24.2/24        up/down       N/A             N/A
Ethernet168  Vrf168    100.0.24.1/24        up/down       N/A             N/A
Ethernet176  Vrf176    100.0.25.2/24        up/down       N/A             N/A
Ethernet184  Vrf184    100.0.25.1/24        up/down       N/A             N/A
Ethernet192  Vrf192    100.0.26.2/24        up/down       N/A             N/A
Ethernet200  Vrf200    100.0.26.1/24        up/down       N/A             N/A
Ethernet208  Vrf208    100.0.27.2/24        up/down       N/A             N/A
Ethernet216  Vrf216    100.0.27.1/24        up/down       N/A             N/A
Ethernet224  Vrf224    100.0.28.2/24        up/down       N/A             N/A
Ethernet232  Vrf232    100.0.28.1/24        up/down       N/A             N/A
Ethernet240  Vrf240    100.0.80.1/24        up/down       N/A             N/A
Ethernet248  Vrf248    100.0.70.1/24        up/down       N/A             N/A
docker0                240.127.1.1/24       up/down       N/A             N/A
eth0                   109.105.92.102/19    up/up         N/A             N/A
lo                     127.0.0.1/16         up/up         N/A             N/A
admin@sonic:~$
admin@sonic:~$
admin@sonic:~$
admin@sonic:~$
admin@sonic:~$
admin@sonic:~$ show ip int
Interface    Master    IPv4 address/mask    Admin/Oper    BGP Neighbor    Neighbor IP
-----------  --------  -------------------  ------------  --------------  -------------
Ethernet0    Vrf0      100.0.14.2/24        up/up         N/A             N/A
Ethernet8    Vrf0      100.0.15.1/24        up/up         N/A             N/A
Ethernet16   Vrf16     100.0.15.2/24        up/up         N/A             N/A
Ethernet24   Vrf16     100.0.16.1/24        up/up         N/A             N/A
Ethernet32   Vrf32     100.0.16.2/24        up/down       N/A             N/A
Ethernet40   Vrf40     100.0.16.1/24        up/down       N/A             N/A
Ethernet48   Vrf48     100.0.17.2/24        up/down       N/A             N/A
Ethernet56   Vrf56     100.0.17.1/24        up/down       N/A             N/A
Ethernet64   Vrf64     100.0.18.2/24        up/down       N/A             N/A
Ethernet72   Vrf72     100.0.18.1/24        up/down       N/A             N/A
Ethernet80   Vrf80     100.0.19.2/24        up/down       N/A             N/A
Ethernet88   Vrf88     100.0.19.1/24        up/down       N/A             N/A
Ethernet96   Vrf96     100.0.20.2/24        up/down       N/A             N/A
Ethernet104  Vrf104    100.0.20.1/24        up/down       N/A             N/A
Ethernet112  Vrf112    100.0.21.2/24        up/down       N/A             N/A
Ethernet120  Vrf120    100.0.21.1/24        up/down       N/A             N/A
Ethernet128  Vrf128    100.0.22.2/24        up/down       N/A             N/A
Ethernet136  Vrf136    100.0.22.1/24        up/down       N/A             N/A
Ethernet144  Vrf144    100.0.23.2/24        up/down       N/A             N/A
Ethernet152  Vrf152    100.0.23.1/24        up/down       N/A             N/A
Ethernet160  Vrf160    100.0.24.2/24        up/down       N/A             N/A
Ethernet168  Vrf168    100.0.24.1/24        up/down       N/A             N/A
Ethernet176  Vrf176    100.0.25.2/24        up/down       N/A             N/A
Ethernet184  Vrf184    100.0.25.1/24        up/down       N/A             N/A
Ethernet192  Vrf192    100.0.26.2/24        up/down       N/A             N/A
Ethernet200  Vrf200    100.0.26.1/24        up/down       N/A             N/A
Ethernet208  Vrf208    100.0.27.2/24        up/down       N/A             N/A
Ethernet216  Vrf216    100.0.27.1/24        up/down       N/A             N/A
Ethernet224  Vrf224    100.0.28.2/24        up/down       N/A             N/A
Ethernet232  Vrf232    100.0.28.1/24        up/down       N/A             N/A
Ethernet240  Vrf240    100.0.80.1/24        up/down       N/A             N/A
Ethernet248  Vrf248    100.0.70.1/24        up/down       N/A             N/A
docker0                240.127.1.1/24       up/down       N/A             N/A
eth0                   109.105.92.102/19    up/up         N/A             N/A
lo                     127.0.0.1/16         up/up         N/A             N/A
admin@sonic:~$
admin@sonic:~$
admin@sonic:~$
admin@sonic:~$
admin@sonic:~$
admin@sonic:~$
admin@sonic:~$
admin@sonic:~$
admin@sonic:~$ sudo config vrf add VrfA
admin@sonic:~$ sudo config vrf add VrfB
admin@sonic:~$ sudo config vrf add VrfC
^[[Aadmin@sonic:~$ sudo config vrf add VrfD
admin@sonic:~$ sudo config vrf add VrfE
admin@sonic:~$
admin@sonic:~$
admin@sonic:~$
admin@sonic:~$ show vrf
VRF     Interfaces
------  ------------
Vrf0    Ethernet0
        Ethernet8
Vrf104  Ethernet104
Vrf112  Ethernet112
Vrf120  Ethernet120
Vrf128  Ethernet128
Vrf136  Ethernet136
Vrf144  Ethernet144
Vrf152  Ethernet152
Vrf16   Ethernet16
        Ethernet24
Vrf160  Ethernet160
Vrf168  Ethernet168
Vrf176  Ethernet176
Vrf184  Ethernet184
Vrf192  Ethernet192
Vrf200  Ethernet200
Vrf208  Ethernet208
Vrf216  Ethernet216
Vrf224  Ethernet224
Vrf232  Ethernet232
Vrf24
Vrf240  Ethernet240
Vrf248  Ethernet248
Vrf32   Ethernet32
Vrf40   Ethernet40
Vrf48   Ethernet48
Vrf56   Ethernet56
Vrf64   Ethernet64
Vrf72   Ethernet72
Vrf8
Vrf80   Ethernet80
Vrf88   Ethernet88
Vrf96   Ethernet96
VrfA
VrfB
VrfC
VrfD
VrfE
admin@sonic:~$ sudo config interface vrf bind Ethernet0 VrfA
Interface Ethernet0 IP disabled and address(es) removed due to binding VRF VrfA.
admin@sonic:~$ sudo config interface vrf bind Ethernet1 VrfB
Interface Ethernet1 IP disabled and address(es) removed due to binding VRF VrfB.
admin@sonic:~$ sudo config interface vrf bind Ethernet2 VrfC
Interface Ethernet2 IP disabled and address(es) removed due to binding VRF VrfC.
admin@sonic:~$ sudo config interface vrf bind Ethernet2 VrfD
Interface Ethernet2 IP disabled and address(es) removed due to binding VRF VrfD.
admin@sonic:~$ sudo config interface vrf bind Ethernet2 VrfC
Interface Ethernet2 IP disabled and address(es) removed due to binding VRF VrfC.
admin@sonic:~$ sudo config interface vrf bind Ethernet3 VrfD
Interface Ethernet3 IP disabled and address(es) removed due to binding VRF VrfD.
admin@sonic:~$
admin@sonic:~$
admin@sonic:~$ sudo config interface ip add Ethernet0 192.168.10.1/24
admin@sonic:~$ sudo config interface ip add Ethernet1 100.0.0.10.1/24
Usage: config interface ip add [OPTIONS] <interface_name> <ip_addr> <default
                               gateway IP address>
Try "config interface ip add -h" for help.

Error: IP address is not valid: '100.0.0.10.1/24' does not appear to be an IPv4 or IPv6 interface
admin@sonic:~$ sudo config interface ip add Ethernet1 100.0.10.1/24
admin@sonic:~$ sudo config interface ip add Ethernet2 100.0.10.2/24
admin@sonic:~$ sudo config interface ip add Ethernet3 192.168.20.1.24
Usage: config interface ip add [OPTIONS] <interface_name> <ip_addr> <default
                               gateway IP address>
Try "config interface ip add -h" for help.

Error: IP address is not valid: '192.168.20.1.24' does not appear to be an IPv4 or IPv6 interface
admin@sonic:~$ sudo config interface ip add Ethernet3 192.168.20.1/24
admin@sonic:~$
admin@sonic:~$
admin@sonic:~$
admin@sonic:~$
admin@sonic:~$ sudo config route add prefix vrf VrfA 192.168.20.0/24 nexthop vrf VrfB 100.0.10.2
admin@sonic:~$ sudo config interface ip add Ethernet3 100.0.10.1
admin@sonic:~$ Connection to 109.105.92.102 closed by remote host.
Connection to 109.105.92.102 closed.
luxapps@luxapps6:~$
luxapps@luxapps6:~$
luxapps@luxapps6:~$
luxapps@luxapps6:~$
luxapps@luxapps6:~$ ssh admin@109.105.92.102
admin@109.105.92.102's password:
Linux sonic 5.10.0-23-2-amd64 #1 SMP Debian 5.10.179-3 (2023-07-27) x86_64
You are on
  ____   ___  _   _ _  ____
 / ___| / _ \| \ | (_)/ ___|
 \___ \| | | |  \| | | |
  ___) | |_| | |\  | | |___
 |____/ \___/|_| \_|_|\____|

-- Software for Open Networking in the Cloud --

Unauthorized access and/or use are prohibited.
All access and/or use are subject to monitoring.

Help:      https://sonic-net.github.io/SONiC/
Wiki:      https://microsoft.sharepoint.com/teams/WAG/AzureNetworking/Wiki/SONiC.aspx
On-Call:   https://portal.microsofticm.com/imp/v3/oncall/current?serviceId=10045&teamIds=26162
Dashboard: https://aka.ms/sonic-dri
Contact:   sonicdev@microsoft.com

Last login: Fri Oct 18 12:07:23 2024 from 109.105.92.60
admin@sonic:~$ Connection to 109.105.92.102 closed by remote host.
Connection to 109.105.92.102 closed.
luxapps@luxapps6:~$ ssh admin@109.105.92.102
admin@109.105.92.102's password:
Linux sonic 5.10.0-23-2-amd64 #1 SMP Debian 5.10.179-3 (2023-07-27) x86_64
You are on
  ____   ___  _   _ _  ____
 / ___| / _ \| \ | (_)/ ___|
 \___ \| | | |  \| | | |
  ___) | |_| | |\  | | |___
 |____/ \___/|_| \_|_|\____|

-- Software for Open Networking in the Cloud --

Unauthorized access and/or use are prohibited.
All access and/or use are subject to monitoring.

Help:      https://sonic-net.github.io/SONiC/
Wiki:      https://microsoft.sharepoint.com/teams/WAG/AzureNetworking/Wiki/SONiC.aspx
On-Call:   https://portal.microsofticm.com/imp/v3/oncall/current?serviceId=10045&teamIds=26162
Dashboard: https://aka.ms/sonic-dri
Contact:   sonicdev@microsoft.com

Last login: Fri Oct 18 13:13:56 2024 from 109.105.92.60
admin@sonic:~$
admin@sonic:~$
admin@sonic:~$
admin@sonic:~$ show ip int
Interface    Master    IPv4 address/mask    Admin/Oper    BGP Neighbor    Neighbor IP
-----------  --------  -------------------  ------------  --------------  -------------
Ethernet0    VrfA      192.168.10.1/24      up/up         N/A             N/A
Ethernet40   Vrf40     100.0.16.1/24        up/down       N/A             N/A
Ethernet48   Vrf48     100.0.17.2/24        up/down       N/A             N/A
Ethernet56   Vrf56     100.0.17.1/24        up/down       N/A             N/A
Ethernet64   Vrf64     100.0.18.2/24        up/down       N/A             N/A
Ethernet72   Vrf72     100.0.18.1/24        up/down       N/A             N/A
Ethernet80   Vrf80     100.0.19.2/24        up/down       N/A             N/A
Ethernet88   Vrf88     100.0.19.1/24        up/down       N/A             N/A
Ethernet96   Vrf96     100.0.20.2/24        up/down       N/A             N/A
Ethernet104  Vrf104    100.0.20.1/24        up/down       N/A             N/A
Ethernet112  Vrf112    100.0.21.2/24        up/down       N/A             N/A
Ethernet120  Vrf120    100.0.21.1/24        up/down       N/A             N/A
Ethernet128  Vrf128    100.0.22.2/24        up/down       N/A             N/A
Ethernet136  Vrf136    100.0.22.1/24        up/down       N/A             N/A
Ethernet144  Vrf144    100.0.23.2/24        up/down       N/A             N/A
Ethernet152  Vrf152    100.0.23.1/24        up/down       N/A             N/A
Ethernet160  Vrf160    100.0.24.2/24        up/down       N/A             N/A
Ethernet168  Vrf168    100.0.24.1/24        up/down       N/A             N/A
Ethernet176  Vrf176    100.0.25.2/24        up/down       N/A             N/A
Ethernet184  Vrf184    100.0.25.1/24        up/down       N/A             N/A
Ethernet192  Vrf192    100.0.26.2/24        up/down       N/A             N/A
Ethernet200  Vrf200    100.0.26.1/24        up/down       N/A             N/A
Ethernet208  Vrf208    100.0.27.2/24        up/down       N/A             N/A
Ethernet216  Vrf216    100.0.27.1/24        up/down       N/A             N/A
Ethernet224  Vrf224    100.0.28.2/24        up/down       N/A             N/A
Ethernet232  Vrf232    100.0.28.1/24        up/down       N/A             N/A
Ethernet240  Vrf240    100.0.80.1/24        up/down       N/A             N/A
Ethernet248  Vrf248    100.0.70.1/24        up/down       N/A             N/A
docker0                240.127.1.1/24       up/down       N/A             N/A
eth0                   109.105.92.102/19    up/up         N/A             N/A
lo                     127.0.0.1/16         up/up         N/A             N/A
admin@sonic:~$ config t
Root privileges are required for this operation
admin@sonic:~$ sudo config interface -h
Usage: config interface [OPTIONS] COMMAND [ARGS]...

  Interface-related configuration tasks

Options:
  -n, --namespace []  Namespace name
  -?, -h, --help      Show this message and exit.

Commands:
  advertised-speeds  Set interface advertised speeds
  advertised-types   Set interface advertised types
  autoneg            Set interface auto negotiation mode
  breakout           Set interface breakout mode
  buffer             Set or clear buffer configuration
  cable-length       Set interface cable length
  fec                Set interface fec
  ip                 Set IP interface attributes
  ipv6               Enable or Disable IPv6 processing on interface
  link-training      Set interface link training mode
  mpls               Add or remove MPLS
  mtu                Set interface mtu
  pfc                Set PFC configuration.
  shutdown           Shut down interface
  speed              Set interface speed
  startup            Start up interface
  storm-control      Configure storm-control
  tpid               Set interface tpid
  transceiver        SFP transceiver configuration
  type               Set interface type
  vrf                Bind or unbind VRF
admin@sonic:~$ sudo config interface startup Ethernet8
admin@sonic:~$ show ip int
Interface    Master    IPv4 address/mask    Admin/Oper    BGP Neighbor    Neighbor IP
-----------  --------  -------------------  ------------  --------------  -------------
Ethernet0    VrfA      192.168.10.1/24      up/up         N/A             N/A
Ethernet40   Vrf40     100.0.16.1/24        up/down       N/A             N/A
Ethernet48   Vrf48     100.0.17.2/24        up/down       N/A             N/A
Ethernet56   Vrf56     100.0.17.1/24        up/down       N/A             N/A
Ethernet64   Vrf64     100.0.18.2/24        up/down       N/A             N/A
Ethernet72   Vrf72     100.0.18.1/24        up/down       N/A             N/A
Ethernet80   Vrf80     100.0.19.2/24        up/down       N/A             N/A
Ethernet88   Vrf88     100.0.19.1/24        up/down       N/A             N/A
Ethernet96   Vrf96     100.0.20.2/24        up/down       N/A             N/A
Ethernet104  Vrf104    100.0.20.1/24        up/down       N/A             N/A
Ethernet112  Vrf112    100.0.21.2/24        up/down       N/A             N/A
Ethernet120  Vrf120    100.0.21.1/24        up/down       N/A             N/A
Ethernet128  Vrf128    100.0.22.2/24        up/down       N/A             N/A
Ethernet136  Vrf136    100.0.22.1/24        up/down       N/A             N/A
Ethernet144  Vrf144    100.0.23.2/24        up/down       N/A             N/A
Ethernet152  Vrf152    100.0.23.1/24        up/down       N/A             N/A
Ethernet160  Vrf160    100.0.24.2/24        up/down       N/A             N/A
Ethernet168  Vrf168    100.0.24.1/24        up/down       N/A             N/A
Ethernet176  Vrf176    100.0.25.2/24        up/down       N/A             N/A
Ethernet184  Vrf184    100.0.25.1/24        up/down       N/A             N/A
Ethernet192  Vrf192    100.0.26.2/24        up/down       N/A             N/A
Ethernet200  Vrf200    100.0.26.1/24        up/down       N/A             N/A
Ethernet208  Vrf208    100.0.27.2/24        up/down       N/A             N/A
Ethernet216  Vrf216    100.0.27.1/24        up/down       N/A             N/A
Ethernet224  Vrf224    100.0.28.2/24        up/down       N/A             N/A
Ethernet232  Vrf232    100.0.28.1/24        up/down       N/A             N/A
Ethernet240  Vrf240    100.0.80.1/24        up/down       N/A             N/A
Ethernet248  Vrf248    100.0.70.1/24        up/down       N/A             N/A
docker0                240.127.1.1/24       up/down       N/A             N/A
eth0                   109.105.92.102/19    up/up         N/A             N/A
lo                     127.0.0.1/16         up/up         N/A             N/A
admin@sonic:~$ show int Ethernet8 status
Usage: show int [OPTIONS] COMMAND [ARGS]...
Try "show int -h" for help.

Error: No such command "Ethernet8".
admin@sonic:~$ show int -h
Usage: show int [OPTIONS] COMMAND [ARGS]...

  Show details of the network interfaces

Options:
  -?, -h, --help  Show this message and exit.

Commands:
  alias          Show Interface Name/Alias Mapping
  autoneg        Show interface autoneg information
  breakout       Show Breakout Mode information by interfaces
  counters       Show interface counters
  description    Show interface status, protocol and description
  link-training  Show interface link-training information
  mpls           Show Interface MPLS status
  naming_mode    Show interface naming_mode status
  neighbor       Show neighbor related information
  portchannel    Show PortChannel information
  status         Show Interface status information
  tpid           Show Interface tpid information
  transceiver    Show SFP Transceiver information
admin@sonic:~$ show int status Ethernet8
  Interface                                    Lanes    Speed    MTU    FEC    Alias    Vlan    Oper    Admin                                             Type    Asym PFC
-----------  ---------------------------------------  -------  -----  -----  -------  ------  ------  -------  -----------------------------------------------  ----------
  Ethernet8  2320,2321,2322,2323,2324,2325,2326,2327     400G   9100    N/A     etp1  routed      up       up  QSFP-DD Double Density 8X Pluggable Transceiver         N/A
admin@sonic:~$ show int status Ethernet0
  Interface                                    Lanes    Speed    MTU    FEC    Alias    Vlan    Oper    Admin                                             Type    Asym PFC
-----------  ---------------------------------------  -------  -----  -----  -------  ------  ------  -------  -----------------------------------------------  ----------
  Ethernet0  2304,2305,2306,2307,2308,2309,2310,2311     400G   9100    N/A     etp0  routed      up       up  QSFP-DD Double Density 8X Pluggable Transceiver         N/A
admin@sonic:~$ show int status Ethernet16
  Interface                                    Lanes    Speed    MTU    FEC    Alias    Vlan    Oper    Admin                                             Type    Asym PFC
-----------  ---------------------------------------  -------  -----  -----  -------  ------  ------  -------  -----------------------------------------------  ----------
 Ethernet16  2312,2313,2314,2315,2316,2317,2318,2319     400G   9100    N/A     etp2  routed      up       up  QSFP-DD Double Density 8X Pluggable Transceiver         N/A
admin@sonic:~$ show int status Ethernet24
  Interface                                    Lanes    Speed    MTU    FEC    Alias    Vlan    Oper    Admin                                             Type    Asym PFC
-----------  ---------------------------------------  -------  -----  -----  -------  ------  ------  -------  -----------------------------------------------  ----------
 Ethernet24  2056,2057,2058,2059,2060,2061,2062,2063     400G   9100    N/A     etp3  routed      up       up  QSFP-DD Double Density 8X Pluggable Transceiver         N/A
admin@sonic:~$ show ip int
Interface    Master    IPv4 address/mask    Admin/Oper    BGP Neighbor    Neighbor IP
-----------  --------  -------------------  ------------  --------------  -------------
Ethernet0    VrfA      192.168.10.1/24      up/up         N/A             N/A
Ethernet40   Vrf40     100.0.16.1/24        up/down       N/A             N/A
Ethernet48   Vrf48     100.0.17.2/24        up/down       N/A             N/A
Ethernet56   Vrf56     100.0.17.1/24        up/down       N/A             N/A
Ethernet64   Vrf64     100.0.18.2/24        up/down       N/A             N/A
Ethernet72   Vrf72     100.0.18.1/24        up/down       N/A             N/A
Ethernet80   Vrf80     100.0.19.2/24        up/down       N/A             N/A
Ethernet88   Vrf88     100.0.19.1/24        up/down       N/A             N/A
Ethernet96   Vrf96     100.0.20.2/24        up/down       N/A             N/A
Ethernet104  Vrf104    100.0.20.1/24        up/down       N/A             N/A
Ethernet112  Vrf112    100.0.21.2/24        up/down       N/A             N/A
Ethernet120  Vrf120    100.0.21.1/24        up/down       N/A             N/A
Ethernet128  Vrf128    100.0.22.2/24        up/down       N/A             N/A
Ethernet136  Vrf136    100.0.22.1/24        up/down       N/A             N/A
Ethernet144  Vrf144    100.0.23.2/24        up/down       N/A             N/A
Ethernet152  Vrf152    100.0.23.1/24        up/down       N/A             N/A
Ethernet160  Vrf160    100.0.24.2/24        up/down       N/A             N/A
Ethernet168  Vrf168    100.0.24.1/24        up/down       N/A             N/A
Ethernet176  Vrf176    100.0.25.2/24        up/down       N/A             N/A
Ethernet184  Vrf184    100.0.25.1/24        up/down       N/A             N/A
Ethernet192  Vrf192    100.0.26.2/24        up/down       N/A             N/A
Ethernet200  Vrf200    100.0.26.1/24        up/down       N/A             N/A
Ethernet208  Vrf208    100.0.27.2/24        up/down       N/A             N/A
Ethernet216  Vrf216    100.0.27.1/24        up/down       N/A             N/A
Ethernet224  Vrf224    100.0.28.2/24        up/down       N/A             N/A
Ethernet232  Vrf232    100.0.28.1/24        up/down       N/A             N/A
Ethernet240  Vrf240    100.0.80.1/24        up/down       N/A             N/A
Ethernet248  Vrf248    100.0.70.1/24        up/down       N/A             N/A
docker0                240.127.1.1/24       up/down       N/A             N/A
eth0                   109.105.92.102/19    up/up         N/A             N/A
lo                     127.0.0.1/16         up/up         N/A             N/A
admin@sonic:~$ Connection to 109.105.92.102 closed by remote host.
Connection to 109.105.92.102 closed.
luxapps@luxapps6:~$ ssh admin@109.105.92.102
admin@109.105.92.102's password:
Linux sonic 5.10.0-23-2-amd64 #1 SMP Debian 5.10.179-3 (2023-07-27) x86_64
You are on
  ____   ___  _   _ _  ____
 / ___| / _ \| \ | (_)/ ___|
 \___ \| | | |  \| | | |
  ___) | |_| | |\  | | |___
 |____/ \___/|_| \_|_|\____|

-- Software for Open Networking in the Cloud --

Unauthorized access and/or use are prohibited.
All access and/or use are subject to monitoring.

Help:      https://sonic-net.github.io/SONiC/
Wiki:      https://microsoft.sharepoint.com/teams/WAG/AzureNetworking/Wiki/SONiC.aspx
On-Call:   https://portal.microsofticm.com/imp/v3/oncall/current?serviceId=10045&teamIds=26162
Dashboard: https://aka.ms/sonic-dri
Contact:   sonicdev@microsoft.com

Last login: Fri Oct 18 13:37:47 2024 from 109.105.92.60
admin@sonic:~$ show ip int
Interface    Master    IPv4 address/mask    Admin/Oper    BGP Neighbor    Neighbor IP
-----------  --------  -------------------  ------------  --------------  -------------
Ethernet0    VrfA      192.168.10.1/24      up/up         N/A             N/A
Ethernet8    VrfB      100.0.10.1/24        up/up         N/A             N/A
Ethernet16   VrfC      100.0.10.2/24        up/up         N/A             N/A
Ethernet24   VrfD      100.0.11.1/24        up/up         N/A             N/A
Ethernet40   Vrf40     100.0.16.1/24        up/down       N/A             N/A
Ethernet48   Vrf48     100.0.17.2/24        up/down       N/A             N/A
Ethernet56   Vrf56     100.0.17.1/24        up/down       N/A             N/A
Ethernet64   Vrf64     100.0.18.2/24        up/down       N/A             N/A
Ethernet72   Vrf72     100.0.18.1/24        up/down       N/A             N/A
Ethernet80   Vrf80     100.0.19.2/24        up/down       N/A             N/A
Ethernet88   Vrf88     100.0.19.1/24        up/down       N/A             N/A
Ethernet96   Vrf96     100.0.20.2/24        up/down       N/A             N/A
Ethernet104  Vrf104    100.0.20.1/24        up/down       N/A             N/A
Ethernet112  Vrf112    100.0.21.2/24        up/down       N/A             N/A
Ethernet120  Vrf120    100.0.21.1/24        up/down       N/A             N/A
Ethernet128  Vrf128    100.0.22.2/24        up/down       N/A             N/A
Ethernet136  Vrf136    100.0.22.1/24        up/down       N/A             N/A
Ethernet144  Vrf144    100.0.23.2/24        up/down       N/A             N/A
Ethernet152  Vrf152    100.0.23.1/24        up/down       N/A             N/A
Ethernet160  Vrf160    100.0.24.2/24        up/down       N/A             N/A
Ethernet168  Vrf168    100.0.24.1/24        up/down       N/A             N/A
Ethernet176  Vrf176    100.0.25.2/24        up/down       N/A             N/A
Ethernet184  Vrf184    100.0.25.1/24        up/down       N/A             N/A
Ethernet192  Vrf192    100.0.26.2/24        up/down       N/A             N/A
Ethernet200  Vrf200    100.0.26.1/24        up/down       N/A             N/A
Ethernet208  Vrf208    100.0.27.2/24        up/down       N/A             N/A
Ethernet216  Vrf216    100.0.27.1/24        up/down       N/A             N/A
Ethernet224  Vrf224    100.0.28.2/24        up/down       N/A             N/A
Ethernet232  Vrf232    100.0.28.1/24        up/down       N/A             N/A
Ethernet240  Vrf240    100.0.80.1/24        up/down       N/A             N/A
Ethernet248  Vrf248    100.0.70.1/24        up/down       N/A             N/A
docker0                240.127.1.1/24       up/down       N/A             N/A
eth0                   109.105.92.102/19    up/up         N/A             N/A
lo                     127.0.0.1/16         up/up         N/A             N/A
admin@sonic:~$ show int counter
      IFACE    STATE           RX_OK        RX_BPS    RX_UTIL    RX_ERR          RX_DRP    RX_OVR    TX_OK    TX_BPS    TX_UTIL    TX_ERR    TX_DRP    TX_OVR
-----------  -------  --------------  ------------  ---------  --------  --------------  --------  -------  --------  ---------  --------  --------  --------
  Ethernet0        U   7,875,275,266  3331.22 MB/s      6.66%       415   7,872,988,371         0   24,561  3.65 B/s      0.00%         0         1         0
  Ethernet8        U          22,014      1.66 B/s      0.00%         0               1         0   22,018  1.65 B/s      0.00%         0         0         0
 Ethernet16        U          22,018      1.65 B/s      0.00%         0               4         0   22,014  1.66 B/s      0.00%         0         0         0
 Ethernet24        U  68,480,466,002  4369.63 MB/s      8.74%        31  68,474,450,316         0   22,017  0.15 B/s      0.00%         0         3         0
 Ethernet32        D               0      0.00 B/s      0.00%         0               0         0        0  0.00 B/s      0.00%         0         0         0
 Ethernet40        D               0      0.00 B/s      0.00%         0               0         0        0  0.00 B/s      0.00%         0         0         0
 Ethernet48        D               0      0.00 B/s      0.00%         0               0         0        0  0.00 B/s      0.00%         0         0         0
 Ethernet56        D               0      0.00 B/s      0.00%         0               0         0        0  0.00 B/s      0.00%         0         0         0
 Ethernet64        D               0      0.00 B/s      0.00%         0               0         0        0  0.00 B/s      0.00%         0         0         0
 Ethernet72        D               0      0.00 B/s      0.00%         0               0         0        0  0.00 B/s      0.00%         0         0         0
 Ethernet80        D               0      0.00 B/s      0.00%         0               0         0        0  0.00 B/s      0.00%         0         0         0
 Ethernet88        D               0      0.00 B/s      0.00%         0               0         0        0  0.00 B/s      0.00%         0         0         0
 Ethernet96        D               0      0.00 B/s      0.00%         0               0         0        0  0.00 B/s      0.00%         0         0         0
Ethernet104        D               0      0.00 B/s      0.00%         0               0         0        0  0.00 B/s      0.00%         0         0         0
Ethernet112        D               0      0.00 B/s      0.00%         0               0         0        0  0.00 B/s      0.00%         0         0         0
Ethernet120        D               0      0.00 B/s      0.00%         0               0         0        0  0.00 B/s      0.00%         0         0         0
Ethernet128        D               0      0.00 B/s      0.00%         0               0         0        0  0.00 B/s      0.00%         0         0         0
Ethernet136        D               0      0.00 B/s      0.00%         0               0         0        0  0.00 B/s      0.00%         0         0         0
Ethernet144        D               0      0.00 B/s      0.00%         0               0         0        0  0.00 B/s      0.00%         0         0         0
Ethernet152        D               0      0.00 B/s      0.00%         0               0         0        0  0.00 B/s      0.00%         0         0         0
Ethernet160        D               0      0.00 B/s      0.00%         0               0         0        0  0.00 B/s      0.00%         0         0         0
Ethernet168        D               0      0.00 B/s      0.00%         0               0         0        0  0.00 B/s      0.00%         0         0         0
Ethernet176        D               0      0.00 B/s      0.00%         0               0         0        0  0.00 B/s      0.00%         0         0         0
Ethernet184        D               0      0.00 B/s      0.00%         0               0         0        0  0.00 B/s      0.00%         0         0         0
Ethernet192        D               0      0.00 B/s      0.00%         0               0         0        0  0.00 B/s      0.00%         0         0         0
Ethernet200        D               0      0.00 B/s      0.00%         0               0         0        0  0.00 B/s      0.00%         0         0         0
Ethernet208        D               0      0.00 B/s      0.00%         0               0         0        0  0.00 B/s      0.00%         0         0         0
Ethernet216        D               0      0.00 B/s      0.00%         0               0         0        0  0.00 B/s      0.00%         0         0         0
Ethernet224        D               0      0.00 B/s      0.00%         0               0         0        0  0.00 B/s      0.00%         0         0         0
Ethernet232        D               0      0.00 B/s      0.00%         0               0         0        0  0.00 B/s      0.00%         0         0         0
Ethernet240        D               0      0.00 B/s      0.00%         0               0         0        0  0.00 B/s      0.00%         0         0         0
Ethernet248        D               0      0.00 B/s      0.00%         0               0         0        0  0.00 B/s      0.00%         0         0         0
admin@sonic:~$ show int counter
      IFACE    STATE           RX_OK        RX_BPS    RX_UTIL    RX_ERR          RX_DRP    RX_OVR    TX_OK     TX_BPS    TX_UTIL    TX_ERR    TX_DRP    TX_OVR
-----------  -------  --------------  ------------  ---------  --------  --------------  --------  -------  ---------  ---------  --------  --------  --------
  Ethernet0        U  20,561,263,218  4063.70 MB/s      8.13%       415  20,557,077,547         0   24,568   2.01 B/s      0.00%         0         1         0
  Ethernet8        U          22,021      0.75 B/s      0.00%         0               1         0   22,025   0.75 B/s      0.00%         0         0         0
 Ethernet16        U          22,025      0.75 B/s      0.00%         0               4         0   22,021   0.75 B/s      0.00%         0         0         0
 Ethernet24        U  69,189,223,868  3913.69 MB/s      7.83%        31  69,189,064,177         0   22,025  32.56 B/s      0.00%         0         3         0
 Ethernet32        D               0      0.00 B/s      0.00%         0               0         0        0   0.00 B/s      0.00%         0         0         0
 Ethernet40        D               0      0.00 B/s      0.00%         0               0         0        0   0.00 B/s      0.00%         0         0         0
 Ethernet48        D               0      0.00 B/s      0.00%         0               0         0        0   0.00 B/s      0.00%         0         0         0
 Ethernet56        D               0      0.00 B/s      0.00%         0               0         0        0   0.00 B/s      0.00%         0         0         0
 Ethernet64        D               0      0.00 B/s      0.00%         0               0         0        0   0.00 B/s      0.00%         0         0         0
 Ethernet72        D               0      0.00 B/s      0.00%         0               0         0        0   0.00 B/s      0.00%         0         0         0
 Ethernet80        D               0      0.00 B/s      0.00%         0               0         0        0   0.00 B/s      0.00%         0         0         0
 Ethernet88        D               0      0.00 B/s      0.00%         0               0         0        0   0.00 B/s      0.00%         0         0         0
 Ethernet96        D               0      0.00 B/s      0.00%         0               0         0        0   0.00 B/s      0.00%         0         0         0
Ethernet104        D               0      0.00 B/s      0.00%         0               0         0        0   0.00 B/s      0.00%         0         0         0
Ethernet112        D               0      0.00 B/s      0.00%         0               0         0        0   0.00 B/s      0.00%         0         0         0
Ethernet120        D               0      0.00 B/s      0.00%         0               0         0        0   0.00 B/s      0.00%         0         0         0
Ethernet128        D               0      0.00 B/s      0.00%         0               0         0        0   0.00 B/s      0.00%         0         0         0
Ethernet136        D               0      0.00 B/s      0.00%         0               0         0        0   0.00 B/s      0.00%         0         0         0
Ethernet144        D               0      0.00 B/s      0.00%         0               0         0        0   0.00 B/s      0.00%         0         0         0
Ethernet152        D               0      0.00 B/s      0.00%         0               0         0        0   0.00 B/s      0.00%         0         0         0
Ethernet160        D               0      0.00 B/s      0.00%         0               0         0        0   0.00 B/s      0.00%         0         0         0
Ethernet168        D               0      0.00 B/s      0.00%         0               0         0        0   0.00 B/s      0.00%         0         0         0
Ethernet176        D               0      0.00 B/s      0.00%         0               0         0        0   0.00 B/s      0.00%         0         0         0
Ethernet184        D               0      0.00 B/s      0.00%         0               0         0        0   0.00 B/s      0.00%         0         0         0
Ethernet192        D               0      0.00 B/s      0.00%         0               0         0        0   0.00 B/s      0.00%         0         0         0
Ethernet200        D               0      0.00 B/s      0.00%         0               0         0        0   0.00 B/s      0.00%         0         0         0
Ethernet208        D               0      0.00 B/s      0.00%         0               0         0        0   0.00 B/s      0.00%         0         0         0
Ethernet216        D               0      0.00 B/s      0.00%         0               0         0        0   0.00 B/s      0.00%         0         0         0
Ethernet224        D               0      0.00 B/s      0.00%         0               0         0        0   0.00 B/s      0.00%         0         0         0
Ethernet232        D               0      0.00 B/s      0.00%         0               0         0        0   0.00 B/s      0.00%         0         0         0
Ethernet240        D               0      0.00 B/s      0.00%         0               0         0        0   0.00 B/s      0.00%         0         0         0
Ethernet248        D               0      0.00 B/s      0.00%         0               0         0        0   0.00 B/s      0.00%         0         0         0
admin@sonic:~$ show int counter
      IFACE    STATE           RX_OK        RX_BPS    RX_UTIL    RX_ERR          RX_DRP    RX_OVR    TX_OK     TX_BPS    TX_UTIL    TX_ERR    TX_DRP    TX_OVR
-----------  -------  --------------  ------------  ---------  --------  --------------  --------  -------  ---------  ---------  --------  --------  --------
  Ethernet0        U  22,916,645,633  3661.59 MB/s      7.32%       415  22,913,993,510         0   24,569   0.23 B/s      0.00%         0         1         0
  Ethernet8        U          22,023     26.70 B/s      0.00%         0               1         0   22,027  26.58 B/s      0.00%         0         0         0
 Ethernet16        U          22,027     26.58 B/s      0.00%         0               4         0   22,023  26.70 B/s      0.00%         0         0         0
 Ethernet24        U  69,396,296,009  3533.35 MB/s      7.07%        31  69,390,118,830         0   22,026   3.01 B/s      0.00%         0         3         0
 Ethernet32        D               0      0.00 B/s      0.00%         0               0         0        0   0.00 B/s      0.00%         0         0         0
 Ethernet40        D               0      0.00 B/s      0.00%         0               0         0        0   0.00 B/s      0.00%         0         0         0
 Ethernet48        D               0      0.00 B/s      0.00%         0               0         0        0   0.00 B/s      0.00%         0         0         0
 Ethernet56        D               0      0.00 B/s      0.00%         0               0         0        0   0.00 B/s      0.00%         0         0         0
 Ethernet64        D               0      0.00 B/s      0.00%         0               0         0        0   0.00 B/s      0.00%         0         0         0
 Ethernet72        D               0      0.00 B/s      0.00%         0               0         0        0   0.00 B/s      0.00%         0         0         0
 Ethernet80        D               0      0.00 B/s      0.00%         0               0         0        0   0.00 B/s      0.00%         0         0         0
 Ethernet88        D               0      0.00 B/s      0.00%         0               0         0        0   0.00 B/s      0.00%         0         0         0
 Ethernet96        D               0      0.00 B/s      0.00%         0               0         0        0   0.00 B/s      0.00%         0         0         0
Ethernet104        D               0      0.00 B/s      0.00%         0               0         0        0   0.00 B/s      0.00%         0         0         0
Ethernet112        D               0      0.00 B/s      0.00%         0               0         0        0   0.00 B/s      0.00%         0         0         0
Ethernet120        D               0      0.00 B/s      0.00%         0               0         0        0   0.00 B/s      0.00%         0         0         0
Ethernet128        D               0      0.00 B/s      0.00%         0               0         0        0   0.00 B/s      0.00%         0         0         0
Ethernet136        D               0      0.00 B/s      0.00%         0               0         0        0   0.00 B/s      0.00%         0         0         0
Ethernet144        D               0      0.00 B/s      0.00%         0               0         0        0   0.00 B/s      0.00%         0         0         0
Ethernet152        D               0      0.00 B/s      0.00%         0               0         0        0   0.00 B/s      0.00%         0         0         0
Ethernet160        D               0      0.00 B/s      0.00%         0               0         0        0   0.00 B/s      0.00%         0         0         0
Ethernet168        D               0      0.00 B/s      0.00%         0               0         0        0   0.00 B/s      0.00%         0         0         0
Ethernet176        D               0      0.00 B/s      0.00%         0               0         0        0   0.00 B/s      0.00%         0         0         0
Ethernet184        D               0      0.00 B/s      0.00%         0               0         0        0   0.00 B/s      0.00%         0         0         0
Ethernet192        D               0      0.00 B/s      0.00%         0               0         0        0   0.00 B/s      0.00%         0         0         0
Ethernet200        D               0      0.00 B/s      0.00%         0               0         0        0   0.00 B/s      0.00%         0         0         0
Ethernet208        D               0      0.00 B/s      0.00%         0               0         0        0   0.00 B/s      0.00%         0         0         0
Ethernet216        D               0      0.00 B/s      0.00%         0               0         0        0   0.00 B/s      0.00%         0         0         0
Ethernet224        D               0      0.00 B/s      0.00%         0               0         0        0   0.00 B/s      0.00%         0         0         0
Ethernet232        D               0      0.00 B/s      0.00%         0               0         0        0   0.00 B/s      0.00%         0         0         0
Ethernet240        D               0      0.00 B/s      0.00%         0               0         0        0   0.00 B/s      0.00%         0         0         0
Ethernet248        D               0      0.00 B/s      0.00%         0               0         0        0   0.00 B/s      0.00%         0         0         0
admin@sonic:~$
admin@sonic:~$
admin@sonic:~$ show ip route vrf VrfA
:
Codes: K - kernel route, C - connected, S - static, R - RIP,
       O - OSPF, I - IS-IS, B - BGP, E - EIGRP, N - NHRP,
       T - Table, v - VNC, V - VNC-Direct, A - Babel, F - PBR,
       f - OpenFabric,
       > - selected route, * - FIB route, q - queued, r - rejected, b - backup
       t - trapped, o - offload failure

VRF VrfA:
C>* 192.168.10.0/24 is directly connected, Ethernet0, 01:57:45
S>* 192.168.20.201/32 [1/0] via 100.0.10.2, Ethernet8 (vrf VrfB), weight 1, 00:21:05

admin@sonic:~$ ping 192.168.20.201 vrf VrfA
ping: VrfA: Temporary failure in name resolution
admin@sonic:~$ ping 192.168.20.201 VrfA
ping: VrfA: Temporary failure in name resolution
admin@sonic:~$ sgiw aro
-bash: sgiw: command not found
admin@sonic:~$ show arp
Address        MacAddress         Iface    Vlan
-------------  -----------------  -------  ------
109.105.92.58  50:eb:f6:51:5c:a3  eth0     -
109.105.92.60  58:11:22:00:07:30  eth0     -
Total number of entries 2
admin@sonic:~$ show int c rif
      IFACE    RX_OK    RX_BPS    RX_PPS    RX_ERR    TX_OK    TX_BPS    TX_PPS    TX_ERR
-----------  -------  --------  --------  --------  -------  --------  --------  --------
  Ethernet0        0  0.00 B/s    0.00/s         0        0  0.00 B/s    0.00/s         0
  Ethernet8        0  0.00 B/s    0.00/s         0        0  0.00 B/s    0.00/s         0
 Ethernet16        0  0.00 B/s    0.00/s         0        0  0.00 B/s    0.00/s         0
 Ethernet24        0  0.00 B/s    0.00/s         0        0  0.00 B/s    0.00/s         0
 Ethernet32        0  0.00 B/s    0.00/s         0        0  0.00 B/s    0.00/s         0
 Ethernet40        0  0.00 B/s    0.00/s         0        0  0.00 B/s    0.00/s         0
 Ethernet48        0  0.00 B/s    0.00/s         0        0  0.00 B/s    0.00/s         0
 Ethernet56        0  0.00 B/s    0.00/s         0        0  0.00 B/s    0.00/s         0
 Ethernet64        0  0.00 B/s    0.00/s         0        0  0.00 B/s    0.00/s         0
 Ethernet72        0  0.00 B/s    0.00/s         0        0  0.00 B/s    0.00/s         0
 Ethernet80        0  0.00 B/s    0.00/s         0        0  0.00 B/s    0.00/s         0
 Ethernet88        0  0.00 B/s    0.00/s         0        0  0.00 B/s    0.00/s         0
 Ethernet96        0  0.00 B/s    0.00/s         0        0  0.00 B/s    0.00/s         0
Ethernet104        0  0.00 B/s    0.00/s         0        0  0.00 B/s    0.00/s         0
Ethernet112        0  0.00 B/s    0.00/s         0        0  0.00 B/s    0.00/s         0
Ethernet120        0  0.00 B/s    0.00/s         0        0  0.00 B/s    0.00/s         0
Ethernet128        0  0.00 B/s    0.00/s         0        0  0.00 B/s    0.00/s         0
Ethernet136        0  0.00 B/s    0.00/s         0        0  0.00 B/s    0.00/s         0
Ethernet144        0  0.00 B/s    0.00/s         0        0  0.00 B/s    0.00/s         0
Ethernet152        0  0.00 B/s    0.00/s         0        0  0.00 B/s    0.00/s         0
Ethernet160        0  0.00 B/s    0.00/s         0        0  0.00 B/s    0.00/s         0
Ethernet168        0  0.00 B/s    0.00/s         0        0  0.00 B/s    0.00/s         0
Ethernet176        0  0.00 B/s    0.00/s         0        0  0.00 B/s    0.00/s         0
Ethernet184        0  0.00 B/s    0.00/s         0        0  0.00 B/s    0.00/s         0
Ethernet192        0  0.00 B/s    0.00/s         0        0  0.00 B/s    0.00/s         0
Ethernet200        0  0.00 B/s    0.00/s         0        0  0.00 B/s    0.00/s         0
Ethernet208        0  0.00 B/s    0.00/s         0        0  0.00 B/s    0.00/s         0
Ethernet216        0  0.00 B/s    0.00/s         0        0  0.00 B/s    0.00/s         0
Ethernet224        0  0.00 B/s    0.00/s         0        0  0.00 B/s    0.00/s         0
Ethernet232        0  0.00 B/s    0.00/s         0        0  0.00 B/s    0.00/s         0
Ethernet240        0  0.00 B/s    0.00/s         0        0  0.00 B/s    0.00/s         0
Ethernet248        0  0.00 B/s    0.00/s         0        0  0.00 B/s    0.00/s         0
admin@sonic:~$ show int c rif
      IFACE    RX_OK    RX_BPS    RX_PPS    RX_ERR    TX_OK    TX_BPS    TX_PPS    TX_ERR
-----------  -------  --------  --------  --------  -------  --------  --------  --------
  Ethernet0        0  0.00 B/s    0.00/s         0        0  0.00 B/s    0.00/s         0
  Ethernet8        0  0.00 B/s    0.00/s         0        0  0.00 B/s    0.00/s         0
 Ethernet16        0  0.00 B/s    0.00/s         0        0  0.00 B/s    0.00/s         0
 Ethernet24        0  0.00 B/s    0.00/s         0        0  0.00 B/s    0.00/s         0
 Ethernet32        0  0.00 B/s    0.00/s         0        0  0.00 B/s    0.00/s         0
 Ethernet40        0  0.00 B/s    0.00/s         0        0  0.00 B/s    0.00/s         0
 Ethernet48        0  0.00 B/s    0.00/s         0        0  0.00 B/s    0.00/s         0
 Ethernet56        0  0.00 B/s    0.00/s         0        0  0.00 B/s    0.00/s         0
 Ethernet64        0  0.00 B/s    0.00/s         0        0  0.00 B/s    0.00/s         0
 Ethernet72        0  0.00 B/s    0.00/s         0        0  0.00 B/s    0.00/s         0
 Ethernet80        0  0.00 B/s    0.00/s         0        0  0.00 B/s    0.00/s         0
 Ethernet88        0  0.00 B/s    0.00/s         0        0  0.00 B/s    0.00/s         0
 Ethernet96        0  0.00 B/s    0.00/s         0        0  0.00 B/s    0.00/s         0
Ethernet104        0  0.00 B/s    0.00/s         0        0  0.00 B/s    0.00/s         0
Ethernet112        0  0.00 B/s    0.00/s         0        0  0.00 B/s    0.00/s         0
Ethernet120        0  0.00 B/s    0.00/s         0        0  0.00 B/s    0.00/s         0
Ethernet128        0  0.00 B/s    0.00/s         0        0  0.00 B/s    0.00/s         0
Ethernet136        0  0.00 B/s    0.00/s         0        0  0.00 B/s    0.00/s         0
Ethernet144        0  0.00 B/s    0.00/s         0        0  0.00 B/s    0.00/s         0
Ethernet152        0  0.00 B/s    0.00/s         0        0  0.00 B/s    0.00/s         0
Ethernet160        0  0.00 B/s    0.00/s         0        0  0.00 B/s    0.00/s         0
Ethernet168        0  0.00 B/s    0.00/s         0        0  0.00 B/s    0.00/s         0
Ethernet176        0  0.00 B/s    0.00/s         0        0  0.00 B/s    0.00/s         0
Ethernet184        0  0.00 B/s    0.00/s         0        0  0.00 B/s    0.00/s         0
Ethernet192        0  0.00 B/s    0.00/s         0        0  0.00 B/s    0.00/s         0
Ethernet200        0  0.00 B/s    0.00/s         0        0  0.00 B/s    0.00/s         0
Ethernet208        0  0.00 B/s    0.00/s         0        0  0.00 B/s    0.00/s         0
Ethernet216        0  0.00 B/s    0.00/s         0        0  0.00 B/s    0.00/s         0
Ethernet224        0  0.00 B/s    0.00/s         0        0  0.00 B/s    0.00/s         0
Ethernet232        0  0.00 B/s    0.00/s         0        0  0.00 B/s    0.00/s         0
Ethernet240        0  0.00 B/s    0.00/s         0        0  0.00 B/s    0.00/s         0
Ethernet248        0  0.00 B/s    0.00/s         0        0  0.00 B/s    0.00/s         0
admin@sonic:~$ show int c rif
      IFACE    RX_OK    RX_BPS    RX_PPS    RX_ERR    TX_OK    TX_BPS    TX_PPS    TX_ERR
-----------  -------  --------  --------  --------  -------  --------  --------  --------
  Ethernet0        0  0.00 B/s    0.00/s         0        0  0.00 B/s    0.00/s         0
  Ethernet8        0  0.00 B/s    0.00/s         0        0  0.00 B/s    0.00/s         0
 Ethernet16        0  0.00 B/s    0.00/s         0        0  0.00 B/s    0.00/s         0
 Ethernet24        0  0.00 B/s    0.00/s         0        0  0.00 B/s    0.00/s         0
 Ethernet32        0  0.00 B/s    0.00/s         0        0  0.00 B/s    0.00/s         0
 Ethernet40        0  0.00 B/s    0.00/s         0        0  0.00 B/s    0.00/s         0
 Ethernet48        0  0.00 B/s    0.00/s         0        0  0.00 B/s    0.00/s         0
 Ethernet56        0  0.00 B/s    0.00/s         0        0  0.00 B/s    0.00/s         0
 Ethernet64        0  0.00 B/s    0.00/s         0        0  0.00 B/s    0.00/s         0
 Ethernet72        0  0.00 B/s    0.00/s         0        0  0.00 B/s    0.00/s         0
 Ethernet80        0  0.00 B/s    0.00/s         0        0  0.00 B/s    0.00/s         0
 Ethernet88        0  0.00 B/s    0.00/s         0        0  0.00 B/s    0.00/s         0
 Ethernet96        0  0.00 B/s    0.00/s         0        0  0.00 B/s    0.00/s         0
Ethernet104        0  0.00 B/s    0.00/s         0        0  0.00 B/s    0.00/s         0
Ethernet112        0  0.00 B/s    0.00/s         0        0  0.00 B/s    0.00/s         0
Ethernet120        0  0.00 B/s    0.00/s         0        0  0.00 B/s    0.00/s         0
Ethernet128        0  0.00 B/s    0.00/s         0        0  0.00 B/s    0.00/s         0
Ethernet136        0  0.00 B/s    0.00/s         0        0  0.00 B/s    0.00/s         0
Ethernet144        0  0.00 B/s    0.00/s         0        0  0.00 B/s    0.00/s         0
Ethernet152        0  0.00 B/s    0.00/s         0        0  0.00 B/s    0.00/s         0
Ethernet160        0  0.00 B/s    0.00/s         0        0  0.00 B/s    0.00/s         0
Ethernet168        0  0.00 B/s    0.00/s         0        0  0.00 B/s    0.00/s         0
Ethernet176        0  0.00 B/s    0.00/s         0        0  0.00 B/s    0.00/s         0
Ethernet184        0  0.00 B/s    0.00/s         0        0  0.00 B/s    0.00/s         0
Ethernet192        0  0.00 B/s    0.00/s         0        0  0.00 B/s    0.00/s         0
Ethernet200        0  0.00 B/s    0.00/s         0        0  0.00 B/s    0.00/s         0
Ethernet208        0  0.00 B/s    0.00/s         0        0  0.00 B/s    0.00/s         0
Ethernet216        0  0.00 B/s    0.00/s         0        0  0.00 B/s    0.00/s         0
Ethernet224        0  0.00 B/s    0.00/s         0        0  0.00 B/s    0.00/s         0
Ethernet232        0  0.00 B/s    0.00/s         0        0  0.00 B/s    0.00/s         0
Ethernet240        0  0.00 B/s    0.00/s         0        0  0.00 B/s    0.00/s         0
Ethernet248        0  0.00 B/s    0.00/s         0        0  0.00 B/s    0.00/s         0
admin@sonic:~$ show int counters
      IFACE    STATE           RX_OK        RX_BPS    RX_UTIL    RX_ERR          RX_DRP    RX_OVR    TX_OK     TX_BPS    TX_UTIL    TX_ERR    TX_DRP    TX_OVR
-----------  -------  --------------  ------------  ---------  --------  --------------  --------  -------  ---------  ---------  --------  --------  --------
  Ethernet0        U  32,414,365,028  3707.40 MB/s      7.41%       415  32,412,336,379         0   24,584   0.91 B/s      0.00%         0         1         0
  Ethernet8        U          22,037      0.28 B/s      0.00%         0               1         0   22,041   0.28 B/s      0.00%         0         0         0
 Ethernet16        U          22,041      0.28 B/s      0.00%         0               4         0   22,037   0.28 B/s      0.00%         0         0         0
 Ethernet24        U  70,310,232,380      0.00 B/s      0.00%        31  70,310,210,790         0   22,041  12.07 B/s      0.00%         0         3         0
 Ethernet32        D               0      0.00 B/s      0.00%         0               0         0        0   0.00 B/s      0.00%         0         0         0
 Ethernet40        D               0      0.00 B/s      0.00%         0               0         0        0   0.00 B/s      0.00%         0         0         0
 Ethernet48        D               0      0.00 B/s      0.00%         0               0         0        0   0.00 B/s      0.00%         0         0         0
 Ethernet56        D               0      0.00 B/s      0.00%         0               0         0        0   0.00 B/s      0.00%         0         0         0
 Ethernet64        D               0      0.00 B/s      0.00%         0               0         0        0   0.00 B/s      0.00%         0         0         0
 Ethernet72        D               0      0.00 B/s      0.00%         0               0         0        0   0.00 B/s      0.00%         0         0         0
 Ethernet80        D               0      0.00 B/s      0.00%         0               0         0        0   0.00 B/s      0.00%         0         0         0
 Ethernet88        D               0      0.00 B/s      0.00%         0               0         0        0   0.00 B/s      0.00%         0         0         0
 Ethernet96        D               0      0.00 B/s      0.00%         0               0         0        0   0.00 B/s      0.00%         0         0         0
Ethernet104        D               0      0.00 B/s      0.00%         0               0         0        0   0.00 B/s      0.00%         0         0         0
Ethernet112        D               0      0.00 B/s      0.00%         0               0         0        0   0.00 B/s      0.00%         0         0         0
Ethernet120        D               0      0.00 B/s      0.00%         0               0         0        0   0.00 B/s      0.00%         0         0         0
Ethernet128        D               0      0.00 B/s      0.00%         0               0         0        0   0.00 B/s      0.00%         0         0         0
Ethernet136        D               0      0.00 B/s      0.00%         0               0         0        0   0.00 B/s      0.00%         0         0         0
Ethernet144        D               0      0.00 B/s      0.00%         0               0         0        0   0.00 B/s      0.00%         0         0         0
Ethernet152        D               0      0.00 B/s      0.00%         0               0         0        0   0.00 B/s      0.00%         0         0         0
Ethernet160        D               0      0.00 B/s      0.00%         0               0         0        0   0.00 B/s      0.00%         0         0         0
Ethernet168        D               0      0.00 B/s      0.00%         0               0         0        0   0.00 B/s      0.00%         0         0         0
Ethernet176        D               0      0.00 B/s      0.00%         0               0         0        0   0.00 B/s      0.00%         0         0         0
Ethernet184        D               0      0.00 B/s      0.00%         0               0         0        0   0.00 B/s      0.00%         0         0         0
Ethernet192        D               0      0.00 B/s      0.00%         0               0         0        0   0.00 B/s      0.00%         0         0         0
Ethernet200        D               0      0.00 B/s      0.00%         0               0         0        0   0.00 B/s      0.00%         0         0         0
Ethernet208        D               0      0.00 B/s      0.00%         0               0         0        0   0.00 B/s      0.00%         0         0         0
Ethernet216        D               0      0.00 B/s      0.00%         0               0         0        0   0.00 B/s      0.00%         0         0         0
Ethernet224        D               0      0.00 B/s      0.00%         0               0         0        0   0.00 B/s      0.00%         0         0         0
Ethernet232        D               0      0.00 B/s      0.00%         0               0         0        0   0.00 B/s      0.00%         0         0         0
Ethernet240        D               0      0.00 B/s      0.00%         0               0         0        0   0.00 B/s      0.00%         0         0         0
Ethernet248        D               0      0.00 B/s      0.00%         0               0         0        0   0.00 B/s      0.00%         0         0         0
admin@sonic:~$ show int c rif
      IFACE    RX_OK    RX_BPS    RX_PPS    RX_ERR    TX_OK    TX_BPS    TX_PPS    TX_ERR
-----------  -------  --------  --------  --------  -------  --------  --------  --------
  Ethernet0        0  0.00 B/s    0.00/s         0        0  0.00 B/s    0.00/s         0
  Ethernet8        0  0.00 B/s    0.00/s         0        0  0.00 B/s    0.00/s         0
 Ethernet16        0  0.00 B/s    0.00/s         0        0  0.00 B/s    0.00/s         0
 Ethernet24        0  0.00 B/s    0.00/s         0        0  0.00 B/s    0.00/s         0
 Ethernet32        0  0.00 B/s    0.00/s         0        0  0.00 B/s    0.00/s         0
 Ethernet40        0  0.00 B/s    0.00/s         0        0  0.00 B/s    0.00/s         0
 Ethernet48        0  0.00 B/s    0.00/s         0        0  0.00 B/s    0.00/s         0
 Ethernet56        0  0.00 B/s    0.00/s         0        0  0.00 B/s    0.00/s         0
 Ethernet64        0  0.00 B/s    0.00/s         0        0  0.00 B/s    0.00/s         0
 Ethernet72        0  0.00 B/s    0.00/s         0        0  0.00 B/s    0.00/s         0
 Ethernet80        0  0.00 B/s    0.00/s         0        0  0.00 B/s    0.00/s         0
 Ethernet88        0  0.00 B/s    0.00/s         0        0  0.00 B/s    0.00/s         0
 Ethernet96        0  0.00 B/s    0.00/s         0        0  0.00 B/s    0.00/s         0
Ethernet104        0  0.00 B/s    0.00/s         0        0  0.00 B/s    0.00/s         0
Ethernet112        0  0.00 B/s    0.00/s         0        0  0.00 B/s    0.00/s         0
Ethernet120        0  0.00 B/s    0.00/s         0        0  0.00 B/s    0.00/s         0
Ethernet128        0  0.00 B/s    0.00/s         0        0  0.00 B/s    0.00/s         0
Ethernet136        0  0.00 B/s    0.00/s         0        0  0.00 B/s    0.00/s         0
Ethernet144        0  0.00 B/s    0.00/s         0        0  0.00 B/s    0.00/s         0
Ethernet152        0  0.00 B/s    0.00/s         0        0  0.00 B/s    0.00/s         0
Ethernet160        0  0.00 B/s    0.00/s         0        0  0.00 B/s    0.00/s         0
Ethernet168        0  0.00 B/s    0.00/s         0        0  0.00 B/s    0.00/s         0
Ethernet176        0  0.00 B/s    0.00/s         0        0  0.00 B/s    0.00/s         0
Ethernet184        0  0.00 B/s    0.00/s         0        0  0.00 B/s    0.00/s         0
Ethernet192        0  0.00 B/s    0.00/s         0        0  0.00 B/s    0.00/s         0
Ethernet200        0  0.00 B/s    0.00/s         0        0  0.00 B/s    0.00/s         0
Ethernet208        0  0.00 B/s    0.00/s         0        0  0.00 B/s    0.00/s         0
Ethernet216        0  0.00 B/s    0.00/s         0        0  0.00 B/s    0.00/s         0
Ethernet224        0  0.00 B/s    0.00/s         0        0  0.00 B/s    0.00/s         0
Ethernet232        0  0.00 B/s    0.00/s         0        0  0.00 B/s    0.00/s         0
Ethernet240        0  0.00 B/s    0.00/s         0        0  0.00 B/s    0.00/s         0
Ethernet248        0  0.00 B/s    0.00/s         0        0  0.00 B/s    0.00/s         0
admin@sonic:~$ show int c -h
Usage: show int c [OPTIONS] COMMAND [ARGS]...

  Show interface counters

Options:
  -a, --printall
  -p, --period TEXT
  -i, --interface TEXT
  -d, --display [all]   Show internal interfaces  [default: all]
  -n, --namespace []    Namespace name or all
  --verbose             Enable verbose output
  -h, -?, --help        Show this message and exit.

Commands:
  detailed   Show interface counters detailed
  errors     Show interface counters errors
  fec-stats  Show interface counters fec-stats
  rates      Show interface counters rates
  rif        Show interface counters
admin@sonic:~$ show int c
      IFACE    STATE           RX_OK        RX_BPS    RX_UTIL    RX_ERR          RX_DRP    RX_OVR    TX_OK     TX_BPS    TX_UTIL    TX_ERR    TX_DRP    TX_OVR
-----------  -------  --------------  ------------  ---------  --------  --------------  --------  -------  ---------  ---------  --------  --------  --------
  Ethernet0        U  34,023,884,921  4029.71 MB/s      8.06%       415  34,023,633,464         0   24,585   1.35 B/s      0.00%         0         1         0
  Ethernet8        U          22,038      0.50 B/s      0.00%         0               1         0   22,042   0.50 B/s      0.00%         0         0         0
 Ethernet16        U          22,042      0.50 B/s      0.00%         0               4         0   22,038   0.50 B/s      0.00%         0         0         0
 Ethernet24        U  70,310,232,380      0.00 B/s      0.00%        31  70,310,210,790         0   22,042  21.89 B/s      0.00%         0         3         0
 Ethernet32        D               0      0.00 B/s      0.00%         0               0         0        0   0.00 B/s      0.00%         0         0         0
 Ethernet40        D               0      0.00 B/s      0.00%         0               0         0        0   0.00 B/s      0.00%         0         0         0
 Ethernet48        D               0      0.00 B/s      0.00%         0               0         0        0   0.00 B/s      0.00%         0         0         0
 Ethernet56        D               0      0.00 B/s      0.00%         0               0         0        0   0.00 B/s      0.00%         0         0         0
 Ethernet64        D               0      0.00 B/s      0.00%         0               0         0        0   0.00 B/s      0.00%         0         0         0
 Ethernet72        D               0      0.00 B/s      0.00%         0               0         0        0   0.00 B/s      0.00%         0         0         0
 Ethernet80        D               0      0.00 B/s      0.00%         0               0         0        0   0.00 B/s      0.00%         0         0         0
 Ethernet88        D               0      0.00 B/s      0.00%         0               0         0        0   0.00 B/s      0.00%         0         0         0
 Ethernet96        D               0      0.00 B/s      0.00%         0               0         0        0   0.00 B/s      0.00%         0         0         0
Ethernet104        D               0      0.00 B/s      0.00%         0               0         0        0   0.00 B/s      0.00%         0         0         0
Ethernet112        D               0      0.00 B/s      0.00%         0               0         0        0   0.00 B/s      0.00%         0         0         0
Ethernet120        D               0      0.00 B/s      0.00%         0               0         0        0   0.00 B/s      0.00%         0         0         0
Ethernet128        D               0      0.00 B/s      0.00%         0               0         0        0   0.00 B/s      0.00%         0         0         0
Ethernet136        D               0      0.00 B/s      0.00%         0               0         0        0   0.00 B/s      0.00%         0         0         0
Ethernet144        D               0      0.00 B/s      0.00%         0               0         0        0   0.00 B/s      0.00%         0         0         0
Ethernet152        D               0      0.00 B/s      0.00%         0               0         0        0   0.00 B/s      0.00%         0         0         0
Ethernet160        D               0      0.00 B/s      0.00%         0               0         0        0   0.00 B/s      0.00%         0         0         0
Ethernet168        D               0      0.00 B/s      0.00%         0               0         0        0   0.00 B/s      0.00%         0         0         0
Ethernet176        D               0      0.00 B/s      0.00%         0               0         0        0   0.00 B/s      0.00%         0         0         0
Ethernet184        D               0      0.00 B/s      0.00%         0               0         0        0   0.00 B/s      0.00%         0         0         0
Ethernet192        D               0      0.00 B/s      0.00%         0               0         0        0   0.00 B/s      0.00%         0         0         0
Ethernet200        D               0      0.00 B/s      0.00%         0               0         0        0   0.00 B/s      0.00%         0         0         0
Ethernet208        D               0      0.00 B/s      0.00%         0               0         0        0   0.00 B/s      0.00%         0         0         0
Ethernet216        D               0      0.00 B/s      0.00%         0               0         0        0   0.00 B/s      0.00%         0         0         0
Ethernet224        D               0      0.00 B/s      0.00%         0               0         0        0   0.00 B/s      0.00%         0         0         0
Ethernet232        D               0      0.00 B/s      0.00%         0               0         0        0   0.00 B/s      0.00%         0         0         0
Ethernet240        D               0      0.00 B/s      0.00%         0               0         0        0   0.00 B/s      0.00%         0         0         0
Ethernet248        D               0      0.00 B/s      0.00%         0               0         0        0   0.00 B/s      0.00%         0         0         0
admin@sonic:~$ show ip int
Interface    Master    IPv4 address/mask    Admin/Oper    BGP Neighbor    Neighbor IP
-----------  --------  -------------------  ------------  --------------  -------------
Ethernet0    VrfA      192.168.10.1/24      up/up         N/A             N/A
Ethernet8    VrfB      100.0.10.1/24        up/up         N/A             N/A
Ethernet16   VrfC      100.0.10.2/24        up/up         N/A             N/A
Ethernet24   VrfD      100.0.11.1/24        up/up         N/A             N/A
Ethernet40   Vrf40     100.0.16.1/24        up/down       N/A             N/A
Ethernet48   Vrf48     100.0.17.2/24        up/down       N/A             N/A
Ethernet56   Vrf56     100.0.17.1/24        up/down       N/A             N/A
Ethernet64   Vrf64     100.0.18.2/24        up/down       N/A             N/A
Ethernet72   Vrf72     100.0.18.1/24        up/down       N/A             N/A
Ethernet80   Vrf80     100.0.19.2/24        up/down       N/A             N/A
Ethernet88   Vrf88     100.0.19.1/24        up/down       N/A             N/A
Ethernet96   Vrf96     100.0.20.2/24        up/down       N/A             N/A
Ethernet104  Vrf104    100.0.20.1/24        up/down       N/A             N/A
Ethernet112  Vrf112    100.0.21.2/24        up/down       N/A             N/A
Ethernet120  Vrf120    100.0.21.1/24        up/down       N/A             N/A
Ethernet128  Vrf128    100.0.22.2/24        up/down       N/A             N/A
Ethernet136  Vrf136    100.0.22.1/24        up/down       N/A             N/A
Ethernet144  Vrf144    100.0.23.2/24        up/down       N/A             N/A
Ethernet152  Vrf152    100.0.23.1/24        up/down       N/A             N/A
Ethernet160  Vrf160    100.0.24.2/24        up/down       N/A             N/A
Ethernet168  Vrf168    100.0.24.1/24        up/down       N/A             N/A
Ethernet176  Vrf176    100.0.25.2/24        up/down       N/A             N/A
Ethernet184  Vrf184    100.0.25.1/24        up/down       N/A             N/A
Ethernet192  Vrf192    100.0.26.2/24        up/down       N/A             N/A
Ethernet200  Vrf200    100.0.26.1/24        up/down       N/A             N/A
Ethernet208  Vrf208    100.0.27.2/24        up/down       N/A             N/A
Ethernet216  Vrf216    100.0.27.1/24        up/down       N/A             N/A
Ethernet224  Vrf224    100.0.28.2/24        up/down       N/A             N/A
Ethernet232  Vrf232    100.0.28.1/24        up/down       N/A             N/A
Ethernet240  Vrf240    100.0.80.1/24        up/down       N/A             N/A
Ethernet248  Vrf248    100.0.70.1/24        up/down       N/A             N/A
docker0                240.127.1.1/24       up/down       N/A             N/A
eth0                   109.105.92.102/19    up/up         N/A             N/A
lo                     127.0.0.1/16         up/up         N/A             N/A
admin@sonic:~$ show ip route vrf VrfA
:
Codes: K - kernel route, C - connected, S - static, R - RIP,
       O - OSPF, I - IS-IS, B - BGP, E - EIGRP, N - NHRP,
       T - Table, v - VNC, V - VNC-Direct, A - Babel, F - PBR,
       f - OpenFabric,
       > - selected route, * - FIB route, q - queued, r - rejected, b - backup
       t - trapped, o - offload failure

VRF VrfA:
C>* 192.168.10.0/24 is directly connected, Ethernet0, 02:05:08
S>* 192.168.20.201/32 [1/0] via 100.0.10.2, Ethernet8 (vrf VrfB), weight 1, 00:28:28

admin@sonic:~$ show ip route vrf VrfB
:
Codes: K - kernel route, C - connected, S - static, R - RIP,
       O - OSPF, I - IS-IS, B - BGP, E - EIGRP, N - NHRP,
       T - Table, v - VNC, V - VNC-Direct, A - Babel, F - PBR,
       f - OpenFabric,
       > - selected route, * - FIB route, q - queued, r - rejected, b - backup
       t - trapped, o - offload failure

VRF VrfB:
C>* 100.0.10.0/24 is directly connected, Ethernet8, 00:37:47

admin@sonic:~$ show ip route vrf VrfC
:
Codes: K - kernel route, C - connected, S - static, R - RIP,
       O - OSPF, I - IS-IS, B - BGP, E - EIGRP, N - NHRP,
       T - Table, v - VNC, V - VNC-Direct, A - Babel, F - PBR,
       f - OpenFabric,
       > - selected route, * - FIB route, q - queued, r - rejected, b - backup
       t - trapped, o - offload failure

VRF VrfC:
C>* 100.0.10.0/24 is directly connected, Ethernet16, 00:37:33
S>* 192.168.20.201/32 [1/0] via 100.0.11.2, Ethernet24 (vrf VrfD), weight 1, 00:27:50

admin@sonic:~$ show interface counter
      IFACE    STATE           RX_OK        RX_BPS    RX_UTIL    RX_ERR          RX_DRP    RX_OVR    TX_OK     TX_BPS    TX_UTIL    TX_ERR    TX_DRP    TX_OVR
-----------  -------  --------------  ------------  ---------  --------  --------------  --------  -------  ---------  ---------  --------  --------  --------
  Ethernet0        U  41,523,556,880  4074.16 MB/s      8.15%       415  41,523,310,789         0   24,595   0.15 B/s      0.00%         0         1         0
  Ethernet8        U          22,049     21.89 B/s      0.00%         0               1         0   22,053  21.79 B/s      0.00%         0         0         0
 Ethernet16        U          22,053     21.79 B/s      0.00%         0               4         0   22,049  21.89 B/s      0.00%         0         0         0
 Ethernet24        U  70,310,232,380      0.00 B/s      0.00%        31  70,310,210,790         0   22,052   3.01 B/s      0.00%         0         3         0
 Ethernet32        D               0      0.00 B/s      0.00%         0               0         0        0   0.00 B/s      0.00%         0         0         0
 Ethernet40        D               0      0.00 B/s      0.00%         0               0         0        0   0.00 B/s      0.00%         0         0         0
 Ethernet48        D               0      0.00 B/s      0.00%         0               0         0        0   0.00 B/s      0.00%         0         0         0
 Ethernet56        D               0      0.00 B/s      0.00%         0               0         0        0   0.00 B/s      0.00%         0         0         0
 Ethernet64        D               0      0.00 B/s      0.00%         0               0         0        0   0.00 B/s      0.00%         0         0         0
 Ethernet72        D               0      0.00 B/s      0.00%         0               0         0        0   0.00 B/s      0.00%         0         0         0
 Ethernet80        D               0      0.00 B/s      0.00%         0               0         0        0   0.00 B/s      0.00%         0         0         0
 Ethernet88        D               0      0.00 B/s      0.00%         0               0         0        0   0.00 B/s      0.00%         0         0         0
 Ethernet96        D               0      0.00 B/s      0.00%         0               0         0        0   0.00 B/s      0.00%         0         0         0
Ethernet104        D               0      0.00 B/s      0.00%         0               0         0        0   0.00 B/s      0.00%         0         0         0
Ethernet112        D               0      0.00 B/s      0.00%         0               0         0        0   0.00 B/s      0.00%         0         0         0
Ethernet120        D               0      0.00 B/s      0.00%         0               0         0        0   0.00 B/s      0.00%         0         0         0
Ethernet128        D               0      0.00 B/s      0.00%         0               0         0        0   0.00 B/s      0.00%         0         0         0
Ethernet136        D               0      0.00 B/s      0.00%         0               0         0        0   0.00 B/s      0.00%         0         0         0
Ethernet144        D               0      0.00 B/s      0.00%         0               0         0        0   0.00 B/s      0.00%         0         0         0
Ethernet152        D               0      0.00 B/s      0.00%         0               0         0        0   0.00 B/s      0.00%         0         0         0
Ethernet160        D               0      0.00 B/s      0.00%         0               0         0        0   0.00 B/s      0.00%         0         0         0
Ethernet168        D               0      0.00 B/s      0.00%         0               0         0        0   0.00 B/s      0.00%         0         0         0
Ethernet176        D               0      0.00 B/s      0.00%         0               0         0        0   0.00 B/s      0.00%         0         0         0
Ethernet184        D               0      0.00 B/s      0.00%         0               0         0        0   0.00 B/s      0.00%         0         0         0
Ethernet192        D               0      0.00 B/s      0.00%         0               0         0        0   0.00 B/s      0.00%         0         0         0
Ethernet200        D               0      0.00 B/s      0.00%         0               0         0        0   0.00 B/s      0.00%         0         0         0
Ethernet208        D               0      0.00 B/s      0.00%         0               0         0        0   0.00 B/s      0.00%         0         0         0
Ethernet216        D               0      0.00 B/s      0.00%         0               0         0        0   0.00 B/s      0.00%         0         0         0
Ethernet224        D               0      0.00 B/s      0.00%         0               0         0        0   0.00 B/s      0.00%         0         0         0
Ethernet232        D               0      0.00 B/s      0.00%         0               0         0        0   0.00 B/s      0.00%         0         0         0
Ethernet240        D               0      0.00 B/s      0.00%         0               0         0        0   0.00 B/s      0.00%         0         0         0
Ethernet248        D               0      0.00 B/s      0.00%         0               0         0        0   0.00 B/s      0.00%         0         0         0
admin@sonic:~$ show ip int
Interface    Master    IPv4 address/mask    Admin/Oper    BGP Neighbor    Neighbor IP
-----------  --------  -------------------  ------------  --------------  -------------
Ethernet0    VrfA      192.168.10.1/24      up/up         N/A             N/A
Ethernet8    VrfB      100.0.10.1/24        up/up         N/A             N/A
Ethernet16   VrfC      100.0.10.2/24        up/up         N/A             N/A
Ethernet24   VrfD      100.0.11.1/24        up/up         N/A             N/A
Ethernet40   Vrf40     100.0.16.1/24        up/down       N/A             N/A
Ethernet48   Vrf48     100.0.17.2/24        up/down       N/A             N/A
Ethernet56   Vrf56     100.0.17.1/24        up/down       N/A             N/A
Ethernet64   Vrf64     100.0.18.2/24        up/down       N/A             N/A
Ethernet72   Vrf72     100.0.18.1/24        up/down       N/A             N/A
Ethernet80   Vrf80     100.0.19.2/24        up/down       N/A             N/A
Ethernet88   Vrf88     100.0.19.1/24        up/down       N/A             N/A
Ethernet96   Vrf96     100.0.20.2/24        up/down       N/A             N/A
Ethernet104  Vrf104    100.0.20.1/24        up/down       N/A             N/A
Ethernet112  Vrf112    100.0.21.2/24        up/down       N/A             N/A
Ethernet120  Vrf120    100.0.21.1/24        up/down       N/A             N/A
Ethernet128  Vrf128    100.0.22.2/24        up/down       N/A             N/A
Ethernet136  Vrf136    100.0.22.1/24        up/down       N/A             N/A
Ethernet144  Vrf144    100.0.23.2/24        up/down       N/A             N/A
Ethernet152  Vrf152    100.0.23.1/24        up/down       N/A             N/A
Ethernet160  Vrf160    100.0.24.2/24        up/down       N/A             N/A
Ethernet168  Vrf168    100.0.24.1/24        up/down       N/A             N/A
Ethernet176  Vrf176    100.0.25.2/24        up/down       N/A             N/A
Ethernet184  Vrf184    100.0.25.1/24        up/down       N/A             N/A
Ethernet192  Vrf192    100.0.26.2/24        up/down       N/A             N/A
Ethernet200  Vrf200    100.0.26.1/24        up/down       N/A             N/A
Ethernet208  Vrf208    100.0.27.2/24        up/down       N/A             N/A
Ethernet216  Vrf216    100.0.27.1/24        up/down       N/A             N/A
Ethernet224  Vrf224    100.0.28.2/24        up/down       N/A             N/A
Ethernet232  Vrf232    100.0.28.1/24        up/down       N/A             N/A
Ethernet240  Vrf240    100.0.80.1/24        up/down       N/A             N/A
Ethernet248  Vrf248    100.0.70.1/24        up/down       N/A             N/A
docker0                240.127.1.1/24       up/down       N/A             N/A
eth0                   109.105.92.102/19    up/up         N/A             N/A
lo                     127.0.0.1/16         up/up         N/A             N/A
admin@sonic:~$
admin@sonic:~$
admin@sonic:~$ show arp
Address        MacAddress         Iface    Vlan
-------------  -----------------  -------  ------
109.105.92.58  50:eb:f6:51:5c:a3  eth0     -
109.105.92.60  58:11:22:00:07:30  eth0     -
Total number of entries 2
admin@sonic:~$ show mac -h
Usage: show mac [OPTIONS] COMMAND [ARGS]...

  Show MAC (FDB) entries

Options:
  -v, --vlan TEXT
  -p, --port TEXT
  -a, --address TEXT
  -t, --type TEXT
  -c, --count
  --verbose           Enable verbose output
  -h, -?, --help      Show this message and exit.

Commands:
  aging-time
admin@sonic:~$ show mac -p Ethernet0
No.    Vlan    MacAddress    Port    Type
-----  ------  ------------  ------  ------
Total number of entries 0
admin@sonic:~$ show interface Ethernet0
Usage: show interface [OPTIONS] COMMAND [ARGS]...
Try "show interface -h" for help.

Error: No such command "Ethernet0".
admin@sonic:~$ show interface -h
Usage: show interface [OPTIONS] COMMAND [ARGS]...

  Show details of the network interfaces

Options:
  -?, -h, --help  Show this message and exit.

Commands:
  alias          Show Interface Name/Alias Mapping
  autoneg        Show interface autoneg information
  breakout       Show Breakout Mode information by interfaces
  counters       Show interface counters
  description    Show interface status, protocol and description
  link-training  Show interface link-training information
  mpls           Show Interface MPLS status
  naming_mode    Show interface naming_mode status
  neighbor       Show neighbor related information
  portchannel    Show PortChannel information
  status         Show Interface status information
  tpid           Show Interface tpid information
  transceiver    Show SFP Transceiver information
admin@sonic:~$ show interface status Ethernet0
  Interface                                    Lanes    Speed    MTU    FEC    Alias    Vlan    Oper    Admin                                             Type    Asym PFC
-----------  ---------------------------------------  -------  -----  -----  -------  ------  ------  -------  -----------------------------------------------  ----------
  Ethernet0  2304,2305,2306,2307,2308,2309,2310,2311     400G   9100    N/A     etp0  routed      up       up  QSFP-DD Double Density 8X Pluggable Transceiver         N/A
admin@sonic:~$ show interface status Ethernet0 -h
Usage: show interface status [OPTIONS] [INTERFACENAME]

  Show Interface status information

Options:
  -d, --display [all]  Show internal interfaces  [default: all]
  -n, --namespace []   Namespace name or all
  --verbose            Enable verbose output
  -h, -?, --help       Show this message and exit.
admin@sonic:~$ show interface status Ethernet0 --verbose
Running command: intfutil -c status -i Ethernet0
  Interface                                    Lanes    Speed    MTU    FEC    Alias    Vlan    Oper    Admin                                             Type    Asym PFC
-----------  ---------------------------------------  -------  -----  -----  -------  ------  ------  -------  -----------------------------------------------  ----------
  Ethernet0  2304,2305,2306,2307,2308,2309,2310,2311     400G   9100    N/A     etp0  routed      up       up  QSFP-DD Double Density 8X Pluggable Transceiver         N/A
admin@sonic:~$ show
Usage: show [OPTIONS] COMMAND [ARGS]...

  SONiC command line - 'show' command

Options:
  -h, -?, --help  Show this message and exit.

Commands:
  aaa                       Show AAA configuration
  acl                       Show ACL related information
  arp                       Show IP ARP table
  auto-techsupport          AUTO_TECHSUPPORT part of config_db.json
  auto-techsupport-feature  [Callable command group]
  bfd                       Show details of the bfd sessions
  boot                      Show boot configuration
  buffer                    Show buffer information
  buffer_pool               Show details of the buffer pools
  chassis                   Chassis commands group
  clock                     Show date and time
  dhcp6relay_counters       Show DHCPv6 counter
  dhcp_relay                show DHCP_Relay information
  dhcprelay_helper          Show DHCP_Relay helper information
  dropcounters              Show drop counter related information
  ecn                       Show ECN configuration
  environment               Show environmentals (voltages, fans, temps)
  event-counters            Show events counter
  fabric                    Show fabric information
  feature                   Show feature status
  fgnhg                     Show FGNHG information
  flowcnt-route             Show route flow counter related information
  flowcnt-trap              Show trap flow counter related information
  headroom-pool             Show details of headroom pool
  history
  interfaces                Show details of the network interfaces
  ip                        Show IP (IPv4) commands
  ipv6                      Show IPv6 commands
  kdump                     Show kdump configuration, dump files and dmesg...
  kubernetes
  line                      Show all console lines and their info include...
  lldp                      Show LLDP information
  logging                   Show system log
  mac                       Show MAC (FDB) entries
  macsec
  management_interface      Show management interface parameters
  mgmt-vrf                  Show management VRF attributes
  mirror_session            Show existing everflow sessions
  mmu                       Show mmu configuration
  muxcable                  SONiC command line - 'show muxcable' command
  nat                       Show details of the nat
  ndp                       Show IPv6 Neighbour table
  ntp                       Show NTP information
  nvgre-tunnel              [Callable command group]
  nvgre-tunnel-map          [Callable command group]
  passw-hardening           PASSWORD HARDENING part of config_db.json
  pbh                       Show PBH (Policy based hashing) feature...
  pfc                       Show details of the priority-flow-control (pfc)
  pfcwd                     Show details of the pfc watchdog
  platform                  Show platform-specific hardware info
  policer                   Show existing policers
  priority-group            Show details of the PGs
  processes                 Show process information
  queue                     Show details of the queues
  radius                    Show RADIUS configuration
  reboot-cause              Show cause of most recent reboot
  route-map                 show route-map
  runningconfiguration      Show current running configuration information
  services                  Show all daemon services
  sflow                     Show sFlow related information
  snmpagentaddress          Show SNMP agent listening IP address...
  snmptrap                  Show SNMP agent Trap server configuration
  startupconfiguration      Show startup configuration information
  storm-control             Show storm-control
  subinterfaces             Show details of the sub port interfaces
  syslog                    Show syslog server configuration
  system-health             Show system-health information
  system-memory             Show memory information
  tacacs                    Show TACACS+ configuration
  techsupport               Gather information for troubleshooting
  uptime                    Show system uptime
  users                     Show users
  version                   Show version information
  vlan                      Show VLAN information
  vnet                      Show vnet related information
  vrf                       Show vrf config
  vxlan                     Show vxlan related information
  warm_restart              Show warm restart configuration and state
  watermark                 Show details of watermark
  ztp                       Show Zero Touch Provisioning status
admin@sonic:~$ show mac
No.    Vlan    MacAddress    Port    Type
-----  ------  ------------  ------  ------
Total number of entries 0
admin@sonic:~$ show interface Ethernet0
Usage: show interface [OPTIONS] COMMAND [ARGS]...
Try "show interface -h" for help.

Error: No such command "Ethernet0".
admin@sonic:~$ show interface -h
Usage: show interface [OPTIONS] COMMAND [ARGS]...

  Show details of the network interfaces

Options:
  -?, -h, --help  Show this message and exit.

Commands:
  alias          Show Interface Name/Alias Mapping
  autoneg        Show interface autoneg information
  breakout       Show Breakout Mode information by interfaces
  counters       Show interface counters
  description    Show interface status, protocol and description
  link-training  Show interface link-training information
  mpls           Show Interface MPLS status
  naming_mode    Show interface naming_mode status
  neighbor       Show neighbor related information
  portchannel    Show PortChannel information
  status         Show Interface status information
  tpid           Show Interface tpid information
  transceiver    Show SFP Transceiver information
admin@sonic:~$ sudo root
sudo: root: command not found
admin@sonic:~$ sudo
usage: sudo -h | -K | -k | -V
usage: sudo -v [-AknS] [-g group] [-h host] [-p prompt] [-u user]
usage: sudo -l [-AknS] [-g group] [-h host] [-p prompt] [-U user] [-u user] [command]
usage: sudo [-AbEHknPS] [-r role] [-t type] [-C num] [-D directory] [-g group] [-h host] [-p prompt] [-R directory] [-T timeout] [-u user] [VAR=value] [-i|-s] [<command>]
usage: sudo -e [-AknS] [-r role] [-t type] [-C num] [-D directory] [-g group] [-h host] [-p prompt] [-R directory] [-T timeout] [-u user] file ...
admin@sonic:~$ su
Password:
su: Authentication failure
admin@sonic:~$ vtysh

Hello, this is FRRouting (version 8.5.1).
Copyright 1996-2005 Kunihiro Ishiguro, et al.

sonic# show interface Ethernet0
Interface Ethernet0 is up, line protocol is up
  Link ups:    1300    last: 2024/10/18 12:13:52.67
  Link downs:   153    last: 2024/10/18 12:13:52.67
  vrf: VrfA
  index 276 metric 0 mtu 9100 speed 0
  flags: <UP,BROADCAST,RUNNING,MULTICAST>
  Type: Ethernet
  HWaddr: e8:eb:34:e7:d4:00
  inet 192.168.10.1/24
  inet6 fe80::eaeb:34ff:fee7:d400/64
  Interface Type Other
  Interface Slave Type Vrf
  protodown: off
sonic# exit
admin@sonic:~$ show interface counter
      IFACE    STATE           RX_OK        RX_BPS    RX_UTIL    RX_ERR          RX_DRP    RX_OVR    TX_OK    TX_BPS    TX_UTIL    TX_ERR    TX_DRP    TX_OVR
-----------  -------  --------------  ------------  ---------  --------  --------------  --------  -------  --------  ---------  --------  --------  --------
  Ethernet0        U  56,302,103,221  3004.45 MB/s      6.01%       415  56,301,750,540         0   24,614  8.08 B/s      0.00%         0         1         0
  Ethernet8        U          22,067      3.01 B/s      0.00%         0               1         0   22,071  3.00 B/s      0.00%         0         0         0
 Ethernet16        U          22,071      3.65 B/s      0.00%         0               4         0   22,067  3.67 B/s      0.00%         0         0         0
 Ethernet24        U  70,310,232,380      0.00 B/s      0.00%        31  70,310,210,790         0   22,070  0.41 B/s      0.00%         0         3         0
 Ethernet32        D               0      0.00 B/s      0.00%         0               0         0        0  0.00 B/s      0.00%         0         0         0
 Ethernet40        D               0      0.00 B/s      0.00%         0               0         0        0  0.00 B/s      0.00%         0         0         0
 Ethernet48        D               0      0.00 B/s      0.00%         0               0         0        0  0.00 B/s      0.00%         0         0         0
 Ethernet56        D               0      0.00 B/s      0.00%         0               0         0        0  0.00 B/s      0.00%         0         0         0
 Ethernet64        D               0      0.00 B/s      0.00%         0               0         0        0  0.00 B/s      0.00%         0         0         0
 Ethernet72        D               0      0.00 B/s      0.00%         0               0         0        0  0.00 B/s      0.00%         0         0         0
 Ethernet80        D               0      0.00 B/s      0.00%         0               0         0        0  0.00 B/s      0.00%         0         0         0
 Ethernet88        D               0      0.00 B/s      0.00%         0               0         0        0  0.00 B/s      0.00%         0         0         0
 Ethernet96        D               0      0.00 B/s      0.00%         0               0         0        0  0.00 B/s      0.00%         0         0         0
Ethernet104        D               0      0.00 B/s      0.00%         0               0         0        0  0.00 B/s      0.00%         0         0         0
Ethernet112        D               0      0.00 B/s      0.00%         0               0         0        0  0.00 B/s      0.00%         0         0         0
Ethernet120        D               0      0.00 B/s      0.00%         0               0         0        0  0.00 B/s      0.00%         0         0         0
Ethernet128        D               0      0.00 B/s      0.00%         0               0         0        0  0.00 B/s      0.00%         0         0         0
Ethernet136        D               0      0.00 B/s      0.00%         0               0         0        0  0.00 B/s      0.00%         0         0         0
Ethernet144        D               0      0.00 B/s      0.00%         0               0         0        0  0.00 B/s      0.00%         0         0         0
Ethernet152        D               0      0.00 B/s      0.00%         0               0         0        0  0.00 B/s      0.00%         0         0         0
Ethernet160        D               0      0.00 B/s      0.00%         0               0         0        0  0.00 B/s      0.00%         0         0         0
Ethernet168        D               0      0.00 B/s      0.00%         0               0         0        0  0.00 B/s      0.00%         0         0         0
Ethernet176        D               0      0.00 B/s      0.00%         0               0         0        0  0.00 B/s      0.00%         0         0         0
Ethernet184        D               0      0.00 B/s      0.00%         0               0         0        0  0.00 B/s      0.00%         0         0         0
Ethernet192        D               0      0.00 B/s      0.00%         0               0         0        0  0.00 B/s      0.00%         0         0         0
Ethernet200        D               0      0.00 B/s      0.00%         0               0         0        0  0.00 B/s      0.00%         0         0         0
Ethernet208        D               0      0.00 B/s      0.00%         0               0         0        0  0.00 B/s      0.00%         0         0         0
Ethernet216        D               0      0.00 B/s      0.00%         0               0         0        0  0.00 B/s      0.00%         0         0         0
Ethernet224        D               0      0.00 B/s      0.00%         0               0         0        0  0.00 B/s      0.00%         0         0         0
Ethernet232        D               0      0.00 B/s      0.00%         0               0         0        0  0.00 B/s      0.00%         0         0         0
Ethernet240        D               0      0.00 B/s      0.00%         0               0         0        0  0.00 B/s      0.00%         0         0         0
Ethernet248        D               0      0.00 B/s      0.00%         0               0         0        0  0.00 B/s      0.00%         0         0         0
admin@sonic:~$
admin@sonic:~$ show interface counter
      IFACE    STATE           RX_OK        RX_BPS    RX_UTIL    RX_ERR          RX_DRP    RX_OVR    TX_OK     TX_BPS    TX_UTIL    TX_ERR    TX_DRP    TX_OVR
-----------  -------  --------------  ------------  ---------  --------  --------------  --------  -------  ---------  ---------  --------  --------  --------
  Ethernet0        U  66,488,788,480  3999.54 MB/s      8.00%       415  66,484,643,169         0   24,619   0.13 B/s      0.00%         0         1         0
  Ethernet8        U          22,073     17.96 B/s      0.00%         0               1         0   22,077  17.88 B/s      0.00%         0         0         0
 Ethernet16        U          22,077     21.78 B/s      0.00%         0               4         0   22,073  21.88 B/s      0.00%         0         0         0
 Ethernet24        U  70,310,232,380      0.00 B/s      0.00%        31  70,310,210,790         0   22,076   2.02 B/s      0.00%         0         3         0
 Ethernet32        D               0      0.00 B/s      0.00%         0               0         0        0   0.00 B/s      0.00%         0         0         0
 Ethernet40        D               0      0.00 B/s      0.00%         0               0         0        0   0.00 B/s      0.00%         0         0         0
 Ethernet48        D               0      0.00 B/s      0.00%         0               0         0        0   0.00 B/s      0.00%         0         0         0
 Ethernet56        D               0      0.00 B/s      0.00%         0               0         0        0   0.00 B/s      0.00%         0         0         0
 Ethernet64        D               0      0.00 B/s      0.00%         0               0         0        0   0.00 B/s      0.00%         0         0         0
 Ethernet72        D               0      0.00 B/s      0.00%         0               0         0        0   0.00 B/s      0.00%         0         0         0
 Ethernet80        D               0      0.00 B/s      0.00%         0               0         0        0   0.00 B/s      0.00%         0         0         0
 Ethernet88        D               0      0.00 B/s      0.00%         0               0         0        0   0.00 B/s      0.00%         0         0         0
 Ethernet96        D               0      0.00 B/s      0.00%         0               0         0        0   0.00 B/s      0.00%         0         0         0
Ethernet104        D               0      0.00 B/s      0.00%         0               0         0        0   0.00 B/s      0.00%         0         0         0
Ethernet112        D               0      0.00 B/s      0.00%         0               0         0        0   0.00 B/s      0.00%         0         0         0
Ethernet120        D               0      0.00 B/s      0.00%         0               0         0        0   0.00 B/s      0.00%         0         0         0
Ethernet128        D               0      0.00 B/s      0.00%         0               0         0        0   0.00 B/s      0.00%         0         0         0
Ethernet136        D               0      0.00 B/s      0.00%         0               0         0        0   0.00 B/s      0.00%         0         0         0
Ethernet144        D               0      0.00 B/s      0.00%         0               0         0        0   0.00 B/s      0.00%         0         0         0
Ethernet152        D               0      0.00 B/s      0.00%         0               0         0        0   0.00 B/s      0.00%         0         0         0
Ethernet160        D               0      0.00 B/s      0.00%         0               0         0        0   0.00 B/s      0.00%         0         0         0
Ethernet168        D               0      0.00 B/s      0.00%         0               0         0        0   0.00 B/s      0.00%         0         0         0
Ethernet176        D               0      0.00 B/s      0.00%         0               0         0        0   0.00 B/s      0.00%         0         0         0
Ethernet184        D               0      0.00 B/s      0.00%         0               0         0        0   0.00 B/s      0.00%         0         0         0
Ethernet192        D               0      0.00 B/s      0.00%         0               0         0        0   0.00 B/s      0.00%         0         0         0
Ethernet200        D               0      0.00 B/s      0.00%         0               0         0        0   0.00 B/s      0.00%         0         0         0
Ethernet208        D               0      0.00 B/s      0.00%         0               0         0        0   0.00 B/s      0.00%         0         0         0
Ethernet216        D               0      0.00 B/s      0.00%         0               0         0        0   0.00 B/s      0.00%         0         0         0
Ethernet224        D               0      0.00 B/s      0.00%         0               0         0        0   0.00 B/s      0.00%         0         0         0
Ethernet232        D               0      0.00 B/s      0.00%         0               0         0        0   0.00 B/s      0.00%         0         0         0
Ethernet240        D               0      0.00 B/s      0.00%         0               0         0        0   0.00 B/s      0.00%         0         0         0
Ethernet248        D               0      0.00 B/s      0.00%         0               0         0        0   0.00 B/s      0.00%         0         0         0
admin@sonic:~$ show ip route vrf VrfA
:
Codes: K - kernel route, C - connected, S - static, R - RIP,
       O - OSPF, I - IS-IS, B - BGP, E - EIGRP, N - NHRP,
       T - Table, v - VNC, V - VNC-Direct, A - Babel, F - PBR,
       f - OpenFabric,
       > - selected route, * - FIB route, q - queued, r - rejected, b - backup
       t - trapped, o - offload failure

VRF VrfA:
C>* 192.168.10.0/24 is directly connected, Ethernet0, 02:18:20
S>* 192.168.20.201/32 [1/0] via 100.0.10.2, Ethernet8 (vrf VrfB), weight 1, 00:41:40

admin@sonic:~$ show ip int
Interface    Master    IPv4 address/mask    Admin/Oper    BGP Neighbor    Neighbor IP
-----------  --------  -------------------  ------------  --------------  -------------
Ethernet0    VrfA      192.168.10.1/24      up/up         N/A             N/A
Ethernet8    VrfB      100.0.10.1/24        up/up         N/A             N/A
Ethernet16   VrfC      100.0.10.2/24        up/up         N/A             N/A
Ethernet24   VrfD      100.0.11.1/24        up/up         N/A             N/A
Ethernet40   Vrf40     100.0.16.1/24        up/down       N/A             N/A
Ethernet48   Vrf48     100.0.17.2/24        up/down       N/A             N/A
Ethernet56   Vrf56     100.0.17.1/24        up/down       N/A             N/A
Ethernet64   Vrf64     100.0.18.2/24        up/down       N/A             N/A
Ethernet72   Vrf72     100.0.18.1/24        up/down       N/A             N/A
Ethernet80   Vrf80     100.0.19.2/24        up/down       N/A             N/A
Ethernet88   Vrf88     100.0.19.1/24        up/down       N/A             N/A
Ethernet96   Vrf96     100.0.20.2/24        up/down       N/A             N/A
Ethernet104  Vrf104    100.0.20.1/24        up/down       N/A             N/A
Ethernet112  Vrf112    100.0.21.2/24        up/down       N/A             N/A
Ethernet120  Vrf120    100.0.21.1/24        up/down       N/A             N/A
Ethernet128  Vrf128    100.0.22.2/24        up/down       N/A             N/A
Ethernet136  Vrf136    100.0.22.1/24        up/down       N/A             N/A
Ethernet144  Vrf144    100.0.23.2/24        up/down       N/A             N/A
Ethernet152  Vrf152    100.0.23.1/24        up/down       N/A             N/A
Ethernet160  Vrf160    100.0.24.2/24        up/down       N/A             N/A
Ethernet168  Vrf168    100.0.24.1/24        up/down       N/A             N/A
Ethernet176  Vrf176    100.0.25.2/24        up/down       N/A             N/A
Ethernet184  Vrf184    100.0.25.1/24        up/down       N/A             N/A
Ethernet192  Vrf192    100.0.26.2/24        up/down       N/A             N/A
Ethernet200  Vrf200    100.0.26.1/24        up/down       N/A             N/A
Ethernet208  Vrf208    100.0.27.2/24        up/down       N/A             N/A
Ethernet216  Vrf216    100.0.27.1/24        up/down       N/A             N/A
Ethernet224  Vrf224    100.0.28.2/24        up/down       N/A             N/A
Ethernet232  Vrf232    100.0.28.1/24        up/down       N/A             N/A
Ethernet240  Vrf240    100.0.80.1/24        up/down       N/A             N/A
Ethernet248  Vrf248    100.0.70.1/24        up/down       N/A             N/A
docker0                240.127.1.1/24       up/down       N/A             N/A
eth0                   109.105.92.102/19    up/up         N/A             N/A
lo                     127.0.0.1/16         up/up         N/A             N/A
admin@sonic:~$
admin@sonic:~$
admin@sonic:~$
admin@sonic:~$ ping vrf VrfA 192.168.10.101
ping: vrf: Temporary failure in name resolution
admin@sonic:~$ ping VrfA 192.168.10.101
ping: VrfA: Temporary failure in name resolution
admin@sonic:~$ ping 192.168.10.101 VrfA
ping: VrfA: Temporary failure in name resolution
admin@sonic:~$ ping 192.168.10.101 vrf VrfA
ping: VrfA: Temporary failure in name resolution
admin@sonic:~$
admin@sonic:~$
admin@sonic:~$ sudo ip netns exec VrfA ping 192.168.10.101
Cannot open network namespace "VrfA": No such file or directory
admin@sonic:~$ sudo ip netns ls
admin@sonic:~$ ip netns list
admin@sonic:~$ show ip vrf
Usage: show ip [OPTIONS] COMMAND [ARGS]...
Try "show ip -h" for help.

Error: No such command "vrf".
admin@sonic:~$ show vrf
VRF     Interfaces
------  ------------
Vrf0
Vrf104  Ethernet104
Vrf112  Ethernet112
Vrf120  Ethernet120
Vrf128  Ethernet128
Vrf136  Ethernet136
Vrf144  Ethernet144
Vrf152  Ethernet152
Vrf16
Vrf160  Ethernet160
Vrf168  Ethernet168
Vrf176  Ethernet176
Vrf184  Ethernet184
Vrf192  Ethernet192
Vrf200  Ethernet200
Vrf208  Ethernet208
Vrf216  Ethernet216
Vrf224  Ethernet224
Vrf232  Ethernet232
Vrf24
Vrf240  Ethernet240
Vrf248  Ethernet248
Vrf32
Vrf40   Ethernet40
Vrf48   Ethernet48
Vrf56   Ethernet56
Vrf64   Ethernet64
Vrf72   Ethernet72
Vrf8
Vrf80   Ethernet80
Vrf88   Ethernet88
Vrf96   Ethernet96
VrfA    Ethernet0
VrfB    Ethernet1
        Ethernet8
VrfC    Ethernet2
        Ethernet16
VrfD    Ethernet3
        Ethernet24
        Ethernet32
VrfE
admin@sonic:~$ sudo ping -I VrfA 192.168.10.101
ping: Warning: source address might be selected on device other than: VrfA
PING 192.168.10.101 (192.168.10.101) from 192.168.10.1 VrfA: 56(84) bytes of data.
^C
--- 192.168.10.101 ping statistics ---
6 packets transmitted, 0 received, 100% packet loss, time 5122ms

admin@sonic:~$ sudo ping -I VrfA 192.168.10.1
ping: Warning: source address might be selected on device other than: VrfA
PING 192.168.10.1 (192.168.10.1) from 192.168.10.1 VrfA: 56(84) bytes of data.
64 bytes from 192.168.10.1: icmp_seq=1 ttl=64 time=0.036 ms
64 bytes from 192.168.10.1: icmp_seq=2 ttl=64 time=0.024 ms
64 bytes from 192.168.10.1: icmp_seq=3 ttl=64 time=0.035 ms
^C
--- 192.168.10.1 ping statistics ---
3 packets transmitted, 3 received, 0% packet loss, time 2046ms
rtt min/avg/max/mdev = 0.024/0.031/0.036/0.005 ms
admin@sonic:~$ sudo ping -I VrfA 192.168.101
ping: connect: Network is unreachable
admin@sonic:~$ sudo ping -I VrfA 192.168.10.101
ping: Warning: source address might be selected on device other than: VrfA
PING 192.168.10.101 (192.168.10.101) from 192.168.10.1 VrfA: 56(84) bytes of data.
^@^C
--- 192.168.10.101 ping statistics ---
26 packets transmitted, 0 received, 100% packet loss, time 25589ms

admin@sonic:~$ show ip counter
Usage: show ip [OPTIONS] COMMAND [ARGS]...
Try "show ip -h" for help.

Error: No such command "counter".
admin@sonic:~$ show interface counter
      IFACE    STATE           RX_OK    RX_BPS    RX_UTIL    RX_ERR          RX_DRP    RX_OVR    TX_OK     TX_BPS    TX_UTIL    TX_ERR    TX_DRP    TX_OVR
-----------  -------  --------------  --------  ---------  --------  --------------  --------  -------  ---------  ---------  --------  --------  --------
  Ethernet0        U  76,564,338,040  0.00 B/s      0.00%       415  76,564,338,040         0   24,671  25.28 B/s      0.00%         0         1         0
  Ethernet8        U          22,091  3.01 B/s      0.00%         0               1         0   22,095   3.00 B/s      0.00%         0         0         0
 Ethernet16        U          22,095  3.00 B/s      0.00%         0               4         0   22,091   3.01 B/s      0.00%         0         0         0
 Ethernet24        U  70,310,232,380  0.00 B/s      0.00%        31  70,310,210,790         0   22,094   0.34 B/s      0.00%         0         3         0
 Ethernet32        D               0  0.00 B/s      0.00%         0               0         0        0   0.00 B/s      0.00%         0         0         0
 Ethernet40        D               0  0.00 B/s      0.00%         0               0         0        0   0.00 B/s      0.00%         0         0         0
 Ethernet48        D               0  0.00 B/s      0.00%         0               0         0        0   0.00 B/s      0.00%         0         0         0
 Ethernet56        D               0  0.00 B/s      0.00%         0               0         0        0   0.00 B/s      0.00%         0         0         0
 Ethernet64        D               0  0.00 B/s      0.00%         0               0         0        0   0.00 B/s      0.00%         0         0         0
 Ethernet72        D               0  0.00 B/s      0.00%         0               0         0        0   0.00 B/s      0.00%         0         0         0
 Ethernet80        D               0  0.00 B/s      0.00%         0               0         0        0   0.00 B/s      0.00%         0         0         0
 Ethernet88        D               0  0.00 B/s      0.00%         0               0         0        0   0.00 B/s      0.00%         0         0         0
 Ethernet96        D               0  0.00 B/s      0.00%         0               0         0        0   0.00 B/s      0.00%         0         0         0
Ethernet104        D               0  0.00 B/s      0.00%         0               0         0        0   0.00 B/s      0.00%         0         0         0
Ethernet112        D               0  0.00 B/s      0.00%         0               0         0        0   0.00 B/s      0.00%         0         0         0
Ethernet120        D               0  0.00 B/s      0.00%         0               0         0        0   0.00 B/s      0.00%         0         0         0
Ethernet128        D               0  0.00 B/s      0.00%         0               0         0        0   0.00 B/s      0.00%         0         0         0
Ethernet136        D               0  0.00 B/s      0.00%         0               0         0        0   0.00 B/s      0.00%         0         0         0
Ethernet144        D               0  0.00 B/s      0.00%         0               0         0        0   0.00 B/s      0.00%         0         0         0
Ethernet152        D               0  0.00 B/s      0.00%         0               0         0        0   0.00 B/s      0.00%         0         0         0
Ethernet160        D               0  0.00 B/s      0.00%         0               0         0        0   0.00 B/s      0.00%         0         0         0
Ethernet168        D               0  0.00 B/s      0.00%         0               0         0        0   0.00 B/s      0.00%         0         0         0
Ethernet176        D               0  0.00 B/s      0.00%         0               0         0        0   0.00 B/s      0.00%         0         0         0
Ethernet184        D               0  0.00 B/s      0.00%         0               0         0        0   0.00 B/s      0.00%         0         0         0
Ethernet192        D               0  0.00 B/s      0.00%         0               0         0        0   0.00 B/s      0.00%         0         0         0
Ethernet200        D               0  0.00 B/s      0.00%         0               0         0        0   0.00 B/s      0.00%         0         0         0
Ethernet208        D               0  0.00 B/s      0.00%         0               0         0        0   0.00 B/s      0.00%         0         0         0
Ethernet216        D               0  0.00 B/s      0.00%         0               0         0        0   0.00 B/s      0.00%         0         0         0
Ethernet224        D               0  0.00 B/s      0.00%         0               0         0        0   0.00 B/s      0.00%         0         0         0
Ethernet232        D               0  0.00 B/s      0.00%         0               0         0        0   0.00 B/s      0.00%         0         0         0
Ethernet240        D               0  0.00 B/s      0.00%         0               0         0        0   0.00 B/s      0.00%         0         0         0
Ethernet248        D               0  0.00 B/s      0.00%         0               0         0        0   0.00 B/s      0.00%         0         0         0
admin@sonic:~$ show interface counters -h
Usage: show interface counters [OPTIONS] COMMAND [ARGS]...

  Show interface counters

Options:
  -a, --printall
  -p, --period TEXT
  -i, --interface TEXT
  -d, --display [all]   Show internal interfaces  [default: all]
  -n, --namespace []    Namespace name or all
  --verbose             Enable verbose output
  -?, -h, --help        Show this message and exit.

Commands:
  detailed   Show interface counters detailed
  errors     Show interface counters errors
  fec-stats  Show interface counters fec-stats
  rates      Show interface counters rates
  rif        Show interface counters
admin@sonic:~$ show interface counters rif
      IFACE    RX_OK    RX_BPS    RX_PPS    RX_ERR    TX_OK    TX_BPS    TX_PPS    TX_ERR
-----------  -------  --------  --------  --------  -------  --------  --------  --------
  Ethernet0        0  0.00 B/s    0.00/s         0        0  0.00 B/s    0.00/s         0
  Ethernet8        0  0.00 B/s    0.00/s         0        0  0.00 B/s    0.00/s         0
 Ethernet16        0  0.00 B/s    0.00/s         0        0  0.00 B/s    0.00/s         0
 Ethernet24        0  0.00 B/s    0.00/s         0        0  0.00 B/s    0.00/s         0
 Ethernet32        0  0.00 B/s    0.00/s         0        0  0.00 B/s    0.00/s         0
 Ethernet40        0  0.00 B/s    0.00/s         0        0  0.00 B/s    0.00/s         0
 Ethernet48        0  0.00 B/s    0.00/s         0        0  0.00 B/s    0.00/s         0
 Ethernet56        0  0.00 B/s    0.00/s         0        0  0.00 B/s    0.00/s         0
 Ethernet64        0  0.00 B/s    0.00/s         0        0  0.00 B/s    0.00/s         0
 Ethernet72        0  0.00 B/s    0.00/s         0        0  0.00 B/s    0.00/s         0
 Ethernet80        0  0.00 B/s    0.00/s         0        0  0.00 B/s    0.00/s         0
 Ethernet88        0  0.00 B/s    0.00/s         0        0  0.00 B/s    0.00/s         0
 Ethernet96        0  0.00 B/s    0.00/s         0        0  0.00 B/s    0.00/s         0
Ethernet104        0  0.00 B/s    0.00/s         0        0  0.00 B/s    0.00/s         0
Ethernet112        0  0.00 B/s    0.00/s         0        0  0.00 B/s    0.00/s         0
Ethernet120        0  0.00 B/s    0.00/s         0        0  0.00 B/s    0.00/s         0
Ethernet128        0  0.00 B/s    0.00/s         0        0  0.00 B/s    0.00/s         0
Ethernet136        0  0.00 B/s    0.00/s         0        0  0.00 B/s    0.00/s         0
Ethernet144        0  0.00 B/s    0.00/s         0        0  0.00 B/s    0.00/s         0
Ethernet152        0  0.00 B/s    0.00/s         0        0  0.00 B/s    0.00/s         0
Ethernet160        0  0.00 B/s    0.00/s         0        0  0.00 B/s    0.00/s         0
Ethernet168        0  0.00 B/s    0.00/s         0        0  0.00 B/s    0.00/s         0
Ethernet176        0  0.00 B/s    0.00/s         0        0  0.00 B/s    0.00/s         0
Ethernet184        0  0.00 B/s    0.00/s         0        0  0.00 B/s    0.00/s         0
Ethernet192        0  0.00 B/s    0.00/s         0        0  0.00 B/s    0.00/s         0
Ethernet200        0  0.00 B/s    0.00/s         0        0  0.00 B/s    0.00/s         0
Ethernet208        0  0.00 B/s    0.00/s         0        0  0.00 B/s    0.00/s         0
Ethernet216        0  0.00 B/s    0.00/s         0        0  0.00 B/s    0.00/s         0
Ethernet224        0  0.00 B/s    0.00/s         0        0  0.00 B/s    0.00/s         0
Ethernet232        0  0.00 B/s    0.00/s         0        0  0.00 B/s    0.00/s         0
Ethernet240        0  0.00 B/s    0.00/s         0        0  0.00 B/s    0.00/s         0
Ethernet248        0  0.00 B/s    0.00/s         0        0  0.00 B/s    0.00/s         0
admin@sonic:~$ show interface counters rif
      IFACE    RX_OK    RX_BPS    RX_PPS    RX_ERR    TX_OK    TX_BPS    TX_PPS    TX_ERR
-----------  -------  --------  --------  --------  -------  --------  --------  --------
  Ethernet0        0  0.00 B/s    0.00/s         0        0  0.00 B/s    0.00/s         0
  Ethernet8        0  0.00 B/s    0.00/s         0        0  0.00 B/s    0.00/s         0
 Ethernet16        0  0.00 B/s    0.00/s         0        0  0.00 B/s    0.00/s         0
 Ethernet24        0  0.00 B/s    0.00/s         0        0  0.00 B/s    0.00/s         0
 Ethernet32        0  0.00 B/s    0.00/s         0        0  0.00 B/s    0.00/s         0
 Ethernet40        0  0.00 B/s    0.00/s         0        0  0.00 B/s    0.00/s         0
 Ethernet48        0  0.00 B/s    0.00/s         0        0  0.00 B/s    0.00/s         0
 Ethernet56        0  0.00 B/s    0.00/s         0        0  0.00 B/s    0.00/s         0
 Ethernet64        0  0.00 B/s    0.00/s         0        0  0.00 B/s    0.00/s         0
 Ethernet72        0  0.00 B/s    0.00/s         0        0  0.00 B/s    0.00/s         0
 Ethernet80        0  0.00 B/s    0.00/s         0        0  0.00 B/s    0.00/s         0
 Ethernet88        0  0.00 B/s    0.00/s         0        0  0.00 B/s    0.00/s         0
 Ethernet96        0  0.00 B/s    0.00/s         0        0  0.00 B/s    0.00/s         0
Ethernet104        0  0.00 B/s    0.00/s         0        0  0.00 B/s    0.00/s         0
Ethernet112        0  0.00 B/s    0.00/s         0        0  0.00 B/s    0.00/s         0
Ethernet120        0  0.00 B/s    0.00/s         0        0  0.00 B/s    0.00/s         0
Ethernet128        0  0.00 B/s    0.00/s         0        0  0.00 B/s    0.00/s         0
Ethernet136        0  0.00 B/s    0.00/s         0        0  0.00 B/s    0.00/s         0
Ethernet144        0  0.00 B/s    0.00/s         0        0  0.00 B/s    0.00/s         0
Ethernet152        0  0.00 B/s    0.00/s         0        0  0.00 B/s    0.00/s         0
Ethernet160        0  0.00 B/s    0.00/s         0        0  0.00 B/s    0.00/s         0
Ethernet168        0  0.00 B/s    0.00/s         0        0  0.00 B/s    0.00/s         0
Ethernet176        0  0.00 B/s    0.00/s         0        0  0.00 B/s    0.00/s         0
Ethernet184        0  0.00 B/s    0.00/s         0        0  0.00 B/s    0.00/s         0
Ethernet192        0  0.00 B/s    0.00/s         0        0  0.00 B/s    0.00/s         0
Ethernet200        0  0.00 B/s    0.00/s         0        0  0.00 B/s    0.00/s         0
Ethernet208        0  0.00 B/s    0.00/s         0        0  0.00 B/s    0.00/s         0
Ethernet216        0  0.00 B/s    0.00/s         0        0  0.00 B/s    0.00/s         0
Ethernet224        0  0.00 B/s    0.00/s         0        0  0.00 B/s    0.00/s         0
Ethernet232        0  0.00 B/s    0.00/s         0        0  0.00 B/s    0.00/s         0
Ethernet240        0  0.00 B/s    0.00/s         0        0  0.00 B/s    0.00/s         0
Ethernet248        0  0.00 B/s    0.00/s         0        0  0.00 B/s    0.00/s         0
admin@sonic:~$ show interface counters rif
      IFACE    RX_OK    RX_BPS    RX_PPS    RX_ERR    TX_OK    TX_BPS    TX_PPS    TX_ERR
-----------  -------  --------  --------  --------  -------  --------  --------  --------
  Ethernet0        0  0.00 B/s    0.00/s         0        0  0.00 B/s    0.00/s         0
  Ethernet8        0  0.00 B/s    0.00/s         0        0  0.00 B/s    0.00/s         0
 Ethernet16        0  0.00 B/s    0.00/s         0        0  0.00 B/s    0.00/s         0
 Ethernet24        0  0.00 B/s    0.00/s         0        0  0.00 B/s    0.00/s         0
 Ethernet32        0  0.00 B/s    0.00/s         0        0  0.00 B/s    0.00/s         0
 Ethernet40        0  0.00 B/s    0.00/s         0        0  0.00 B/s    0.00/s         0
 Ethernet48        0  0.00 B/s    0.00/s         0        0  0.00 B/s    0.00/s         0
 Ethernet56        0  0.00 B/s    0.00/s         0        0  0.00 B/s    0.00/s         0
 Ethernet64        0  0.00 B/s    0.00/s         0        0  0.00 B/s    0.00/s         0
 Ethernet72        0  0.00 B/s    0.00/s         0        0  0.00 B/s    0.00/s         0
 Ethernet80        0  0.00 B/s    0.00/s         0        0  0.00 B/s    0.00/s         0
 Ethernet88        0  0.00 B/s    0.00/s         0        0  0.00 B/s    0.00/s         0
 Ethernet96        0  0.00 B/s    0.00/s         0        0  0.00 B/s    0.00/s         0
Ethernet104        0  0.00 B/s    0.00/s         0        0  0.00 B/s    0.00/s         0
Ethernet112        0  0.00 B/s    0.00/s         0        0  0.00 B/s    0.00/s         0
Ethernet120        0  0.00 B/s    0.00/s         0        0  0.00 B/s    0.00/s         0
Ethernet128        0  0.00 B/s    0.00/s         0        0  0.00 B/s    0.00/s         0
Ethernet136        0  0.00 B/s    0.00/s         0        0  0.00 B/s    0.00/s         0
Ethernet144        0  0.00 B/s    0.00/s         0        0  0.00 B/s    0.00/s         0
Ethernet152        0  0.00 B/s    0.00/s         0        0  0.00 B/s    0.00/s         0
Ethernet160        0  0.00 B/s    0.00/s         0        0  0.00 B/s    0.00/s         0
Ethernet168        0  0.00 B/s    0.00/s         0        0  0.00 B/s    0.00/s         0
Ethernet176        0  0.00 B/s    0.00/s         0        0  0.00 B/s    0.00/s         0
Ethernet184        0  0.00 B/s    0.00/s         0        0  0.00 B/s    0.00/s         0
Ethernet192        0  0.00 B/s    0.00/s         0        0  0.00 B/s    0.00/s         0
Ethernet200        0  0.00 B/s    0.00/s         0        0  0.00 B/s    0.00/s         0
Ethernet208        0  0.00 B/s    0.00/s         0        0  0.00 B/s    0.00/s         0
Ethernet216        0  0.00 B/s    0.00/s         0        0  0.00 B/s    0.00/s         0
Ethernet224        0  0.00 B/s    0.00/s         0        0  0.00 B/s    0.00/s         0
Ethernet232        0  0.00 B/s    0.00/s         0        0  0.00 B/s    0.00/s         0
Ethernet240        0  0.00 B/s    0.00/s         0        0  0.00 B/s    0.00/s         0
Ethernet248        0  0.00 B/s    0.00/s         0        0  0.00 B/s    0.00/s         0
admin@sonic:~$ show interface counters rif
      IFACE    RX_OK    RX_BPS    RX_PPS    RX_ERR    TX_OK    TX_BPS    TX_PPS    TX_ERR
-----------  -------  --------  --------  --------  -------  --------  --------  --------
  Ethernet0        0  0.00 B/s    0.00/s         0        0  0.00 B/s    0.00/s         0
  Ethernet8        0  0.00 B/s    0.00/s         0        0  0.00 B/s    0.00/s         0
 Ethernet16        0  0.00 B/s    0.00/s         0        0  0.00 B/s    0.00/s         0
 Ethernet24        0  0.00 B/s    0.00/s         0        0  0.00 B/s    0.00/s         0
 Ethernet32        0  0.00 B/s    0.00/s         0        0  0.00 B/s    0.00/s         0
 Ethernet40        0  0.00 B/s    0.00/s         0        0  0.00 B/s    0.00/s         0
 Ethernet48        0  0.00 B/s    0.00/s         0        0  0.00 B/s    0.00/s         0
 Ethernet56        0  0.00 B/s    0.00/s         0        0  0.00 B/s    0.00/s         0
 Ethernet64        0  0.00 B/s    0.00/s         0        0  0.00 B/s    0.00/s         0
 Ethernet72        0  0.00 B/s    0.00/s         0        0  0.00 B/s    0.00/s         0
 Ethernet80        0  0.00 B/s    0.00/s         0        0  0.00 B/s    0.00/s         0
 Ethernet88        0  0.00 B/s    0.00/s         0        0  0.00 B/s    0.00/s         0
 Ethernet96        0  0.00 B/s    0.00/s         0        0  0.00 B/s    0.00/s         0
Ethernet104        0  0.00 B/s    0.00/s         0        0  0.00 B/s    0.00/s         0
Ethernet112        0  0.00 B/s    0.00/s         0        0  0.00 B/s    0.00/s         0
Ethernet120        0  0.00 B/s    0.00/s         0        0  0.00 B/s    0.00/s         0
Ethernet128        0  0.00 B/s    0.00/s         0        0  0.00 B/s    0.00/s         0
Ethernet136        0  0.00 B/s    0.00/s         0        0  0.00 B/s    0.00/s         0
Ethernet144        0  0.00 B/s    0.00/s         0        0  0.00 B/s    0.00/s         0
Ethernet152        0  0.00 B/s    0.00/s         0        0  0.00 B/s    0.00/s         0
Ethernet160        0  0.00 B/s    0.00/s         0        0  0.00 B/s    0.00/s         0
Ethernet168        0  0.00 B/s    0.00/s         0        0  0.00 B/s    0.00/s         0
Ethernet176        0  0.00 B/s    0.00/s         0        0  0.00 B/s    0.00/s         0
Ethernet184        0  0.00 B/s    0.00/s         0        0  0.00 B/s    0.00/s         0
Ethernet192        0  0.00 B/s    0.00/s         0        0  0.00 B/s    0.00/s         0
Ethernet200        0  0.00 B/s    0.00/s         0        0  0.00 B/s    0.00/s         0
Ethernet208        0  0.00 B/s    0.00/s         0        0  0.00 B/s    0.00/s         0
Ethernet216        0  0.00 B/s    0.00/s         0        0  0.00 B/s    0.00/s         0
Ethernet224        0  0.00 B/s    0.00/s         0        0  0.00 B/s    0.00/s         0
Ethernet232        0  0.00 B/s    0.00/s         0        0  0.00 B/s    0.00/s         0
Ethernet240        0  0.00 B/s    0.00/s         0        0  0.00 B/s    0.00/s         0
Ethernet248        0  0.00 B/s    0.00/s         0        0  0.00 B/s    0.00/s         0
admin@sonic:~$
admin@sonic:~$
admin@sonic:~$ show ip int
Interface    Master    IPv4 address/mask    Admin/Oper    BGP Neighbor    Neighbor IP
-----------  --------  -------------------  ------------  --------------  -------------
Ethernet0    VrfA      192.168.10.1/24      up/up         N/A             N/A
Ethernet8    VrfB      100.0.10.1/24        up/up         N/A             N/A
Ethernet16   VrfC      100.0.10.2/24        up/up         N/A             N/A
Ethernet24   VrfD      100.0.11.1/24        up/up         N/A             N/A
Ethernet40   Vrf40     100.0.16.1/24        up/down       N/A             N/A
Ethernet48   Vrf48     100.0.17.2/24        up/down       N/A             N/A
Ethernet56   Vrf56     100.0.17.1/24        up/down       N/A             N/A
Ethernet64   Vrf64     100.0.18.2/24        up/down       N/A             N/A
Ethernet72   Vrf72     100.0.18.1/24        up/down       N/A             N/A
Ethernet80   Vrf80     100.0.19.2/24        up/down       N/A             N/A
Ethernet88   Vrf88     100.0.19.1/24        up/down       N/A             N/A
Ethernet96   Vrf96     100.0.20.2/24        up/down       N/A             N/A
Ethernet104  Vrf104    100.0.20.1/24        up/down       N/A             N/A
Ethernet112  Vrf112    100.0.21.2/24        up/down       N/A             N/A
Ethernet120  Vrf120    100.0.21.1/24        up/down       N/A             N/A
Ethernet128  Vrf128    100.0.22.2/24        up/down       N/A             N/A
Ethernet136  Vrf136    100.0.22.1/24        up/down       N/A             N/A
Ethernet144  Vrf144    100.0.23.2/24        up/down       N/A             N/A
Ethernet152  Vrf152    100.0.23.1/24        up/down       N/A             N/A
Ethernet160  Vrf160    100.0.24.2/24        up/down       N/A             N/A
Ethernet168  Vrf168    100.0.24.1/24        up/down       N/A             N/A
Ethernet176  Vrf176    100.0.25.2/24        up/down       N/A             N/A
Ethernet184  Vrf184    100.0.25.1/24        up/down       N/A             N/A
Ethernet192  Vrf192    100.0.26.2/24        up/down       N/A             N/A
Ethernet200  Vrf200    100.0.26.1/24        up/down       N/A             N/A
Ethernet208  Vrf208    100.0.27.2/24        up/down       N/A             N/A
Ethernet216  Vrf216    100.0.27.1/24        up/down       N/A             N/A
Ethernet224  Vrf224    100.0.28.2/24        up/down       N/A             N/A
Ethernet232  Vrf232    100.0.28.1/24        up/down       N/A             N/A
Ethernet240  Vrf240    100.0.80.1/24        up/down       N/A             N/A
Ethernet248  Vrf248    100.0.70.1/24        up/down       N/A             N/A
docker0                240.127.1.1/24       up/down       N/A             N/A
eth0                   109.105.92.102/19    up/up         N/A             N/A
lo                     127.0.0.1/16         up/up         N/A             N/A
admin@sonic:~$
admin@sonic:~$
admin@sonic:~$
admin@sonic:~$
admin@sonic:~$



